
===== logging start 2025-10-17 09:49:37 =====
===== logging end   2025-10-17 09:49:39 =====

===== logging start 2025-10-17 09:52:55 =====
--- Save Epoch 1, Loss=155.6886, IC=0.3076, Res=155.3810, Beta=0.00 ---
... RAR IC , Max IC error: 1.8527, t: tensor(0.)
... RAR RES, Max residual error: 1191.7061, t: tensor([[0.0414],
        [0.0089],
        [0.0200]])
--- Save Epoch 160, Loss=115.3729, IC=4.9254, Res=110.4475, Beta=0.02 ---
--- Save Epoch 182, Loss=97.4138, IC=9.3872, Res=88.0267, Beta=0.04 ---
--- Save Epoch 190, Loss=87.7805, IC=6.8458, Res=80.9346, Beta=0.06 ---
--- Save Epoch 198, Loss=74.6516, IC=6.6589, Res=67.9927, Beta=0.08 ---
--- Save Epoch 199, Loss=58.9446, IC=5.9445, Res=53.0001, Beta=0.10 ---
--- Save Epoch 200, Loss=53.5083, IC=5.1863, Res=48.3220, Beta=0.12 ---
... RAR IC , Max IC error: 21.5365, t: tensor(0.)
... RAR RES, Max residual error: 721.6962, t: tensor([[0.2478],
        [0.0843],
        [0.0752]])
--- Save Epoch 352, Loss=48.1461, IC=2.6037, Res=45.5424, Beta=0.14 ---
--- Save Epoch 371, Loss=35.3742, IC=1.9653, Res=33.4089, Beta=0.16 ---
... RAR IC , Max IC error: 21.8379, t: tensor(0.)
... RAR RES, Max residual error: 598.6867, t: tensor([[0.2739],
        [0.1882],
        [0.2002]])
--- Save Epoch 690, Loss=30.3285, IC=1.7921, Res=28.5364, Beta=0.18 ---
--- Save Epoch 697, Loss=27.3808, IC=1.3071, Res=26.0738, Beta=0.20 ---
--- Save Epoch 700, Loss=25.2875, IC=1.0207, Res=24.2668, Beta=0.22 ---
... RAR IC , Max IC error: 10.6669, t: tensor(0.)
... RAR RES, Max residual error: 2729.2808, t: tensor([[0.1997],
        [0.2661],
        [0.0341]])
[info] epoch 1000, lr=9.50e-04
--- Save Epoch 1244, Loss=23.0406, IC=1.4214, Res=21.6192, Beta=0.24 ---
... RAR IC , Max IC error: 8.0722, t: tensor(0.)
... RAR RES, Max residual error: 292.2921, t: tensor([[0.2304],
        [0.2595],
        [0.1185]])
--- Save Epoch 1470, Loss=21.0757, IC=1.1104, Res=19.9653, Beta=0.26 ---
... RAR IC , Max IC error: 7.0257, t: tensor(0.)
... RAR RES, Max residual error: 642.3798, t: tensor([[0.2367],
        [0.0982],
        [0.0779]])
--- Save Epoch 1729, Loss=19.0631, IC=0.8833, Res=18.1799, Beta=0.28 ---
... RAR IC , Max IC error: 5.2575, t: tensor(0.)
... RAR RES, Max residual error: 1923.2904, t: tensor([[0.0157],
        [0.2197],
        [0.2916]])
[info] epoch 2000, lr=9.02e-04
--- Save Epoch 2143, Loss=17.4162, IC=1.0744, Res=16.3418, Beta=0.30 ---
--- Save Epoch 2144, Loss=11.7936, IC=1.0912, Res=10.7024, Beta=0.32 ---
... RAR IC , Max IC error: 14.5107, t: tensor(0.)
... RAR RES, Max residual error: 2693.6121, t: tensor([[0.0539],
        [0.1338],
        [0.0336]])
[info] epoch 3000, lr=8.57e-04
--- Save Epoch 3676, Loss=10.3936, IC=0.9716, Res=9.4220, Beta=0.34 ---
--- Save Epoch 3678, Loss=9.0072, IC=0.8390, Res=8.1682, Beta=0.36 ---
... RAR IC , Max IC error: 7.6981, t: tensor(0.)
... RAR RES, Max residual error: 1758.2505, t: tensor([[0.1496],
        [0.1791],
        [0.2663]])
[info] epoch 4000, lr=8.15e-04
--- Save Epoch 4287, Loss=8.4316, IC=0.6067, Res=7.8248, Beta=0.38 ---
... RAR IC , Max IC error: 8.9312, t: tensor(0.)
... RAR RES, Max residual error: 346.8954, t: tensor([[0.2630],
        [0.1021],
        [0.1544]])
--- Save Epoch 4672, Loss=7.7330, IC=0.6976, Res=7.0354, Beta=0.40 ---
... RAR IC , Max IC error: 9.1542, t: tensor(0.)
... RAR RES, Max residual error: 167.3634, t: tensor([[0.2917],
        [0.0850],
        [0.0843]])
[info] epoch 5000, lr=7.74e-04
--- Save Epoch 5264, Loss=5.9140, IC=0.7085, Res=5.2054, Beta=0.42 ---
--- Save Epoch 5266, Loss=5.5080, IC=0.5519, Res=4.9561, Beta=0.44 ---
... RAR IC , Max IC error: 7.0514, t: tensor(0.)
... RAR RES, Max residual error: 540.1224, t: tensor([[0.2119],
        [0.2193],
        [0.2541]])
[info] epoch 6000, lr=7.35e-04
--- Save Epoch 6537, Loss=4.4561, IC=0.2606, Res=4.1954, Beta=0.46 ---
... RAR IC , Max IC error: 3.3451, t: tensor(0.)
... RAR RES, Max residual error: 555.0079, t: tensor([[0.1796],
        [0.2186],
        [0.1847]])
[info] epoch 7000, lr=6.98e-04
--- Save Epoch 7062, Loss=4.0456, IC=0.3930, Res=3.6526, Beta=0.48 ---
... RAR IC , Max IC error: 5.7531, t: tensor(0.)
... RAR RES, Max residual error: 622.4967, t: tensor([[0.0286],
        [0.2306],
        [0.2509]])
--- Save Epoch 7477, Loss=3.5123, IC=0.3541, Res=3.1582, Beta=0.50 ---
... RAR IC , Max IC error: 6.1175, t: tensor(0.)
... RAR RES, Max residual error: 429.3405, t: tensor([[0.2151],
        [0.1000],
        [0.0790]])
[info] epoch 8000, lr=6.63e-04
--- Save Epoch 8025, Loss=3.1069, IC=0.3457, Res=2.7612, Beta=0.52 ---
--- Save Epoch 8055, Loss=2.5797, IC=0.3142, Res=2.2654, Beta=0.54 ---
... RAR IC , Max IC error: 6.1639, t: tensor(0.)
... RAR RES, Max residual error: 223.6713, t: tensor([[0.0288],
        [0.2124],
        [0.0541]])
--- Save Epoch 8353, Loss=1.9354, IC=0.3317, Res=1.6037, Beta=0.56 ---
... RAR IC , Max IC error: 2.3044, t: tensor(0.)
... RAR RES, Max residual error: 222.7117, t: tensor([[0.1520],
        [0.1518],
        [0.0685]])
[info] epoch 9000, lr=6.30e-04
--- Save Epoch 9984, Loss=1.7294, IC=0.1671, Res=1.5622, Beta=0.58 ---
[info] epoch 10000, lr=5.99e-04
... RAR IC , Max IC error: 1.8513, t: tensor(0.)
... RAR RES, Max residual error: 402.0363, t: tensor([[0.0171],
        [0.0110],
        [0.1796]])
--- Save Epoch 10103, Loss=1.5570, IC=0.1795, Res=1.3775, Beta=0.60 ---
--- Save Epoch 10113, Loss=1.4018, IC=0.1809, Res=1.2209, Beta=0.62 ---
--- Save Epoch 10188, Loss=1.1854, IC=0.1690, Res=1.0165, Beta=0.64 ---
... RAR IC , Max IC error: 2.0261, t: tensor(0.)
... RAR RES, Max residual error: 261.9078, t: tensor([[0.2588],
        [0.2769],
        [0.0345]])
--- Save Epoch 10297, Loss=1.0780, IC=0.1620, Res=0.9160, Beta=0.66 ---
... RAR IC , Max IC error: 1.8278, t: tensor(0.)
... RAR RES, Max residual error: 97.1060, t: tensor([[0.1651],
        [0.1382],
        [0.2398]])
--- Save Epoch 10426, Loss=0.8896, IC=0.1401, Res=0.7495, Beta=0.68 ---
... RAR IC , Max IC error: 1.9617, t: tensor(0.)
... RAR RES, Max residual error: 125.7872, t: tensor([[0.0039],
        [0.2903],
        [0.1423]])
--- Save Epoch 10946, Loss=0.6991, IC=0.1139, Res=0.5851, Beta=0.70 ---
[info] epoch 11000, lr=5.69e-04
... RAR IC , Max IC error: 1.8600, t: tensor(0.)
... RAR RES, Max residual error: 82.2801, t: tensor([[0.1843],
        [0.0135],
        [0.2129]])
--- Save Epoch 11476, Loss=0.6633, IC=0.0688, Res=0.5945, Beta=0.72 ---
... RAR IC , Max IC error: 1.2917, t: tensor(0.)
... RAR RES, Max residual error: 477.4369, t: tensor([[0.1871],
        [0.1799],
        [0.0092]])
[info] epoch 12000, lr=5.40e-04
--- Save Epoch 12395, Loss=0.6068, IC=0.0800, Res=0.5268, Beta=0.74 ---
--- Save Epoch 12397, Loss=0.5623, IC=0.0777, Res=0.4847, Beta=0.76 ---
... RAR IC , Max IC error: 2.0161, t: tensor(0.)
... RAR RES, Max residual error: 412.4276, t: tensor([[0.0317],
        [0.0083],
        [0.0581]])
--- Save Epoch 12625, Loss=0.5102, IC=0.0984, Res=0.4118, Beta=0.78 ---
--- Save Epoch 12628, Loss=0.4524, IC=0.1076, Res=0.3448, Beta=0.80 ---
--- Save Epoch 12681, Loss=0.4153, IC=0.0750, Res=0.3403, Beta=0.82 ---
--- Save Epoch 12700, Loss=0.3303, IC=0.0728, Res=0.2576, Beta=0.84 ---
... RAR IC , Max IC error: 1.5852, t: tensor(0.)
... RAR RES, Max residual error: 101.2594, t: tensor([[0.1517],
        [0.1831],
        [0.2225]])
--- Save Epoch 12922, Loss=0.2954, IC=0.0650, Res=0.2304, Beta=0.86 ---
--- Save Epoch 12961, Loss=0.2541, IC=0.0575, Res=0.1966, Beta=0.88 ---
--- Save Epoch 12994, Loss=0.1829, IC=0.0387, Res=0.1442, Beta=0.90 ---
[info] epoch 13000, lr=5.13e-04
... RAR IC , Max IC error: 1.2547, t: tensor(0.)
... RAR RES, Max residual error: 117.2153, t: tensor([[0.0016],
        [0.0363],
        [0.2626]])
--- Save Epoch 13081, Loss=0.1612, IC=0.0512, Res=0.1101, Beta=0.92 ---
... RAR IC , Max IC error: 2.4441, t: tensor(0.)
... RAR RES, Max residual error: 10.7891, t: tensor([[0.0236],
        [0.2418],
        [0.0607]])
--- Save Epoch 13145, Loss=0.1423, IC=0.0439, Res=0.0984, Beta=0.94 ---
... RAR IC , Max IC error: 0.8879, t: tensor(0.)
... RAR RES, Max residual error: 43.4564, t: tensor([[0.2837],
        [0.2799],
        [0.0335]])
--- Save Epoch 13290, Loss=0.1106, IC=0.0310, Res=0.0796, Beta=0.96 ---
... RAR IC , Max IC error: 3.3096, t: tensor(0.)
... RAR RES, Max residual error: 31.2003, t: tensor([[0.0353],
        [0.0130],
        [0.0034]])
--- Save Epoch 13329, Loss=0.0975, IC=0.0229, Res=0.0746, Beta=0.98 ---
--- Save Epoch 13359, Loss=0.0858, IC=0.0170, Res=0.0688, Beta=1.00 ---
--- Save Epoch 13363, Loss=0.0599, IC=0.0139, Res=0.0460, Beta=1.00 ---
--- Save Epoch 13374, Loss=0.0434, IC=0.0150, Res=0.0284, Beta=1.00 ---
--- Save Epoch 13377, Loss=0.0244, IC=0.0062, Res=0.0182, Beta=1.00 ---
--- Save Epoch 13385, Loss=0.0186, IC=0.0041, Res=0.0144, Beta=1.00 ---
--- Save Epoch 13397, Loss=0.0122, IC=0.0030, Res=0.0092, Beta=1.00 ---
... RAR IC , Max IC error: 0.2302, t: tensor(0.)
... RAR RES, Max residual error: 3.2064, t: tensor([[0.0686],
        [0.3000],
        [0.2550]])
--- Save Epoch 13439, Loss=0.0101, IC=0.0027, Res=0.0073, Beta=1.00 ---
--- Save Epoch 13449, Loss=0.0095, IC=0.0046, Res=0.0049, Beta=1.00 ---
--- Save Epoch 13455, Loss=0.0089, IC=0.0048, Res=0.0041, Beta=1.00 ---
--- Save Epoch 13463, Loss=0.0067, IC=0.0019, Res=0.0049, Beta=1.00 ---
--- Save Epoch 13467, Loss=0.0053, IC=0.0011, Res=0.0042, Beta=1.00 ---
--- Save Epoch 13494, Loss=0.0044, IC=0.0009, Res=0.0035, Beta=1.00 ---
--- Save Epoch 13498, Loss=0.0042, IC=0.0009, Res=0.0033, Beta=1.00 ---
... RAR IC , Max IC error: 0.1752, t: tensor(0.)
... RAR RES, Max residual error: 3.4115, t: tensor([[0.0963],
        [0.1581],
        [0.2884]])
--- Save Epoch 13513, Loss=0.0038, IC=0.0008, Res=0.0030, Beta=1.00 ---
--- Save Epoch 13516, Loss=0.0035, IC=0.0008, Res=0.0027, Beta=1.00 ---
--- Save Epoch 13528, Loss=0.0033, IC=0.0008, Res=0.0025, Beta=1.00 ---
--- Save Epoch 13532, Loss=0.0031, IC=0.0008, Res=0.0023, Beta=1.00 ---
--- Save Epoch 13533, Loss=0.0029, IC=0.0007, Res=0.0022, Beta=1.00 ---
--- Save Epoch 13537, Loss=0.0026, IC=0.0007, Res=0.0020, Beta=1.00 ---
--- Save Epoch 13542, Loss=0.0024, IC=0.0006, Res=0.0018, Beta=1.00 ---
--- Save Epoch 13547, Loss=0.0022, IC=0.0005, Res=0.0017, Beta=1.00 ---
--- Save Epoch 13554, Loss=0.0021, IC=0.0005, Res=0.0016, Beta=1.00 ---
--- Save Epoch 13569, Loss=0.0020, IC=0.0005, Res=0.0015, Beta=1.00 ---
--- Save Epoch 13577, Loss=0.0019, IC=0.0005, Res=0.0014, Beta=1.00 ---
--- Save Epoch 13580, Loss=0.0017, IC=0.0005, Res=0.0013, Beta=1.00 ---
--- Save Epoch 13590, Loss=0.0016, IC=0.0004, Res=0.0012, Beta=1.00 ---
--- Save Epoch 13596, Loss=0.0015, IC=0.0004, Res=0.0011, Beta=1.00 ---
... RAR IC , Max IC error: 0.1357, t: tensor(0.)
... RAR RES, Max residual error: 0.6228, t: tensor([[0.0263],
        [0.0240],
        [0.1003]])
--- Save Epoch 13633, Loss=0.0014, IC=0.0004, Res=0.0010, Beta=1.00 ---
--- Save Epoch 13646, Loss=0.0013, IC=0.0004, Res=0.0009, Beta=1.00 ---
--- Save Epoch 13653, Loss=0.0012, IC=0.0003, Res=0.0009, Beta=1.00 ---
--- Save Epoch 13662, Loss=0.0012, IC=0.0003, Res=0.0008, Beta=1.00 ---
--- Save Epoch 13688, Loss=0.0011, IC=0.0003, Res=0.0008, Beta=1.00 ---
... RAR IC , Max IC error: 0.1055, t: tensor(0.)
... RAR RES, Max residual error: 1.2674, t: tensor([[0.0099],
        [0.2875],
        [0.1497]])
--- Save Epoch 13803, Loss=0.0010, IC=0.0003, Res=0.0007, Beta=1.00 ---
--- Save Epoch 13808, Loss=0.0010, IC=0.0003, Res=0.0007, Beta=1.00 ---
--- Save Epoch 13843, Loss=0.0009, IC=0.0003, Res=0.0006, Beta=1.00 ---
--- Save Epoch 13855, Loss=0.0008, IC=0.0003, Res=0.0005, Beta=1.00 ---
--- Save Epoch 13869, Loss=0.0007, IC=0.0002, Res=0.0005, Beta=1.00 ---
... RAR IC , Max IC error: 0.0851, t: tensor(0.)
... RAR RES, Max residual error: 0.6878, t: tensor([[0.0539],
        [0.0863],
        [0.1728]])
--- Save Epoch 13955, Loss=0.0007, IC=0.0002, Res=0.0005, Beta=1.00 ---
[info] epoch 14000, lr=4.88e-04
... RAR IC , Max IC error: 0.0809, t: tensor(0.)
... RAR RES, Max residual error: 1.3323, t: tensor([[0.0221],
        [0.2962],
        [0.0581]])
--- Save Epoch 14108, Loss=0.0006, IC=0.0002, Res=0.0004, Beta=1.00 ---
--- Save Epoch 14128, Loss=0.0006, IC=0.0002, Res=0.0004, Beta=1.00 ---
--- Save Epoch 14196, Loss=0.0005, IC=0.0002, Res=0.0003, Beta=1.00 ---
... RAR IC , Max IC error: 0.0683, t: tensor(0.)
... RAR RES, Max residual error: 1.1562, t: tensor([[0.2358],
        [0.1864],
        [0.0167]])
--- Save Epoch 14322, Loss=0.0005, IC=0.0002, Res=0.0003, Beta=1.00 ---
... RAR IC , Max IC error: 0.0831, t: tensor(0.)
... RAR RES, Max residual error: 1.9409, t: tensor([[0.2526],
        [0.2874],
        [0.1134]])
--- Save Epoch 14534, Loss=0.0005, IC=0.0002, Res=0.0003, Beta=1.00 ---
--- Save Epoch 14535, Loss=0.0004, IC=0.0002, Res=0.0003, Beta=1.00 ---
... RAR IC , Max IC error: 0.0609, t: tensor(0.)
... RAR RES, Max residual error: 0.9281, t: tensor([[0.0500],
        [0.2673],
        [0.1672]])
--- Save Epoch 14781, Loss=0.0004, IC=0.0002, Res=0.0002, Beta=1.00 ---
--- Save Epoch 14783, Loss=0.0004, IC=0.0002, Res=0.0002, Beta=1.00 ---
--- Save Epoch 14797, Loss=0.0004, IC=0.0002, Res=0.0002, Beta=1.00 ---
... RAR IC , Max IC error: 0.0606, t: tensor(0.)
... RAR RES, Max residual error: 1.2632, t: tensor([[0.2994],
        [0.0520],
        [0.2412]])
[info] epoch 15000, lr=4.63e-04
--- Save Epoch 15022, Loss=0.0004, IC=0.0002, Res=0.0002, Beta=1.00 ---
--- Save Epoch 15099, Loss=0.0003, IC=0.0001, Res=0.0002, Beta=1.00 ---
... RAR IC , Max IC error: 0.0621, t: tensor(0.)
... RAR RES, Max residual error: 0.4795, t: tensor([[0.2445],
        [0.2687],
        [0.1934]])
--- Save Epoch 15436, Loss=0.0003, IC=0.0001, Res=0.0002, Beta=1.00 ---
--- Save Epoch 15466, Loss=0.0003, IC=0.0001, Res=0.0001, Beta=1.00 ---
... RAR IC , Max IC error: 0.0562, t: tensor(0.)
... RAR RES, Max residual error: 1.6066, t: tensor([[0.0014],
        [0.0060],
        [0.0865]])
--- Save Epoch 15721, Loss=0.0003, IC=0.0001, Res=0.0001, Beta=1.00 ---
--- Save Epoch 15794, Loss=0.0002, IC=0.0001, Res=0.0001, Beta=1.00 ---
... RAR IC , Max IC error: 0.0474, t: tensor(0.)
... RAR RES, Max residual error: 2.6416, t: tensor([[0.0993],
        [0.0082],
        [0.0851]])
[info] epoch 16000, lr=4.40e-04
--- Save Epoch 16143, Loss=0.0002, IC=0.0001, Res=0.0001, Beta=1.00 ---
... RAR IC , Max IC error: 0.0496, t: tensor(0.)
... RAR RES, Max residual error: 0.7280, t: tensor([[0.2347],
        [0.1245],
        [0.0071]])
--- Save Epoch 16414, Loss=0.0002, IC=0.0001, Res=0.0001, Beta=1.00 ---
... RAR IC , Max IC error: 0.0491, t: tensor(0.)
... RAR RES, Max residual error: 3.6911, t: tensor([[0.1386],
        [0.0240],
        [0.2071]])
--- Save Epoch 16797, Loss=0.0002, IC=0.0001, Res=0.0001, Beta=1.00 ---
... RAR IC , Max IC error: 0.0442, t: tensor(0.)
... RAR RES, Max residual error: 0.6700, t: tensor([[0.1701],
        [0.1016],
        [0.0310]])
[info] epoch 17000, lr=4.18e-04
--- Save Epoch 17020, Loss=0.0002, IC=0.0001, Res=0.0001, Beta=1.00 ---
... RAR IC , Max IC error: 0.0660, t: tensor(0.)
... RAR RES, Max residual error: 1.1383, t: tensor([[0.0264],
        [0.1249],
        [0.2203]])
--- Save Epoch 17402, Loss=0.0002, IC=0.0001, Res=0.0001, Beta=1.00 ---
... RAR IC , Max IC error: 0.0496, t: tensor(0.)
... RAR RES, Max residual error: 0.7343, t: tensor([[0.0022],
        [0.2979],
        [0.1892]])
--- Save Epoch 17815, Loss=0.0002, IC=0.0001, Res=0.0001, Beta=1.00 ---
... RAR IC , Max IC error: 0.0411, t: tensor(0.)
... RAR RES, Max residual error: 1.3188, t: tensor([[0.2262],
        [0.1311],
        [0.0015]])
[info] epoch 18000, lr=3.97e-04
--- Save Epoch 18206, Loss=0.0001, IC=0.0001, Res=0.0001, Beta=1.00 ---
... RAR IC , Max IC error: 0.0448, t: tensor(0.)
... RAR RES, Max residual error: 0.5255, t: tensor([[0.1932],
        [0.1541],
        [0.2950]])
--- Save Epoch 18618, Loss=0.0001, IC=0.0001, Res=0.0000, Beta=1.00 ---
--- Save Epoch 18690, Loss=0.0001, IC=0.0001, Res=0.0000, Beta=1.00 ---
... RAR IC , Max IC error: 0.0555, t: tensor(0.)
... RAR RES, Max residual error: 0.8403, t: tensor([[0.0780],
        [0.0292],
        [0.0714]])
[info] epoch 19000, lr=3.77e-04
--- Save Epoch 19309, Loss=0.0001, IC=0.0001, Res=0.0000, Beta=1.00 ---
--- Save Epoch 19318, Loss=0.0001, IC=0.0001, Res=0.0000, Beta=1.00 ---
... RAR IC , Max IC error: 0.0466, t: tensor(0.)
... RAR RES, Max residual error: 0.9442, t: tensor([[0.0230],
        [0.2888],
        [0.2408]])
[info] epoch 20000, lr=3.58e-04
--- Save Epoch 20106, Loss=0.0001, IC=0.0001, Res=0.0000, Beta=1.00 ---
--- Save Epoch 20177, Loss=0.0001, IC=0.0001, Res=0.0000, Beta=1.00 ---
--- Save Epoch 20191, Loss=0.0001, IC=0.0001, Res=0.0000, Beta=1.00 ---
... RAR IC , Max IC error: 0.0397, t: tensor(0.)
... RAR RES, Max residual error: 0.5284, t: tensor([[0.0488],
        [0.2310],
        [0.2662]])
[info] epoch 21000, lr=3.41e-04
--- Save Epoch 21376, Loss=0.0001, IC=0.0001, Res=0.0000, Beta=1.00 ---
... RAR IC , Max IC error: 0.0345, t: tensor(0.)
... RAR RES, Max residual error: 0.7032, t: tensor([[0.1418],
        [0.0046],
        [0.0631]])
[info] epoch 22000, lr=3.24e-04
--- Save Epoch 22218, Loss=0.0001, IC=0.0001, Res=0.0000, Beta=1.00 ---
--- Save Epoch 22225, Loss=0.0001, IC=0.0000, Res=0.0000, Beta=1.00 ---
... RAR IC , Max IC error: 0.0393, t: tensor(0.)
... RAR RES, Max residual error: 0.5735, t: tensor([[0.2472],
        [0.0856],
        [0.2943]])
[info] epoch 23000, lr=3.07e-04
--- Save Epoch 23877, Loss=0.0001, IC=0.0000, Res=0.0000, Beta=1.00 ---
... RAR IC , Max IC error: 0.0350, t: tensor(0.)
... RAR RES, Max residual error: 0.5969, t: tensor([[0.0164],
        [0.1860],
        [0.2230]])
[info] epoch 24000, lr=2.92e-04
--- Save Epoch 24670, Loss=0.0001, IC=0.0000, Res=0.0000, Beta=1.00 ---
... RAR IC , Max IC error: 0.0341, t: tensor(0.)
... RAR RES, Max residual error: 0.6816, t: tensor([[0.2850],
        [0.0126],
        [0.1554]])
[info] epoch 25000, lr=2.77e-04
--- Save Epoch 25211, Loss=0.0001, IC=0.0000, Res=0.0000, Beta=1.00 ---
... RAR IC , Max IC error: 0.0301, t: tensor(0.)
... RAR RES, Max residual error: 0.5057, t: tensor([[0.2327],
        [0.2722],
        [0.2606]])
--- Save Epoch 25948, Loss=0.0001, IC=0.0000, Res=0.0000, Beta=1.00 ---
[info] epoch 26000, lr=2.64e-04
... RAR IC , Max IC error: 0.0293, t: tensor(0.)
... RAR RES, Max residual error: 0.8280, t: tensor([[0.2414],
        [0.0101],
        [0.1513]])
[info] epoch 27000, lr=2.50e-04
--- Save Epoch 27139, Loss=0.0000, IC=0.0000, Res=0.0000, Beta=1.00 ---
... RAR IC , Max IC error: 0.0273, t: tensor(0.)
... RAR RES, Max residual error: 0.3710, t: tensor([[0.2460],
        [0.1576],
        [0.1000]])
[info] epoch 28000, lr=2.38e-04
--- Save Epoch 28382, Loss=0.0000, IC=0.0000, Res=0.0000, Beta=1.00 ---
--- Save Epoch 28395, Loss=0.0000, IC=0.0000, Res=0.0000, Beta=1.00 ---
... RAR IC , Max IC error: 0.0281, t: tensor(0.)
... RAR RES, Max residual error: 0.5972, t: tensor([[0.1270],
        [0.2124],
        [0.0056]])
[info] epoch 29000, lr=2.26e-04
[info] epoch 30000, lr=2.15e-04
[info] epoch 31000, lr=2.04e-04
--- Save Epoch 31087, Loss=0.0000, IC=0.0000, Res=0.0000, Beta=1.00 ---
... RAR IC , Max IC error: 0.0324, t: tensor(0.)
... RAR RES, Max residual error: 0.3015, t: tensor([[0.0113],
        [0.1272],
        [0.0088]])
[info] epoch 32000, lr=1.94e-04
--- Save Epoch 32677, Loss=0.0000, IC=0.0000, Res=0.0000, Beta=1.00 ---
... RAR IC , Max IC error: 0.0264, t: tensor(0.)
... RAR RES, Max residual error: 1.1127, t: tensor([[0.0210],
        [0.1076],
        [0.1858]])
[info] epoch 33000, lr=1.84e-04
[info] epoch 34000, lr=1.75e-04
--- Save Epoch 34032, Loss=0.0000, IC=0.0000, Res=0.0000, Beta=1.00 ---
... RAR IC , Max IC error: 0.0241, t: tensor(0.)
... RAR RES, Max residual error: 0.4877, t: tensor([[0.0238],
        [0.2891],
        [0.0051]])
[info] epoch 35000, lr=1.66e-04
[info] epoch 36000, lr=1.58e-04
--- Save Epoch 36087, Loss=0.0000, IC=0.0000, Res=0.0000, Beta=1.00 ---
... RAR IC , Max IC error: 0.0247, t: tensor(0.)
... RAR RES, Max residual error: 0.1870, t: tensor([[0.0121],
        [0.0718],
        [0.0944]])
[info] epoch 37000, lr=1.50e-04
--- Save Epoch 37984, Loss=0.0000, IC=0.0000, Res=0.0000, Beta=1.00 ---
[info] epoch 38000, lr=1.42e-04
... RAR IC , Max IC error: 0.0230, t: tensor(0.)
... RAR RES, Max residual error: 1.5482, t: tensor([[0.2859],
        [0.1815],
        [0.1877]])
[info] epoch 39000, lr=1.35e-04
[info] epoch 40000, lr=1.29e-04
===== logging end   2025-10-17 13:22:32 =====
