
===== logging start 2025-10-17 05:47:44 =====
--- Save Epoch: 1, Loss: 6.2526e+01, IC: 6.2483e+01, Res: 4.3904e-02, Beta: 0.00 ---
... RAR IC , Max IC error: 1.3669, t: tensor(0.)
... RAR RES, Max residual error: 0.2250, t: tensor([[0.2766],
        [0.2848],
        [0.2463]])
--- Save Epoch: 2, Loss: 4.4236e+01, IC: 4.4218e+01, Res: 1.7724e-02, Beta: 0.02 ---
--- Save Epoch: 3, Loss: 2.9806e+01, IC: 2.9799e+01, Res: 7.0678e-03, Beta: 0.04 ---
--- Save Epoch: 4, Loss: 2.0184e+01, IC: 2.0181e+01, Res: 3.0837e-03, Beta: 0.06 ---
--- Save Epoch: 5, Loss: 1.3178e+01, IC: 1.3176e+01, Res: 1.3985e-03, Beta: 0.08 ---
--- Save Epoch: 6, Loss: 9.2132e+00, IC: 9.2126e+00, Res: 5.8234e-04, Beta: 0.10 ---
--- Save Epoch: 7, Loss: 7.1170e+00, IC: 7.1168e+00, Res: 2.1224e-04, Beta: 0.12 ---
--- Save Epoch: 8, Loss: 6.1193e+00, IC: 6.1192e+00, Res: 5.8602e-05, Beta: 0.14 ---
--- Save Epoch: 9, Loss: 5.8044e+00, IC: 5.8044e+00, Res: 1.0017e-05, Beta: 0.16 ---
--- Save Epoch: 10, Loss: 5.6482e+00, IC: 5.6482e+00, Res: 2.5367e-06, Beta: 0.18 ---
--- Save Epoch: 12, Loss: 5.5286e+00, IC: 5.5286e+00, Res: 9.2023e-06, Beta: 0.20 ---
--- Save Epoch: 13, Loss: 5.0027e+00, IC: 5.0026e+00, Res: 2.7085e-05, Beta: 0.22 ---
--- Save Epoch: 14, Loss: 4.7383e+00, IC: 4.7382e+00, Res: 9.1261e-05, Beta: 0.24 ---
--- Save Epoch: 15, Loss: 4.1081e+00, IC: 4.1078e+00, Res: 3.3572e-04, Beta: 0.26 ---
--- Save Epoch: 16, Loss: 3.9658e+00, IC: 3.9644e+00, Res: 1.3210e-03, Beta: 0.28 ---
--- Save Epoch: 17, Loss: 3.9386e+00, IC: 3.9335e+00, Res: 5.0337e-03, Beta: 0.30 ---
--- Save Epoch: 21, Loss: 3.9288e+00, IC: 3.9042e+00, Res: 2.4595e-02, Beta: 0.32 ---
--- Save Epoch: 22, Loss: 3.6518e+00, IC: 3.6314e+00, Res: 2.0372e-02, Beta: 0.34 ---
--- Save Epoch: 23, Loss: 3.4723e+00, IC: 3.4555e+00, Res: 1.6786e-02, Beta: 0.36 ---
--- Save Epoch: 24, Loss: 3.3332e+00, IC: 3.3231e+00, Res: 1.0103e-02, Beta: 0.38 ---
--- Save Epoch: 27, Loss: 3.2648e+00, IC: 3.2545e+00, Res: 1.0325e-02, Beta: 0.40 ---
--- Save Epoch: 29, Loss: 2.9869e+00, IC: 2.9586e+00, Res: 2.8294e-02, Beta: 0.42 ---
--- Save Epoch: 34, Loss: 2.9633e+00, IC: 2.9026e+00, Res: 6.0753e-02, Beta: 0.44 ---
--- Save Epoch: 39, Loss: 2.6036e+00, IC: 2.5606e+00, Res: 4.2958e-02, Beta: 0.46 ---
--- Save Epoch: 42, Loss: 2.5937e+00, IC: 2.5393e+00, Res: 5.4400e-02, Beta: 0.48 ---
--- Save Epoch: 44, Loss: 2.5293e+00, IC: 2.4689e+00, Res: 6.0429e-02, Beta: 0.50 ---
--- Save Epoch: 45, Loss: 2.4269e+00, IC: 2.3543e+00, Res: 7.2642e-02, Beta: 0.52 ---
--- Save Epoch: 47, Loss: 2.3865e+00, IC: 2.3261e+00, Res: 6.0393e-02, Beta: 0.54 ---
--- Save Epoch: 48, Loss: 2.3553e+00, IC: 2.2843e+00, Res: 7.0983e-02, Beta: 0.56 ---
--- Save Epoch: 49, Loss: 2.0366e+00, IC: 1.9766e+00, Res: 6.0046e-02, Beta: 0.58 ---
--- Save Epoch: 52, Loss: 1.9985e+00, IC: 1.9707e+00, Res: 2.7822e-02, Beta: 0.60 ---
--- Save Epoch: 56, Loss: 1.7491e+00, IC: 1.6829e+00, Res: 6.6171e-02, Beta: 0.62 ---
--- Save Epoch: 61, Loss: 1.4849e+00, IC: 1.4481e+00, Res: 3.6803e-02, Beta: 0.64 ---
--- Save Epoch: 64, Loss: 1.4769e+00, IC: 1.4714e+00, Res: 5.5609e-03, Beta: 0.66 ---
--- Save Epoch: 65, Loss: 1.3557e+00, IC: 1.3393e+00, Res: 1.6349e-02, Beta: 0.68 ---
--- Save Epoch: 66, Loss: 1.3500e+00, IC: 1.3056e+00, Res: 4.4339e-02, Beta: 0.70 ---
--- Save Epoch: 67, Loss: 1.1900e+00, IC: 1.1812e+00, Res: 8.8050e-03, Beta: 0.72 ---
--- Save Epoch: 70, Loss: 1.1396e+00, IC: 1.1360e+00, Res: 3.6070e-03, Beta: 0.74 ---
--- Save Epoch: 74, Loss: 1.0824e+00, IC: 1.0742e+00, Res: 8.1474e-03, Beta: 0.76 ---
--- Save Epoch: 80, Loss: 1.0568e+00, IC: 1.0353e+00, Res: 2.1479e-02, Beta: 0.78 ---
--- Save Epoch: 83, Loss: 9.9919e-01, IC: 9.8378e-01, Res: 1.5404e-02, Beta: 0.80 ---
--- Save Epoch: 98, Loss: 9.8006e-01, IC: 9.5033e-01, Res: 2.9739e-02, Beta: 0.82 ---
--- Save Epoch: 99, Loss: 9.7463e-01, IC: 9.6829e-01, Res: 6.3365e-03, Beta: 0.84 ---
--- Save Epoch: 100, Loss: 8.4967e-01, IC: 8.4289e-01, Res: 6.7733e-03, Beta: 0.86 ---
... RAR IC , Max IC error: 0.7157, t: tensor(0.)
... RAR RES, Max residual error: 10.4240, t: tensor([[0.0013],
        [0.0473],
        [0.0205]])
--- Save Epoch: 125, Loss: 8.4886e-01, IC: 8.3536e-01, Res: 1.3494e-02, Beta: 0.88 ---
--- Save Epoch: 128, Loss: 8.4396e-01, IC: 8.0233e-01, Res: 4.1635e-02, Beta: 0.90 ---
--- Save Epoch: 131, Loss: 7.9567e-01, IC: 7.8253e-01, Res: 1.3139e-02, Beta: 0.92 ---
--- Save Epoch: 134, Loss: 7.8094e-01, IC: 7.6576e-01, Res: 1.5183e-02, Beta: 0.94 ---
--- Save Epoch: 149, Loss: 7.4537e-01, IC: 7.3917e-01, Res: 6.2026e-03, Beta: 0.96 ---
--- Save Epoch: 152, Loss: 7.3353e-01, IC: 7.2225e-01, Res: 1.1282e-02, Beta: 0.98 ---
--- Save Epoch: 164, Loss: 7.2529e-01, IC: 7.1832e-01, Res: 6.9640e-03, Beta: 1.00 ---
--- Save Epoch: 165, Loss: 6.8474e-01, IC: 6.6921e-01, Res: 1.5528e-02, Beta: 1.00 ---
--- Save Epoch: 184, Loss: 6.7011e-01, IC: 6.6710e-01, Res: 3.0073e-03, Beta: 1.00 ---
--- Save Epoch: 185, Loss: 6.6248e-01, IC: 6.4816e-01, Res: 1.4319e-02, Beta: 1.00 ---
--- Save Epoch: 186, Loss: 6.4036e-01, IC: 6.3683e-01, Res: 3.5275e-03, Beta: 1.00 ---
... RAR IC , Max IC error: 0.4597, t: tensor(0.)
... RAR RES, Max residual error: 3.3113, t: tensor([[0.0228],
        [0.0239],
        [0.0006]])
--- Save Epoch: 241, Loss: 6.3888e-01, IC: 6.2862e-01, Res: 1.0261e-02, Beta: 1.00 ---
--- Save Epoch: 249, Loss: 6.2966e-01, IC: 6.2042e-01, Res: 9.2449e-03, Beta: 1.00 ---
--- Save Epoch: 266, Loss: 6.1666e-01, IC: 6.0728e-01, Res: 9.3772e-03, Beta: 1.00 ---
... RAR IC , Max IC error: 0.4361, t: tensor(0.)
... RAR RES, Max residual error: 1.4603, t: tensor([[0.0160],
        [0.0090],
        [0.0270]])
--- Save Epoch: 412, Loss: 6.0743e-01, IC: 5.8459e-01, Res: 2.2838e-02, Beta: 1.00 ---
... RAR IC , Max IC error: 0.4817, t: tensor(0.)
... RAR RES, Max residual error: 4.8104, t: tensor([[0.0162],
        [0.0213],
        [0.0180]])
[info] Training epoch: 1000, LR: 9.50e-04
--- Save Epoch: 1560, Loss: 5.9853e-01, IC: 5.9540e-01, Res: 3.1384e-03, Beta: 1.00 ---
... RAR IC , Max IC error: 0.6076, t: tensor(0.)
... RAR RES, Max residual error: 2.2950, t: tensor([[0.1932],
        [0.0312],
        [0.1136]])
--- Save Epoch: 1723, Loss: 5.8631e-01, IC: 5.8031e-01, Res: 6.0038e-03, Beta: 1.00 ---
--- Save Epoch: 1727, Loss: 5.5349e-01, IC: 5.4716e-01, Res: 6.3339e-03, Beta: 1.00 ---
--- Save Epoch: 1728, Loss: 4.7240e-01, IC: 4.5971e-01, Res: 1.2691e-02, Beta: 1.00 ---
--- Save Epoch: 1731, Loss: 4.0779e-01, IC: 3.9882e-01, Res: 8.9717e-03, Beta: 1.00 ---
--- Save Epoch: 1732, Loss: 4.0066e-01, IC: 3.8890e-01, Res: 1.1762e-02, Beta: 1.00 ---
--- Save Epoch: 1733, Loss: 3.8239e-01, IC: 3.6874e-01, Res: 1.3646e-02, Beta: 1.00 ---
--- Save Epoch: 1736, Loss: 3.7212e-01, IC: 3.2972e-01, Res: 4.2399e-02, Beta: 1.00 ---
--- Save Epoch: 1740, Loss: 3.6310e-01, IC: 3.2795e-01, Res: 3.5145e-02, Beta: 1.00 ---
--- Save Epoch: 1745, Loss: 3.6242e-01, IC: 3.3509e-01, Res: 2.7331e-02, Beta: 1.00 ---
--- Save Epoch: 1748, Loss: 3.2549e-01, IC: 3.0531e-01, Res: 2.0176e-02, Beta: 1.00 ---
--- Save Epoch: 1750, Loss: 2.5785e-01, IC: 2.2413e-01, Res: 3.3719e-02, Beta: 1.00 ---
--- Save Epoch: 1756, Loss: 2.0216e-01, IC: 1.9456e-01, Res: 7.6067e-03, Beta: 1.00 ---
... RAR IC , Max IC error: 0.4737, t: tensor(0.)
... RAR RES, Max residual error: 1.1570, t: tensor([[0.0157],
        [0.0091],
        [0.0801]])
--- Save Epoch: 1830, Loss: 1.9657e-01, IC: 1.9448e-01, Res: 2.0877e-03, Beta: 1.00 ---
--- Save Epoch: 1836, Loss: 1.9116e-01, IC: 1.8932e-01, Res: 1.8391e-03, Beta: 1.00 ---
--- Save Epoch: 1842, Loss: 1.8843e-01, IC: 1.8649e-01, Res: 1.9339e-03, Beta: 1.00 ---
--- Save Epoch: 1848, Loss: 1.6753e-01, IC: 1.6554e-01, Res: 1.9890e-03, Beta: 1.00 ---
--- Save Epoch: 1860, Loss: 1.6025e-01, IC: 1.5853e-01, Res: 1.7210e-03, Beta: 1.00 ---
--- Save Epoch: 1866, Loss: 1.4907e-01, IC: 1.4741e-01, Res: 1.6626e-03, Beta: 1.00 ---
--- Save Epoch: 1872, Loss: 1.3695e-01, IC: 1.3475e-01, Res: 2.2002e-03, Beta: 1.00 ---
--- Save Epoch: 1884, Loss: 1.2727e-01, IC: 1.2572e-01, Res: 1.5514e-03, Beta: 1.00 ---
--- Save Epoch: 1896, Loss: 1.1543e-01, IC: 1.1394e-01, Res: 1.4924e-03, Beta: 1.00 ---
... RAR IC , Max IC error: 0.3015, t: tensor(0.)
... RAR RES, Max residual error: 1.1387, t: tensor([[0.0415],
        [0.0142],
        [0.0146]])
--- Save Epoch: 1920, Loss: 1.1294e-01, IC: 1.1061e-01, Res: 2.3319e-03, Beta: 1.00 ---
--- Save Epoch: 1926, Loss: 1.0177e-01, IC: 9.9504e-02, Res: 2.2626e-03, Beta: 1.00 ---
--- Save Epoch: 1932, Loss: 9.8852e-02, IC: 9.6635e-02, Res: 2.2165e-03, Beta: 1.00 ---
--- Save Epoch: 1938, Loss: 9.0423e-02, IC: 8.8086e-02, Res: 2.3373e-03, Beta: 1.00 ---
--- Save Epoch: 1944, Loss: 8.7724e-02, IC: 8.4671e-02, Res: 3.0529e-03, Beta: 1.00 ---
--- Save Epoch: 1950, Loss: 7.6371e-02, IC: 7.4245e-02, Res: 2.1264e-03, Beta: 1.00 ---
--- Save Epoch: 1962, Loss: 7.5405e-02, IC: 7.3403e-02, Res: 2.0015e-03, Beta: 1.00 ---
--- Save Epoch: 1968, Loss: 6.8213e-02, IC: 6.6101e-02, Res: 2.1116e-03, Beta: 1.00 ---
--- Save Epoch: 1974, Loss: 6.4226e-02, IC: 6.2233e-02, Res: 1.9929e-03, Beta: 1.00 ---
--- Save Epoch: 1980, Loss: 5.9698e-02, IC: 5.7700e-02, Res: 1.9978e-03, Beta: 1.00 ---
[info] Training epoch: 2000, LR: 9.02e-04
... RAR IC , Max IC error: 0.2590, t: tensor(0.)
... RAR RES, Max residual error: 0.8845, t: tensor([[0.1070],
        [0.1041],
        [0.0552]])
--- Save Epoch: 2004, Loss: 5.7084e-02, IC: 5.4811e-02, Res: 2.2726e-03, Beta: 1.00 ---
--- Save Epoch: 2010, Loss: 5.5893e-02, IC: 5.3604e-02, Res: 2.2890e-03, Beta: 1.00 ---
--- Save Epoch: 2016, Loss: 5.3496e-02, IC: 5.1138e-02, Res: 2.3575e-03, Beta: 1.00 ---
--- Save Epoch: 2022, Loss: 5.2662e-02, IC: 5.0198e-02, Res: 2.4632e-03, Beta: 1.00 ---
--- Save Epoch: 2028, Loss: 4.6434e-02, IC: 4.4184e-02, Res: 2.2502e-03, Beta: 1.00 ---
--- Save Epoch: 2034, Loss: 4.3628e-02, IC: 4.1312e-02, Res: 2.3163e-03, Beta: 1.00 ---
--- Save Epoch: 2040, Loss: 4.3574e-02, IC: 4.1270e-02, Res: 2.3033e-03, Beta: 1.00 ---
--- Save Epoch: 2046, Loss: 3.8740e-02, IC: 3.6463e-02, Res: 2.2779e-03, Beta: 1.00 ---
--- Save Epoch: 2052, Loss: 3.5336e-02, IC: 3.3076e-02, Res: 2.2606e-03, Beta: 1.00 ---
... RAR IC , Max IC error: 0.2611, t: tensor(0.)
... RAR RES, Max residual error: 2.2083, t: tensor([[0.0684],
        [0.0314],
        [0.1218]])
--- Save Epoch: 2178, Loss: 3.4329e-02, IC: 3.0030e-02, Res: 4.2995e-03, Beta: 1.00 ---
--- Save Epoch: 2190, Loss: 3.1399e-02, IC: 2.7261e-02, Res: 4.1386e-03, Beta: 1.00 ---
... RAR IC , Max IC error: 0.1944, t: tensor(0.)
... RAR RES, Max residual error: 1.2975, t: tensor([[0.0178],
        [0.0544],
        [0.1368]])
[info] Training epoch: 3000, LR: 8.57e-04
--- Save Epoch: 3006, Loss: 2.5464e-02, IC: 2.4071e-02, Res: 1.3938e-03, Beta: 1.00 ---
--- Save Epoch: 3048, Loss: 2.5061e-02, IC: 2.3631e-02, Res: 1.4308e-03, Beta: 1.00 ---
--- Save Epoch: 3060, Loss: 2.4986e-02, IC: 2.3712e-02, Res: 1.2736e-03, Beta: 1.00 ---
--- Save Epoch: 3066, Loss: 2.4915e-02, IC: 2.3641e-02, Res: 1.2740e-03, Beta: 1.00 ---
--- Save Epoch: 3084, Loss: 2.4601e-02, IC: 2.3307e-02, Res: 1.2937e-03, Beta: 1.00 ---
--- Save Epoch: 3090, Loss: 2.4234e-02, IC: 2.3022e-02, Res: 1.2119e-03, Beta: 1.00 ---
--- Save Epoch: 3096, Loss: 2.4211e-02, IC: 2.2976e-02, Res: 1.2350e-03, Beta: 1.00 ---
... RAR IC , Max IC error: 0.1667, t: tensor(0.)
... RAR RES, Max residual error: 0.3766, t: tensor([[0.0270],
        [0.0486],
        [0.0072]])
--- Save Epoch: 3102, Loss: 2.3966e-02, IC: 2.2667e-02, Res: 1.2986e-03, Beta: 1.00 ---
... RAR IC , Max IC error: 0.0927, t: tensor(0.)
... RAR RES, Max residual error: 1.2183, t: tensor([[0.0062],
        [0.1738],
        [0.1078]])
--- Save Epoch: 3942, Loss: 2.3418e-02, IC: 2.2099e-02, Res: 1.3184e-03, Beta: 1.00 ---
--- Save Epoch: 3960, Loss: 2.2442e-02, IC: 2.1082e-02, Res: 1.3596e-03, Beta: 1.00 ---
--- Save Epoch: 3984, Loss: 2.1503e-02, IC: 2.0181e-02, Res: 1.3227e-03, Beta: 1.00 ---
[info] Training epoch: 4000, LR: 8.15e-04
... RAR IC , Max IC error: 0.1317, t: tensor(0.)
... RAR RES, Max residual error: 0.4129, t: tensor([[0.0397],
        [0.1273],
        [0.1647]])
--- Save Epoch: 4302, Loss: 2.0955e-02, IC: 1.9630e-02, Res: 1.3254e-03, Beta: 1.00 ---
--- Save Epoch: 4326, Loss: 2.0417e-02, IC: 1.9135e-02, Res: 1.2820e-03, Beta: 1.00 ---
--- Save Epoch: 4338, Loss: 1.9992e-02, IC: 1.8706e-02, Res: 1.2863e-03, Beta: 1.00 ---
--- Save Epoch: 4374, Loss: 1.9865e-02, IC: 1.8594e-02, Res: 1.2708e-03, Beta: 1.00 ---
--- Save Epoch: 4386, Loss: 1.9008e-02, IC: 1.7752e-02, Res: 1.2562e-03, Beta: 1.00 ---
--- Save Epoch: 4392, Loss: 1.8934e-02, IC: 1.7681e-02, Res: 1.2526e-03, Beta: 1.00 ---
... RAR IC , Max IC error: 0.0781, t: tensor(0.)
... RAR RES, Max residual error: 0.6394, t: tensor([[0.0462],
        [0.1207],
        [0.2775]])
--- Save Epoch: 4422, Loss: 1.8865e-02, IC: 1.7429e-02, Res: 1.4362e-03, Beta: 1.00 ---
... RAR IC , Max IC error: 0.0937, t: tensor(0.)
... RAR RES, Max residual error: 1.0120, t: tensor([[0.1097],
        [0.1098],
        [0.0772]])
[info] Training epoch: 5000, LR: 7.74e-04
--- Save Epoch: 5004, Loss: 1.8478e-02, IC: 1.6956e-02, Res: 1.5223e-03, Beta: 1.00 ---
--- Save Epoch: 5010, Loss: 1.7144e-02, IC: 1.5650e-02, Res: 1.4942e-03, Beta: 1.00 ---
--- Save Epoch: 5058, Loss: 1.6711e-02, IC: 1.5169e-02, Res: 1.5421e-03, Beta: 1.00 ---
--- Save Epoch: 5064, Loss: 1.6514e-02, IC: 1.5003e-02, Res: 1.5112e-03, Beta: 1.00 ---
--- Save Epoch: 5076, Loss: 1.6377e-02, IC: 1.4886e-02, Res: 1.4917e-03, Beta: 1.00 ---
... RAR IC , Max IC error: 0.0814, t: tensor(0.)
... RAR RES, Max residual error: 1.4413, t: tensor([[0.2507],
        [0.2013],
        [0.0028]])
--- Save Epoch: 5142, Loss: 1.6323e-02, IC: 1.4529e-02, Res: 1.7945e-03, Beta: 1.00 ---
--- Save Epoch: 5184, Loss: 1.5998e-02, IC: 1.3913e-02, Res: 2.0849e-03, Beta: 1.00 ---
--- Save Epoch: 5190, Loss: 1.5808e-02, IC: 1.4001e-02, Res: 1.8070e-03, Beta: 1.00 ---
... RAR IC , Max IC error: 0.1105, t: tensor(0.)
... RAR RES, Max residual error: 0.7809, t: tensor([[0.0664],
        [0.2295],
        [0.0308]])
--- Save Epoch: 5238, Loss: 1.5378e-02, IC: 1.3423e-02, Res: 1.9555e-03, Beta: 1.00 ---
... RAR IC , Max IC error: 0.0655, t: tensor(0.)
... RAR RES, Max residual error: 0.5868, t: tensor([[0.1066],
        [0.1567],
        [0.1786]])
--- Save Epoch: 5388, Loss: 1.4761e-02, IC: 1.2668e-02, Res: 2.0925e-03, Beta: 1.00 ---
... RAR IC , Max IC error: 0.0874, t: tensor(0.)
... RAR RES, Max residual error: 0.1744, t: tensor([[0.0698],
        [0.0798],
        [0.1147]])
--- Save Epoch: 5460, Loss: 1.4519e-02, IC: 1.2289e-02, Res: 2.2303e-03, Beta: 1.00 ---
... RAR IC , Max IC error: 0.1009, t: tensor(0.)
... RAR RES, Max residual error: 0.6697, t: tensor([[0.1271],
        [0.0630],
        [0.0102]])
--- Save Epoch: 5700, Loss: 1.4354e-02, IC: 1.2287e-02, Res: 2.0674e-03, Beta: 1.00 ---
... RAR IC , Max IC error: 0.0841, t: tensor(0.)
... RAR RES, Max residual error: 0.3761, t: tensor([[0.2466],
        [0.0531],
        [0.0111]])
--- Save Epoch: 5748, Loss: 1.3889e-02, IC: 1.1671e-02, Res: 2.2186e-03, Beta: 1.00 ---
--- Save Epoch: 5766, Loss: 1.3632e-02, IC: 1.1416e-02, Res: 2.2162e-03, Beta: 1.00 ---
--- Save Epoch: 5790, Loss: 1.3378e-02, IC: 1.1247e-02, Res: 2.1312e-03, Beta: 1.00 ---
... RAR IC , Max IC error: 0.1020, t: tensor(0.)
... RAR RES, Max residual error: 0.2812, t: tensor([[0.1522],
        [0.0604],
        [0.1366]])
--- Save Epoch: 5934, Loss: 1.3300e-02, IC: 1.1138e-02, Res: 2.1621e-03, Beta: 1.00 ---
--- Save Epoch: 5940, Loss: 1.3199e-02, IC: 1.1057e-02, Res: 2.1422e-03, Beta: 1.00 ---
--- Save Epoch: 5946, Loss: 1.3186e-02, IC: 1.1040e-02, Res: 2.1456e-03, Beta: 1.00 ---
--- Save Epoch: 5952, Loss: 1.2734e-02, IC: 1.0586e-02, Res: 2.1478e-03, Beta: 1.00 ---
--- Save Epoch: 5958, Loss: 1.2675e-02, IC: 1.0496e-02, Res: 2.1797e-03, Beta: 1.00 ---
--- Save Epoch: 5964, Loss: 1.2078e-02, IC: 9.9506e-03, Res: 2.1273e-03, Beta: 1.00 ---
--- Save Epoch: 5976, Loss: 1.2048e-02, IC: 9.8580e-03, Res: 2.1896e-03, Beta: 1.00 ---
--- Save Epoch: 5982, Loss: 1.1897e-02, IC: 9.7727e-03, Res: 2.1248e-03, Beta: 1.00 ---
--- Save Epoch: 5988, Loss: 1.1728e-02, IC: 9.5637e-03, Res: 2.1639e-03, Beta: 1.00 ---
[info] Training epoch: 6000, LR: 7.35e-04
... RAR IC , Max IC error: 0.0926, t: tensor(0.)
... RAR RES, Max residual error: 0.2360, t: tensor([[0.1327],
        [0.1100],
        [0.0115]])
--- Save Epoch: 6006, Loss: 9.3218e-03, IC: 7.1798e-03, Res: 2.1421e-03, Beta: 1.00 ---
... RAR IC , Max IC error: 0.0958, t: tensor(0.)
... RAR RES, Max residual error: 0.6180, t: tensor([[0.0658],
        [0.2483],
        [0.2275]])
[info] Training epoch: 7000, LR: 6.98e-04
[info] Training epoch: 8000, LR: 6.63e-04
--- Save Epoch: 8016, Loss: 9.1516e-03, IC: 7.2566e-03, Res: 1.8950e-03, Beta: 1.00 ---
--- Save Epoch: 8028, Loss: 8.8145e-03, IC: 6.9094e-03, Res: 1.9051e-03, Beta: 1.00 ---
--- Save Epoch: 8034, Loss: 8.6013e-03, IC: 6.7034e-03, Res: 1.8979e-03, Beta: 1.00 ---
--- Save Epoch: 8040, Loss: 8.4019e-03, IC: 6.4846e-03, Res: 1.9173e-03, Beta: 1.00 ---
--- Save Epoch: 8052, Loss: 8.3430e-03, IC: 6.3908e-03, Res: 1.9522e-03, Beta: 1.00 ---
... RAR IC , Max IC error: 0.0516, t: tensor(0.)
... RAR RES, Max residual error: 0.3490, t: tensor([[0.0871],
        [0.0048],
        [0.0183]])
--- Save Epoch: 8574, Loss: 8.2252e-03, IC: 6.2689e-03, Res: 1.9563e-03, Beta: 1.00 ---
--- Save Epoch: 8580, Loss: 7.6840e-03, IC: 5.7160e-03, Res: 1.9681e-03, Beta: 1.00 ---
... RAR IC , Max IC error: 0.0771, t: tensor(0.)
... RAR RES, Max residual error: 0.0944, t: tensor([[0.0068],
        [0.0817],
        [0.2901]])
--- Save Epoch: 8814, Loss: 7.5099e-03, IC: 5.6305e-03, Res: 1.8794e-03, Beta: 1.00 ---
--- Save Epoch: 8826, Loss: 7.1804e-03, IC: 5.3237e-03, Res: 1.8567e-03, Beta: 1.00 ---
... RAR IC , Max IC error: 0.0478, t: tensor(0.)
... RAR RES, Max residual error: 0.8712, t: tensor([[0.0273],
        [0.2045],
        [0.0181]])
[info] Training epoch: 9000, LR: 6.30e-04
--- Save Epoch: 9144, Loss: 7.0109e-03, IC: 5.0452e-03, Res: 1.9657e-03, Beta: 1.00 ---
--- Save Epoch: 9150, Loss: 6.9859e-03, IC: 5.0018e-03, Res: 1.9841e-03, Beta: 1.00 ---
--- Save Epoch: 9156, Loss: 6.5706e-03, IC: 4.5806e-03, Res: 1.9900e-03, Beta: 1.00 ---
--- Save Epoch: 9162, Loss: 6.5292e-03, IC: 4.5146e-03, Res: 2.0146e-03, Beta: 1.00 ---
... RAR IC , Max IC error: 0.0456, t: tensor(0.)
... RAR RES, Max residual error: 0.3810, t: tensor([[0.1111],
        [0.1835],
        [0.0091]])
--- Save Epoch: 9378, Loss: 6.2765e-03, IC: 4.3159e-03, Res: 1.9606e-03, Beta: 1.00 ---
--- Save Epoch: 9384, Loss: 6.1525e-03, IC: 4.1748e-03, Res: 1.9777e-03, Beta: 1.00 ---
--- Save Epoch: 9390, Loss: 5.7274e-03, IC: 3.7641e-03, Res: 1.9633e-03, Beta: 1.00 ---
... RAR IC , Max IC error: 0.0604, t: tensor(0.)
... RAR RES, Max residual error: 1.2506, t: tensor([[0.0044],
        [0.0125],
        [0.0899]])
--- Save Epoch: 9714, Loss: 5.6984e-03, IC: 3.5734e-03, Res: 2.1251e-03, Beta: 1.00 ---
--- Save Epoch: 9726, Loss: 5.6121e-03, IC: 3.4321e-03, Res: 2.1800e-03, Beta: 1.00 ---
... RAR IC , Max IC error: 0.0368, t: tensor(0.)
... RAR RES, Max residual error: 1.3742, t: tensor([[0.1220],
        [0.0198],
        [0.0154]])
[info] Training epoch: 10000, LR: 5.99e-04
--- Save Epoch: 10446, Loss: 5.4773e-03, IC: 4.2394e-03, Res: 1.2379e-03, Beta: 1.00 ---
--- Save Epoch: 10452, Loss: 5.4008e-03, IC: 4.1734e-03, Res: 1.2274e-03, Beta: 1.00 ---
--- Save Epoch: 10464, Loss: 5.3366e-03, IC: 4.1401e-03, Res: 1.1965e-03, Beta: 1.00 ---
... RAR IC , Max IC error: 0.0630, t: tensor(0.)
... RAR RES, Max residual error: 0.3086, t: tensor([[0.2261],
        [0.0038],
        [0.2589]])
--- Save Epoch: 10686, Loss: 5.1009e-03, IC: 4.3536e-03, Res: 7.4729e-04, Beta: 1.00 ---
--- Save Epoch: 10698, Loss: 4.7505e-03, IC: 4.0267e-03, Res: 7.2380e-04, Beta: 1.00 ---
... RAR IC , Max IC error: 0.0485, t: tensor(0.)
... RAR RES, Max residual error: 2.7107, t: tensor([[0.0648],
        [0.0132],
        [0.2442]])
[info] Training epoch: 11000, LR: 5.69e-04
--- Save Epoch: 11040, Loss: 4.5090e-03, IC: 3.9805e-03, Res: 5.2845e-04, Beta: 1.00 ---
--- Save Epoch: 11046, Loss: 4.3308e-03, IC: 3.8113e-03, Res: 5.1941e-04, Beta: 1.00 ---
--- Save Epoch: 11052, Loss: 4.2268e-03, IC: 3.7124e-03, Res: 5.1438e-04, Beta: 1.00 ---
--- Save Epoch: 11058, Loss: 3.9766e-03, IC: 3.4652e-03, Res: 5.1141e-04, Beta: 1.00 ---
--- Save Epoch: 11064, Loss: 3.9196e-03, IC: 3.4152e-03, Res: 5.0433e-04, Beta: 1.00 ---
--- Save Epoch: 11070, Loss: 3.7453e-03, IC: 3.2548e-03, Res: 4.9041e-04, Beta: 1.00 ---
--- Save Epoch: 11076, Loss: 3.6443e-03, IC: 3.1585e-03, Res: 4.8577e-04, Beta: 1.00 ---
... RAR IC , Max IC error: 0.0597, t: tensor(0.)
... RAR RES, Max residual error: 0.1525, t: tensor([[0.1847],
        [0.1252],
        [0.2914]])
--- Save Epoch: 11466, Loss: 3.5471e-03, IC: 3.2903e-03, Res: 2.5684e-04, Beta: 1.00 ---
--- Save Epoch: 11472, Loss: 3.4378e-03, IC: 3.1882e-03, Res: 2.4956e-04, Beta: 1.00 ---
--- Save Epoch: 11478, Loss: 3.3009e-03, IC: 3.0513e-03, Res: 2.4958e-04, Beta: 1.00 ---
... RAR IC , Max IC error: 0.0479, t: tensor(0.)
... RAR RES, Max residual error: 0.1030, t: tensor([[0.2027],
        [0.0501],
        [0.0994]])
--- Save Epoch: 11850, Loss: 3.2663e-03, IC: 3.0819e-03, Res: 1.8432e-04, Beta: 1.00 ---
... RAR IC , Max IC error: 0.0573, t: tensor(0.)
... RAR RES, Max residual error: 0.1321, t: tensor([[0.2702],
        [0.0325],
        [0.2438]])
[info] Training epoch: 12000, LR: 5.40e-04
--- Save Epoch: 12018, Loss: 3.0996e-03, IC: 2.9379e-03, Res: 1.6173e-04, Beta: 1.00 ---
--- Save Epoch: 12030, Loss: 3.0370e-03, IC: 2.8775e-03, Res: 1.5952e-04, Beta: 1.00 ---
--- Save Epoch: 12042, Loss: 3.0118e-03, IC: 2.8502e-03, Res: 1.6154e-04, Beta: 1.00 ---
... RAR IC , Max IC error: 0.0725, t: tensor(0.)
... RAR RES, Max residual error: 0.0786, t: tensor([[0.1583],
        [0.2072],
        [0.2194]])
--- Save Epoch: 12282, Loss: 3.0087e-03, IC: 2.8690e-03, Res: 1.3970e-04, Beta: 1.00 ---
... RAR IC , Max IC error: 0.0517, t: tensor(0.)
... RAR RES, Max residual error: 0.3022, t: tensor([[0.2956],
        [0.1383],
        [0.1038]])
[info] Training epoch: 13000, LR: 5.13e-04
--- Save Epoch: 13194, Loss: 2.8680e-03, IC: 2.7740e-03, Res: 9.4002e-05, Beta: 1.00 ---
... RAR IC , Max IC error: 0.0450, t: tensor(0.)
... RAR RES, Max residual error: 0.0885, t: tensor([[0.2253],
        [0.0114],
        [0.2047]])
--- Save Epoch: 13206, Loss: 2.8168e-03, IC: 2.7202e-03, Res: 9.6578e-05, Beta: 1.00 ---
--- Save Epoch: 13212, Loss: 2.7752e-03, IC: 2.6795e-03, Res: 9.5675e-05, Beta: 1.00 ---
--- Save Epoch: 13218, Loss: 2.6809e-03, IC: 2.5848e-03, Res: 9.6099e-05, Beta: 1.00 ---
--- Save Epoch: 13224, Loss: 2.6706e-03, IC: 2.5743e-03, Res: 9.6377e-05, Beta: 1.00 ---
... RAR IC , Max IC error: 0.0545, t: tensor(0.)
... RAR RES, Max residual error: 0.0892, t: tensor([[0.0987],
        [0.1049],
        [0.0733]])
--- Save Epoch: 13458, Loss: 2.6106e-03, IC: 2.5237e-03, Res: 8.6824e-05, Beta: 1.00 ---
... RAR IC , Max IC error: 0.0468, t: tensor(0.)
... RAR RES, Max residual error: 0.0911, t: tensor([[0.1574],
        [0.0526],
        [0.0725]])
--- Save Epoch: 13722, Loss: 2.6041e-03, IC: 2.5223e-03, Res: 8.1807e-05, Beta: 1.00 ---
--- Save Epoch: 13728, Loss: 2.5178e-03, IC: 2.4369e-03, Res: 8.0846e-05, Beta: 1.00 ---
--- Save Epoch: 13740, Loss: 2.4747e-03, IC: 2.3933e-03, Res: 8.1374e-05, Beta: 1.00 ---
... RAR IC , Max IC error: 0.0477, t: tensor(0.)
... RAR RES, Max residual error: 0.2150, t: tensor([[0.0052],
        [0.2626],
        [0.2727]])
[info] Training epoch: 14000, LR: 4.88e-04
--- Save Epoch: 14136, Loss: 2.4562e-03, IC: 2.3705e-03, Res: 8.5710e-05, Beta: 1.00 ---
--- Save Epoch: 14142, Loss: 2.3573e-03, IC: 2.2740e-03, Res: 8.3259e-05, Beta: 1.00 ---
--- Save Epoch: 14148, Loss: 2.1923e-03, IC: 2.1083e-03, Res: 8.3942e-05, Beta: 1.00 ---
--- Save Epoch: 14160, Loss: 2.1552e-03, IC: 2.0721e-03, Res: 8.3077e-05, Beta: 1.00 ---
... RAR IC , Max IC error: 0.0482, t: tensor(0.)
... RAR RES, Max residual error: 0.1353, t: tensor([[0.0983],
        [0.2813],
        [0.0925]])
--- Save Epoch: 14388, Loss: 2.1373e-03, IC: 2.0507e-03, Res: 8.6581e-05, Beta: 1.00 ---
... RAR IC , Max IC error: 0.0446, t: tensor(0.)
... RAR RES, Max residual error: 0.0662, t: tensor([[0.2851],
        [0.2493],
        [0.0664]])
--- Save Epoch: 14682, Loss: 2.0512e-03, IC: 1.9784e-03, Res: 7.2853e-05, Beta: 1.00 ---
... RAR IC , Max IC error: 0.0461, t: tensor(0.)
... RAR RES, Max residual error: 0.2355, t: tensor([[0.2988],
        [0.1559],
        [0.2453]])
[info] Training epoch: 15000, LR: 4.63e-04
--- Save Epoch: 15162, Loss: 2.0202e-03, IC: 1.9515e-03, Res: 6.8774e-05, Beta: 1.00 ---
--- Save Epoch: 15168, Loss: 2.0083e-03, IC: 1.9390e-03, Res: 6.9282e-05, Beta: 1.00 ---
--- Save Epoch: 15174, Loss: 2.0003e-03, IC: 1.9305e-03, Res: 6.9871e-05, Beta: 1.00 ---
... RAR IC , Max IC error: 0.0565, t: tensor(0.)
... RAR RES, Max residual error: 0.0512, t: tensor([[0.2489],
        [0.2530],
        [0.0217]])
--- Save Epoch: 15360, Loss: 1.9936e-03, IC: 1.9297e-03, Res: 6.3920e-05, Beta: 1.00 ---
--- Save Epoch: 15372, Loss: 1.9472e-03, IC: 1.8834e-03, Res: 6.3806e-05, Beta: 1.00 ---
... RAR IC , Max IC error: 0.0491, t: tensor(0.)
... RAR RES, Max residual error: 0.0485, t: tensor([[0.2271],
        [0.2286],
        [0.1208]])
--- Save Epoch: 15906, Loss: 1.9424e-03, IC: 1.8866e-03, Res: 5.5872e-05, Beta: 1.00 ---
--- Save Epoch: 15912, Loss: 1.8658e-03, IC: 1.8093e-03, Res: 5.6504e-05, Beta: 1.00 ---
--- Save Epoch: 15918, Loss: 1.7780e-03, IC: 1.7181e-03, Res: 5.9917e-05, Beta: 1.00 ---
--- Save Epoch: 15930, Loss: 1.7700e-03, IC: 1.7125e-03, Res: 5.7524e-05, Beta: 1.00 ---
[info] Training epoch: 16000, LR: 4.40e-04
... RAR IC , Max IC error: 0.0404, t: tensor(0.)
... RAR RES, Max residual error: 0.1352, t: tensor([[0.0149],
        [0.2921],
        [0.0849]])
--- Save Epoch: 16182, Loss: 1.6808e-03, IC: 1.6192e-03, Res: 6.1608e-05, Beta: 1.00 ---
--- Save Epoch: 16188, Loss: 1.6783e-03, IC: 1.6193e-03, Res: 5.8973e-05, Beta: 1.00 ---
--- Save Epoch: 16194, Loss: 1.6308e-03, IC: 1.5690e-03, Res: 6.1874e-05, Beta: 1.00 ---
... RAR IC , Max IC error: 0.0411, t: tensor(0.)
... RAR RES, Max residual error: 0.1348, t: tensor([[0.1243],
        [0.2854],
        [0.1597]])
--- Save Epoch: 16494, Loss: 1.6083e-03, IC: 1.5461e-03, Res: 6.2201e-05, Beta: 1.00 ---
... RAR IC , Max IC error: 0.0410, t: tensor(0.)
... RAR RES, Max residual error: 0.0419, t: tensor([[0.2761],
        [0.1722],
        [0.1706]])
[info] Training epoch: 17000, LR: 4.18e-04
--- Save Epoch: 17004, Loss: 1.2852e-03, IC: 1.2319e-03, Res: 5.3234e-05, Beta: 1.00 ---
--- Save Epoch: 17010, Loss: 1.2337e-03, IC: 1.1803e-03, Res: 5.3420e-05, Beta: 1.00 ---
... RAR IC , Max IC error: 0.0309, t: tensor(0.)
... RAR RES, Max residual error: 0.3981, t: tensor([[0.0151],
        [0.1277],
        [0.2506]])
[info] Training epoch: 18000, LR: 3.97e-04
[info] Training epoch: 19000, LR: 3.77e-04
--- Save Epoch: 19158, Loss: 1.2095e-03, IC: 1.1704e-03, Res: 3.9124e-05, Beta: 1.00 ---
--- Save Epoch: 19170, Loss: 1.1986e-03, IC: 1.1592e-03, Res: 3.9411e-05, Beta: 1.00 ---
--- Save Epoch: 19176, Loss: 1.1644e-03, IC: 1.1263e-03, Res: 3.8122e-05, Beta: 1.00 ---
--- Save Epoch: 19182, Loss: 1.1270e-03, IC: 1.0888e-03, Res: 3.8199e-05, Beta: 1.00 ---
... RAR IC , Max IC error: 0.0335, t: tensor(0.)
... RAR RES, Max residual error: 0.0665, t: tensor([[0.2571],
        [0.1924],
        [0.2441]])
[info] Training epoch: 20000, LR: 3.58e-04
--- Save Epoch: 20004, Loss: 7.8729e-04, IC: 7.5225e-04, Res: 3.5038e-05, Beta: 1.00 ---
... RAR IC , Max IC error: 0.0261, t: tensor(0.)
... RAR RES, Max residual error: 0.0914, t: tensor([[0.0134],
        [0.2716],
        [0.0027]])
[info] Training epoch: 21000, LR: 3.41e-04
[info] Training epoch: 22000, LR: 3.24e-04
[info] Training epoch: 23000, LR: 3.07e-04
[info] Training epoch: 24000, LR: 2.92e-04
--- Save Epoch: 24570, Loss: 7.8532e-04, IC: 7.6218e-04, Res: 2.3134e-05, Beta: 1.00 ---
--- Save Epoch: 24582, Loss: 7.4911e-04, IC: 7.2603e-04, Res: 2.3073e-05, Beta: 1.00 ---
--- Save Epoch: 24594, Loss: 7.2009e-04, IC: 6.9572e-04, Res: 2.4373e-05, Beta: 1.00 ---
... RAR IC , Max IC error: 0.0236, t: tensor(0.)
... RAR RES, Max residual error: 0.0466, t: tensor([[0.0458],
        [0.1476],
        [0.0191]])
--- Save Epoch: 24618, Loss: 7.0902e-04, IC: 6.8383e-04, Res: 2.5186e-05, Beta: 1.00 ---
... RAR IC , Max IC error: 0.0280, t: tensor(0.)
... RAR RES, Max residual error: 0.0538, t: tensor([[0.1690],
        [0.2838],
        [0.1415]])
[info] Training epoch: 25000, LR: 2.77e-04
--- Save Epoch: 25074, Loss: 6.9392e-04, IC: 6.6940e-04, Res: 2.4525e-05, Beta: 1.00 ---
--- Save Epoch: 25080, Loss: 6.6235e-04, IC: 6.3749e-04, Res: 2.4860e-05, Beta: 1.00 ---
... RAR IC , Max IC error: 0.0194, t: tensor(0.)
... RAR RES, Max residual error: 0.0700, t: tensor([[0.0044],
        [0.2753],
        [0.0623]])
--- Save Epoch: 25122, Loss: 6.5010e-04, IC: 6.2344e-04, Res: 2.6667e-05, Beta: 1.00 ---
... RAR IC , Max IC error: 0.0229, t: tensor(0.)
... RAR RES, Max residual error: 0.0323, t: tensor([[0.0203],
        [0.2821],
        [0.0957]])
[info] Training epoch: 26000, LR: 2.64e-04
[info] Training epoch: 27000, LR: 2.50e-04
--- Save Epoch: 27372, Loss: 6.2588e-04, IC: 6.0296e-04, Res: 2.2926e-05, Beta: 1.00 ---
--- Save Epoch: 27378, Loss: 6.2347e-04, IC: 6.0217e-04, Res: 2.1307e-05, Beta: 1.00 ---
--- Save Epoch: 27384, Loss: 6.1376e-04, IC: 5.9208e-04, Res: 2.1684e-05, Beta: 1.00 ---
--- Save Epoch: 27390, Loss: 6.1159e-04, IC: 5.8975e-04, Res: 2.1843e-05, Beta: 1.00 ---
--- Save Epoch: 27396, Loss: 5.9700e-04, IC: 5.7503e-04, Res: 2.1965e-05, Beta: 1.00 ---
... RAR IC , Max IC error: 0.0181, t: tensor(0.)
... RAR RES, Max residual error: 0.0859, t: tensor([[0.1585],
        [0.0242],
        [0.1219]])
--- Save Epoch: 27414, Loss: 5.8733e-04, IC: 5.6375e-04, Res: 2.3581e-05, Beta: 1.00 ---
... RAR IC , Max IC error: 0.0201, t: tensor(0.)
... RAR RES, Max residual error: 0.0379, t: tensor([[0.2772],
        [0.0881],
        [0.1857]])
--- Save Epoch: 27714, Loss: 5.7124e-04, IC: 5.4921e-04, Res: 2.2038e-05, Beta: 1.00 ---
--- Save Epoch: 27720, Loss: 5.6380e-04, IC: 5.4198e-04, Res: 2.1827e-05, Beta: 1.00 ---
--- Save Epoch: 27726, Loss: 5.3612e-04, IC: 5.1416e-04, Res: 2.1963e-05, Beta: 1.00 ---
--- Save Epoch: 27732, Loss: 5.2731e-04, IC: 5.0522e-04, Res: 2.2090e-05, Beta: 1.00 ---
--- Save Epoch: 27738, Loss: 5.1916e-04, IC: 4.9619e-04, Res: 2.2975e-05, Beta: 1.00 ---
--- Save Epoch: 27744, Loss: 5.0795e-04, IC: 4.8479e-04, Res: 2.3156e-05, Beta: 1.00 ---
--- Save Epoch: 27750, Loss: 5.0715e-04, IC: 4.8504e-04, Res: 2.2111e-05, Beta: 1.00 ---
... RAR IC , Max IC error: 0.0167, t: tensor(0.)
... RAR RES, Max residual error: 0.0246, t: tensor([[0.2702],
        [0.0340],
        [0.0163]])
[info] Training epoch: 28000, LR: 2.38e-04
--- Save Epoch: 28140, Loss: 5.0660e-04, IC: 4.8150e-04, Res: 2.5101e-05, Beta: 1.00 ---
... RAR IC , Max IC error: 0.0185, t: tensor(0.)
... RAR RES, Max residual error: 0.0716, t: tensor([[0.2974],
        [0.0069],
        [0.0258]])
--- Save Epoch: 28602, Loss: 5.0587e-04, IC: 4.8282e-04, Res: 2.3051e-05, Beta: 1.00 ---
... RAR IC , Max IC error: 0.0149, t: tensor(0.)
... RAR RES, Max residual error: 0.0556, t: tensor([[0.2453],
        [0.1702],
        [0.0105]])
[info] Training epoch: 29000, LR: 2.26e-04
--- Save Epoch: 29004, Loss: 4.7794e-04, IC: 4.5696e-04, Res: 2.0982e-05, Beta: 1.00 ---
--- Save Epoch: 29010, Loss: 4.6961e-04, IC: 4.4850e-04, Res: 2.1105e-05, Beta: 1.00 ---
--- Save Epoch: 29016, Loss: 4.6919e-04, IC: 4.4753e-04, Res: 2.1659e-05, Beta: 1.00 ---
... RAR IC , Max IC error: 0.0160, t: tensor(0.)
... RAR RES, Max residual error: 0.0444, t: tensor([[0.0174],
        [0.2901],
        [0.0587]])
[info] Training epoch: 30000, LR: 2.15e-04
--- Save Epoch: 30582, Loss: 4.5675e-04, IC: 4.3806e-04, Res: 1.8691e-05, Beta: 1.00 ---
--- Save Epoch: 30600, Loss: 4.4250e-04, IC: 4.2294e-04, Res: 1.9562e-05, Beta: 1.00 ---
... RAR IC , Max IC error: 0.0166, t: tensor(0.)
... RAR RES, Max residual error: 0.0813, t: tensor([[0.0018],
        [0.0475],
        [0.0587]])
[info] Training epoch: 31000, LR: 2.04e-04
--- Save Epoch: 31224, Loss: 4.3894e-04, IC: 4.2011e-04, Res: 1.8827e-05, Beta: 1.00 ---
--- Save Epoch: 31230, Loss: 4.3133e-04, IC: 4.1253e-04, Res: 1.8801e-05, Beta: 1.00 ---
--- Save Epoch: 31248, Loss: 4.2729e-04, IC: 4.0857e-04, Res: 1.8718e-05, Beta: 1.00 ---
--- Save Epoch: 31254, Loss: 4.2409e-04, IC: 4.0549e-04, Res: 1.8602e-05, Beta: 1.00 ---
... RAR IC , Max IC error: 0.0174, t: tensor(0.)
... RAR RES, Max residual error: 0.0540, t: tensor([[0.0431],
        [0.1890],
        [0.0178]])
[info] Training epoch: 32000, LR: 1.94e-04
--- Save Epoch: 32004, Loss: 4.0917e-04, IC: 3.9111e-04, Res: 1.8060e-05, Beta: 1.00 ---
--- Save Epoch: 32010, Loss: 4.0202e-04, IC: 3.8370e-04, Res: 1.8316e-05, Beta: 1.00 ---
--- Save Epoch: 32016, Loss: 4.0061e-04, IC: 3.8279e-04, Res: 1.7814e-05, Beta: 1.00 ---
--- Save Epoch: 32022, Loss: 4.0032e-04, IC: 3.8153e-04, Res: 1.8786e-05, Beta: 1.00 ---
... RAR IC , Max IC error: 0.0133, t: tensor(0.)
... RAR RES, Max residual error: 0.0359, t: tensor([[0.0609],
        [0.0758],
        [0.0910]])
[info] Training epoch: 33000, LR: 1.84e-04
--- Save Epoch: 33006, Loss: 3.4663e-04, IC: 3.2942e-04, Res: 1.7206e-05, Beta: 1.00 ---
... RAR IC , Max IC error: 0.0162, t: tensor(0.)
... RAR RES, Max residual error: 0.1199, t: tensor([[0.1007],
        [0.0536],
        [0.1331]])
--- Save Epoch: 33390, Loss: 3.4449e-04, IC: 3.2665e-04, Res: 1.7837e-05, Beta: 1.00 ---
--- Save Epoch: 33396, Loss: 3.4290e-04, IC: 3.2504e-04, Res: 1.7855e-05, Beta: 1.00 ---
... RAR IC , Max IC error: 0.0132, t: tensor(0.)
... RAR RES, Max residual error: 0.0126, t: tensor([[0.2758],
        [0.0986],
        [0.2161]])
[info] Training epoch: 34000, LR: 1.75e-04
--- Save Epoch: 34488, Loss: 3.4187e-04, IC: 3.2561e-04, Res: 1.6259e-05, Beta: 1.00 ---
--- Save Epoch: 34494, Loss: 3.4133e-04, IC: 3.2510e-04, Res: 1.6227e-05, Beta: 1.00 ---
--- Save Epoch: 34500, Loss: 3.3369e-04, IC: 3.1770e-04, Res: 1.5992e-05, Beta: 1.00 ---
... RAR IC , Max IC error: 0.0137, t: tensor(0.)
... RAR RES, Max residual error: 0.0280, t: tensor([[0.2250],
        [0.0099],
        [0.0071]])
--- Save Epoch: 34512, Loss: 3.2780e-04, IC: 3.1149e-04, Res: 1.6307e-05, Beta: 1.00 ---
--- Save Epoch: 34524, Loss: 3.2379e-04, IC: 3.0700e-04, Res: 1.6789e-05, Beta: 1.00 ---
--- Save Epoch: 34536, Loss: 3.1667e-04, IC: 3.0024e-04, Res: 1.6427e-05, Beta: 1.00 ---
--- Save Epoch: 34548, Loss: 3.0890e-04, IC: 2.9229e-04, Res: 1.6608e-05, Beta: 1.00 ---
... RAR IC , Max IC error: 0.0134, t: tensor(0.)
... RAR RES, Max residual error: 0.0248, t: tensor([[0.2315],
        [0.1759],
        [0.0796]])
[info] Training epoch: 35000, LR: 1.66e-04
--- Save Epoch: 35004, Loss: 2.9151e-04, IC: 2.7481e-04, Res: 1.6694e-05, Beta: 1.00 ---
... RAR IC , Max IC error: 0.0107, t: tensor(0.)
... RAR RES, Max residual error: 0.0257, t: tensor([[0.0480],
        [0.0843],
        [0.0137]])
--- Save Epoch: 35580, Loss: 2.8832e-04, IC: 2.7345e-04, Res: 1.4870e-05, Beta: 1.00 ---
--- Save Epoch: 35586, Loss: 2.8170e-04, IC: 2.6676e-04, Res: 1.4940e-05, Beta: 1.00 ---
--- Save Epoch: 35592, Loss: 2.7919e-04, IC: 2.6417e-04, Res: 1.5024e-05, Beta: 1.00 ---
--- Save Epoch: 35598, Loss: 2.7385e-04, IC: 2.5891e-04, Res: 1.4937e-05, Beta: 1.00 ---
... RAR IC , Max IC error: 0.0117, t: tensor(0.)
... RAR RES, Max residual error: 0.0460, t: tensor([[0.2969],
        [0.0383],
        [0.0818]])
--- Save Epoch: 35610, Loss: 2.6832e-04, IC: 2.5289e-04, Res: 1.5427e-05, Beta: 1.00 ---
--- Save Epoch: 35622, Loss: 2.5540e-04, IC: 2.3921e-04, Res: 1.6193e-05, Beta: 1.00 ---
--- Save Epoch: 35634, Loss: 2.5306e-04, IC: 2.3733e-04, Res: 1.5726e-05, Beta: 1.00 ---
--- Save Epoch: 35640, Loss: 2.5062e-04, IC: 2.3241e-04, Res: 1.8212e-05, Beta: 1.00 ---
--- Save Epoch: 35652, Loss: 2.4958e-04, IC: 2.3201e-04, Res: 1.7565e-05, Beta: 1.00 ---
... RAR IC , Max IC error: 0.0137, t: tensor(0.)
... RAR RES, Max residual error: 0.0531, t: tensor([[0.1607],
        [0.0512],
        [0.1555]])
[info] Training epoch: 36000, LR: 1.58e-04
--- Save Epoch: 36042, Loss: 2.4549e-04, IC: 2.3030e-04, Res: 1.5191e-05, Beta: 1.00 ---
--- Save Epoch: 36048, Loss: 2.4375e-04, IC: 2.2858e-04, Res: 1.5171e-05, Beta: 1.00 ---
--- Save Epoch: 36054, Loss: 2.3672e-04, IC: 2.2139e-04, Res: 1.5335e-05, Beta: 1.00 ---
--- Save Epoch: 36066, Loss: 2.3029e-04, IC: 2.1494e-04, Res: 1.5351e-05, Beta: 1.00 ---
--- Save Epoch: 36072, Loss: 2.2805e-04, IC: 2.1294e-04, Res: 1.5111e-05, Beta: 1.00 ---
--- Save Epoch: 36078, Loss: 2.2654e-04, IC: 2.1119e-04, Res: 1.5349e-05, Beta: 1.00 ---
... RAR IC , Max IC error: 0.0101, t: tensor(0.)
... RAR RES, Max residual error: 0.0653, t: tensor([[0.1340],
        [0.1029],
        [0.0016]])
[info] Training epoch: 37000, LR: 1.50e-04
[info] Training epoch: 38000, LR: 1.42e-04
[info] Training epoch: 39000, LR: 1.35e-04
--- Save Epoch: 39006, Loss: 1.9525e-04, IC: 1.8230e-04, Res: 1.2950e-05, Beta: 1.00 ---
... RAR IC , Max IC error: 0.0116, t: tensor(0.)
... RAR RES, Max residual error: 0.0268, t: tensor([[0.0013],
        [0.0022],
        [0.0141]])
[info] Training epoch: 40000, LR: 1.29e-04
[info] Training epoch: 41000, LR: 1.22e-04
--- Save Epoch: 41004, Loss: 1.6487e-04, IC: 1.5341e-04, Res: 1.1457e-05, Beta: 1.00 ---
--- Save Epoch: 41010, Loss: 1.6322e-04, IC: 1.5199e-04, Res: 1.1224e-05, Beta: 1.00 ---
... RAR RES, Max residual error: 0.0188, t: tensor([[0.0251],
        [0.1151],
        [0.2904]])
[info] Training epoch: 42000, LR: 1.16e-04
--- Save Epoch: 42522, Loss: 1.6003e-04, IC: 1.5001e-04, Res: 1.0014e-05, Beta: 1.00 ---
--- Save Epoch: 42528, Loss: 1.5975e-04, IC: 1.4980e-04, Res: 9.9550e-06, Beta: 1.00 ---
--- Save Epoch: 42534, Loss: 1.5959e-04, IC: 1.4971e-04, Res: 9.8806e-06, Beta: 1.00 ---
--- Save Epoch: 42546, Loss: 1.5819e-04, IC: 1.4826e-04, Res: 9.9274e-06, Beta: 1.00 ---
--- Save Epoch: 42558, Loss: 1.5529e-04, IC: 1.4520e-04, Res: 1.0091e-05, Beta: 1.00 ---
--- Save Epoch: 42564, Loss: 1.5524e-04, IC: 1.4512e-04, Res: 1.0117e-05, Beta: 1.00 ---
--- Save Epoch: 42570, Loss: 1.5261e-04, IC: 1.4263e-04, Res: 9.9790e-06, Beta: 1.00 ---
--- Save Epoch: 42576, Loss: 1.5171e-04, IC: 1.4189e-04, Res: 9.8265e-06, Beta: 1.00 ---
... RAR RES, Max residual error: 0.0427, t: tensor([[0.1146],
        [0.2621],
        [0.2625]])
--- Save Epoch: 42606, Loss: 1.5097e-04, IC: 1.3978e-04, Res: 1.1183e-05, Beta: 1.00 ---
--- Save Epoch: 42612, Loss: 1.4921e-04, IC: 1.3841e-04, Res: 1.0794e-05, Beta: 1.00 ---
--- Save Epoch: 42630, Loss: 1.4889e-04, IC: 1.3668e-04, Res: 1.2203e-05, Beta: 1.00 ---
... RAR RES, Max residual error: 0.0846, t: tensor([[0.0053],
        [0.0929],
        [0.0478]])
[info] Training epoch: 43000, LR: 1.10e-04
--- Save Epoch: 43968, Loss: 1.4712e-04, IC: 1.3626e-04, Res: 1.0856e-05, Beta: 1.00 ---
[info] Training epoch: 44000, LR: 1.05e-04
... RAR RES, Max residual error: 0.0299, t: tensor([[0.2922],
        [0.0822],
        [0.2412]])
--- Save Epoch: 44328, Loss: 1.4664e-04, IC: 1.3599e-04, Res: 1.0652e-05, Beta: 1.00 ---
--- Save Epoch: 44334, Loss: 1.4612e-04, IC: 1.3525e-04, Res: 1.0871e-05, Beta: 1.00 ---
--- Save Epoch: 44340, Loss: 1.4230e-04, IC: 1.3151e-04, Res: 1.0799e-05, Beta: 1.00 ---
--- Save Epoch: 44364, Loss: 1.3956e-04, IC: 1.2903e-04, Res: 1.0524e-05, Beta: 1.00 ---
--- Save Epoch: 44370, Loss: 1.3875e-04, IC: 1.2818e-04, Res: 1.0571e-05, Beta: 1.00 ---
--- Save Epoch: 44376, Loss: 1.3638e-04, IC: 1.2583e-04, Res: 1.0547e-05, Beta: 1.00 ---
--- Save Epoch: 44388, Loss: 1.3370e-04, IC: 1.2319e-04, Res: 1.0504e-05, Beta: 1.00 ---
... RAR RES, Max residual error: 0.0649, t: tensor([[0.0296],
        [0.0158],
        [0.0549]])
--- Save Epoch: 44418, Loss: 1.3115e-04, IC: 1.1969e-04, Res: 1.1460e-05, Beta: 1.00 ---
--- Save Epoch: 44484, Loss: 1.3054e-04, IC: 1.1913e-04, Res: 1.1412e-05, Beta: 1.00 ---
--- Save Epoch: 44496, Loss: 1.2729e-04, IC: 1.1577e-04, Res: 1.1526e-05, Beta: 1.00 ---
... RAR RES, Max residual error: 0.0222, t: tensor([[0.0466],
        [0.1313],
        [0.0705]])
--- Save Epoch: 44508, Loss: 1.2516e-04, IC: 1.1341e-04, Res: 1.1747e-05, Beta: 1.00 ---
--- Save Epoch: 44520, Loss: 1.2480e-04, IC: 1.1306e-04, Res: 1.1740e-05, Beta: 1.00 ---
... RAR IC , Max IC error: 0.0101, t: tensor(0.)
... RAR RES, Max residual error: 0.1458, t: tensor([[0.2619],
        [0.0216],
        [0.0638]])
[info] Training epoch: 45000, LR: 9.94e-05
--- Save Epoch: 45006, Loss: 1.1455e-04, IC: 1.0236e-04, Res: 1.2188e-05, Beta: 1.00 ---
... RAR RES, Max residual error: 0.0156, t: tensor([[0.2745],
        [0.1021],
        [0.2069]])
[info] Training epoch: 46000, LR: 9.45e-05
[info] Training epoch: 47000, LR: 8.97e-05
--- Save Epoch: 47004, Loss: 8.5692e-05, IC: 7.5744e-05, Res: 9.9482e-06, Beta: 1.00 ---
... RAR RES, Max residual error: 0.0487, t: tensor([[0.2892],
        [0.0052],
        [0.2758]])
[info] Training epoch: 48000, LR: 8.53e-05
[info] Training epoch: 49000, LR: 8.10e-05
--- Save Epoch: 49254, Loss: 8.5365e-05, IC: 7.6767e-05, Res: 8.5979e-06, Beta: 1.00 ---
--- Save Epoch: 49272, Loss: 8.4919e-05, IC: 7.5589e-05, Res: 9.3295e-06, Beta: 1.00 ---
--- Save Epoch: 49278, Loss: 8.4237e-05, IC: 7.5605e-05, Res: 8.6318e-06, Beta: 1.00 ---
--- Save Epoch: 49290, Loss: 8.3771e-05, IC: 7.4996e-05, Res: 8.7751e-06, Beta: 1.00 ---
... RAR RES, Max residual error: 0.0214, t: tensor([[0.0372],
        [0.0350],
        [0.0685]])
--- Save Epoch: 49890, Loss: 8.2108e-05, IC: 7.3720e-05, Res: 8.3875e-06, Beta: 1.00 ---
... RAR RES, Max residual error: 0.0331, t: tensor([[0.0018],
        [0.2877],
        [0.2499]])
[info] Training epoch: 50000, LR: 7.69e-05
--- Save Epoch: 50004, Loss: 7.0184e-05, IC: 6.1484e-05, Res: 8.7000e-06, Beta: 1.00 ---
... RAR RES, Max residual error: 0.0566, t: tensor([[0.0078],
        [0.1239],
        [0.1734]])
[info] Training epoch: 51000, LR: 7.31e-05
--- Save Epoch: 51006, Loss: 5.8959e-05, IC: 5.0577e-05, Res: 8.3819e-06, Beta: 1.00 ---
... RAR RES, Max residual error: 0.0254, t: tensor([[0.0157],
        [0.0426],
        [0.0078]])
[info] Training epoch: 52000, LR: 6.94e-05
[info] Training epoch: 53000, LR: 6.60e-05
[info] Training epoch: 54000, LR: 6.27e-05
--- Save Epoch: 54006, Loss: 4.5365e-05, IC: 3.8201e-05, Res: 7.1643e-06, Beta: 1.00 ---
... RAR RES, Max residual error: 0.0328, t: tensor([[0.2995],
        [0.0060],
        [0.0595]])
[info] Training epoch: 55000, LR: 5.95e-05
[info] Training epoch: 56000, LR: 5.66e-05
--- Save Epoch: 56004, Loss: 4.5177e-05, IC: 3.8513e-05, Res: 6.6641e-06, Beta: 1.00 ---
... RAR RES, Max residual error: 0.0153, t: tensor([[0.0597],
        [0.0814],
        [0.0494]])
[info] Training epoch: 57000, LR: 5.37e-05
--- Save Epoch: 57006, Loss: 4.2309e-05, IC: 3.5895e-05, Res: 6.4138e-06, Beta: 1.00 ---
--- Save Epoch: 57012, Loss: 4.0974e-05, IC: 3.4617e-05, Res: 6.3567e-06, Beta: 1.00 ---
[info] Training epoch: 58000, LR: 5.10e-05
[info] Training epoch: 59000, LR: 4.85e-05
--- Save Epoch: 59058, Loss: 4.0599e-05, IC: 3.4890e-05, Res: 5.7095e-06, Beta: 1.00 ---
... RAR RES, Max residual error: 0.0377, t: tensor([[0.0361],
        [0.1460],
        [0.0950]])
--- Save Epoch: 59304, Loss: 4.0411e-05, IC: 3.4298e-05, Res: 6.1130e-06, Beta: 1.00 ---
--- Save Epoch: 59310, Loss: 4.0373e-05, IC: 3.4274e-05, Res: 6.0998e-06, Beta: 1.00 ---
... RAR RES, Max residual error: 0.0265, t: tensor([[0.0630],
        [0.2408],
        [0.2759]])
--- Save Epoch: 59940, Loss: 4.0279e-05, IC: 3.4310e-05, Res: 5.9691e-06, Beta: 1.00 ---
--- Save Epoch: 59988, Loss: 3.9797e-05, IC: 3.3855e-05, Res: 5.9416e-06, Beta: 1.00 ---
[info] Training epoch: 60000, LR: 4.61e-05
--- Save Epoch: 60000, Loss: 3.9328e-05, IC: 3.3386e-05, Res: 5.9420e-06, Beta: 1.00 ---
... RAR RES, Max residual error: 0.0172, t: tensor([[0.0273],
        [0.1431],
        [0.0472]])
===== logging end   2025-10-17 08:28:55 =====
