
===== logging start 2025-11-23 14:30:16 =====
--- Best Epoch: 1, Loss: 7.5160e+00, IC: 6.0033e-01, Res: 6.9157e+00 ---
--- Best Epoch: 2, Loss: 6.4515e+00, IC: 3.7866e-01, Res: 6.0728e+00 ---
--- Best Epoch: 3, Loss: 1.5945e+00, IC: 2.8700e-01, Res: 1.3075e+00 ---
--- Best Epoch: 5, Loss: 7.2466e-01, IC: 1.4972e-01, Res: 5.7494e-01 ---
--- Best Epoch: 8, Loss: 3.0614e-01, IC: 7.1720e-02, Res: 2.3442e-01 ---
--- Best Epoch: 11, Loss: 1.9077e-01, IC: 5.0826e-02, Res: 1.3995e-01 ---
--- Best Epoch: 12, Loss: 7.7565e-02, IC: 5.0335e-02, Res: 2.7229e-02 ---
--- Best Epoch: 13, Loss: 6.7478e-02, IC: 4.5857e-02, Res: 2.1621e-02 ---
--- Best Epoch: 14, Loss: 5.1559e-02, IC: 4.6658e-02, Res: 4.9005e-03 ---
--- Best Epoch: 17, Loss: 4.8507e-02, IC: 4.3699e-02, Res: 4.8083e-03 ---
--- Best Epoch: 20, Loss: 4.8491e-02, IC: 4.5749e-02, Res: 2.7425e-03 ---
--- Best Epoch: 40, Loss: 4.7902e-02, IC: 4.7299e-02, Res: 6.0280e-04 ---
--- Best Epoch: 41, Loss: 4.6168e-02, IC: 4.5531e-02, Res: 6.3711e-04 ---
--- Best Epoch: 45, Loss: 4.4858e-02, IC: 4.3857e-02, Res: 1.0013e-03 ---
--- Best Epoch: 47, Loss: 4.4063e-02, IC: 4.2682e-02, Res: 1.3811e-03 ---
--- Best Epoch: 51, Loss: 4.3959e-02, IC: 4.1859e-02, Res: 2.1000e-03 ---
--- Best Epoch: 53, Loss: 4.3474e-02, IC: 4.0850e-02, Res: 2.6246e-03 ---
--- Best Epoch: 54, Loss: 4.2997e-02, IC: 4.0207e-02, Res: 2.7899e-03 ---
--- Best Epoch: 57, Loss: 4.1549e-02, IC: 3.8374e-02, Res: 3.1746e-03 ---
--- Best Epoch: 59, Loss: 4.0917e-02, IC: 3.8025e-02, Res: 2.8921e-03 ---
--- Best Epoch: 64, Loss: 4.0891e-02, IC: 3.8838e-02, Res: 2.0531e-03 ---
--- Best Epoch: 66, Loss: 3.9111e-02, IC: 3.7428e-02, Res: 1.6833e-03 ---
--- Best Epoch: 69, Loss: 3.9103e-02, IC: 3.7804e-02, Res: 1.2992e-03 ---
--- Best Epoch: 81, Loss: 3.8902e-02, IC: 3.8190e-02, Res: 7.1229e-04 ---
--- Best Epoch: 92, Loss: 3.7295e-02, IC: 3.6330e-02, Res: 9.6471e-04 ---
--- Best Epoch: 140, Loss: 3.7107e-02, IC: 3.6817e-02, Res: 2.9041e-04 ---
--- Best Epoch: 191, Loss: 3.6211e-02, IC: 3.5963e-02, Res: 2.4812e-04 ---
--- Best Epoch: 226, Loss: 3.6115e-02, IC: 3.5187e-02, Res: 9.2793e-04 ---
--- Best Epoch: 230, Loss: 3.6058e-02, IC: 3.5246e-02, Res: 8.1196e-04 ---
--- Best Epoch: 236, Loss: 3.4955e-02, IC: 3.4239e-02, Res: 7.1527e-04 ---
--- Best Epoch: 244, Loss: 3.4910e-02, IC: 3.4126e-02, Res: 7.8373e-04 ---
--- Best Epoch: 260, Loss: 3.4314e-02, IC: 3.3313e-02, Res: 1.0017e-03 ---
--- Best Epoch: 269, Loss: 3.3944e-02, IC: 3.2775e-02, Res: 1.1692e-03 ---
--- Best Epoch: 273, Loss: 3.3522e-02, IC: 3.2391e-02, Res: 1.1307e-03 ---
--- Best Epoch: 277, Loss: 3.2821e-02, IC: 3.1812e-02, Res: 1.0088e-03 ---
--- Best Epoch: 281, Loss: 3.2418e-02, IC: 3.1291e-02, Res: 1.1268e-03 ---
--- Best Epoch: 285, Loss: 3.0334e-02, IC: 2.9392e-02, Res: 9.4176e-04 ---
--- Best Epoch: 301, Loss: 2.9744e-02, IC: 2.8787e-02, Res: 9.5699e-04 ---
--- Best Epoch: 308, Loss: 2.8972e-02, IC: 2.7925e-02, Res: 1.0474e-03 ---
--- Best Epoch: 311, Loss: 2.7514e-02, IC: 2.6529e-02, Res: 9.8440e-04 ---
--- Best Epoch: 312, Loss: 2.7472e-02, IC: 2.6578e-02, Res: 8.9384e-04 ---
--- Best Epoch: 318, Loss: 2.7005e-02, IC: 2.6051e-02, Res: 9.5379e-04 ---
--- Best Epoch: 319, Loss: 2.6578e-02, IC: 2.5705e-02, Res: 8.7328e-04 ---
--- Best Epoch: 321, Loss: 2.5978e-02, IC: 2.5226e-02, Res: 7.5284e-04 ---
--- Best Epoch: 323, Loss: 2.5662e-02, IC: 2.4728e-02, Res: 9.3394e-04 ---
--- Best Epoch: 332, Loss: 2.5193e-02, IC: 2.4421e-02, Res: 7.7284e-04 ---
--- Best Epoch: 338, Loss: 2.4886e-02, IC: 2.4177e-02, Res: 7.0934e-04 ---
--- Best Epoch: 339, Loss: 2.4355e-02, IC: 2.3523e-02, Res: 8.3265e-04 ---
--- Best Epoch: 341, Loss: 2.4348e-02, IC: 2.3119e-02, Res: 1.2293e-03 ---
--- Best Epoch: 344, Loss: 2.3322e-02, IC: 2.2118e-02, Res: 1.2046e-03 ---
--- Best Epoch: 346, Loss: 2.2798e-02, IC: 2.2166e-02, Res: 6.3153e-04 ---
--- Best Epoch: 363, Loss: 2.2758e-02, IC: 2.1883e-02, Res: 8.7512e-04 ---
--- Best Epoch: 370, Loss: 2.2693e-02, IC: 2.0246e-02, Res: 2.4466e-03 ---
--- Best Epoch: 377, Loss: 2.2094e-02, IC: 2.0489e-02, Res: 1.6048e-03 ---
--- Best Epoch: 384, Loss: 2.1466e-02, IC: 1.9951e-02, Res: 1.5148e-03 ---
--- Best Epoch: 389, Loss: 2.0761e-02, IC: 1.9823e-02, Res: 9.3783e-04 ---
--- Best Epoch: 393, Loss: 2.0745e-02, IC: 1.9785e-02, Res: 9.6090e-04 ---
--- Best Epoch: 409, Loss: 2.0737e-02, IC: 1.9995e-02, Res: 7.4200e-04 ---
--- Best Epoch: 411, Loss: 2.0723e-02, IC: 1.9764e-02, Res: 9.5923e-04 ---
--- Best Epoch: 422, Loss: 2.0155e-02, IC: 1.9430e-02, Res: 7.2582e-04 ---
--- Best Epoch: 440, Loss: 1.9670e-02, IC: 1.9387e-02, Res: 2.8264e-04 ---
--- Best Epoch: 545, Loss: 1.9043e-02, IC: 1.8689e-02, Res: 3.5401e-04 ---
--- Best Epoch: 635, Loss: 1.8753e-02, IC: 1.8515e-02, Res: 2.3766e-04 ---
--- Best Epoch: 898, Loss: 1.8627e-02, IC: 1.8453e-02, Res: 1.7471e-04 ---
[info] Training epoch: 1000, LR: 9.50e-04
--- Best Epoch: 1041, Loss: 1.8039e-02, IC: 1.7812e-02, Res: 2.2683e-04 ---
--- Best Epoch: 1345, Loss: 1.7951e-02, IC: 1.7348e-02, Res: 6.0341e-04 ---
--- Best Epoch: 1355, Loss: 1.7683e-02, IC: 1.7375e-02, Res: 3.0844e-04 ---
--- Best Epoch: 1377, Loss: 1.7664e-02, IC: 1.6877e-02, Res: 7.8745e-04 ---
--- Best Epoch: 1392, Loss: 1.7590e-02, IC: 1.7053e-02, Res: 5.3745e-04 ---
--- Best Epoch: 1396, Loss: 1.6915e-02, IC: 1.6641e-02, Res: 2.7400e-04 ---
--- Best Epoch: 1412, Loss: 1.6487e-02, IC: 1.5899e-02, Res: 5.8815e-04 ---
--- Best Epoch: 1419, Loss: 1.5897e-02, IC: 1.4984e-02, Res: 9.1313e-04 ---
--- Best Epoch: 1421, Loss: 1.5174e-02, IC: 1.4627e-02, Res: 5.4727e-04 ---
--- Best Epoch: 1430, Loss: 1.4298e-02, IC: 1.3543e-02, Res: 7.5504e-04 ---
--- Best Epoch: 1480, Loss: 1.3927e-02, IC: 1.3730e-02, Res: 1.9738e-04 ---
--- Best Epoch: 1488, Loss: 1.3593e-02, IC: 1.3573e-02, Res: 2.0495e-05 ---
--- Best Epoch: 1495, Loss: 1.3350e-02, IC: 1.3188e-02, Res: 1.6242e-04 ---
--- Best Epoch: 1503, Loss: 1.3327e-02, IC: 1.3314e-02, Res: 1.2773e-05 ---
--- Best Epoch: 1509, Loss: 1.2426e-02, IC: 1.2412e-02, Res: 1.4601e-05 ---
--- Best Epoch: 1525, Loss: 1.2269e-02, IC: 1.2186e-02, Res: 8.3494e-05 ---
--- Best Epoch: 1537, Loss: 1.1496e-02, IC: 1.0684e-02, Res: 8.1215e-04 ---
--- Best Epoch: 1540, Loss: 1.0739e-02, IC: 1.0702e-02, Res: 3.6878e-05 ---
--- Best Epoch: 1544, Loss: 1.0329e-02, IC: 1.0268e-02, Res: 6.1291e-05 ---
--- Best Epoch: 1545, Loss: 9.8407e-03, IC: 9.6164e-03, Res: 2.2435e-04 ---
--- Best Epoch: 1546, Loss: 9.5086e-03, IC: 9.5079e-03, Res: 7.0050e-07 ---
--- Best Epoch: 1547, Loss: 8.7653e-03, IC: 8.7650e-03, Res: 3.0985e-07 ---
--- Best Epoch: 1549, Loss: 7.9097e-03, IC: 7.8815e-03, Res: 2.8172e-05 ---
--- Best Epoch: 1554, Loss: 7.5260e-03, IC: 7.4653e-03, Res: 6.0686e-05 ---
--- Best Epoch: 1559, Loss: 7.3751e-03, IC: 7.3526e-03, Res: 2.2503e-05 ---
--- Best Epoch: 1615, Loss: 6.9810e-03, IC: 6.9676e-03, Res: 1.3438e-05 ---
--- Best Epoch: 1667, Loss: 6.7522e-03, IC: 6.7522e-03, Res: 4.0336e-08 ---
--- Best Epoch: 1751, Loss: 6.6566e-03, IC: 6.6544e-03, Res: 2.1774e-06 ---
--- Best Epoch: 1806, Loss: 6.5815e-03, IC: 6.5804e-03, Res: 1.0192e-06 ---
--- Best Epoch: 1811, Loss: 6.2964e-03, IC: 6.2964e-03, Res: 1.8589e-10 ---
--- Best Epoch: 1914, Loss: 6.2471e-03, IC: 6.2205e-03, Res: 2.6627e-05 ---
--- Best Epoch: 1949, Loss: 6.1568e-03, IC: 6.1568e-03, Res: 1.6361e-08 ---
--- Best Epoch: 1952, Loss: 5.7703e-03, IC: 5.7703e-03, Res: 6.9311e-09 ---
--- Best Epoch: 1984, Loss: 5.5000e-03, IC: 5.4995e-03, Res: 5.8703e-07 ---
--- Best Epoch: 1988, Loss: 4.1600e-03, IC: 4.1600e-03, Res: 4.2665e-13 ---
--- Best Epoch: 1992, Loss: 2.9003e-03, IC: 2.9001e-03, Res: 1.7692e-07 ---
--- Best Epoch: 1995, Loss: 2.5961e-03, IC: 2.5961e-03, Res: 1.2970e-11 ---
--- Best Epoch: 1996, Loss: 1.7663e-03, IC: 1.7662e-03, Res: 7.2169e-08 ---
--- Best Epoch: 1999, Loss: 1.2657e-03, IC: 1.2657e-03, Res: 6.4103e-13 ---
[info] Training epoch: 2000, LR: 9.02e-04
--- Best Epoch: 2000, Loss: 9.7283e-04, IC: 9.7183e-04, Res: 9.9865e-07 ---
--- Best Epoch: 2003, Loss: 5.7263e-04, IC: 5.7257e-04, Res: 6.0551e-08 ---
--- Best Epoch: 2006, Loss: 5.2075e-04, IC: 5.2075e-04, Res: 2.1485e-11 ---
--- Best Epoch: 2007, Loss: 4.9350e-04, IC: 4.9350e-04, Res: 1.3988e-13 ---
--- Best Epoch: 2010, Loss: 4.8922e-04, IC: 4.8922e-04, Res: 1.2116e-09 ---
--- Best Epoch: 2014, Loss: 4.6306e-04, IC: 4.6306e-04, Res: 8.9539e-16 ---
--- Best Epoch: 2016, Loss: 4.3289e-04, IC: 4.3289e-04, Res: 7.2430e-12 ---
--- Best Epoch: 2018, Loss: 3.7681e-04, IC: 3.7681e-04, Res: 3.6613e-09 ---
--- Best Epoch: 2020, Loss: 3.7564e-04, IC: 3.6708e-04, Res: 8.5684e-06 ---
--- Best Epoch: 2021, Loss: 3.6495e-04, IC: 3.6495e-04, Res: 6.5442e-11 ---
--- Best Epoch: 2022, Loss: 2.8983e-04, IC: 2.8983e-04, Res: 6.9118e-10 ---
--- Best Epoch: 2025, Loss: 2.5903e-04, IC: 2.5903e-04, Res: 3.1129e-12 ---
--- Best Epoch: 2028, Loss: 2.1407e-04, IC: 2.1407e-04, Res: 2.0925e-15 ---
--- Best Epoch: 2032, Loss: 2.0158e-04, IC: 2.0158e-04, Res: 3.0084e-12 ---
--- Best Epoch: 2039, Loss: 1.8506e-04, IC: 1.8506e-04, Res: 1.1185e-13 ---
--- Best Epoch: 2059, Loss: 1.7625e-04, IC: 1.7466e-04, Res: 1.5879e-06 ---
--- Best Epoch: 2062, Loss: 1.7349e-04, IC: 1.6741e-04, Res: 6.0829e-06 ---
--- Best Epoch: 2065, Loss: 1.5885e-04, IC: 1.5885e-04, Res: 4.9936e-12 ---
--- Best Epoch: 2068, Loss: 1.5668e-04, IC: 1.5668e-04, Res: 1.7832e-12 ---
--- Best Epoch: 2070, Loss: 1.5538e-04, IC: 1.5537e-04, Res: 1.0496e-08 ---
--- Best Epoch: 2158, Loss: 1.3684e-04, IC: 1.3684e-04, Res: 1.1496e-10 ---
--- Best Epoch: 2161, Loss: 1.2903e-04, IC: 1.2903e-04, Res: 6.4330e-14 ---
--- Best Epoch: 2166, Loss: 1.2770e-04, IC: 1.2770e-04, Res: 1.1247e-18 ---
--- Best Epoch: 2169, Loss: 1.2593e-04, IC: 1.2593e-04, Res: 9.9664e-12 ---
--- Best Epoch: 2171, Loss: 1.2270e-04, IC: 1.2270e-04, Res: 8.9453e-10 ---
--- Best Epoch: 2172, Loss: 1.1705e-04, IC: 1.1705e-04, Res: 3.9622e-14 ---
--- Best Epoch: 2176, Loss: 1.1055e-04, IC: 1.1055e-04, Res: 4.9895e-20 ---
--- Best Epoch: 2185, Loss: 1.1001e-04, IC: 1.1001e-04, Res: 3.7935e-14 ---
--- Best Epoch: 2186, Loss: 1.0577e-04, IC: 1.0575e-04, Res: 1.6337e-08 ---
--- Best Epoch: 2194, Loss: 1.0496e-04, IC: 1.0496e-04, Res: 1.4164e-14 ---
--- Best Epoch: 2195, Loss: 1.0342e-04, IC: 1.0342e-04, Res: 2.5940e-13 ---
--- Best Epoch: 2197, Loss: 1.0147e-04, IC: 1.0147e-04, Res: 1.0572e-11 ---
--- Best Epoch: 2202, Loss: 1.0072e-04, IC: 1.0072e-04, Res: 5.4956e-10 ---
--- Best Epoch: 2203, Loss: 1.0070e-04, IC: 1.0070e-04, Res: 3.1194e-10 ---
--- Best Epoch: 2208, Loss: 9.9274e-05, IC: 9.9274e-05, Res: 1.9587e-10 ---
--- Best Epoch: 2211, Loss: 9.8873e-05, IC: 9.8873e-05, Res: 2.7391e-12 ---
--- Best Epoch: 2250, Loss: 9.6588e-05, IC: 9.6588e-05, Res: 1.0751e-18 ---
--- Best Epoch: 2294, Loss: 9.2765e-05, IC: 9.2765e-05, Res: 1.2085e-16 ---
--- Best Epoch: 2306, Loss: 9.0337e-05, IC: 9.0337e-05, Res: 6.3207e-14 ---
--- Best Epoch: 2307, Loss: 8.5476e-05, IC: 8.5476e-05, Res: 2.2324e-15 ---
--- Best Epoch: 2316, Loss: 8.3109e-05, IC: 8.3109e-05, Res: 2.7476e-12 ---
--- Best Epoch: 2317, Loss: 8.2277e-05, IC: 8.2277e-05, Res: 3.1171e-13 ---
--- Best Epoch: 2322, Loss: 7.8164e-05, IC: 7.8164e-05, Res: 8.2851e-13 ---
--- Best Epoch: 2334, Loss: 7.7829e-05, IC: 7.7829e-05, Res: 6.6324e-13 ---
--- Best Epoch: 2344, Loss: 7.6710e-05, IC: 7.6589e-05, Res: 1.2077e-07 ---
--- Best Epoch: 2348, Loss: 7.4829e-05, IC: 7.4829e-05, Res: 1.4114e-11 ---
--- Best Epoch: 2352, Loss: 7.3471e-05, IC: 7.3470e-05, Res: 1.3173e-09 ---
--- Best Epoch: 2363, Loss: 6.9028e-05, IC: 6.9025e-05, Res: 2.6465e-09 ---
--- Best Epoch: 2390, Loss: 6.8073e-05, IC: 6.8063e-05, Res: 1.0446e-08 ---
--- Best Epoch: 2460, Loss: 6.2795e-05, IC: 6.2795e-05, Res: 8.4117e-12 ---
--- Best Epoch: 2473, Loss: 6.2692e-05, IC: 6.2692e-05, Res: 4.7125e-15 ---
--- Best Epoch: 2476, Loss: 6.2133e-05, IC: 6.2132e-05, Res: 1.4440e-09 ---
--- Best Epoch: 2479, Loss: 6.1052e-05, IC: 6.1052e-05, Res: 8.3864e-13 ---
--- Best Epoch: 2490, Loss: 5.8224e-05, IC: 5.8224e-05, Res: 6.1030e-12 ---
--- Best Epoch: 2534, Loss: 5.6978e-05, IC: 5.6978e-05, Res: 1.5012e-13 ---
--- Best Epoch: 2553, Loss: 5.6631e-05, IC: 5.6631e-05, Res: 4.7147e-18 ---
--- Best Epoch: 2554, Loss: 5.5417e-05, IC: 5.5417e-05, Res: 9.0189e-12 ---
--- Best Epoch: 2559, Loss: 5.5371e-05, IC: 5.5371e-05, Res: 2.2058e-12 ---
--- Best Epoch: 2561, Loss: 5.4550e-05, IC: 5.4550e-05, Res: 2.4549e-12 ---
--- Best Epoch: 2568, Loss: 5.2603e-05, IC: 5.2603e-05, Res: 4.0432e-13 ---
--- Best Epoch: 2580, Loss: 5.2445e-05, IC: 5.2437e-05, Res: 8.0818e-09 ---
--- Best Epoch: 2585, Loss: 5.1347e-05, IC: 5.1347e-05, Res: 2.7628e-12 ---
--- Best Epoch: 2734, Loss: 5.0918e-05, IC: 5.0918e-05, Res: 3.1802e-11 ---
--- Best Epoch: 2737, Loss: 4.9988e-05, IC: 4.9988e-05, Res: 3.4192e-14 ---
--- Best Epoch: 2757, Loss: 4.9706e-05, IC: 4.9706e-05, Res: 6.3538e-15 ---
--- Best Epoch: 2761, Loss: 4.8927e-05, IC: 4.8899e-05, Res: 2.7952e-08 ---
--- Best Epoch: 2763, Loss: 4.6967e-05, IC: 4.6967e-05, Res: 8.1588e-15 ---
--- Best Epoch: 2784, Loss: 4.6616e-05, IC: 4.6616e-05, Res: 1.4223e-12 ---
--- Best Epoch: 2789, Loss: 4.4521e-05, IC: 4.4521e-05, Res: 4.1818e-12 ---
--- Best Epoch: 2840, Loss: 4.3960e-05, IC: 4.3953e-05, Res: 6.8020e-09 ---
--- Best Epoch: 2845, Loss: 4.1453e-05, IC: 4.1450e-05, Res: 3.2584e-09 ---
--- Best Epoch: 2857, Loss: 4.0765e-05, IC: 4.0765e-05, Res: 6.6103e-14 ---
--- Best Epoch: 2883, Loss: 3.9143e-05, IC: 3.9143e-05, Res: 8.7001e-11 ---
--- Best Epoch: 2907, Loss: 3.8853e-05, IC: 3.8853e-05, Res: 3.7297e-19 ---
--- Best Epoch: 2930, Loss: 3.6261e-05, IC: 3.6261e-05, Res: 6.3654e-14 ---
--- Best Epoch: 2967, Loss: 3.6117e-05, IC: 3.6117e-05, Res: 2.0494e-10 ---
--- Best Epoch: 2968, Loss: 3.5957e-05, IC: 3.5908e-05, Res: 4.8840e-08 ---
--- Best Epoch: 2979, Loss: 3.4582e-05, IC: 3.4582e-05, Res: 5.3449e-16 ---
--- Best Epoch: 2983, Loss: 3.4418e-05, IC: 3.4312e-05, Res: 1.0564e-07 ---
[info] Training epoch: 3000, LR: 8.57e-04
--- Best Epoch: 3068, Loss: 3.4408e-05, IC: 3.4408e-05, Res: 4.1176e-12 ---
--- Best Epoch: 3076, Loss: 3.4146e-05, IC: 3.4146e-05, Res: 1.2232e-10 ---
--- Best Epoch: 3134, Loss: 3.3920e-05, IC: 3.3900e-05, Res: 2.0130e-08 ---
--- Best Epoch: 3144, Loss: 3.3708e-05, IC: 3.3708e-05, Res: 1.7536e-13 ---
--- Best Epoch: 3146, Loss: 3.2340e-05, IC: 3.2340e-05, Res: 4.8824e-11 ---
--- Best Epoch: 3159, Loss: 3.0640e-05, IC: 3.0640e-05, Res: 4.0148e-10 ---
--- Best Epoch: 3166, Loss: 3.0075e-05, IC: 3.0075e-05, Res: 3.0716e-11 ---
--- Best Epoch: 3168, Loss: 2.8856e-05, IC: 2.8856e-05, Res: 4.2691e-10 ---
--- Best Epoch: 3191, Loss: 2.8310e-05, IC: 2.8310e-05, Res: 5.2527e-12 ---
--- Best Epoch: 3194, Loss: 2.7871e-05, IC: 2.7871e-05, Res: 4.3365e-13 ---
--- Best Epoch: 3425, Loss: 2.7140e-05, IC: 2.7140e-05, Res: 3.4790e-10 ---
--- Best Epoch: 3428, Loss: 2.6996e-05, IC: 2.6989e-05, Res: 7.0618e-09 ---
--- Best Epoch: 3429, Loss: 2.6553e-05, IC: 2.6553e-05, Res: 8.5143e-12 ---
--- Best Epoch: 3465, Loss: 2.6417e-05, IC: 2.6339e-05, Res: 7.7951e-08 ---
--- Best Epoch: 3466, Loss: 2.6397e-05, IC: 2.6397e-05, Res: 5.1168e-11 ---
--- Best Epoch: 3467, Loss: 2.5355e-05, IC: 2.5355e-05, Res: 7.4229e-12 ---
--- Best Epoch: 3486, Loss: 2.4490e-05, IC: 2.4490e-05, Res: 9.5548e-14 ---
--- Best Epoch: 3493, Loss: 2.4126e-05, IC: 2.4124e-05, Res: 1.8933e-09 ---
--- Best Epoch: 3556, Loss: 2.3901e-05, IC: 2.3901e-05, Res: 1.3777e-10 ---
--- Best Epoch: 3558, Loss: 2.1445e-05, IC: 2.1371e-05, Res: 7.3692e-08 ---
--- Best Epoch: 3660, Loss: 2.1299e-05, IC: 2.1288e-05, Res: 1.1275e-08 ---
--- Best Epoch: 3675, Loss: 2.1264e-05, IC: 2.1258e-05, Res: 6.0669e-09 ---
--- Best Epoch: 3678, Loss: 2.0511e-05, IC: 2.0511e-05, Res: 8.5744e-13 ---
--- Best Epoch: 3702, Loss: 1.9917e-05, IC: 1.9917e-05, Res: 1.8609e-14 ---
--- Best Epoch: 3821, Loss: 1.9392e-05, IC: 1.9392e-05, Res: 2.4576e-16 ---
--- Best Epoch: 3826, Loss: 1.9113e-05, IC: 1.9111e-05, Res: 2.1979e-09 ---
--- Best Epoch: 3834, Loss: 1.7533e-05, IC: 1.7519e-05, Res: 1.4025e-08 ---
--- Best Epoch: 3996, Loss: 1.6058e-05, IC: 1.6058e-05, Res: 1.6809e-12 ---
[info] Training epoch: 4000, LR: 8.15e-04
--- Best Epoch: 4067, Loss: 1.6057e-05, IC: 1.6057e-05, Res: 4.0264e-11 ---
--- Best Epoch: 4080, Loss: 1.6039e-05, IC: 1.6009e-05, Res: 2.9551e-08 ---
--- Best Epoch: 4082, Loss: 1.5819e-05, IC: 1.5819e-05, Res: 1.2987e-13 ---
--- Best Epoch: 4088, Loss: 1.4948e-05, IC: 1.4948e-05, Res: 1.7294e-10 ---
--- Best Epoch: 4254, Loss: 1.4771e-05, IC: 1.4771e-05, Res: 4.7407e-10 ---
--- Best Epoch: 4285, Loss: 1.4605e-05, IC: 1.4605e-05, Res: 3.9115e-11 ---
--- Best Epoch: 4286, Loss: 1.4524e-05, IC: 1.4524e-05, Res: 1.4264e-11 ---
--- Best Epoch: 4287, Loss: 1.4019e-05, IC: 1.4018e-05, Res: 1.1653e-09 ---
--- Best Epoch: 4298, Loss: 1.3683e-05, IC: 1.3683e-05, Res: 1.3238e-10 ---
--- Best Epoch: 4353, Loss: 1.3271e-05, IC: 1.3271e-05, Res: 5.4877e-11 ---
--- Best Epoch: 4480, Loss: 1.2887e-05, IC: 1.2887e-05, Res: 3.1944e-10 ---
--- Best Epoch: 4486, Loss: 1.2714e-05, IC: 1.2714e-05, Res: 7.8134e-12 ---
--- Best Epoch: 4507, Loss: 1.2576e-05, IC: 1.2567e-05, Res: 8.1812e-09 ---
--- Best Epoch: 4555, Loss: 1.1786e-05, IC: 1.1758e-05, Res: 2.7831e-08 ---
--- Best Epoch: 4664, Loss: 1.1565e-05, IC: 1.1565e-05, Res: 1.9651e-10 ---
--- Best Epoch: 4672, Loss: 1.1339e-05, IC: 1.1321e-05, Res: 1.7718e-08 ---
--- Best Epoch: 4712, Loss: 1.1313e-05, IC: 1.1313e-05, Res: 1.4431e-13 ---
--- Best Epoch: 4724, Loss: 1.1041e-05, IC: 1.1041e-05, Res: 2.0054e-11 ---
[info] Training epoch: 5000, LR: 7.74e-04
--- Best Epoch: 5284, Loss: 1.0924e-05, IC: 1.0861e-05, Res: 6.3237e-08 ---
--- Best Epoch: 5311, Loss: 1.0860e-05, IC: 1.0860e-05, Res: 7.5495e-12 ---
--- Best Epoch: 5314, Loss: 1.0810e-05, IC: 1.0806e-05, Res: 3.9190e-09 ---
--- Best Epoch: 5325, Loss: 1.0793e-05, IC: 1.0790e-05, Res: 3.7756e-09 ---
--- Best Epoch: 5334, Loss: 1.0773e-05, IC: 1.0773e-05, Res: 7.0939e-10 ---
--- Best Epoch: 5400, Loss: 1.0692e-05, IC: 1.0692e-05, Res: 7.5034e-13 ---
--- Best Epoch: 5409, Loss: 1.0523e-05, IC: 1.0503e-05, Res: 2.0138e-08 ---
--- Best Epoch: 5460, Loss: 1.0426e-05, IC: 1.0366e-05, Res: 5.9961e-08 ---
--- Best Epoch: 5469, Loss: 1.0086e-05, IC: 1.0085e-05, Res: 1.5758e-10 ---
[info] Training epoch: 6000, LR: 7.35e-04
--- Best Epoch: 6816, Loss: 9.9877e-06, IC: 9.9876e-06, Res: 1.2361e-10 ---
--- Best Epoch: 6840, Loss: 9.9378e-06, IC: 9.9378e-06, Res: 1.5352e-11 ---
[info] Training epoch: 7000, LR: 6.98e-04
--- Best Epoch: 7544, Loss: 9.9026e-06, IC: 9.9006e-06, Res: 1.9653e-09 ---
--- Best Epoch: 7547, Loss: 9.7364e-06, IC: 9.7363e-06, Res: 3.9193e-11 ---
--- Best Epoch: 7558, Loss: 9.6407e-06, IC: 9.6114e-06, Res: 2.9365e-08 ---
--- Best Epoch: 7562, Loss: 9.6140e-06, IC: 9.6140e-06, Res: 2.4316e-12 ---
--- Best Epoch: 7586, Loss: 9.4880e-06, IC: 9.4880e-06, Res: 6.0578e-11 ---
--- Best Epoch: 7840, Loss: 9.4215e-06, IC: 9.4069e-06, Res: 1.4632e-08 ---
--- Best Epoch: 7842, Loss: 9.2894e-06, IC: 9.2694e-06, Res: 2.0073e-08 ---
--- Best Epoch: 7920, Loss: 9.1721e-06, IC: 9.1704e-06, Res: 1.7767e-09 ---
--- Best Epoch: 7936, Loss: 9.0525e-06, IC: 9.0523e-06, Res: 2.1994e-10 ---
[info] Training epoch: 8000, LR: 6.63e-04
--- Best Epoch: 8005, Loss: 8.9392e-06, IC: 8.9237e-06, Res: 1.5488e-08 ---
--- Best Epoch: 8006, Loss: 8.6670e-06, IC: 8.6590e-06, Res: 8.0080e-09 ---
--- Best Epoch: 8818, Loss: 8.5794e-06, IC: 8.5707e-06, Res: 8.7239e-09 ---
--- Best Epoch: 8833, Loss: 8.5737e-06, IC: 8.5706e-06, Res: 3.1240e-09 ---
--- Best Epoch: 8839, Loss: 8.4006e-06, IC: 8.3985e-06, Res: 2.0851e-09 ---
[info] Training epoch: 9000, LR: 6.30e-04
--- Best Epoch: 9028, Loss: 8.3437e-06, IC: 8.3387e-06, Res: 4.9367e-09 ---
[info] Training epoch: 10000, LR: 5.99e-04
[info] Training epoch: 11000, LR: 5.69e-04
[info] Training epoch: 12000, LR: 5.40e-04
[info] Training epoch: 13000, LR: 5.13e-04
--- Best Epoch: 13834, Loss: 8.1555e-06, IC: 8.1029e-06, Res: 5.2570e-08 ---
--- Best Epoch: 13840, Loss: 8.1327e-06, IC: 8.1327e-06, Res: 2.1720e-13 ---
--- Best Epoch: 13842, Loss: 7.8093e-06, IC: 7.8093e-06, Res: 1.1125e-12 ---
--- Best Epoch: 13881, Loss: 7.7522e-06, IC: 7.7522e-06, Res: 2.0089e-11 ---
[info] Training epoch: 14000, LR: 4.88e-04
[info] Training epoch: 15000, LR: 4.63e-04
--- Best Epoch: 15448, Loss: 7.6682e-06, IC: 7.6449e-06, Res: 2.3310e-08 ---
--- Best Epoch: 15450, Loss: 7.6558e-06, IC: 7.6558e-06, Res: 8.2839e-11 ---
--- Best Epoch: 15453, Loss: 7.5183e-06, IC: 7.5000e-06, Res: 1.8295e-08 ---
--- Best Epoch: 15857, Loss: 7.5166e-06, IC: 7.5165e-06, Res: 1.1851e-10 ---
--- Best Epoch: 15865, Loss: 7.4443e-06, IC: 7.4433e-06, Res: 9.9866e-10 ---
--- Best Epoch: 15866, Loss: 7.3113e-06, IC: 7.3018e-06, Res: 9.5173e-09 ---
--- Best Epoch: 15882, Loss: 7.1990e-06, IC: 7.1984e-06, Res: 5.9135e-10 ---
[info] Training epoch: 16000, LR: 4.40e-04
--- Best Epoch: 16613, Loss: 7.1415e-06, IC: 7.1415e-06, Res: 3.3864e-12 ---
--- Best Epoch: 16743, Loss: 6.9914e-06, IC: 6.9914e-06, Res: 1.1616e-12 ---
--- Best Epoch: 16863, Loss: 6.8075e-06, IC: 6.8059e-06, Res: 1.5600e-09 ---
[info] Training epoch: 17000, LR: 4.18e-04
--- Best Epoch: 17065, Loss: 6.7140e-06, IC: 6.7113e-06, Res: 2.6463e-09 ---
--- Best Epoch: 17148, Loss: 6.6202e-06, IC: 6.6200e-06, Res: 2.4840e-10 ---
--- Best Epoch: 17158, Loss: 6.5200e-06, IC: 6.3536e-06, Res: 1.6644e-07 ---
--- Best Epoch: 17162, Loss: 6.2457e-06, IC: 6.2451e-06, Res: 5.8572e-10 ---
--- Best Epoch: 17318, Loss: 6.1337e-06, IC: 6.1337e-06, Res: 9.3364e-13 ---
--- Best Epoch: 17340, Loss: 5.9675e-06, IC: 5.9675e-06, Res: 5.2921e-13 ---
--- Best Epoch: 17351, Loss: 5.8742e-06, IC: 5.8684e-06, Res: 5.7255e-09 ---
[info] Training epoch: 18000, LR: 3.97e-04
--- Best Epoch: 18440, Loss: 5.8319e-06, IC: 5.8265e-06, Res: 5.3394e-09 ---
--- Best Epoch: 18498, Loss: 5.8062e-06, IC: 5.8061e-06, Res: 3.9560e-11 ---
--- Best Epoch: 18501, Loss: 5.7551e-06, IC: 5.7550e-06, Res: 3.5683e-11 ---
[info] Training epoch: 19000, LR: 3.77e-04
--- Best Epoch: 19004, Loss: 5.6859e-06, IC: 5.6859e-06, Res: 8.6285e-12 ---
--- Best Epoch: 19013, Loss: 5.5482e-06, IC: 5.5482e-06, Res: 2.9353e-11 ---
--- Best Epoch: 19056, Loss: 5.5106e-06, IC: 5.5106e-06, Res: 5.6538e-13 ---
--- Best Epoch: 19064, Loss: 5.3512e-06, IC: 5.3512e-06, Res: 1.9258e-11 ---
--- Best Epoch: 19070, Loss: 5.2155e-06, IC: 5.2155e-06, Res: 4.6955e-12 ---
[info] Training epoch: 20000, LR: 3.58e-04
--- Best Epoch: 20434, Loss: 5.1311e-06, IC: 5.1311e-06, Res: 4.6569e-11 ---
[info] Training epoch: 21000, LR: 3.41e-04
--- Best Epoch: 21191, Loss: 5.0196e-06, IC: 5.0155e-06, Res: 4.1165e-09 ---
--- Best Epoch: 21202, Loss: 4.9022e-06, IC: 4.9018e-06, Res: 4.1899e-10 ---
[info] Training epoch: 22000, LR: 3.24e-04
--- Best Epoch: 22129, Loss: 4.8193e-06, IC: 4.8193e-06, Res: 3.0743e-11 ---
--- Best Epoch: 22583, Loss: 4.8172e-06, IC: 4.8169e-06, Res: 3.2851e-10 ---
--- Best Epoch: 22692, Loss: 4.7790e-06, IC: 4.7790e-06, Res: 1.9014e-12 ---
--- Best Epoch: 22734, Loss: 4.7679e-06, IC: 4.7679e-06, Res: 2.5791e-12 ---
--- Best Epoch: 22847, Loss: 4.7113e-06, IC: 4.7112e-06, Res: 1.7997e-10 ---
--- Best Epoch: 22859, Loss: 4.6659e-06, IC: 4.6490e-06, Res: 1.6995e-08 ---
--- Best Epoch: 22860, Loss: 4.6533e-06, IC: 4.6533e-06, Res: 2.3265e-12 ---
--- Best Epoch: 22959, Loss: 4.6269e-06, IC: 4.6269e-06, Res: 2.1237e-13 ---
--- Best Epoch: 22964, Loss: 4.6039e-06, IC: 4.6039e-06, Res: 1.9245e-12 ---
--- Best Epoch: 22973, Loss: 4.5591e-06, IC: 4.5589e-06, Res: 1.6412e-10 ---
--- Best Epoch: 22981, Loss: 4.5035e-06, IC: 4.5002e-06, Res: 3.3338e-09 ---
[info] Training epoch: 23000, LR: 3.07e-04
--- Best Epoch: 23002, Loss: 4.3981e-06, IC: 4.3981e-06, Res: 4.0292e-11 ---
--- Best Epoch: 23226, Loss: 4.3839e-06, IC: 4.3838e-06, Res: 2.2366e-11 ---
--- Best Epoch: 23232, Loss: 4.3093e-06, IC: 4.3088e-06, Res: 5.5099e-10 ---
--- Best Epoch: 23310, Loss: 4.2563e-06, IC: 4.2563e-06, Res: 1.2330e-12 ---
--- Best Epoch: 23314, Loss: 4.1198e-06, IC: 4.1080e-06, Res: 1.1863e-08 ---
[info] Training epoch: 24000, LR: 2.92e-04
[info] Training epoch: 25000, LR: 2.77e-04
[info] Training epoch: 26000, LR: 2.64e-04
[info] Training epoch: 27000, LR: 2.50e-04
--- Best Epoch: 27510, Loss: 4.0570e-06, IC: 4.0566e-06, Res: 3.8170e-10 ---
--- Best Epoch: 27513, Loss: 4.0550e-06, IC: 4.0549e-06, Res: 1.5143e-10 ---
--- Best Epoch: 27539, Loss: 4.0542e-06, IC: 4.0313e-06, Res: 2.2900e-08 ---
--- Best Epoch: 27550, Loss: 3.9031e-06, IC: 3.9029e-06, Res: 1.8827e-10 ---
--- Best Epoch: 27639, Loss: 3.8946e-06, IC: 3.8813e-06, Res: 1.3293e-08 ---
--- Best Epoch: 27704, Loss: 3.8401e-06, IC: 3.8401e-06, Res: 1.2984e-12 ---
[info] Training epoch: 28000, LR: 2.38e-04
[info] Training epoch: 29000, LR: 2.26e-04
--- Best Epoch: 29102, Loss: 3.8016e-06, IC: 3.8016e-06, Res: 1.1256e-12 ---
--- Best Epoch: 29107, Loss: 3.7424e-06, IC: 3.7168e-06, Res: 2.5597e-08 ---
--- Best Epoch: 29245, Loss: 3.6650e-06, IC: 3.6639e-06, Res: 1.0970e-09 ---
[info] Training epoch: 30000, LR: 2.15e-04
--- Best Epoch: 30393, Loss: 3.5810e-06, IC: 3.5810e-06, Res: 4.0624e-11 ---
--- Best Epoch: 30414, Loss: 3.4256e-06, IC: 3.4256e-06, Res: 2.1891e-11 ---
[info] Training epoch: 31000, LR: 2.04e-04
--- Best Epoch: 31423, Loss: 3.4053e-06, IC: 3.3808e-06, Res: 2.4517e-08 ---
--- Best Epoch: 31580, Loss: 3.3830e-06, IC: 3.3830e-06, Res: 8.5942e-13 ---
--- Best Epoch: 31602, Loss: 3.2543e-06, IC: 3.2543e-06, Res: 1.9079e-12 ---
--- Best Epoch: 31629, Loss: 3.1340e-06, IC: 3.1340e-06, Res: 7.4497e-12 ---
--- Best Epoch: 31999, Loss: 3.1185e-06, IC: 3.1185e-06, Res: 1.6862e-12 ---
[info] Training epoch: 32000, LR: 1.94e-04
--- Best Epoch: 32042, Loss: 3.0938e-06, IC: 3.0918e-06, Res: 1.9670e-09 ---
--- Best Epoch: 32058, Loss: 3.0505e-06, IC: 3.0505e-06, Res: 2.0658e-11 ---
--- Best Epoch: 32139, Loss: 2.8686e-06, IC: 2.8686e-06, Res: 9.7488e-13 ---
[info] Training epoch: 33000, LR: 1.84e-04
[info] Training epoch: 34000, LR: 1.75e-04
--- Best Epoch: 34075, Loss: 2.7601e-06, IC: 2.7601e-06, Res: 4.3677e-14 ---
--- Best Epoch: 34220, Loss: 2.7508e-06, IC: 2.7508e-06, Res: 8.6801e-17 ---
--- Best Epoch: 34329, Loss: 2.7101e-06, IC: 2.7101e-06, Res: 2.8054e-13 ---
--- Best Epoch: 34491, Loss: 2.6859e-06, IC: 2.6846e-06, Res: 1.3093e-09 ---
[info] Training epoch: 35000, LR: 1.66e-04
--- Best Epoch: 35656, Loss: 2.6513e-06, IC: 2.6261e-06, Res: 2.5160e-08 ---
[info] Training epoch: 36000, LR: 1.58e-04
--- Best Epoch: 36741, Loss: 2.5827e-06, IC: 2.5826e-06, Res: 1.1489e-10 ---
--- Best Epoch: 36824, Loss: 2.5046e-06, IC: 2.5046e-06, Res: 5.7897e-14 ---
--- Best Epoch: 36832, Loss: 2.4817e-06, IC: 2.4778e-06, Res: 3.8448e-09 ---
[info] Training epoch: 37000, LR: 1.50e-04
--- Best Epoch: 37430, Loss: 2.4144e-06, IC: 2.4142e-06, Res: 2.3179e-10 ---
--- Best Epoch: 37454, Loss: 2.4025e-06, IC: 2.4023e-06, Res: 1.3794e-10 ---
[info] Training epoch: 38000, LR: 1.42e-04
--- Best Epoch: 38626, Loss: 2.4009e-06, IC: 2.4009e-06, Res: 2.2915e-15 ---
[info] Training epoch: 39000, LR: 1.35e-04
--- Best Epoch: 39245, Loss: 2.3586e-06, IC: 2.3586e-06, Res: 5.5816e-12 ---
--- Best Epoch: 39253, Loss: 2.2985e-06, IC: 2.2983e-06, Res: 2.4550e-10 ---
[info] Training epoch: 40000, LR: 1.29e-04
--- Best Epoch: 40090, Loss: 2.2565e-06, IC: 2.2562e-06, Res: 2.6505e-10 ---
--- Best Epoch: 40095, Loss: 2.2134e-06, IC: 2.2134e-06, Res: 9.9442e-13 ---
--- Best Epoch: 40230, Loss: 2.1478e-06, IC: 2.1478e-06, Res: 3.2226e-11 ---
--- Best Epoch: 40255, Loss: 2.1260e-06, IC: 2.1260e-06, Res: 2.3308e-11 ---
--- Best Epoch: 40996, Loss: 2.1241e-06, IC: 2.1240e-06, Res: 1.0768e-10 ---
[info] Training epoch: 41000, LR: 1.22e-04
--- Best Epoch: 41083, Loss: 2.0837e-06, IC: 2.0837e-06, Res: 1.5416e-12 ---
[info] Training epoch: 42000, LR: 1.16e-04
[info] Training epoch: 43000, LR: 1.10e-04
--- Best Epoch: 43564, Loss: 2.0569e-06, IC: 2.0569e-06, Res: 3.1139e-12 ---
--- Best Epoch: 43632, Loss: 2.0350e-06, IC: 2.0350e-06, Res: 2.8033e-12 ---
--- Best Epoch: 43642, Loss: 2.0258e-06, IC: 2.0156e-06, Res: 1.0230e-08 ---
--- Best Epoch: 43644, Loss: 1.9763e-06, IC: 1.9763e-06, Res: 1.1860e-14 ---
--- Best Epoch: 43681, Loss: 1.8977e-06, IC: 1.8964e-06, Res: 1.3037e-09 ---
--- Best Epoch: 43746, Loss: 1.8855e-06, IC: 1.8855e-06, Res: 5.1479e-11 ---
[info] Training epoch: 44000, LR: 1.05e-04
--- Best Epoch: 44160, Loss: 1.8655e-06, IC: 1.8653e-06, Res: 2.6240e-10 ---
--- Best Epoch: 44239, Loss: 1.8259e-06, IC: 1.8240e-06, Res: 1.9053e-09 ---
[info] Training epoch: 45000, LR: 9.94e-05
[info] Training epoch: 46000, LR: 9.45e-05
--- Best Epoch: 46169, Loss: 1.7863e-06, IC: 1.7863e-06, Res: 1.4564e-13 ---
--- Best Epoch: 46361, Loss: 1.7723e-06, IC: 1.7723e-06, Res: 2.0237e-16 ---
--- Best Epoch: 46374, Loss: 1.6814e-06, IC: 1.6814e-06, Res: 7.1107e-15 ---
[info] Training epoch: 47000, LR: 8.97e-05
--- Best Epoch: 47190, Loss: 1.6274e-06, IC: 1.6266e-06, Res: 7.5941e-10 ---
--- Best Epoch: 47194, Loss: 1.5600e-06, IC: 1.5600e-06, Res: 1.7326e-13 ---
--- Best Epoch: 47372, Loss: 1.5514e-06, IC: 1.5514e-06, Res: 4.6382e-18 ---
--- Best Epoch: 47379, Loss: 1.5310e-06, IC: 1.5309e-06, Res: 8.0228e-11 ---
--- Best Epoch: 47570, Loss: 1.5151e-06, IC: 1.5151e-06, Res: 4.6502e-13 ---
--- Best Epoch: 47706, Loss: 1.5108e-06, IC: 1.5108e-06, Res: 2.9205e-15 ---
[info] Training epoch: 48000, LR: 8.53e-05
[info] Training epoch: 49000, LR: 8.10e-05
--- Best Epoch: 49839, Loss: 1.4924e-06, IC: 1.4924e-06, Res: 2.7293e-15 ---
--- Best Epoch: 49847, Loss: 1.4448e-06, IC: 1.4448e-06, Res: 3.0825e-18 ---
[info] Training epoch: 50000, LR: 7.69e-05
[info] Training epoch: 51000, LR: 7.31e-05
--- Best Epoch: 51455, Loss: 1.4432e-06, IC: 1.4363e-06, Res: 6.9192e-09 ---
--- Best Epoch: 51458, Loss: 1.4430e-06, IC: 1.4430e-06, Res: 9.9448e-13 ---
--- Best Epoch: 51700, Loss: 1.4256e-06, IC: 1.4255e-06, Res: 1.4996e-10 ---
--- Best Epoch: 51894, Loss: 1.3811e-06, IC: 1.3810e-06, Res: 1.3406e-11 ---
--- Best Epoch: 51898, Loss: 1.3664e-06, IC: 1.3664e-06, Res: 3.4760e-15 ---
[info] Training epoch: 52000, LR: 6.94e-05
[info] Training epoch: 53000, LR: 6.60e-05
--- Best Epoch: 53138, Loss: 1.3661e-06, IC: 1.3661e-06, Res: 4.6921e-11 ---
--- Best Epoch: 53146, Loss: 1.3592e-06, IC: 1.3592e-06, Res: 5.7790e-12 ---
--- Best Epoch: 53153, Loss: 1.2933e-06, IC: 1.2927e-06, Res: 5.7766e-10 ---
--- Best Epoch: 53160, Loss: 1.2582e-06, IC: 1.2582e-06, Res: 3.9675e-11 ---
--- Best Epoch: 53312, Loss: 1.2564e-06, IC: 1.2564e-06, Res: 3.4423e-14 ---
[info] Training epoch: 54000, LR: 6.27e-05
[info] Training epoch: 55000, LR: 5.95e-05
--- Best Epoch: 55469, Loss: 1.2396e-06, IC: 1.2394e-06, Res: 1.9665e-10 ---
--- Best Epoch: 55491, Loss: 1.2352e-06, IC: 1.2352e-06, Res: 8.1918e-14 ---
--- Best Epoch: 55493, Loss: 1.2293e-06, IC: 1.2293e-06, Res: 1.6178e-12 ---
--- Best Epoch: 55708, Loss: 1.2207e-06, IC: 1.2205e-06, Res: 2.3879e-10 ---
--- Best Epoch: 55789, Loss: 1.1946e-06, IC: 1.1946e-06, Res: 2.0123e-12 ---
[info] Training epoch: 56000, LR: 5.66e-05
--- Best Epoch: 56359, Loss: 1.1836e-06, IC: 1.1836e-06, Res: 2.6021e-12 ---
--- Best Epoch: 56362, Loss: 1.1752e-06, IC: 1.1750e-06, Res: 1.2991e-10 ---
--- Best Epoch: 56381, Loss: 1.1552e-06, IC: 1.1552e-06, Res: 2.6349e-11 ---
--- Best Epoch: 56403, Loss: 1.1463e-06, IC: 1.1463e-06, Res: 6.0986e-17 ---
--- Best Epoch: 56515, Loss: 1.1216e-06, IC: 1.1216e-06, Res: 7.6287e-12 ---
--- Best Epoch: 56537, Loss: 1.1065e-06, IC: 1.1065e-06, Res: 1.9114e-11 ---
--- Best Epoch: 56961, Loss: 1.0509e-06, IC: 1.0509e-06, Res: 4.3819e-15 ---
[info] Training epoch: 57000, LR: 5.37e-05
[info] Training epoch: 58000, LR: 5.10e-05
--- Best Epoch: 58761, Loss: 1.0496e-06, IC: 1.0496e-06, Res: 8.2100e-13 ---
--- Best Epoch: 58911, Loss: 1.0471e-06, IC: 1.0469e-06, Res: 2.1915e-10 ---
--- Best Epoch: 58925, Loss: 1.0254e-06, IC: 1.0254e-06, Res: 2.5882e-11 ---
--- Best Epoch: 58947, Loss: 1.0078e-06, IC: 1.0078e-06, Res: 7.0643e-13 ---
[info] Training epoch: 59000, LR: 4.85e-05
--- Best Epoch: 59690, Loss: 9.8767e-07, IC: 9.8767e-07, Res: 4.8198e-13 ---
--- Best Epoch: 59723, Loss: 9.6405e-07, IC: 9.6333e-07, Res: 7.2086e-10 ---
--- Best Epoch: 59845, Loss: 9.5951e-07, IC: 9.5950e-07, Res: 3.0921e-13 ---
--- Best Epoch: 59985, Loss: 9.5445e-07, IC: 9.5436e-07, Res: 9.0313e-11 ---
[info] Training epoch: 60000, LR: 4.61e-05
===== logging end   2025-11-23 19:40:17 =====
