
===== logging start 2025-10-21 14:44:07 =====
===== logging end   2025-10-21 14:44:08 =====

===== logging start 2025-10-21 14:45:12 =====
===== logging end   2025-10-21 14:45:13 =====

===== logging start 2025-10-21 14:45:58 =====
--- Save Epoch 1, Loss=9.0867e+03, IC=2.4125e-01, Res=9.0865e+03, Beta=0.00 ---
... RAR IC , Max IC error: 2.5121, t: tensor(0.)
... RAR RES, Max residual error: 444.8268, t: tensor([[0.1939],
        [0.1640],
        [0.1299]])
--- Save Epoch 19, Loss=8.5525e+03, IC=1.2025e+01, Res=8.5405e+03, Beta=0.02 ---
--- Save Epoch 20, Loss=7.9541e+03, IC=1.2825e+01, Res=7.9412e+03, Beta=0.04 ---
--- Save Epoch 25, Loss=7.5342e+03, IC=1.4738e+01, Res=7.5195e+03, Beta=0.06 ---
--- Save Epoch 26, Loss=7.1471e+03, IC=1.8791e+01, Res=7.1283e+03, Beta=0.08 ---
--- Save Epoch 29, Loss=6.6960e+03, IC=2.3570e+01, Res=6.6724e+03, Beta=0.10 ---
--- Save Epoch 30, Loss=6.3167e+03, IC=2.2459e+01, Res=6.2942e+03, Beta=0.12 ---
--- Save Epoch 31, Loss=5.9823e+03, IC=2.1734e+01, Res=5.9606e+03, Beta=0.14 ---
--- Save Epoch 33, Loss=5.3528e+03, IC=2.4518e+01, Res=5.3282e+03, Beta=0.16 ---
--- Save Epoch 37, Loss=5.0524e+03, IC=2.9159e+01, Res=5.0233e+03, Beta=0.18 ---
--- Save Epoch 41, Loss=4.7919e+03, IC=2.7522e+01, Res=4.7644e+03, Beta=0.20 ---
--- Save Epoch 43, Loss=4.4095e+03, IC=3.2277e+01, Res=4.3772e+03, Beta=0.22 ---
--- Save Epoch 44, Loss=4.1264e+03, IC=3.5073e+01, Res=4.0913e+03, Beta=0.24 ---
--- Save Epoch 48, Loss=3.8613e+03, IC=4.0720e+01, Res=3.8206e+03, Beta=0.26 ---
--- Save Epoch 49, Loss=3.6014e+03, IC=3.8558e+01, Res=3.5628e+03, Beta=0.28 ---
--- Save Epoch 50, Loss=3.2908e+03, IC=3.5801e+01, Res=3.2550e+03, Beta=0.30 ---
--- Save Epoch 54, Loss=2.9087e+03, IC=3.6246e+01, Res=2.8724e+03, Beta=0.32 ---
--- Save Epoch 56, Loss=2.7300e+03, IC=4.0616e+01, Res=2.6894e+03, Beta=0.34 ---
--- Save Epoch 58, Loss=2.5701e+03, IC=3.8719e+01, Res=2.5314e+03, Beta=0.36 ---
--- Save Epoch 60, Loss=2.2282e+03, IC=3.5069e+01, Res=2.1932e+03, Beta=0.38 ---
--- Save Epoch 61, Loss=2.0146e+03, IC=3.3936e+01, Res=1.9806e+03, Beta=0.40 ---
--- Save Epoch 67, Loss=1.6905e+03, IC=3.1619e+01, Res=1.6589e+03, Beta=0.42 ---
--- Save Epoch 73, Loss=1.5599e+03, IC=2.6334e+01, Res=1.5335e+03, Beta=0.44 ---
--- Save Epoch 74, Loss=1.4715e+03, IC=2.6724e+01, Res=1.4448e+03, Beta=0.46 ---
--- Save Epoch 77, Loss=1.3942e+03, IC=2.5737e+01, Res=1.3684e+03, Beta=0.48 ---
--- Save Epoch 78, Loss=1.2112e+03, IC=2.4539e+01, Res=1.1867e+03, Beta=0.50 ---
--- Save Epoch 79, Loss=1.0815e+03, IC=2.6727e+01, Res=1.0548e+03, Beta=0.52 ---
--- Save Epoch 80, Loss=9.9175e+02, IC=2.5597e+01, Res=9.6616e+02, Beta=0.54 ---
--- Save Epoch 81, Loss=8.1362e+02, IC=2.3320e+01, Res=7.9030e+02, Beta=0.56 ---
--- Save Epoch 92, Loss=7.6370e+02, IC=1.6688e+01, Res=7.4701e+02, Beta=0.58 ---
--- Save Epoch 93, Loss=7.0998e+02, IC=1.7461e+01, Res=6.9252e+02, Beta=0.60 ---
--- Save Epoch 94, Loss=5.4805e+02, IC=1.9222e+01, Res=5.2882e+02, Beta=0.62 ---
--- Save Epoch 100, Loss=4.7139e+02, IC=1.5587e+01, Res=4.5580e+02, Beta=0.64 ---
... RAR IC , Max IC error: 14.1143, t: tensor(0.)
... RAR RES, Max residual error: 124.1872, t: tensor([[0.1756],
        [0.1801],
        [0.1851]])
--- Save Epoch 109, Loss=3.9938e+02, IC=1.2091e+01, Res=3.8729e+02, Beta=0.66 ---
--- Save Epoch 110, Loss=3.3637e+02, IC=1.1564e+01, Res=3.2481e+02, Beta=0.68 ---
--- Save Epoch 120, Loss=2.8159e+02, IC=1.3655e+01, Res=2.6794e+02, Beta=0.70 ---
--- Save Epoch 127, Loss=2.2035e+02, IC=9.5436e+00, Res=2.1080e+02, Beta=0.72 ---
--- Save Epoch 128, Loss=1.9180e+02, IC=1.0653e+01, Res=1.8114e+02, Beta=0.74 ---
--- Save Epoch 138, Loss=1.5815e+02, IC=8.4405e+00, Res=1.4971e+02, Beta=0.76 ---
--- Save Epoch 140, Loss=1.4378e+02, IC=7.9717e+00, Res=1.3581e+02, Beta=0.78 ---
--- Save Epoch 141, Loss=1.0771e+02, IC=7.8171e+00, Res=9.9897e+01, Beta=0.80 ---
--- Save Epoch 149, Loss=8.9430e+01, IC=3.6780e+00, Res=8.5752e+01, Beta=0.82 ---
--- Save Epoch 153, Loss=7.3945e+01, IC=3.9228e+00, Res=7.0022e+01, Beta=0.84 ---
--- Save Epoch 154, Loss=6.3130e+01, IC=3.2191e+00, Res=5.9911e+01, Beta=0.86 ---
--- Save Epoch 155, Loss=3.5280e+01, IC=2.6278e+00, Res=3.2652e+01, Beta=0.88 ---
--- Save Epoch 156, Loss=3.3069e+01, IC=2.5205e+00, Res=3.0548e+01, Beta=0.90 ---
--- Save Epoch 157, Loss=2.7715e+01, IC=1.9009e+00, Res=2.5814e+01, Beta=0.92 ---
--- Save Epoch 158, Loss=2.1371e+01, IC=1.0147e+00, Res=2.0356e+01, Beta=0.94 ---
--- Save Epoch 159, Loss=1.5551e+01, IC=7.6373e-01, Res=1.4787e+01, Beta=0.96 ---
--- Save Epoch 162, Loss=1.2670e+01, IC=1.8633e-01, Res=1.2484e+01, Beta=0.98 ---
--- Save Epoch 163, Loss=9.9296e+00, IC=2.2527e-01, Res=9.7043e+00, Beta=1.00 ---
--- Save Epoch 164, Loss=5.6598e+00, IC=1.4202e-01, Res=5.5178e+00, Beta=1.00 ---
--- Save Epoch 172, Loss=4.7441e+00, IC=1.0661e-01, Res=4.6375e+00, Beta=1.00 ---
--- Save Epoch 173, Loss=3.7586e+00, IC=1.3878e-01, Res=3.6198e+00, Beta=1.00 ---
--- Save Epoch 179, Loss=2.8731e+00, IC=1.1810e-01, Res=2.7550e+00, Beta=1.00 ---
--- Save Epoch 185, Loss=2.7106e+00, IC=1.1721e-01, Res=2.5933e+00, Beta=1.00 ---
--- Save Epoch 192, Loss=2.5292e+00, IC=9.8743e-02, Res=2.4305e+00, Beta=1.00 ---
--- Save Epoch 198, Loss=2.3762e+00, IC=1.0651e-01, Res=2.2697e+00, Beta=1.00 ---
--- Save Epoch 200, Loss=2.2010e+00, IC=9.3759e-02, Res=2.1073e+00, Beta=1.00 ---
... RAR IC , Max IC error: 1.1051, t: tensor(0.)
... RAR RES, Max residual error: 9.1856, t: tensor([[0.1921],
        [0.1967],
        [0.1967]])
--- Save Epoch 281, Loss=2.0703e+00, IC=8.7547e-02, Res=1.9828e+00, Beta=1.00 ---
... RAR IC , Max IC error: 1.1144, t: tensor(0.)
... RAR RES, Max residual error: 8.3517, t: tensor([[0.1959],
        [0.1966],
        [0.0002]])
--- Save Epoch 367, Loss=1.9265e+00, IC=9.1065e-02, Res=1.8354e+00, Beta=1.00 ---
--- Save Epoch 380, Loss=1.8168e+00, IC=8.7670e-02, Res=1.7291e+00, Beta=1.00 ---
--- Save Epoch 384, Loss=1.6598e+00, IC=9.1540e-02, Res=1.5683e+00, Beta=1.00 ---
... RAR IC , Max IC error: 1.3108, t: tensor(0.)
... RAR RES, Max residual error: 9.5414, t: tensor([[0.1997],
        [0.0149],
        [0.1981]])
--- Save Epoch 425, Loss=1.4503e+00, IC=9.8213e-02, Res=1.3520e+00, Beta=1.00 ---
--- Save Epoch 437, Loss=1.3704e+00, IC=9.9997e-02, Res=1.2704e+00, Beta=1.00 ---
--- Save Epoch 454, Loss=1.2867e+00, IC=9.3634e-02, Res=1.1931e+00, Beta=1.00 ---
--- Save Epoch 463, Loss=1.1980e+00, IC=9.5800e-02, Res=1.1022e+00, Beta=1.00 ---
--- Save Epoch 500, Loss=1.0851e+00, IC=9.7955e-02, Res=9.8713e-01, Beta=1.00 ---
... RAR IC , Max IC error: 1.1896, t: tensor(0.)
... RAR RES, Max residual error: 10.9380, t: tensor([[0.1984],
        [0.1995],
        [0.1995]])
--- Save Epoch 537, Loss=1.0307e+00, IC=1.0175e-01, Res=9.2897e-01, Beta=1.00 ---
--- Save Epoch 595, Loss=9.7650e-01, IC=9.9487e-02, Res=8.7701e-01, Beta=1.00 ---
--- Save Epoch 600, Loss=8.2066e-01, IC=9.3055e-02, Res=7.2761e-01, Beta=1.00 ---
... RAR IC , Max IC error: 1.0852, t: tensor(0.)
... RAR RES, Max residual error: 10.9742, t: tensor([[0.1995],
        [0.1997],
        [0.1997]])
--- Save Epoch 698, Loss=7.6876e-01, IC=9.9487e-02, Res=6.6927e-01, Beta=1.00 ---
... RAR IC , Max IC error: 1.1074, t: tensor(0.)
... RAR RES, Max residual error: 12.0485, t: tensor([[0.1990],
        [0.1942],
        [0.1982]])
--- Save Epoch 763, Loss=7.0945e-01, IC=1.0144e-01, Res=6.0801e-01, Beta=1.00 ---
... RAR IC , Max IC error: 1.0334, t: tensor(0.)
... RAR RES, Max residual error: 11.3185, t: tensor([[0.1941],
        [0.1933],
        [0.1993]])
--- Save Epoch 845, Loss=6.5237e-01, IC=1.0003e-01, Res=5.5235e-01, Beta=1.00 ---
--- Save Epoch 878, Loss=6.1649e-01, IC=1.0112e-01, Res=5.1537e-01, Beta=1.00 ---
... RAR IC , Max IC error: 0.9876, t: tensor(0.)
... RAR RES, Max residual error: 6.8784, t: tensor([[0.1970],
        [0.1977],
        [0.1916]])
--- Save Epoch 945, Loss=5.2847e-01, IC=9.5865e-02, Res=4.3261e-01, Beta=1.00 ---
--- Save Epoch 999, Loss=4.9496e-01, IC=9.3294e-02, Res=4.0166e-01, Beta=1.00 ---
[info] epoch 1000, lr=9.50e-04
... RAR IC , Max IC error: 0.9410, t: tensor(0.)
... RAR RES, Max residual error: 6.3862, t: tensor([[0.1995],
        [0.1995],
        [0.0008]])
--- Save Epoch 1125, Loss=4.6132e-01, IC=9.5161e-02, Res=3.6616e-01, Beta=1.00 ---
--- Save Epoch 1149, Loss=4.3412e-01, IC=9.0902e-02, Res=3.4322e-01, Beta=1.00 ---
--- Save Epoch 1183, Loss=4.0016e-01, IC=8.5167e-02, Res=3.1499e-01, Beta=1.00 ---
... RAR IC , Max IC error: 0.8918, t: tensor(0.)
... RAR RES, Max residual error: 5.9620, t: tensor([[0.1947],
        [0.1916],
        [0.1947]])
--- Save Epoch 1265, Loss=3.7753e-01, IC=8.8111e-02, Res=2.8942e-01, Beta=1.00 ---
... RAR IC , Max IC error: 0.8526, t: tensor(0.)
... RAR RES, Max residual error: 4.3716, t: tensor([[0.1988],
        [0.1962],
        [0.1970]])
--- Save Epoch 1515, Loss=3.3762e-01, IC=7.8067e-02, Res=2.5955e-01, Beta=1.00 ---
--- Save Epoch 1592, Loss=3.1491e-01, IC=7.3360e-02, Res=2.4155e-01, Beta=1.00 ---
--- Save Epoch 1593, Loss=2.8660e-01, IC=7.6859e-02, Res=2.0975e-01, Beta=1.00 ---
... RAR IC , Max IC error: 0.9207, t: tensor(0.)
... RAR RES, Max residual error: 5.8962, t: tensor([[0.1944],
        [0.1966],
        [0.0006]])
[info] epoch 2000, lr=9.02e-04
--- Save Epoch 2069, Loss=2.4764e-01, IC=6.7066e-02, Res=1.8058e-01, Beta=1.00 ---
... RAR IC , Max IC error: 0.6945, t: tensor(0.)
... RAR RES, Max residual error: 6.6549, t: tensor([[0.1966],
        [0.1991],
        [0.1991]])
--- Save Epoch 2177, Loss=2.3463e-01, IC=6.1240e-02, Res=1.7339e-01, Beta=1.00 ---
... RAR IC , Max IC error: 0.7153, t: tensor(0.)
... RAR RES, Max residual error: 4.8289, t: tensor([[0.1946],
        [0.1982],
        [0.0003]])
--- Save Epoch 2343, Loss=2.1591e-01, IC=5.6548e-02, Res=1.5937e-01, Beta=1.00 ---
... RAR IC , Max IC error: 0.6610, t: tensor(0.)
... RAR RES, Max residual error: 4.5852, t: tensor([[0.1975],
        [0.1975],
        [0.1975]])
--- Save Epoch 2733, Loss=1.9114e-01, IC=5.5375e-02, Res=1.3576e-01, Beta=1.00 ---
... RAR IC , Max IC error: 0.6073, t: tensor(0.)
... RAR RES, Max residual error: 4.0927, t: tensor([[0.1996],
        [0.1950],
        [0.1984]])
[info] epoch 3000, lr=8.57e-04
--- Save Epoch 3042, Loss=1.7514e-01, IC=4.4959e-02, Res=1.3018e-01, Beta=1.00 ---
... RAR IC , Max IC error: 0.6689, t: tensor(0.)
... RAR RES, Max residual error: 3.2491, t: tensor([[0.0372],
        [0.1982],
        [0.0266]])
--- Save Epoch 3305, Loss=1.6493e-01, IC=4.5740e-02, Res=1.1919e-01, Beta=1.00 ---
--- Save Epoch 3345, Loss=1.5184e-01, IC=4.4481e-02, Res=1.0736e-01, Beta=1.00 ---
... RAR IC , Max IC error: 0.5567, t: tensor(0.)
... RAR RES, Max residual error: 3.5850, t: tensor([[0.1977],
        [0.1992],
        [0.1977]])
--- Save Epoch 3868, Loss=1.4271e-01, IC=3.5175e-02, Res=1.0754e-01, Beta=1.00 ---
... RAR IC , Max IC error: 0.5212, t: tensor(0.)
... RAR RES, Max residual error: 4.6188, t: tensor([[0.1996],
        [0.1991],
        [0.1996]])
[info] epoch 4000, lr=8.15e-04
--- Save Epoch 4224, Loss=1.2809e-01, IC=3.4594e-02, Res=9.3496e-02, Beta=1.00 ---
--- Save Epoch 4238, Loss=1.1708e-01, IC=3.3110e-02, Res=8.3968e-02, Beta=1.00 ---
... RAR IC , Max IC error: 0.5509, t: tensor(0.)
... RAR RES, Max residual error: 5.3443, t: tensor([[0.1974],
        [0.1956],
        [0.1978]])
--- Save Epoch 4865, Loss=1.0506e-01, IC=3.0605e-02, Res=7.4452e-02, Beta=1.00 ---
... RAR IC , Max IC error: 0.4515, t: tensor(0.)
... RAR RES, Max residual error: 6.4196, t: tensor([[0.1984],
        [0.1984],
        [0.1984]])
[info] epoch 5000, lr=7.74e-04
--- Save Epoch 5806, Loss=9.6738e-02, IC=2.7980e-02, Res=6.8758e-02, Beta=1.00 ---
... RAR IC , Max IC error: 0.4367, t: tensor(0.)
... RAR RES, Max residual error: 5.0586, t: tensor([[0.1953],
        [0.1908],
        [0.1905]])
[info] epoch 6000, lr=7.35e-04
--- Save Epoch 6223, Loss=8.7422e-02, IC=2.5320e-02, Res=6.2102e-02, Beta=1.00 ---
... RAR IC , Max IC error: 0.4543, t: tensor(0.)
... RAR RES, Max residual error: 3.1190, t: tensor([[0.1999],
        [0.1944],
        [0.1994]])
--- Save Epoch 6808, Loss=8.0440e-02, IC=2.1862e-02, Res=5.8578e-02, Beta=1.00 ---
... RAR IC , Max IC error: 0.4187, t: tensor(0.)
... RAR RES, Max residual error: 4.0149, t: tensor([[0.0007],
        [0.1933],
        [0.1987]])
[info] epoch 7000, lr=6.98e-04
[info] epoch 8000, lr=6.63e-04
--- Save Epoch 8026, Loss=6.9184e-02, IC=1.8363e-02, Res=5.0822e-02, Beta=1.00 ---
... RAR IC , Max IC error: 0.3730, t: tensor(0.)
... RAR RES, Max residual error: 2.7685, t: tensor([[0.1870],
        [0.1988],
        [0.1988]])
--- Save Epoch 8539, Loss=6.0740e-02, IC=1.6706e-02, Res=4.4034e-02, Beta=1.00 ---
... RAR IC , Max IC error: 0.3621, t: tensor(0.)
... RAR RES, Max residual error: 5.3692, t: tensor([[0.1958],
        [0.1970],
        [0.1970]])
[info] epoch 9000, lr=6.30e-04
--- Save Epoch 9301, Loss=5.6868e-02, IC=1.5167e-02, Res=4.1702e-02, Beta=1.00 ---
--- Save Epoch 9353, Loss=5.3653e-02, IC=1.4203e-02, Res=3.9449e-02, Beta=1.00 ---
... RAR IC , Max IC error: 0.3568, t: tensor(0.)
... RAR RES, Max residual error: 3.5499, t: tensor([[0.1990],
        [0.1999],
        [0.1999]])
[info] epoch 10000, lr=5.99e-04
--- Save Epoch 10929, Loss=4.6418e-02, IC=1.2500e-02, Res=3.3918e-02, Beta=1.00 ---
[info] epoch 11000, lr=5.69e-04
... RAR IC , Max IC error: 0.3051, t: tensor(0.)
... RAR RES, Max residual error: 3.0927, t: tensor([[0.1996],
        [0.0443],
        [0.1905]])
[info] epoch 12000, lr=5.40e-04
--- Save Epoch 12421, Loss=4.0721e-02, IC=8.4027e-03, Res=3.2318e-02, Beta=1.00 ---
... RAR IC , Max IC error: 0.2717, t: tensor(0.)
... RAR RES, Max residual error: 2.1874, t: tensor([[0.1984],
        [0.1984],
        [0.1984]])
[info] epoch 13000, lr=5.13e-04
--- Save Epoch 13070, Loss=3.7384e-02, IC=7.3297e-03, Res=3.0054e-02, Beta=1.00 ---
... RAR IC , Max IC error: 0.2532, t: tensor(0.)
... RAR RES, Max residual error: 2.7807, t: tensor([[0.1992],
        [0.0055],
        [0.1992]])
--- Save Epoch 13980, Loss=3.5265e-02, IC=7.6979e-03, Res=2.7567e-02, Beta=1.00 ---
[info] epoch 14000, lr=4.88e-04
... RAR IC , Max IC error: 0.2312, t: tensor(0.)
... RAR RES, Max residual error: 3.3746, t: tensor([[0.1981],
        [0.1959],
        [0.1959]])
--- Save Epoch 14449, Loss=3.2204e-02, IC=6.3462e-03, Res=2.5858e-02, Beta=1.00 ---
... RAR IC , Max IC error: 0.2380, t: tensor(0.)
... RAR RES, Max residual error: 2.6008, t: tensor([[0.1906],
        [0.1859],
        [0.1762]])
[info] epoch 15000, lr=4.63e-04
--- Save Epoch 15374, Loss=3.0470e-02, IC=5.9214e-03, Res=2.4549e-02, Beta=1.00 ---
... RAR IC , Max IC error: 0.2234, t: tensor(0.)
... RAR RES, Max residual error: 2.5154, t: tensor([[0.1967],
        [0.1906],
        [0.1413]])
[info] epoch 16000, lr=4.40e-04
--- Save Epoch 16206, Loss=2.8418e-02, IC=5.1227e-03, Res=2.3295e-02, Beta=1.00 ---
... RAR IC , Max IC error: 0.2248, t: tensor(0.)
... RAR RES, Max residual error: 2.5026, t: tensor([[0.1927],
        [0.1997],
        [0.1464]])
[info] epoch 17000, lr=4.18e-04
--- Save Epoch 17432, Loss=2.6557e-02, IC=4.9504e-03, Res=2.1607e-02, Beta=1.00 ---
... RAR IC , Max IC error: 0.1873, t: tensor(0.)
... RAR RES, Max residual error: 2.9547, t: tensor([[0.1995],
        [0.1885],
        [0.1837]])
[info] epoch 18000, lr=3.97e-04
--- Save Epoch 18586, Loss=2.3707e-02, IC=3.8666e-03, Res=1.9841e-02, Beta=1.00 ---
... RAR IC , Max IC error: 0.1946, t: tensor(0.)
... RAR RES, Max residual error: 2.8472, t: tensor([[0.1945],
        [0.1909],
        [0.1840]])
[info] epoch 19000, lr=3.77e-04
--- Save Epoch 19098, Loss=2.2244e-02, IC=3.5935e-03, Res=1.8651e-02, Beta=1.00 ---
... RAR IC , Max IC error: 0.1799, t: tensor(0.)
... RAR RES, Max residual error: 1.7624, t: tensor([[0.1996],
        [0.1820],
        [0.1820]])
[info] epoch 20000, lr=3.58e-04
===== logging end   2025-10-21 17:52:01 =====
