
===== logging start 2025-10-17 20:10:54 =====
[check] bias_fac:  0.0
--- Save Epoch: 1, Loss: 1.8123e+00, IC: 1.8123e+00, Res: 3.1636e-07, Beta: 0.00 ---
... RAR IC , Max IC error: 3.1654, t: tensor(0.)
... RAR RES, Max residual error: 4.2693, t: tensor([[0.1176],
        [0.2823],
        [0.1129]])
--- Save Epoch: 3, Loss: 1.7630e+00, IC: 1.7589e+00, Res: 4.0904e-03, Beta: 0.02 ---
--- Save Epoch: 4, Loss: 1.3891e+00, IC: 1.3711e+00, Res: 1.7987e-02, Beta: 0.04 ---
--- Save Epoch: 6, Loss: 1.2576e+00, IC: 1.2263e+00, Res: 3.1352e-02, Beta: 0.06 ---
--- Save Epoch: 7, Loss: 1.1490e+00, IC: 1.1174e+00, Res: 3.1595e-02, Beta: 0.08 ---
--- Save Epoch: 8, Loss: 1.0531e+00, IC: 1.0196e+00, Res: 3.3531e-02, Beta: 0.10 ---
--- Save Epoch: 10, Loss: 8.9476e-01, IC: 8.7753e-01, Res: 1.7232e-02, Beta: 0.12 ---
--- Save Epoch: 11, Loss: 7.8565e-01, IC: 7.6873e-01, Res: 1.6925e-02, Beta: 0.14 ---
--- Save Epoch: 12, Loss: 7.8415e-01, IC: 7.6578e-01, Res: 1.8378e-02, Beta: 0.16 ---
--- Save Epoch: 14, Loss: 7.4709e-01, IC: 7.2855e-01, Res: 1.8538e-02, Beta: 0.18 ---
--- Save Epoch: 15, Loss: 6.6484e-01, IC: 6.4909e-01, Res: 1.5746e-02, Beta: 0.20 ---
--- Save Epoch: 18, Loss: 6.3865e-01, IC: 6.2395e-01, Res: 1.4704e-02, Beta: 0.22 ---
--- Save Epoch: 19, Loss: 6.0159e-01, IC: 5.8449e-01, Res: 1.7103e-02, Beta: 0.24 ---
--- Save Epoch: 20, Loss: 5.4199e-01, IC: 5.2161e-01, Res: 2.0378e-02, Beta: 0.26 ---
--- Save Epoch: 22, Loss: 5.3183e-01, IC: 4.8184e-01, Res: 4.9988e-02, Beta: 0.28 ---
--- Save Epoch: 23, Loss: 4.7274e-01, IC: 4.5392e-01, Res: 1.8823e-02, Beta: 0.30 ---
--- Save Epoch: 25, Loss: 4.1589e-01, IC: 3.9409e-01, Res: 2.1798e-02, Beta: 0.32 ---
--- Save Epoch: 26, Loss: 3.9852e-01, IC: 3.7329e-01, Res: 2.5226e-02, Beta: 0.34 ---
--- Save Epoch: 27, Loss: 3.8958e-01, IC: 3.6397e-01, Res: 2.5609e-02, Beta: 0.36 ---
--- Save Epoch: 28, Loss: 3.7728e-01, IC: 3.1692e-01, Res: 6.0355e-02, Beta: 0.38 ---
--- Save Epoch: 30, Loss: 3.2843e-01, IC: 3.0625e-01, Res: 2.2177e-02, Beta: 0.40 ---
--- Save Epoch: 32, Loss: 3.2206e-01, IC: 3.0273e-01, Res: 1.9333e-02, Beta: 0.42 ---
--- Save Epoch: 33, Loss: 3.1285e-01, IC: 2.9365e-01, Res: 1.9206e-02, Beta: 0.44 ---
--- Save Epoch: 34, Loss: 2.8194e-01, IC: 2.6222e-01, Res: 1.9720e-02, Beta: 0.46 ---
--- Save Epoch: 35, Loss: 2.7381e-01, IC: 2.5359e-01, Res: 2.0220e-02, Beta: 0.48 ---
--- Save Epoch: 39, Loss: 2.3843e-01, IC: 2.1370e-01, Res: 2.4727e-02, Beta: 0.50 ---
--- Save Epoch: 40, Loss: 2.3816e-01, IC: 2.0553e-01, Res: 3.2627e-02, Beta: 0.52 ---
--- Save Epoch: 42, Loss: 2.1533e-01, IC: 1.8106e-01, Res: 3.4274e-02, Beta: 0.54 ---
--- Save Epoch: 43, Loss: 2.1280e-01, IC: 1.8959e-01, Res: 2.3205e-02, Beta: 0.56 ---
--- Save Epoch: 44, Loss: 1.9558e-01, IC: 1.7209e-01, Res: 2.3490e-02, Beta: 0.58 ---
--- Save Epoch: 47, Loss: 1.8996e-01, IC: 1.6875e-01, Res: 2.1211e-02, Beta: 0.60 ---
--- Save Epoch: 48, Loss: 1.6945e-01, IC: 1.4088e-01, Res: 2.8568e-02, Beta: 0.62 ---
--- Save Epoch: 50, Loss: 1.6344e-01, IC: 1.3609e-01, Res: 2.7351e-02, Beta: 0.64 ---
--- Save Epoch: 52, Loss: 1.6323e-01, IC: 1.2678e-01, Res: 3.6446e-02, Beta: 0.66 ---
--- Save Epoch: 53, Loss: 1.4415e-01, IC: 1.1033e-01, Res: 3.3817e-02, Beta: 0.68 ---
--- Save Epoch: 57, Loss: 1.3523e-01, IC: 1.0675e-01, Res: 2.8488e-02, Beta: 0.70 ---
--- Save Epoch: 62, Loss: 1.3115e-01, IC: 9.9978e-02, Res: 3.1168e-02, Beta: 0.72 ---
--- Save Epoch: 69, Loss: 1.2498e-01, IC: 9.4071e-02, Res: 3.0906e-02, Beta: 0.74 ---
--- Save Epoch: 70, Loss: 1.2106e-01, IC: 8.3782e-02, Res: 3.7283e-02, Beta: 0.76 ---
--- Save Epoch: 74, Loss: 1.1591e-01, IC: 8.7043e-02, Res: 2.8862e-02, Beta: 0.78 ---
--- Save Epoch: 87, Loss: 1.0485e-01, IC: 7.7480e-02, Res: 2.7373e-02, Beta: 0.80 ---
--- Save Epoch: 93, Loss: 1.0115e-01, IC: 7.1629e-02, Res: 2.9524e-02, Beta: 0.82 ---
--- Save Epoch: 94, Loss: 9.6682e-02, IC: 6.5769e-02, Res: 3.0913e-02, Beta: 0.84 ---
--- Save Epoch: 96, Loss: 9.5602e-02, IC: 6.2901e-02, Res: 3.2701e-02, Beta: 0.86 ---
--- Save Epoch: 98, Loss: 9.4838e-02, IC: 6.3686e-02, Res: 3.1152e-02, Beta: 0.88 ---
... RAR IC , Max IC error: 0.1924, t: tensor(0.)
... RAR RES, Max residual error: 20.2690, t: tensor([[0.1419],
        [0.2537],
        [0.0991]])
--- Save Epoch: 167, Loss: 9.4028e-02, IC: 6.4353e-02, Res: 2.9675e-02, Beta: 0.90 ---
--- Save Epoch: 168, Loss: 9.3358e-02, IC: 6.3518e-02, Res: 2.9840e-02, Beta: 0.92 ---
--- Save Epoch: 178, Loss: 9.3026e-02, IC: 5.9161e-02, Res: 3.3864e-02, Beta: 0.94 ---
--- Save Epoch: 179, Loss: 9.2201e-02, IC: 5.8722e-02, Res: 3.3479e-02, Beta: 0.96 ---
--- Save Epoch: 184, Loss: 9.2106e-02, IC: 5.6481e-02, Res: 3.5626e-02, Beta: 0.98 ---
--- Save Epoch: 188, Loss: 9.0909e-02, IC: 5.6140e-02, Res: 3.4769e-02, Beta: 1.00 ---
... RAR IC , Max IC error: 0.2406, t: tensor(0.)
... RAR RES, Max residual error: 18.7181, t: tensor([[0.2675],
        [0.1538],
        [0.0290]])
--- Save Epoch: 270, Loss: 9.0358e-02, IC: 5.2579e-02, Res: 3.7779e-02, Beta: 1.00 ---
--- Save Epoch: 275, Loss: 8.8763e-02, IC: 5.5674e-02, Res: 3.3089e-02, Beta: 1.00 ---
--- Save Epoch: 277, Loss: 8.7296e-02, IC: 5.1269e-02, Res: 3.6027e-02, Beta: 1.00 ---
--- Save Epoch: 280, Loss: 8.2373e-02, IC: 5.0156e-02, Res: 3.2217e-02, Beta: 1.00 ---
--- Save Epoch: 282, Loss: 8.2335e-02, IC: 5.0049e-02, Res: 3.2286e-02, Beta: 1.00 ---
--- Save Epoch: 283, Loss: 8.2151e-02, IC: 4.8898e-02, Res: 3.3253e-02, Beta: 1.00 ---
--- Save Epoch: 284, Loss: 7.7831e-02, IC: 4.8325e-02, Res: 2.9506e-02, Beta: 1.00 ---
... RAR IC , Max IC error: 0.0981, t: tensor(0.)
... RAR RES, Max residual error: 27.3733, t: tensor([[0.1080],
        [0.1539],
        [0.2717]])
--- Save Epoch: 450, Loss: 7.4987e-02, IC: 4.1595e-02, Res: 3.3392e-02, Beta: 1.00 ---
--- Save Epoch: 453, Loss: 7.3187e-02, IC: 3.9927e-02, Res: 3.3260e-02, Beta: 1.00 ---
--- Save Epoch: 500, Loss: 7.2729e-02, IC: 3.5190e-02, Res: 3.7539e-02, Beta: 1.00 ---
... RAR IC , Max IC error: 0.0799, t: tensor(0.)
... RAR RES, Max residual error: 30.4502, t: tensor([[0.1835],
        [0.0886],
        [0.1787]])
--- Save Epoch: 749, Loss: 7.2218e-02, IC: 3.4925e-02, Res: 3.7293e-02, Beta: 1.00 ---
--- Save Epoch: 750, Loss: 7.1067e-02, IC: 3.5197e-02, Res: 3.5870e-02, Beta: 1.00 ---
--- Save Epoch: 753, Loss: 7.0146e-02, IC: 3.4918e-02, Res: 3.5228e-02, Beta: 1.00 ---
--- Save Epoch: 761, Loss: 6.8939e-02, IC: 3.4060e-02, Res: 3.4879e-02, Beta: 1.00 ---
--- Save Epoch: 764, Loss: 6.7915e-02, IC: 3.3279e-02, Res: 3.4636e-02, Beta: 1.00 ---
--- Save Epoch: 794, Loss: 6.7137e-02, IC: 3.4449e-02, Res: 3.2688e-02, Beta: 1.00 ---
--- Save Epoch: 797, Loss: 6.5817e-02, IC: 3.2730e-02, Res: 3.3087e-02, Beta: 1.00 ---
... RAR IC , Max IC error: 0.0818, t: tensor(0.)
... RAR RES, Max residual error: 46.1468, t: tensor([[0.0639],
        [0.2188],
        [0.0308]])
[info] Training epoch: 1000, LR: 9.50e-04
--- Save Epoch: 1525, Loss: 6.5048e-02, IC: 3.5662e-02, Res: 2.9386e-02, Beta: 1.00 ---
--- Save Epoch: 1529, Loss: 6.5029e-02, IC: 3.3927e-02, Res: 3.1103e-02, Beta: 1.00 ---
--- Save Epoch: 1530, Loss: 6.4621e-02, IC: 3.5427e-02, Res: 2.9194e-02, Beta: 1.00 ---
--- Save Epoch: 1556, Loss: 6.2236e-02, IC: 3.3006e-02, Res: 2.9231e-02, Beta: 1.00 ---
--- Save Epoch: 1579, Loss: 6.0373e-02, IC: 3.3364e-02, Res: 2.7010e-02, Beta: 1.00 ---
--- Save Epoch: 1588, Loss: 5.9119e-02, IC: 3.2807e-02, Res: 2.6311e-02, Beta: 1.00 ---
... RAR IC , Max IC error: 0.0733, t: tensor(0.)
... RAR RES, Max residual error: 32.6970, t: tensor([[0.0771],
        [0.0881],
        [0.1318]])
--- Save Epoch: 1961, Loss: 5.8407e-02, IC: 3.3837e-02, Res: 2.4570e-02, Beta: 1.00 ---
--- Save Epoch: 1963, Loss: 5.6884e-02, IC: 3.2114e-02, Res: 2.4770e-02, Beta: 1.00 ---
--- Save Epoch: 1969, Loss: 5.6832e-02, IC: 3.1841e-02, Res: 2.4990e-02, Beta: 1.00 ---
--- Save Epoch: 1987, Loss: 5.5008e-02, IC: 3.0284e-02, Res: 2.4724e-02, Beta: 1.00 ---
[info] Training epoch: 2000, LR: 9.02e-04
... RAR IC , Max IC error: 0.0799, t: tensor(0.)
... RAR RES, Max residual error: 26.7239, t: tensor([[0.0754],
        [0.0274],
        [0.0624]])
--- Save Epoch: 2280, Loss: 5.3676e-02, IC: 2.8350e-02, Res: 2.5327e-02, Beta: 1.00 ---
--- Save Epoch: 2288, Loss: 5.3451e-02, IC: 2.8337e-02, Res: 2.5114e-02, Beta: 1.00 ---
--- Save Epoch: 2299, Loss: 5.2124e-02, IC: 2.8226e-02, Res: 2.3898e-02, Beta: 1.00 ---
... RAR IC , Max IC error: 0.0788, t: tensor(0.)
... RAR RES, Max residual error: 22.1916, t: tensor([[0.2320],
        [0.2859],
        [0.2210]])
--- Save Epoch: 2453, Loss: 5.1147e-02, IC: 2.6624e-02, Res: 2.4523e-02, Beta: 1.00 ---
--- Save Epoch: 2455, Loss: 5.0823e-02, IC: 2.5994e-02, Res: 2.4829e-02, Beta: 1.00 ---
--- Save Epoch: 2457, Loss: 5.0450e-02, IC: 2.6612e-02, Res: 2.3838e-02, Beta: 1.00 ---
--- Save Epoch: 2459, Loss: 4.8961e-02, IC: 2.5410e-02, Res: 2.3551e-02, Beta: 1.00 ---
--- Save Epoch: 2460, Loss: 4.8804e-02, IC: 2.4999e-02, Res: 2.3804e-02, Beta: 1.00 ---
--- Save Epoch: 2463, Loss: 4.8256e-02, IC: 2.5694e-02, Res: 2.2562e-02, Beta: 1.00 ---
--- Save Epoch: 2477, Loss: 4.7602e-02, IC: 2.5363e-02, Res: 2.2239e-02, Beta: 1.00 ---
--- Save Epoch: 2478, Loss: 4.5801e-02, IC: 2.4636e-02, Res: 2.1165e-02, Beta: 1.00 ---
--- Save Epoch: 2484, Loss: 4.5615e-02, IC: 2.3395e-02, Res: 2.2220e-02, Beta: 1.00 ---
--- Save Epoch: 2486, Loss: 4.5324e-02, IC: 2.3863e-02, Res: 2.1460e-02, Beta: 1.00 ---
--- Save Epoch: 2487, Loss: 4.4407e-02, IC: 2.4460e-02, Res: 1.9948e-02, Beta: 1.00 ---
--- Save Epoch: 2491, Loss: 4.3618e-02, IC: 2.4394e-02, Res: 1.9224e-02, Beta: 1.00 ---
... RAR IC , Max IC error: 0.0483, t: tensor(0.)
... RAR RES, Max residual error: 18.5875, t: tensor([[0.2402],
        [0.2057],
        [0.1067]])
--- Save Epoch: 2598, Loss: 4.2596e-02, IC: 2.0969e-02, Res: 2.1627e-02, Beta: 1.00 ---
... RAR IC , Max IC error: 0.0544, t: tensor(0.)
... RAR RES, Max residual error: 14.3889, t: tensor([[0.0200],
        [0.0863],
        [0.1361]])
--- Save Epoch: 2739, Loss: 4.1393e-02, IC: 1.7646e-02, Res: 2.3748e-02, Beta: 1.00 ---
--- Save Epoch: 2745, Loss: 3.8459e-02, IC: 1.7271e-02, Res: 2.1188e-02, Beta: 1.00 ---
--- Save Epoch: 2753, Loss: 3.7733e-02, IC: 1.7808e-02, Res: 1.9925e-02, Beta: 1.00 ---
--- Save Epoch: 2754, Loss: 3.7539e-02, IC: 1.8402e-02, Res: 1.9137e-02, Beta: 1.00 ---
--- Save Epoch: 2759, Loss: 3.7222e-02, IC: 1.7013e-02, Res: 2.0209e-02, Beta: 1.00 ---
--- Save Epoch: 2762, Loss: 3.5766e-02, IC: 1.6136e-02, Res: 1.9629e-02, Beta: 1.00 ---
--- Save Epoch: 2764, Loss: 3.5069e-02, IC: 1.6506e-02, Res: 1.8562e-02, Beta: 1.00 ---
--- Save Epoch: 2771, Loss: 3.4312e-02, IC: 1.5345e-02, Res: 1.8967e-02, Beta: 1.00 ---
--- Save Epoch: 2773, Loss: 3.2258e-02, IC: 1.4951e-02, Res: 1.7308e-02, Beta: 1.00 ---
... RAR IC , Max IC error: 0.0465, t: tensor(0.)
... RAR RES, Max residual error: 14.1818, t: tensor([[0.0347],
        [0.1853],
        [0.1549]])
--- Save Epoch: 2921, Loss: 3.1594e-02, IC: 1.4867e-02, Res: 1.6727e-02, Beta: 1.00 ---
--- Save Epoch: 2922, Loss: 3.1446e-02, IC: 1.2732e-02, Res: 1.8714e-02, Beta: 1.00 ---
--- Save Epoch: 2951, Loss: 3.0033e-02, IC: 1.2838e-02, Res: 1.7195e-02, Beta: 1.00 ---
--- Save Epoch: 2955, Loss: 2.7639e-02, IC: 1.0757e-02, Res: 1.6882e-02, Beta: 1.00 ---
--- Save Epoch: 2974, Loss: 2.6193e-02, IC: 1.1449e-02, Res: 1.4744e-02, Beta: 1.00 ---
--- Save Epoch: 2979, Loss: 2.5338e-02, IC: 1.1116e-02, Res: 1.4222e-02, Beta: 1.00 ---
--- Save Epoch: 2986, Loss: 2.4482e-02, IC: 1.1973e-02, Res: 1.2510e-02, Beta: 1.00 ---
[info] Training epoch: 3000, LR: 8.57e-04
--- Save Epoch: 3000, Loss: 2.4159e-02, IC: 1.0482e-02, Res: 1.3678e-02, Beta: 1.00 ---
... RAR IC , Max IC error: 0.0442, t: tensor(0.)
... RAR RES, Max residual error: 8.6487, t: tensor([[0.0318],
        [0.1997],
        [0.1039]])
--- Save Epoch: 3066, Loss: 2.3954e-02, IC: 1.0381e-02, Res: 1.3573e-02, Beta: 1.00 ---
--- Save Epoch: 3080, Loss: 2.3882e-02, IC: 1.2032e-02, Res: 1.1850e-02, Beta: 1.00 ---
--- Save Epoch: 3084, Loss: 2.2455e-02, IC: 1.0484e-02, Res: 1.1972e-02, Beta: 1.00 ---
--- Save Epoch: 3090, Loss: 2.2070e-02, IC: 1.0156e-02, Res: 1.1914e-02, Beta: 1.00 ---
--- Save Epoch: 3092, Loss: 2.1635e-02, IC: 1.0079e-02, Res: 1.1557e-02, Beta: 1.00 ---
--- Save Epoch: 3096, Loss: 2.1456e-02, IC: 1.0097e-02, Res: 1.1359e-02, Beta: 1.00 ---
--- Save Epoch: 3099, Loss: 2.0713e-02, IC: 1.0181e-02, Res: 1.0532e-02, Beta: 1.00 ---
... RAR IC , Max IC error: 0.0364, t: tensor(0.)
... RAR RES, Max residual error: 11.6221, t: tensor([[0.0324],
        [0.0375],
        [0.0080]])
--- Save Epoch: 3255, Loss: 1.9954e-02, IC: 8.8380e-03, Res: 1.1116e-02, Beta: 1.00 ---
--- Save Epoch: 3257, Loss: 1.9859e-02, IC: 8.6763e-03, Res: 1.1182e-02, Beta: 1.00 ---
--- Save Epoch: 3261, Loss: 1.9643e-02, IC: 9.2539e-03, Res: 1.0389e-02, Beta: 1.00 ---
--- Save Epoch: 3262, Loss: 1.9516e-02, IC: 9.3007e-03, Res: 1.0215e-02, Beta: 1.00 ---
--- Save Epoch: 3271, Loss: 1.9456e-02, IC: 8.6489e-03, Res: 1.0807e-02, Beta: 1.00 ---
--- Save Epoch: 3280, Loss: 1.9002e-02, IC: 8.9162e-03, Res: 1.0086e-02, Beta: 1.00 ---
--- Save Epoch: 3283, Loss: 1.8154e-02, IC: 8.1126e-03, Res: 1.0041e-02, Beta: 1.00 ---
--- Save Epoch: 3295, Loss: 1.7660e-02, IC: 8.2077e-03, Res: 9.4526e-03, Beta: 1.00 ---
... RAR IC , Max IC error: 0.0368, t: tensor(0.)
... RAR RES, Max residual error: 18.8798, t: tensor([[0.0565],
        [0.0639],
        [0.0547]])
--- Save Epoch: 3480, Loss: 1.7589e-02, IC: 6.8074e-03, Res: 1.0782e-02, Beta: 1.00 ---
--- Save Epoch: 3498, Loss: 1.7374e-02, IC: 6.5525e-03, Res: 1.0822e-02, Beta: 1.00 ---
... RAR IC , Max IC error: 0.0279, t: tensor(0.)
... RAR RES, Max residual error: 8.6053, t: tensor([[0.0648],
        [0.0044],
        [0.1045]])
--- Save Epoch: 3938, Loss: 1.6647e-02, IC: 6.0663e-03, Res: 1.0581e-02, Beta: 1.00 ---
--- Save Epoch: 3969, Loss: 1.6414e-02, IC: 5.8259e-03, Res: 1.0588e-02, Beta: 1.00 ---
--- Save Epoch: 3994, Loss: 1.6235e-02, IC: 5.9146e-03, Res: 1.0320e-02, Beta: 1.00 ---
[info] Training epoch: 4000, LR: 8.15e-04
... RAR IC , Max IC error: 0.0284, t: tensor(0.)
... RAR RES, Max residual error: 10.4349, t: tensor([[0.0043],
        [0.0124],
        [0.0379]])
--- Save Epoch: 4405, Loss: 1.5934e-02, IC: 6.0901e-03, Res: 9.8439e-03, Beta: 1.00 ---
--- Save Epoch: 4408, Loss: 1.5914e-02, IC: 5.9167e-03, Res: 9.9969e-03, Beta: 1.00 ---
--- Save Epoch: 4425, Loss: 1.5138e-02, IC: 5.5116e-03, Res: 9.6267e-03, Beta: 1.00 ---
--- Save Epoch: 4480, Loss: 1.5112e-02, IC: 5.7202e-03, Res: 9.3917e-03, Beta: 1.00 ---
--- Save Epoch: 4494, Loss: 1.4753e-02, IC: 5.9600e-03, Res: 8.7929e-03, Beta: 1.00 ---
... RAR IC , Max IC error: 0.0334, t: tensor(0.)
... RAR RES, Max residual error: 3.2903, t: tensor([[0.0979],
        [0.0485],
        [0.0458]])
--- Save Epoch: 4633, Loss: 1.4721e-02, IC: 5.9285e-03, Res: 8.7930e-03, Beta: 1.00 ---
--- Save Epoch: 4635, Loss: 1.4321e-02, IC: 5.6132e-03, Res: 8.7078e-03, Beta: 1.00 ---
--- Save Epoch: 4666, Loss: 1.4316e-02, IC: 5.8237e-03, Res: 8.4923e-03, Beta: 1.00 ---
--- Save Epoch: 4684, Loss: 1.4026e-02, IC: 5.9204e-03, Res: 8.1057e-03, Beta: 1.00 ---
--- Save Epoch: 4689, Loss: 1.3694e-02, IC: 5.8350e-03, Res: 7.8586e-03, Beta: 1.00 ---
... RAR IC , Max IC error: 0.0504, t: tensor(0.)
... RAR RES, Max residual error: 5.4058, t: tensor([[0.0089],
        [0.0305],
        [0.0377]])
[info] Training epoch: 5000, LR: 7.74e-04
--- Save Epoch: 5159, Loss: 1.3417e-02, IC: 6.0325e-03, Res: 7.3842e-03, Beta: 1.00 ---
--- Save Epoch: 5185, Loss: 1.2982e-02, IC: 6.1157e-03, Res: 6.8667e-03, Beta: 1.00 ---
--- Save Epoch: 5187, Loss: 1.2502e-02, IC: 5.6867e-03, Res: 6.8155e-03, Beta: 1.00 ---
--- Save Epoch: 5189, Loss: 1.2201e-02, IC: 5.3742e-03, Res: 6.8270e-03, Beta: 1.00 ---
... RAR IC , Max IC error: 0.0277, t: tensor(0.)
... RAR RES, Max residual error: 24.5311, t: tensor([[0.0038],
        [0.0059],
        [0.0117]])
[info] Training epoch: 6000, LR: 7.35e-04
--- Save Epoch: 6606, Loss: 1.2176e-02, IC: 7.4896e-03, Res: 4.6862e-03, Beta: 1.00 ---
--- Save Epoch: 6630, Loss: 1.2032e-02, IC: 7.3326e-03, Res: 4.6994e-03, Beta: 1.00 ---
--- Save Epoch: 6687, Loss: 1.2009e-02, IC: 7.4601e-03, Res: 4.5487e-03, Beta: 1.00 ---
... RAR IC , Max IC error: 0.0474, t: tensor(0.)
... RAR RES, Max residual error: 7.2451, t: tensor([[0.0518],
        [0.0075],
        [0.0032]])
[info] Training epoch: 7000, LR: 6.98e-04
--- Save Epoch: 7386, Loss: 1.1788e-02, IC: 7.6531e-03, Res: 4.1351e-03, Beta: 1.00 ---
... RAR IC , Max IC error: 0.0477, t: tensor(0.)
... RAR RES, Max residual error: 16.6478, t: tensor([[0.0164],
        [0.0041],
        [0.0470]])
[info] Training epoch: 8000, LR: 6.63e-04
--- Save Epoch: 8044, Loss: 1.1644e-02, IC: 7.0075e-03, Res: 4.6363e-03, Beta: 1.00 ---
... RAR IC , Max IC error: 0.0350, t: tensor(0.)
... RAR RES, Max residual error: 15.9651, t: tensor([[0.0116],
        [0.0209],
        [0.0279]])
--- Save Epoch: 8471, Loss: 1.1553e-02, IC: 6.8124e-03, Res: 4.7409e-03, Beta: 1.00 ---
--- Save Epoch: 8480, Loss: 1.1383e-02, IC: 6.5783e-03, Res: 4.8044e-03, Beta: 1.00 ---
... RAR IC , Max IC error: 0.0278, t: tensor(0.)
... RAR RES, Max residual error: 3.2079, t: tensor([[0.0098],
        [0.0494],
        [0.0120]])
[info] Training epoch: 9000, LR: 6.30e-04
[info] Training epoch: 10000, LR: 5.99e-04
--- Save Epoch: 10142, Loss: 1.1375e-02, IC: 5.8318e-03, Res: 5.5433e-03, Beta: 1.00 ---
--- Save Epoch: 10166, Loss: 1.1168e-02, IC: 5.6831e-03, Res: 5.4852e-03, Beta: 1.00 ---
--- Save Epoch: 10173, Loss: 1.1115e-02, IC: 5.5779e-03, Res: 5.5373e-03, Beta: 1.00 ---
--- Save Epoch: 10178, Loss: 1.1080e-02, IC: 5.5714e-03, Res: 5.5089e-03, Beta: 1.00 ---
... RAR IC , Max IC error: 0.0291, t: tensor(0.)
... RAR RES, Max residual error: 5.0212, t: tensor([[0.0112],
        [0.0057],
        [0.0462]])
[info] Training epoch: 11000, LR: 5.69e-04
--- Save Epoch: 11885, Loss: 1.0923e-02, IC: 4.9107e-03, Res: 6.0123e-03, Beta: 1.00 ---
... RAR IC , Max IC error: 0.0249, t: tensor(0.)
... RAR RES, Max residual error: 2.6705, t: tensor([[0.0368],
        [0.0244],
        [0.0251]])
[info] Training epoch: 12000, LR: 5.40e-04
===== logging end   2025-10-17 20:41:46 =====

===== logging start 2025-10-17 20:42:27 =====
[check] bias_fac:  0.0
--- Save Epoch: 1, Loss: 1.7780e+00, IC: 1.7780e+00, Res: 6.8185e-08, Beta: 0.00 ---
... RAR IC , Max IC error: 3.1173, t: tensor(0.)
... RAR RES, Max residual error: 1.2408, t: tensor([[0.0241],
        [0.0846],
        [0.1478]])
--- Save Epoch: 3, Loss: 1.5179e+00, IC: 1.5177e+00, Res: 2.0460e-04, Beta: 0.02 ---
--- Save Epoch: 4, Loss: 1.1930e+00, IC: 1.1900e+00, Res: 3.0489e-03, Beta: 0.04 ---
--- Save Epoch: 6, Loss: 1.1278e+00, IC: 1.1227e+00, Res: 5.1430e-03, Beta: 0.06 ---
--- Save Epoch: 7, Loss: 1.0373e+00, IC: 1.0318e+00, Res: 5.4501e-03, Beta: 0.08 ---
--- Save Epoch: 8, Loss: 9.5842e-01, IC: 9.5009e-01, Res: 8.3301e-03, Beta: 0.10 ---
--- Save Epoch: 10, Loss: 8.6039e-01, IC: 8.4951e-01, Res: 1.0888e-02, Beta: 0.12 ---
--- Save Epoch: 11, Loss: 7.7484e-01, IC: 7.6487e-01, Res: 9.9790e-03, Beta: 0.14 ---
--- Save Epoch: 13, Loss: 7.0966e-01, IC: 7.0020e-01, Res: 9.4603e-03, Beta: 0.16 ---
--- Save Epoch: 14, Loss: 6.2745e-01, IC: 6.1543e-01, Res: 1.2019e-02, Beta: 0.18 ---
===== logging end   2025-10-17 20:42:38 =====

===== logging start 2025-10-17 20:42:42 =====
[check] bias_fac:  0.0
--- Save Epoch: 1, Loss: 1.7780e+00, IC: 1.7780e+00, Res: 6.8185e-08, Beta: 0.00 ---
... RAR IC , Max IC error: 3.1173, t: tensor(0.)
... RAR RES, Max residual error: 1.2408, t: tensor([[0.0241],
        [0.0846],
        [0.1478]])
--- Save Epoch: 3, Loss: 1.5179e+00, IC: 1.5177e+00, Res: 2.0460e-04, Beta: 0.02 ---
--- Save Epoch: 4, Loss: 1.1930e+00, IC: 1.1900e+00, Res: 3.0489e-03, Beta: 0.04 ---
--- Save Epoch: 6, Loss: 1.1278e+00, IC: 1.1227e+00, Res: 5.1430e-03, Beta: 0.06 ---
--- Save Epoch: 7, Loss: 1.0373e+00, IC: 1.0318e+00, Res: 5.4501e-03, Beta: 0.08 ---
--- Save Epoch: 8, Loss: 9.5842e-01, IC: 9.5009e-01, Res: 8.3301e-03, Beta: 0.10 ---
--- Save Epoch: 10, Loss: 8.6039e-01, IC: 8.4951e-01, Res: 1.0888e-02, Beta: 0.12 ---
--- Save Epoch: 11, Loss: 7.7484e-01, IC: 7.6487e-01, Res: 9.9790e-03, Beta: 0.14 ---
--- Save Epoch: 13, Loss: 7.0966e-01, IC: 7.0020e-01, Res: 9.4603e-03, Beta: 0.16 ---
--- Save Epoch: 14, Loss: 6.2745e-01, IC: 6.1543e-01, Res: 1.2019e-02, Beta: 0.18 ---
--- Save Epoch: 18, Loss: 5.4008e-01, IC: 5.2935e-01, Res: 1.0726e-02, Beta: 0.20 ---
--- Save Epoch: 19, Loss: 5.0601e-01, IC: 4.8179e-01, Res: 2.4219e-02, Beta: 0.22 ---
--- Save Epoch: 20, Loss: 4.6548e-01, IC: 4.4999e-01, Res: 1.5487e-02, Beta: 0.24 ---
--- Save Epoch: 22, Loss: 4.1409e-01, IC: 3.9401e-01, Res: 2.0079e-02, Beta: 0.26 ---
--- Save Epoch: 23, Loss: 4.0234e-01, IC: 3.8564e-01, Res: 1.6694e-02, Beta: 0.28 ---
--- Save Epoch: 24, Loss: 3.7839e-01, IC: 3.5878e-01, Res: 1.9600e-02, Beta: 0.30 ---
--- Save Epoch: 27, Loss: 3.7162e-01, IC: 3.3654e-01, Res: 3.5078e-02, Beta: 0.32 ---
--- Save Epoch: 28, Loss: 3.2093e-01, IC: 2.9836e-01, Res: 2.2565e-02, Beta: 0.34 ---
--- Save Epoch: 30, Loss: 3.0024e-01, IC: 2.6949e-01, Res: 3.0754e-02, Beta: 0.36 ---
--- Save Epoch: 33, Loss: 2.7433e-01, IC: 2.3670e-01, Res: 3.7632e-02, Beta: 0.38 ---
--- Save Epoch: 35, Loss: 2.5832e-01, IC: 2.2010e-01, Res: 3.8219e-02, Beta: 0.40 ---
--- Save Epoch: 36, Loss: 2.3358e-01, IC: 1.9332e-01, Res: 4.0259e-02, Beta: 0.42 ---
--- Save Epoch: 37, Loss: 2.2901e-01, IC: 1.9184e-01, Res: 3.7167e-02, Beta: 0.44 ---
--- Save Epoch: 38, Loss: 2.2601e-01, IC: 1.7545e-01, Res: 5.0557e-02, Beta: 0.46 ---
--- Save Epoch: 41, Loss: 1.9817e-01, IC: 1.6789e-01, Res: 3.0280e-02, Beta: 0.48 ---
--- Save Epoch: 45, Loss: 1.9032e-01, IC: 1.5987e-01, Res: 3.0446e-02, Beta: 0.50 ---
--- Save Epoch: 46, Loss: 1.7825e-01, IC: 1.5051e-01, Res: 2.7737e-02, Beta: 0.52 ---
--- Save Epoch: 48, Loss: 1.7401e-01, IC: 1.4279e-01, Res: 3.1217e-02, Beta: 0.54 ---
--- Save Epoch: 49, Loss: 1.6537e-01, IC: 1.4288e-01, Res: 2.2490e-02, Beta: 0.56 ---
--- Save Epoch: 52, Loss: 1.5264e-01, IC: 1.3112e-01, Res: 2.1525e-02, Beta: 0.58 ---
--- Save Epoch: 53, Loss: 1.4980e-01, IC: 1.2939e-01, Res: 2.0405e-02, Beta: 0.60 ---
--- Save Epoch: 57, Loss: 1.3804e-01, IC: 1.2063e-01, Res: 1.7411e-02, Beta: 0.62 ---
--- Save Epoch: 59, Loss: 1.3730e-01, IC: 1.1743e-01, Res: 1.9866e-02, Beta: 0.64 ---
--- Save Epoch: 63, Loss: 1.3399e-01, IC: 1.1121e-01, Res: 2.2779e-02, Beta: 0.66 ---
--- Save Epoch: 66, Loss: 1.2448e-01, IC: 1.0430e-01, Res: 2.0176e-02, Beta: 0.68 ---
--- Save Epoch: 67, Loss: 1.1422e-01, IC: 9.4336e-02, Res: 1.9882e-02, Beta: 0.70 ---
--- Save Epoch: 72, Loss: 1.1247e-01, IC: 9.4386e-02, Res: 1.8087e-02, Beta: 0.72 ---
--- Save Epoch: 74, Loss: 1.0661e-01, IC: 8.5771e-02, Res: 2.0836e-02, Beta: 0.74 ---
--- Save Epoch: 84, Loss: 9.8694e-02, IC: 7.8776e-02, Res: 1.9919e-02, Beta: 0.76 ---
--- Save Epoch: 99, Loss: 9.7685e-02, IC: 7.8807e-02, Res: 1.8878e-02, Beta: 0.78 ---
--- Save Epoch: 100, Loss: 9.1998e-02, IC: 7.3223e-02, Res: 1.8776e-02, Beta: 0.80 ---
... RAR IC , Max IC error: 0.1754, t: tensor(0.)
... RAR RES, Max residual error: 73.1040, t: tensor([[0.0268],
        [0.1253],
        [0.1991]])
--- Save Epoch: 226, Loss: 9.1062e-02, IC: 5.9599e-02, Res: 3.1463e-02, Beta: 0.82 ---
--- Save Epoch: 229, Loss: 8.9206e-02, IC: 6.1270e-02, Res: 2.7937e-02, Beta: 0.84 ---
--- Save Epoch: 244, Loss: 8.7646e-02, IC: 5.2973e-02, Res: 3.4673e-02, Beta: 0.86 ---
--- Save Epoch: 245, Loss: 8.5731e-02, IC: 5.6651e-02, Res: 2.9081e-02, Beta: 0.88 ---
--- Save Epoch: 255, Loss: 8.4904e-02, IC: 5.2971e-02, Res: 3.1934e-02, Beta: 0.90 ---
--- Save Epoch: 259, Loss: 7.9509e-02, IC: 5.0590e-02, Res: 2.8919e-02, Beta: 0.92 ---
... RAR IC , Max IC error: 0.1323, t: tensor(0.)
... RAR RES, Max residual error: 31.8072, t: tensor([[0.1744],
        [0.0961],
        [0.2575]])
--- Save Epoch: 461, Loss: 7.9412e-02, IC: 4.4016e-02, Res: 3.5396e-02, Beta: 0.94 ---
--- Save Epoch: 477, Loss: 7.7459e-02, IC: 4.2835e-02, Res: 3.4624e-02, Beta: 0.96 ---
... RAR IC , Max IC error: 0.1070, t: tensor(0.)
... RAR RES, Max residual error: 39.9223, t: tensor([[0.0984],
        [0.2349],
        [0.0818]])
--- Save Epoch: 748, Loss: 7.5826e-02, IC: 4.0287e-02, Res: 3.5539e-02, Beta: 0.98 ---
--- Save Epoch: 783, Loss: 7.4906e-02, IC: 3.5374e-02, Res: 3.9532e-02, Beta: 1.00 ---
... RAR IC , Max IC error: 0.0862, t: tensor(0.)
... RAR RES, Max residual error: 48.2180, t: tensor([[0.0142],
        [0.0697],
        [0.0737]])
[info] Training epoch: 1000, LR: 9.50e-04
--- Save Epoch: 1395, Loss: 7.3179e-02, IC: 4.1665e-02, Res: 3.1514e-02, Beta: 1.00 ---
... RAR IC , Max IC error: 0.1030, t: tensor(0.)
... RAR RES, Max residual error: 19.8439, t: tensor([[0.2706],
        [0.1924],
        [0.0683]])
--- Save Epoch: 1606, Loss: 7.2717e-02, IC: 3.9327e-02, Res: 3.3390e-02, Beta: 1.00 ---
--- Save Epoch: 1624, Loss: 6.9692e-02, IC: 3.8808e-02, Res: 3.0884e-02, Beta: 1.00 ---
--- Save Epoch: 1625, Loss: 6.7585e-02, IC: 3.9220e-02, Res: 2.8365e-02, Beta: 1.00 ---
--- Save Epoch: 1652, Loss: 6.6746e-02, IC: 3.5671e-02, Res: 3.1076e-02, Beta: 1.00 ---
--- Save Epoch: 1661, Loss: 6.3540e-02, IC: 3.4939e-02, Res: 2.8601e-02, Beta: 1.00 ---
--- Save Epoch: 1670, Loss: 5.8685e-02, IC: 3.4543e-02, Res: 2.4142e-02, Beta: 1.00 ---
--- Save Epoch: 1677, Loss: 5.7303e-02, IC: 3.3192e-02, Res: 2.4111e-02, Beta: 1.00 ---
--- Save Epoch: 1679, Loss: 5.5132e-02, IC: 3.4140e-02, Res: 2.0992e-02, Beta: 1.00 ---
--- Save Epoch: 1680, Loss: 5.2494e-02, IC: 3.1837e-02, Res: 2.0656e-02, Beta: 1.00 ---
... RAR IC , Max IC error: 0.0891, t: tensor(0.)
... RAR RES, Max residual error: 11.5979, t: tensor([[0.2704],
        [0.1886],
        [0.2048]])
--- Save Epoch: 1778, Loss: 5.2344e-02, IC: 3.0974e-02, Res: 2.1369e-02, Beta: 1.00 ---
... RAR IC , Max IC error: 0.0902, t: tensor(0.)
... RAR RES, Max residual error: 35.8804, t: tensor([[0.0104],
        [0.1533],
        [0.0085]])
--- Save Epoch: 1902, Loss: 5.2248e-02, IC: 3.1300e-02, Res: 2.0949e-02, Beta: 1.00 ---
--- Save Epoch: 1904, Loss: 4.8812e-02, IC: 2.7105e-02, Res: 2.1707e-02, Beta: 1.00 ---
--- Save Epoch: 1910, Loss: 4.7557e-02, IC: 2.6730e-02, Res: 2.0827e-02, Beta: 1.00 ---
--- Save Epoch: 1917, Loss: 4.6303e-02, IC: 2.4464e-02, Res: 2.1838e-02, Beta: 1.00 ---
--- Save Epoch: 1919, Loss: 4.2985e-02, IC: 2.4385e-02, Res: 1.8599e-02, Beta: 1.00 ---
--- Save Epoch: 1923, Loss: 4.0224e-02, IC: 2.2572e-02, Res: 1.7653e-02, Beta: 1.00 ---
--- Save Epoch: 1925, Loss: 4.0219e-02, IC: 2.2797e-02, Res: 1.7422e-02, Beta: 1.00 ---
--- Save Epoch: 1953, Loss: 4.0183e-02, IC: 2.2863e-02, Res: 1.7319e-02, Beta: 1.00 ---
--- Save Epoch: 1957, Loss: 3.9775e-02, IC: 2.3596e-02, Res: 1.6179e-02, Beta: 1.00 ---
--- Save Epoch: 1958, Loss: 3.8306e-02, IC: 2.0552e-02, Res: 1.7754e-02, Beta: 1.00 ---
--- Save Epoch: 1963, Loss: 3.5589e-02, IC: 2.0525e-02, Res: 1.5063e-02, Beta: 1.00 ---
--- Save Epoch: 1995, Loss: 3.4241e-02, IC: 1.8457e-02, Res: 1.5784e-02, Beta: 1.00 ---
[info] Training epoch: 2000, LR: 9.02e-04
... RAR IC , Max IC error: 0.1028, t: tensor(0.)
... RAR RES, Max residual error: 7.0296, t: tensor([[0.1767],
        [0.0993],
        [0.1761]])
--- Save Epoch: 2064, Loss: 3.2388e-02, IC: 1.6721e-02, Res: 1.5667e-02, Beta: 1.00 ---
--- Save Epoch: 2071, Loss: 3.0211e-02, IC: 1.6558e-02, Res: 1.3653e-02, Beta: 1.00 ---
... RAR IC , Max IC error: 0.0539, t: tensor(0.)
... RAR RES, Max residual error: 13.1708, t: tensor([[0.0399],
        [0.0236],
        [0.0858]])
--- Save Epoch: 2231, Loss: 2.9555e-02, IC: 1.4056e-02, Res: 1.5499e-02, Beta: 1.00 ---
--- Save Epoch: 2235, Loss: 2.8851e-02, IC: 1.3752e-02, Res: 1.5099e-02, Beta: 1.00 ---
--- Save Epoch: 2258, Loss: 2.8582e-02, IC: 1.3298e-02, Res: 1.5284e-02, Beta: 1.00 ---
--- Save Epoch: 2259, Loss: 2.8275e-02, IC: 1.3450e-02, Res: 1.4825e-02, Beta: 1.00 ---
--- Save Epoch: 2263, Loss: 2.7259e-02, IC: 1.3015e-02, Res: 1.4244e-02, Beta: 1.00 ---
--- Save Epoch: 2264, Loss: 2.6222e-02, IC: 1.4023e-02, Res: 1.2199e-02, Beta: 1.00 ---
--- Save Epoch: 2265, Loss: 2.5856e-02, IC: 1.3317e-02, Res: 1.2538e-02, Beta: 1.00 ---
--- Save Epoch: 2280, Loss: 2.5583e-02, IC: 1.4897e-02, Res: 1.0686e-02, Beta: 1.00 ---
--- Save Epoch: 2287, Loss: 2.4229e-02, IC: 1.2914e-02, Res: 1.1315e-02, Beta: 1.00 ---
--- Save Epoch: 2288, Loss: 2.3991e-02, IC: 1.2862e-02, Res: 1.1129e-02, Beta: 1.00 ---
... RAR IC , Max IC error: 0.0450, t: tensor(0.)
... RAR RES, Max residual error: 26.0801, t: tensor([[0.0306],
        [0.0750],
        [0.1346]])
--- Save Epoch: 2446, Loss: 2.3807e-02, IC: 1.2931e-02, Res: 1.0876e-02, Beta: 1.00 ---
--- Save Epoch: 2455, Loss: 2.3803e-02, IC: 1.4150e-02, Res: 9.6526e-03, Beta: 1.00 ---
--- Save Epoch: 2460, Loss: 2.3103e-02, IC: 1.3404e-02, Res: 9.6988e-03, Beta: 1.00 ---
--- Save Epoch: 2468, Loss: 2.2356e-02, IC: 1.3264e-02, Res: 9.0920e-03, Beta: 1.00 ---
--- Save Epoch: 2474, Loss: 2.1891e-02, IC: 1.2876e-02, Res: 9.0143e-03, Beta: 1.00 ---
--- Save Epoch: 2494, Loss: 2.1610e-02, IC: 1.3862e-02, Res: 7.7487e-03, Beta: 1.00 ---
... RAR IC , Max IC error: 0.0460, t: tensor(0.)
... RAR RES, Max residual error: 29.5746, t: tensor([[0.0807],
        [0.0094],
        [0.0426]])
--- Save Epoch: 2616, Loss: 2.1403e-02, IC: 1.1556e-02, Res: 9.8468e-03, Beta: 1.00 ---
--- Save Epoch: 2618, Loss: 2.1191e-02, IC: 1.1769e-02, Res: 9.4219e-03, Beta: 1.00 ---
--- Save Epoch: 2645, Loss: 2.0965e-02, IC: 1.1653e-02, Res: 9.3117e-03, Beta: 1.00 ---
--- Save Epoch: 2652, Loss: 2.0452e-02, IC: 1.1482e-02, Res: 8.9709e-03, Beta: 1.00 ---
--- Save Epoch: 2655, Loss: 2.0400e-02, IC: 1.0762e-02, Res: 9.6372e-03, Beta: 1.00 ---
--- Save Epoch: 2656, Loss: 2.0086e-02, IC: 1.1488e-02, Res: 8.5982e-03, Beta: 1.00 ---
--- Save Epoch: 2658, Loss: 1.9409e-02, IC: 1.0824e-02, Res: 8.5845e-03, Beta: 1.00 ---
--- Save Epoch: 2671, Loss: 1.8801e-02, IC: 1.0820e-02, Res: 7.9814e-03, Beta: 1.00 ---
--- Save Epoch: 2674, Loss: 1.8648e-02, IC: 1.0982e-02, Res: 7.6662e-03, Beta: 1.00 ---
--- Save Epoch: 2676, Loss: 1.8306e-02, IC: 1.0407e-02, Res: 7.8986e-03, Beta: 1.00 ---
... RAR IC , Max IC error: 0.0482, t: tensor(0.)
... RAR RES, Max residual error: 12.5619, t: tensor([[0.0496],
        [0.0442],
        [0.0650]])
--- Save Epoch: 2848, Loss: 1.7834e-02, IC: 1.0389e-02, Res: 7.4449e-03, Beta: 1.00 ---
--- Save Epoch: 2849, Loss: 1.7089e-02, IC: 9.8696e-03, Res: 7.2190e-03, Beta: 1.00 ---
--- Save Epoch: 2854, Loss: 1.7019e-02, IC: 9.9160e-03, Res: 7.1034e-03, Beta: 1.00 ---
--- Save Epoch: 2856, Loss: 1.6711e-02, IC: 9.1753e-03, Res: 7.5358e-03, Beta: 1.00 ---
--- Save Epoch: 2860, Loss: 1.5944e-02, IC: 9.0241e-03, Res: 6.9204e-03, Beta: 1.00 ---
--- Save Epoch: 2863, Loss: 1.5301e-02, IC: 8.3901e-03, Res: 6.9110e-03, Beta: 1.00 ---
--- Save Epoch: 2866, Loss: 1.5291e-02, IC: 8.4874e-03, Res: 6.8037e-03, Beta: 1.00 ---
... RAR IC , Max IC error: 0.0387, t: tensor(0.)
... RAR RES, Max residual error: 82.8868, t: tensor([[0.0073],
        [0.0569],
        [0.0192]])
[info] Training epoch: 3000, LR: 8.57e-04
--- Save Epoch: 3259, Loss: 1.5196e-02, IC: 9.2947e-03, Res: 5.9014e-03, Beta: 1.00 ---
--- Save Epoch: 3261, Loss: 1.5068e-02, IC: 8.5701e-03, Res: 6.4975e-03, Beta: 1.00 ---
--- Save Epoch: 3263, Loss: 1.4787e-02, IC: 9.4281e-03, Res: 5.3588e-03, Beta: 1.00 ---
--- Save Epoch: 3265, Loss: 1.4500e-02, IC: 8.4979e-03, Res: 6.0022e-03, Beta: 1.00 ---
--- Save Epoch: 3270, Loss: 1.4403e-02, IC: 8.9902e-03, Res: 5.4132e-03, Beta: 1.00 ---
--- Save Epoch: 3280, Loss: 1.3760e-02, IC: 8.2103e-03, Res: 5.5500e-03, Beta: 1.00 ---
... RAR IC , Max IC error: 0.0544, t: tensor(0.)
... RAR RES, Max residual error: 5.1765, t: tensor([[0.0364],
        [0.0150],
        [0.0594]])
--- Save Epoch: 3513, Loss: 1.3471e-02, IC: 8.6131e-03, Res: 4.8578e-03, Beta: 1.00 ---
--- Save Epoch: 3566, Loss: 1.2953e-02, IC: 7.9796e-03, Res: 4.9731e-03, Beta: 1.00 ---
--- Save Epoch: 3579, Loss: 1.2532e-02, IC: 7.6527e-03, Res: 4.8794e-03, Beta: 1.00 ---
--- Save Epoch: 3600, Loss: 1.1892e-02, IC: 7.4769e-03, Res: 4.4156e-03, Beta: 1.00 ---
... RAR IC , Max IC error: 0.0402, t: tensor(0.)
... RAR RES, Max residual error: 23.7998, t: tensor([[0.0058],
        [0.0402],
        [0.0326]])
--- Save Epoch: 3808, Loss: 1.1643e-02, IC: 7.6483e-03, Res: 3.9947e-03, Beta: 1.00 ---
--- Save Epoch: 3829, Loss: 1.1168e-02, IC: 7.3182e-03, Res: 3.8495e-03, Beta: 1.00 ---
... RAR IC , Max IC error: 0.0802, t: tensor(0.)
... RAR RES, Max residual error: 9.6561, t: tensor([[0.0337],
        [0.0233],
        [0.0309]])
[info] Training epoch: 4000, LR: 8.15e-04
--- Save Epoch: 4103, Loss: 1.1047e-02, IC: 6.4542e-03, Res: 4.5923e-03, Beta: 1.00 ---
--- Save Epoch: 4105, Loss: 1.0886e-02, IC: 6.6210e-03, Res: 4.2645e-03, Beta: 1.00 ---
--- Save Epoch: 4106, Loss: 1.0782e-02, IC: 6.5894e-03, Res: 4.1923e-03, Beta: 1.00 ---
--- Save Epoch: 4109, Loss: 1.0457e-02, IC: 6.2084e-03, Res: 4.2482e-03, Beta: 1.00 ---
--- Save Epoch: 4132, Loss: 1.0314e-02, IC: 6.2469e-03, Res: 4.0671e-03, Beta: 1.00 ---
--- Save Epoch: 4148, Loss: 1.0241e-02, IC: 5.8106e-03, Res: 4.4305e-03, Beta: 1.00 ---
--- Save Epoch: 4169, Loss: 1.0197e-02, IC: 6.3398e-03, Res: 3.8577e-03, Beta: 1.00 ---
--- Save Epoch: 4174, Loss: 9.9599e-03, IC: 6.1451e-03, Res: 3.8148e-03, Beta: 1.00 ---
--- Save Epoch: 4176, Loss: 9.4304e-03, IC: 5.7688e-03, Res: 3.6615e-03, Beta: 1.00 ---
--- Save Epoch: 4199, Loss: 9.3626e-03, IC: 5.9385e-03, Res: 3.4240e-03, Beta: 1.00 ---
--- Save Epoch: 4200, Loss: 9.1618e-03, IC: 5.6198e-03, Res: 3.5420e-03, Beta: 1.00 ---
... RAR IC , Max IC error: 0.0488, t: tensor(0.)
... RAR RES, Max residual error: 3.8384, t: tensor([[0.0166],
        [0.0230],
        [0.0058]])
--- Save Epoch: 4551, Loss: 8.8979e-03, IC: 5.4734e-03, Res: 3.4244e-03, Beta: 1.00 ---
... RAR IC , Max IC error: 0.0310, t: tensor(0.)
... RAR RES, Max residual error: 31.5613, t: tensor([[0.0332],
        [0.0038],
        [0.0169]])
[info] Training epoch: 5000, LR: 7.74e-04
--- Save Epoch: 5019, Loss: 8.4322e-03, IC: 4.7113e-03, Res: 3.7209e-03, Beta: 1.00 ---
--- Save Epoch: 5025, Loss: 8.1811e-03, IC: 4.6214e-03, Res: 3.5597e-03, Beta: 1.00 ---
--- Save Epoch: 5028, Loss: 8.1725e-03, IC: 4.6877e-03, Res: 3.4848e-03, Beta: 1.00 ---
--- Save Epoch: 5034, Loss: 8.0932e-03, IC: 4.6108e-03, Res: 3.4823e-03, Beta: 1.00 ---
... RAR IC , Max IC error: 0.0379, t: tensor(0.)
... RAR RES, Max residual error: 9.6797, t: tensor([[0.0393],
        [0.0158],
        [0.0066]])
--- Save Epoch: 5538, Loss: 8.0703e-03, IC: 4.3531e-03, Res: 3.7172e-03, Beta: 1.00 ---
--- Save Epoch: 5547, Loss: 8.0501e-03, IC: 4.5357e-03, Res: 3.5144e-03, Beta: 1.00 ---
--- Save Epoch: 5554, Loss: 7.8948e-03, IC: 4.2687e-03, Res: 3.6260e-03, Beta: 1.00 ---
--- Save Epoch: 5555, Loss: 7.8128e-03, IC: 4.3492e-03, Res: 3.4636e-03, Beta: 1.00 ---
--- Save Epoch: 5557, Loss: 7.8011e-03, IC: 4.2928e-03, Res: 3.5083e-03, Beta: 1.00 ---
--- Save Epoch: 5559, Loss: 7.6088e-03, IC: 4.1414e-03, Res: 3.4674e-03, Beta: 1.00 ---
--- Save Epoch: 5561, Loss: 7.5245e-03, IC: 4.0746e-03, Res: 3.4499e-03, Beta: 1.00 ---
... RAR IC , Max IC error: 0.0265, t: tensor(0.)
... RAR RES, Max residual error: 5.9612, t: tensor([[0.0179],
        [0.0062],
        [0.0237]])
[info] Training epoch: 6000, LR: 7.35e-04
--- Save Epoch: 6454, Loss: 7.3690e-03, IC: 3.9421e-03, Res: 3.4269e-03, Beta: 1.00 ---
... RAR IC , Max IC error: 0.0254, t: tensor(0.)
... RAR RES, Max residual error: 16.4078, t: tensor([[0.0296],
        [0.0090],
        [0.0171]])
--- Save Epoch: 6904, Loss: 7.2808e-03, IC: 3.7760e-03, Res: 3.5048e-03, Beta: 1.00 ---
--- Save Epoch: 6907, Loss: 7.1731e-03, IC: 3.6355e-03, Res: 3.5376e-03, Beta: 1.00 ---
--- Save Epoch: 6909, Loss: 7.0820e-03, IC: 3.5709e-03, Res: 3.5111e-03, Beta: 1.00 ---
--- Save Epoch: 6912, Loss: 6.8280e-03, IC: 3.3042e-03, Res: 3.5237e-03, Beta: 1.00 ---
--- Save Epoch: 6918, Loss: 6.7243e-03, IC: 3.3142e-03, Res: 3.4101e-03, Beta: 1.00 ---
[info] Training epoch: 7000, LR: 6.98e-04
... RAR IC , Max IC error: 0.0261, t: tensor(0.)
... RAR RES, Max residual error: 40.2675, t: tensor([[0.0003],
        [0.0170],
        [0.0051]])
--- Save Epoch: 7545, Loss: 6.5899e-03, IC: 3.5874e-03, Res: 3.0025e-03, Beta: 1.00 ---
--- Save Epoch: 7547, Loss: 6.4443e-03, IC: 3.5177e-03, Res: 2.9266e-03, Beta: 1.00 ---
... RAR IC , Max IC error: 0.0337, t: tensor(0.)
... RAR RES, Max residual error: 3.6234, t: tensor([[0.0032],
        [0.0446],
        [0.0439]])
--- Save Epoch: 7721, Loss: 6.3439e-03, IC: 3.5810e-03, Res: 2.7629e-03, Beta: 1.00 ---
--- Save Epoch: 7722, Loss: 6.2804e-03, IC: 3.5469e-03, Res: 2.7335e-03, Beta: 1.00 ---
--- Save Epoch: 7793, Loss: 6.2520e-03, IC: 3.4826e-03, Res: 2.7694e-03, Beta: 1.00 ---
... RAR IC , Max IC error: 0.0353, t: tensor(0.)
... RAR RES, Max residual error: 9.2645, t: tensor([[0.0020],
        [0.0128],
        [0.0121]])
[info] Training epoch: 8000, LR: 6.63e-04
--- Save Epoch: 8107, Loss: 6.1904e-03, IC: 3.7279e-03, Res: 2.4625e-03, Beta: 1.00 ---
--- Save Epoch: 8115, Loss: 6.1493e-03, IC: 3.6545e-03, Res: 2.4948e-03, Beta: 1.00 ---
... RAR IC , Max IC error: 0.0272, t: tensor(0.)
... RAR RES, Max residual error: 6.4666, t: tensor([[0.0036],
        [0.0411],
        [0.0214]])
--- Save Epoch: 8522, Loss: 6.1099e-03, IC: 3.5256e-03, Res: 2.5843e-03, Beta: 1.00 ---
--- Save Epoch: 8539, Loss: 5.7798e-03, IC: 3.4412e-03, Res: 2.3386e-03, Beta: 1.00 ---
... RAR IC , Max IC error: 0.0259, t: tensor(0.)
... RAR RES, Max residual error: 33.3785, t: tensor([[0.0081],
        [0.0350],
        [0.0173]])
[info] Training epoch: 9000, LR: 6.30e-04
--- Save Epoch: 9373, Loss: 5.7728e-03, IC: 3.4569e-03, Res: 2.3158e-03, Beta: 1.00 ---
--- Save Epoch: 9400, Loss: 5.7422e-03, IC: 3.4322e-03, Res: 2.3100e-03, Beta: 1.00 ---
... RAR IC , Max IC error: 0.0292, t: tensor(0.)
... RAR RES, Max residual error: 7.8686, t: tensor([[0.0143],
        [0.0052],
        [0.0177]])
--- Save Epoch: 9758, Loss: 5.5815e-03, IC: 3.0784e-03, Res: 2.5031e-03, Beta: 1.00 ---
... RAR IC , Max IC error: 0.0236, t: tensor(0.)
... RAR RES, Max residual error: 42.0838, t: tensor([[0.0069],
        [0.0223],
        [0.0090]])
[info] Training epoch: 10000, LR: 5.99e-04
[info] Training epoch: 11000, LR: 5.69e-04
--- Save Epoch: 11914, Loss: 5.4970e-03, IC: 2.6052e-03, Res: 2.8917e-03, Beta: 1.00 ---
[info] Training epoch: 12000, LR: 5.40e-04
... RAR IC , Max IC error: 0.0498, t: tensor(0.)
... RAR RES, Max residual error: 21.6758, t: tensor([[0.0074],
        [0.0077],
        [0.0108]])
[info] Training epoch: 13000, LR: 5.13e-04
[info] Training epoch: 14000, LR: 4.88e-04
--- Save Epoch: 14592, Loss: 5.4868e-03, IC: 2.9878e-03, Res: 2.4990e-03, Beta: 1.00 ---
... RAR IC , Max IC error: 0.0402, t: tensor(0.)
... RAR RES, Max residual error: 6.2772, t: tensor([[0.0100],
        [0.0150],
        [0.0022]])
[info] Training epoch: 15000, LR: 4.63e-04
--- Save Epoch: 15876, Loss: 5.4433e-03, IC: 3.0817e-03, Res: 2.3616e-03, Beta: 1.00 ---
--- Save Epoch: 15881, Loss: 5.4187e-03, IC: 3.1345e-03, Res: 2.2841e-03, Beta: 1.00 ---
--- Save Epoch: 15885, Loss: 5.3328e-03, IC: 3.1014e-03, Res: 2.2314e-03, Beta: 1.00 ---
... RAR IC , Max IC error: 0.0289, t: tensor(0.)
... RAR RES, Max residual error: 17.5123, t: tensor([[0.0227],
        [0.0063],
        [0.0118]])
[info] Training epoch: 16000, LR: 4.40e-04
--- Save Epoch: 16915, Loss: 5.3135e-03, IC: 3.1181e-03, Res: 2.1954e-03, Beta: 1.00 ---
--- Save Epoch: 16918, Loss: 5.3128e-03, IC: 3.0264e-03, Res: 2.2864e-03, Beta: 1.00 ---
[info] Training epoch: 17000, LR: 4.18e-04
... RAR IC , Max IC error: 0.0231, t: tensor(0.)
... RAR RES, Max residual error: 26.5311, t: tensor([[0.0090],
        [0.0092],
        [0.0124]])
[info] Training epoch: 18000, LR: 3.97e-04
--- Save Epoch: 18412, Loss: 5.2857e-03, IC: 2.9313e-03, Res: 2.3543e-03, Beta: 1.00 ---
... RAR IC , Max IC error: 0.0245, t: tensor(0.)
... RAR RES, Max residual error: 1.6077, t: tensor([[0.0036],
        [0.0259],
        [0.0106]])
--- Save Epoch: 18775, Loss: 5.2204e-03, IC: 2.8369e-03, Res: 2.3836e-03, Beta: 1.00 ---
--- Save Epoch: 18788, Loss: 5.1704e-03, IC: 2.8774e-03, Res: 2.2930e-03, Beta: 1.00 ---
... RAR IC , Max IC error: 0.0186, t: tensor(0.)
... RAR RES, Max residual error: 1.4036, t: tensor([[0.0023],
        [0.0088],
        [0.0041]])
[info] Training epoch: 19000, LR: 3.77e-04
--- Save Epoch: 19420, Loss: 5.1235e-03, IC: 2.7647e-03, Res: 2.3588e-03, Beta: 1.00 ---
--- Save Epoch: 19450, Loss: 5.1099e-03, IC: 2.6742e-03, Res: 2.4357e-03, Beta: 1.00 ---
... RAR IC , Max IC error: 0.0207, t: tensor(0.)
... RAR RES, Max residual error: 30.7470, t: tensor([[0.0115],
        [0.0102],
        [0.0091]])
[info] Training epoch: 20000, LR: 3.58e-04
[info] Training epoch: 21000, LR: 3.41e-04
[info] Training epoch: 22000, LR: 3.24e-04
--- Save Epoch: 22001, Loss: 5.0258e-03, IC: 2.3817e-03, Res: 2.6442e-03, Beta: 1.00 ---
... RAR IC , Max IC error: 0.0229, t: tensor(0.)
... RAR RES, Max residual error: 4.1999, t: tensor([[0.0095],
        [0.0045],
        [0.0085]])
[info] Training epoch: 23000, LR: 3.07e-04
--- Save Epoch: 23068, Loss: 5.0051e-03, IC: 2.3969e-03, Res: 2.6082e-03, Beta: 1.00 ---
--- Save Epoch: 23074, Loss: 4.9734e-03, IC: 2.3967e-03, Res: 2.5767e-03, Beta: 1.00 ---
... RAR IC , Max IC error: 0.0255, t: tensor(0.)
... RAR RES, Max residual error: 7.2710, t: tensor([[0.0164],
        [0.0125],
        [0.0204]])
--- Save Epoch: 23937, Loss: 4.9536e-03, IC: 2.4729e-03, Res: 2.4808e-03, Beta: 1.00 ---
--- Save Epoch: 23940, Loss: 4.9252e-03, IC: 2.4515e-03, Res: 2.4737e-03, Beta: 1.00 ---
--- Save Epoch: 23942, Loss: 4.8059e-03, IC: 2.3200e-03, Res: 2.4859e-03, Beta: 1.00 ---
--- Save Epoch: 23981, Loss: 4.7815e-03, IC: 2.3035e-03, Res: 2.4780e-03, Beta: 1.00 ---
--- Save Epoch: 23989, Loss: 4.7498e-03, IC: 2.3646e-03, Res: 2.3852e-03, Beta: 1.00 ---
--- Save Epoch: 23990, Loss: 4.6944e-03, IC: 2.3429e-03, Res: 2.3515e-03, Beta: 1.00 ---
[info] Training epoch: 24000, LR: 2.92e-04
... RAR IC , Max IC error: 0.0232, t: tensor(0.)
... RAR RES, Max residual error: 4.9395, t: tensor([[0.0084],
        [0.0033],
        [0.0131]])
[info] Training epoch: 25000, LR: 2.77e-04
[info] Training epoch: 26000, LR: 2.64e-04
--- Save Epoch: 26050, Loss: 4.6645e-03, IC: 2.1272e-03, Res: 2.5373e-03, Beta: 1.00 ---
--- Save Epoch: 26051, Loss: 4.6557e-03, IC: 2.1343e-03, Res: 2.5214e-03, Beta: 1.00 ---
--- Save Epoch: 26071, Loss: 4.6523e-03, IC: 2.1493e-03, Res: 2.5030e-03, Beta: 1.00 ---
--- Save Epoch: 26073, Loss: 4.6234e-03, IC: 2.1305e-03, Res: 2.4930e-03, Beta: 1.00 ---
--- Save Epoch: 26076, Loss: 4.6047e-03, IC: 2.1393e-03, Res: 2.4654e-03, Beta: 1.00 ---
--- Save Epoch: 26079, Loss: 4.5595e-03, IC: 2.1047e-03, Res: 2.4547e-03, Beta: 1.00 ---
... RAR IC , Max IC error: 0.0214, t: tensor(0.)
... RAR RES, Max residual error: 6.7290, t: tensor([[0.0115],
        [0.0086],
        [0.0174]])
[info] Training epoch: 27000, LR: 2.50e-04
--- Save Epoch: 27441, Loss: 4.5428e-03, IC: 1.9803e-03, Res: 2.5625e-03, Beta: 1.00 ---
... RAR IC , Max IC error: 0.0186, t: tensor(0.)
... RAR RES, Max residual error: 4.9967, t: tensor([[0.0053],
        [0.0139],
        [0.0152]])
[info] Training epoch: 28000, LR: 2.38e-04
[info] Training epoch: 29000, LR: 2.26e-04
[info] Training epoch: 30000, LR: 2.15e-04
--- Save Epoch: 30519, Loss: 4.4987e-03, IC: 1.9754e-03, Res: 2.5233e-03, Beta: 1.00 ---
... RAR IC , Max IC error: 0.0181, t: tensor(0.)
... RAR RES, Max residual error: 48.3633, t: tensor([[0.0075],
        [0.0009],
        [0.0144]])
[info] Training epoch: 31000, LR: 2.04e-04
[info] Training epoch: 32000, LR: 1.94e-04
[info] Training epoch: 33000, LR: 1.84e-04
[info] Training epoch: 34000, LR: 1.75e-04
[info] Training epoch: 35000, LR: 1.66e-04
[info] Training epoch: 36000, LR: 1.58e-04
[info] Training epoch: 37000, LR: 1.50e-04
[info] Training epoch: 38000, LR: 1.42e-04
[info] Training epoch: 39000, LR: 1.35e-04
[info] Training epoch: 40000, LR: 1.29e-04
[info] Training epoch: 41000, LR: 1.22e-04
[info] Training epoch: 42000, LR: 1.16e-04
[info] Training epoch: 43000, LR: 1.10e-04
[info] Training epoch: 44000, LR: 1.05e-04
[info] Training epoch: 45000, LR: 9.94e-05
--- Save Epoch: 45504, Loss: 4.4876e-03, IC: 2.0171e-03, Res: 2.4705e-03, Beta: 1.00 ---
... RAR IC , Max IC error: 0.0189, t: tensor(0.)
... RAR RES, Max residual error: 5.7534, t: tensor([[0.0006],
        [0.0116],
        [0.0134]])
[info] Training epoch: 46000, LR: 9.45e-05
[info] Training epoch: 47000, LR: 8.97e-05
[info] Training epoch: 48000, LR: 8.53e-05
[info] Training epoch: 49000, LR: 8.10e-05
[info] Training epoch: 50000, LR: 7.69e-05
[info] Training epoch: 51000, LR: 7.31e-05
[info] Training epoch: 52000, LR: 6.94e-05
[info] Training epoch: 53000, LR: 6.60e-05
[info] Training epoch: 54000, LR: 6.27e-05
[info] Training epoch: 55000, LR: 5.95e-05
--- Save Epoch: 55777, Loss: 4.4865e-03, IC: 2.0487e-03, Res: 2.4377e-03, Beta: 1.00 ---
... RAR IC , Max IC error: 0.0192, t: tensor(0.)
... RAR RES, Max residual error: 9.6350, t: tensor([[0.0007],
        [0.0128],
        [0.0067]])
[info] Training epoch: 56000, LR: 5.66e-05
[info] Training epoch: 57000, LR: 5.37e-05
[info] Training epoch: 58000, LR: 5.10e-05
[info] Training epoch: 59000, LR: 4.85e-05
[info] Training epoch: 60000, LR: 4.61e-05
===== logging end   2025-10-18 05:39:09 =====
