
===== logging start 2025-10-20 19:13:23 =====
--- Best Epoch: 1, Loss: 6.2523e+01, IC: 6.2483e+01, Res: 4.0305e-02, Beta: 0.00 ---
... RAR IC , Max IC error: 1.3670, t: tensor(0.)
... RAR RES, Max residual error: 0.2224, t: tensor([[0.2670],
        [0.2447],
        [0.2442]])
--- Best Epoch: 2, Loss: 4.4496e+01, IC: 4.4480e+01, Res: 1.5261e-02, Beta: 0.02 ---
--- Best Epoch: 3, Loss: 3.0432e+01, IC: 3.0426e+01, Res: 5.6077e-03, Beta: 0.04 ---
--- Best Epoch: 4, Loss: 2.0165e+01, IC: 2.0163e+01, Res: 2.2862e-03, Beta: 0.06 ---
--- Best Epoch: 5, Loss: 1.3036e+01, IC: 1.3035e+01, Res: 9.9008e-04, Beta: 0.08 ---
--- Best Epoch: 6, Loss: 8.8739e+00, IC: 8.8735e+00, Res: 4.1570e-04, Beta: 0.10 ---
--- Best Epoch: 7, Loss: 6.6397e+00, IC: 6.6396e+00, Res: 1.5875e-04, Beta: 0.12 ---
--- Best Epoch: 8, Loss: 6.0318e+00, IC: 6.0318e+00, Res: 4.8809e-05, Beta: 0.14 ---
--- Best Epoch: 9, Loss: 5.7574e+00, IC: 5.7574e+00, Res: 1.0288e-05, Beta: 0.16 ---
--- Best Epoch: 12, Loss: 5.2721e+00, IC: 5.2721e+00, Res: 5.1975e-06, Beta: 0.18 ---
--- Best Epoch: 13, Loss: 4.9905e+00, IC: 4.9905e+00, Res: 2.2931e-05, Beta: 0.20 ---
--- Best Epoch: 14, Loss: 4.5763e+00, IC: 4.5761e+00, Res: 1.0641e-04, Beta: 0.22 ---
--- Best Epoch: 15, Loss: 4.4936e+00, IC: 4.4931e+00, Res: 4.8000e-04, Beta: 0.24 ---
--- Best Epoch: 16, Loss: 3.8044e+00, IC: 3.8022e+00, Res: 2.1061e-03, Beta: 0.26 ---
--- Best Epoch: 22, Loss: 3.7514e+00, IC: 3.7121e+00, Res: 3.9315e-02, Beta: 0.28 ---
--- Best Epoch: 23, Loss: 3.5519e+00, IC: 3.5211e+00, Res: 3.0787e-02, Beta: 0.30 ---
--- Best Epoch: 24, Loss: 3.3894e+00, IC: 3.3690e+00, Res: 2.0381e-02, Beta: 0.32 ---
--- Best Epoch: 25, Loss: 3.2979e+00, IC: 3.2809e+00, Res: 1.6969e-02, Beta: 0.34 ---
--- Best Epoch: 27, Loss: 3.2197e+00, IC: 3.1978e+00, Res: 2.1946e-02, Beta: 0.36 ---
--- Best Epoch: 29, Loss: 3.1971e+00, IC: 3.1296e+00, Res: 6.7474e-02, Beta: 0.38 ---
--- Best Epoch: 30, Loss: 3.1058e+00, IC: 2.9713e+00, Res: 1.3450e-01, Beta: 0.40 ---
--- Best Epoch: 38, Loss: 2.9700e+00, IC: 2.7613e+00, Res: 2.0873e-01, Beta: 0.42 ---
--- Best Epoch: 41, Loss: 2.9244e+00, IC: 2.7404e+00, Res: 1.8394e-01, Beta: 0.44 ---
--- Best Epoch: 42, Loss: 2.8477e+00, IC: 2.7145e+00, Res: 1.3320e-01, Beta: 0.46 ---
--- Best Epoch: 46, Loss: 2.7895e+00, IC: 2.5433e+00, Res: 2.4622e-01, Beta: 0.48 ---
--- Best Epoch: 49, Loss: 2.7605e+00, IC: 2.5535e+00, Res: 2.0696e-01, Beta: 0.50 ---
--- Best Epoch: 50, Loss: 2.7096e+00, IC: 2.5739e+00, Res: 1.3571e-01, Beta: 0.52 ---
--- Best Epoch: 51, Loss: 2.6723e+00, IC: 2.5548e+00, Res: 1.1755e-01, Beta: 0.54 ---
--- Best Epoch: 52, Loss: 2.6306e+00, IC: 2.5067e+00, Res: 1.2386e-01, Beta: 0.56 ---
--- Best Epoch: 53, Loss: 2.4202e+00, IC: 2.2503e+00, Res: 1.6990e-01, Beta: 0.58 ---
--- Best Epoch: 57, Loss: 2.2581e+00, IC: 2.0723e+00, Res: 1.8587e-01, Beta: 0.60 ---
--- Best Epoch: 62, Loss: 2.1769e+00, IC: 1.8947e+00, Res: 2.8222e-01, Beta: 0.62 ---
--- Best Epoch: 66, Loss: 2.0628e+00, IC: 1.9309e+00, Res: 1.3192e-01, Beta: 0.64 ---
--- Best Epoch: 69, Loss: 1.9381e+00, IC: 1.7203e+00, Res: 2.1777e-01, Beta: 0.66 ---
--- Best Epoch: 73, Loss: 1.9262e+00, IC: 1.5207e+00, Res: 4.0541e-01, Beta: 0.68 ---
--- Best Epoch: 74, Loss: 1.8371e+00, IC: 1.6498e+00, Res: 1.8722e-01, Beta: 0.70 ---
--- Best Epoch: 77, Loss: 1.7656e+00, IC: 1.5258e+00, Res: 2.3979e-01, Beta: 0.72 ---
--- Best Epoch: 81, Loss: 1.7004e+00, IC: 1.3046e+00, Res: 3.9587e-01, Beta: 0.74 ---
--- Best Epoch: 86, Loss: 1.7002e+00, IC: 1.3100e+00, Res: 3.9016e-01, Beta: 0.76 ---
--- Best Epoch: 89, Loss: 1.5373e+00, IC: 1.2563e+00, Res: 2.8098e-01, Beta: 0.78 ---
--- Best Epoch: 94, Loss: 1.4615e+00, IC: 1.2114e+00, Res: 2.5012e-01, Beta: 0.80 ---
--- Best Epoch: 98, Loss: 1.3925e+00, IC: 1.2483e+00, Res: 1.4420e-01, Beta: 0.82 ---
--- Best Epoch: 100, Loss: 1.3693e+00, IC: 1.1793e+00, Res: 1.8998e-01, Beta: 0.84 ---
... RAR IC , Max IC error: 0.7302, t: tensor(0.)
... RAR RES, Max residual error: 2.6567, t: tensor([[0.0017],
        [0.0067],
        [0.0039]])
--- Best Epoch: 104, Loss: 1.3401e+00, IC: 1.1902e+00, Res: 1.4995e-01, Beta: 0.86 ---
--- Best Epoch: 105, Loss: 1.2896e+00, IC: 1.2126e+00, Res: 7.7045e-02, Beta: 0.88 ---
--- Best Epoch: 106, Loss: 1.1482e+00, IC: 1.0883e+00, Res: 5.9888e-02, Beta: 0.90 ---
--- Best Epoch: 107, Loss: 1.0713e+00, IC: 1.0593e+00, Res: 1.2004e-02, Beta: 0.92 ---
--- Best Epoch: 109, Loss: 1.0577e+00, IC: 1.0470e+00, Res: 1.0665e-02, Beta: 0.94 ---
--- Best Epoch: 113, Loss: 1.0226e+00, IC: 1.0039e+00, Res: 1.8674e-02, Beta: 0.96 ---
--- Best Epoch: 114, Loss: 8.8159e-01, IC: 8.5768e-01, Res: 2.3908e-02, Beta: 0.98 ---
--- Best Epoch: 115, Loss: 7.9224e-01, IC: 7.8034e-01, Res: 1.1898e-02, Beta: 1.00 ---
--- Best Epoch: 134, Loss: 7.2621e-01, IC: 7.1072e-01, Res: 1.5485e-02, Beta: 1.00 ---
--- Best Epoch: 135, Loss: 7.0613e-01, IC: 6.9084e-01, Res: 1.5298e-02, Beta: 1.00 ---
--- Best Epoch: 146, Loss: 6.8270e-01, IC: 6.6794e-01, Res: 1.4767e-02, Beta: 1.00 ---
--- Best Epoch: 147, Loss: 6.2699e-01, IC: 6.1726e-01, Res: 9.7319e-03, Beta: 1.00 ---
--- Best Epoch: 171, Loss: 6.0282e-01, IC: 5.9411e-01, Res: 8.7134e-03, Beta: 1.00 ---
--- Best Epoch: 191, Loss: 5.9687e-01, IC: 5.8797e-01, Res: 8.9084e-03, Beta: 1.00 ---
... RAR IC , Max IC error: 0.4530, t: tensor(0.)
... RAR RES, Max residual error: 2.2483, t: tensor([[0.0109],
        [0.1075],
        [0.0310]])
--- Best Epoch: 287, Loss: 5.8764e-01, IC: 5.7242e-01, Res: 1.5224e-02, Beta: 1.00 ---
... RAR IC , Max IC error: 0.4223, t: tensor(0.)
... RAR RES, Max residual error: 0.9412, t: tensor([[0.0036],
        [0.1056],
        [0.0132]])
--- Best Epoch: 498, Loss: 5.8483e-01, IC: 5.7594e-01, Res: 8.8962e-03, Beta: 1.00 ---
... RAR IC , Max IC error: 0.4780, t: tensor(0.)
... RAR RES, Max residual error: 1.2375, t: tensor([[0.0444],
        [0.0670],
        [0.0747]])
[info] Training epoch: 1000, LR: 9.50e-04
--- Best Epoch: 1756, Loss: 5.5781e-01, IC: 5.5532e-01, Res: 2.4879e-03, Beta: 1.00 ---
--- Best Epoch: 1757, Loss: 5.4320e-01, IC: 5.3978e-01, Res: 3.4222e-03, Beta: 1.00 ---
--- Best Epoch: 1760, Loss: 5.3661e-01, IC: 5.3239e-01, Res: 4.2235e-03, Beta: 1.00 ---
--- Best Epoch: 1761, Loss: 5.0392e-01, IC: 4.9911e-01, Res: 4.8079e-03, Beta: 1.00 ---
--- Best Epoch: 1762, Loss: 4.8540e-01, IC: 4.7933e-01, Res: 6.0606e-03, Beta: 1.00 ---
--- Best Epoch: 1765, Loss: 4.6241e-01, IC: 4.5203e-01, Res: 1.0381e-02, Beta: 1.00 ---
--- Best Epoch: 1766, Loss: 4.2405e-01, IC: 4.1615e-01, Res: 7.8998e-03, Beta: 1.00 ---
--- Best Epoch: 1768, Loss: 4.1216e-01, IC: 4.0251e-01, Res: 9.6516e-03, Beta: 1.00 ---
--- Best Epoch: 1771, Loss: 3.8317e-01, IC: 3.6586e-01, Res: 1.7309e-02, Beta: 1.00 ---
--- Best Epoch: 1775, Loss: 3.7751e-01, IC: 2.9287e-01, Res: 8.4638e-02, Beta: 1.00 ---
--- Best Epoch: 1780, Loss: 3.3817e-01, IC: 3.1084e-01, Res: 2.7332e-02, Beta: 1.00 ---
... RAR IC , Max IC error: 0.5376, t: tensor(0.)
... RAR RES, Max residual error: 2.1121, t: tensor([[0.0026],
        [0.0042],
        [0.0036]])
--- Best Epoch: 1851, Loss: 3.0621e-01, IC: 2.9124e-01, Res: 1.4972e-02, Beta: 1.00 ---
--- Best Epoch: 1875, Loss: 3.0067e-01, IC: 2.8374e-01, Res: 1.6930e-02, Beta: 1.00 ---
--- Best Epoch: 1891, Loss: 2.8160e-01, IC: 2.6499e-01, Res: 1.6603e-02, Beta: 1.00 ---
... RAR IC , Max IC error: 0.7417, t: tensor(0.)
... RAR RES, Max residual error: 2.4351, t: tensor([[0.0098],
        [0.0089],
        [0.0074]])
--- Best Epoch: 1915, Loss: 2.7159e-01, IC: 2.5408e-01, Res: 1.7503e-02, Beta: 1.00 ---
--- Best Epoch: 1923, Loss: 2.6796e-01, IC: 2.5097e-01, Res: 1.6991e-02, Beta: 1.00 ---
--- Best Epoch: 1947, Loss: 2.5996e-01, IC: 2.4228e-01, Res: 1.7684e-02, Beta: 1.00 ---
--- Best Epoch: 1955, Loss: 2.4428e-01, IC: 2.2815e-01, Res: 1.6130e-02, Beta: 1.00 ---
--- Best Epoch: 1979, Loss: 2.3891e-01, IC: 2.1909e-01, Res: 1.9819e-02, Beta: 1.00 ---
--- Best Epoch: 1987, Loss: 2.3114e-01, IC: 2.1398e-01, Res: 1.7160e-02, Beta: 1.00 ---
--- Best Epoch: 1995, Loss: 2.2888e-01, IC: 2.1258e-01, Res: 1.6301e-02, Beta: 1.00 ---
[info] Training epoch: 2000, LR: 9.02e-04
... RAR IC , Max IC error: 0.5332, t: tensor(0.)
... RAR RES, Max residual error: 1.9682, t: tensor([[0.0006],
        [0.0003],
        [0.0052]])
--- Best Epoch: 2039, Loss: 2.1873e-01, IC: 1.9094e-01, Res: 2.7788e-02, Beta: 1.00 ---
--- Best Epoch: 2071, Loss: 2.1328e-01, IC: 1.8577e-01, Res: 2.7512e-02, Beta: 1.00 ---
--- Best Epoch: 2083, Loss: 2.0923e-01, IC: 1.8376e-01, Res: 2.5464e-02, Beta: 1.00 ---
--- Best Epoch: 2091, Loss: 1.9636e-01, IC: 1.7265e-01, Res: 2.3712e-02, Beta: 1.00 ---
--- Best Epoch: 2099, Loss: 1.8222e-01, IC: 1.5720e-01, Res: 2.5013e-02, Beta: 1.00 ---
... RAR IC , Max IC error: 0.4561, t: tensor(0.)
... RAR RES, Max residual error: 2.3413, t: tensor([[0.0060],
        [0.0011],
        [0.0065]])
--- Best Epoch: 2131, Loss: 1.6564e-01, IC: 1.4008e-01, Res: 2.5553e-02, Beta: 1.00 ---
--- Best Epoch: 2147, Loss: 1.5646e-01, IC: 1.3052e-01, Res: 2.5934e-02, Beta: 1.00 ---
--- Best Epoch: 2155, Loss: 1.4584e-01, IC: 1.1964e-01, Res: 2.6207e-02, Beta: 1.00 ---
--- Best Epoch: 2171, Loss: 1.4087e-01, IC: 1.1487e-01, Res: 2.6005e-02, Beta: 1.00 ---
--- Best Epoch: 2179, Loss: 1.2859e-01, IC: 1.0297e-01, Res: 2.5621e-02, Beta: 1.00 ---
--- Best Epoch: 2195, Loss: 1.2433e-01, IC: 9.3915e-02, Res: 3.0415e-02, Beta: 1.00 ---
... RAR IC , Max IC error: 0.3398, t: tensor(0.)
... RAR RES, Max residual error: 2.1708, t: tensor([[0.0007],
        [0.0003],
        [0.0019]])
--- Best Epoch: 2235, Loss: 1.2411e-01, IC: 9.4503e-02, Res: 2.9604e-02, Beta: 1.00 ---
--- Best Epoch: 2243, Loss: 1.1965e-01, IC: 9.1158e-02, Res: 2.8497e-02, Beta: 1.00 ---
--- Best Epoch: 2251, Loss: 1.1549e-01, IC: 8.8033e-02, Res: 2.7462e-02, Beta: 1.00 ---
--- Best Epoch: 2259, Loss: 1.1385e-01, IC: 8.5751e-02, Res: 2.8101e-02, Beta: 1.00 ---
--- Best Epoch: 2267, Loss: 1.0892e-01, IC: 8.0753e-02, Res: 2.8171e-02, Beta: 1.00 ---
--- Best Epoch: 2275, Loss: 1.0376e-01, IC: 7.8058e-02, Res: 2.5703e-02, Beta: 1.00 ---
--- Best Epoch: 2291, Loss: 1.0142e-01, IC: 7.6150e-02, Res: 2.5266e-02, Beta: 1.00 ---
... RAR IC , Max IC error: 0.4885, t: tensor(0.)
... RAR RES, Max residual error: 2.1858, t: tensor([[0.0006],
        [0.0010],
        [0.0176]])
--- Best Epoch: 2331, Loss: 9.5227e-02, IC: 6.8874e-02, Res: 2.6353e-02, Beta: 1.00 ---
--- Best Epoch: 2347, Loss: 9.0335e-02, IC: 6.4406e-02, Res: 2.5929e-02, Beta: 1.00 ---
... RAR IC , Max IC error: 0.3052, t: tensor(0.)
... RAR RES, Max residual error: 1.8955, t: tensor([[0.0045],
        [0.0018],
        [0.0041]])
--- Best Epoch: 2451, Loss: 8.6124e-02, IC: 6.2498e-02, Res: 2.3626e-02, Beta: 1.00 ---
--- Best Epoch: 2459, Loss: 8.0728e-02, IC: 5.6890e-02, Res: 2.3837e-02, Beta: 1.00 ---
--- Best Epoch: 2467, Loss: 7.9430e-02, IC: 5.5611e-02, Res: 2.3819e-02, Beta: 1.00 ---
--- Best Epoch: 2475, Loss: 7.7026e-02, IC: 5.3614e-02, Res: 2.3412e-02, Beta: 1.00 ---
--- Best Epoch: 2483, Loss: 7.5032e-02, IC: 5.2738e-02, Res: 2.2294e-02, Beta: 1.00 ---
--- Best Epoch: 2491, Loss: 7.2920e-02, IC: 5.0108e-02, Res: 2.2812e-02, Beta: 1.00 ---
--- Best Epoch: 2499, Loss: 7.0552e-02, IC: 4.9587e-02, Res: 2.0965e-02, Beta: 1.00 ---
... RAR IC , Max IC error: 0.4248, t: tensor(0.)
... RAR RES, Max residual error: 1.7258, t: tensor([[0.0083],
        [0.0005],
        [0.0014]])
--- Best Epoch: 2643, Loss: 6.7425e-02, IC: 5.4517e-02, Res: 1.2907e-02, Beta: 1.00 ---
--- Best Epoch: 2667, Loss: 6.3286e-02, IC: 5.1118e-02, Res: 1.2168e-02, Beta: 1.00 ---
--- Best Epoch: 2675, Loss: 6.1993e-02, IC: 5.0781e-02, Res: 1.1212e-02, Beta: 1.00 ---
--- Best Epoch: 2699, Loss: 5.9305e-02, IC: 4.8550e-02, Res: 1.0755e-02, Beta: 1.00 ---
... RAR IC , Max IC error: 0.3847, t: tensor(0.)
... RAR RES, Max residual error: 1.2022, t: tensor([[0.0030],
        [0.0033],
        [0.0056]])
--- Best Epoch: 2731, Loss: 5.6617e-02, IC: 4.6200e-02, Res: 1.0417e-02, Beta: 1.00 ---
--- Best Epoch: 2739, Loss: 5.6468e-02, IC: 4.6380e-02, Res: 1.0087e-02, Beta: 1.00 ---
--- Best Epoch: 2747, Loss: 5.6042e-02, IC: 4.6027e-02, Res: 1.0015e-02, Beta: 1.00 ---
--- Best Epoch: 2755, Loss: 5.4414e-02, IC: 4.5151e-02, Res: 9.2631e-03, Beta: 1.00 ---
--- Best Epoch: 2763, Loss: 5.3772e-02, IC: 4.4716e-02, Res: 9.0559e-03, Beta: 1.00 ---
--- Best Epoch: 2771, Loss: 5.1310e-02, IC: 4.2108e-02, Res: 9.2016e-03, Beta: 1.00 ---
--- Best Epoch: 2787, Loss: 5.0939e-02, IC: 4.3014e-02, Res: 7.9253e-03, Beta: 1.00 ---
--- Best Epoch: 2795, Loss: 4.9552e-02, IC: 4.1948e-02, Res: 7.6042e-03, Beta: 1.00 ---
... RAR IC , Max IC error: 0.3053, t: tensor(0.)
... RAR RES, Max residual error: 0.9481, t: tensor([[0.0012],
        [0.0005],
        [0.1248]])
--- Best Epoch: 2851, Loss: 4.9477e-02, IC: 4.3283e-02, Res: 6.1935e-03, Beta: 1.00 ---
--- Best Epoch: 2883, Loss: 4.8771e-02, IC: 4.3391e-02, Res: 5.3795e-03, Beta: 1.00 ---
--- Best Epoch: 2891, Loss: 4.8556e-02, IC: 4.3640e-02, Res: 4.9160e-03, Beta: 1.00 ---
--- Best Epoch: 2899, Loss: 4.8196e-02, IC: 4.3356e-02, Res: 4.8399e-03, Beta: 1.00 ---
... RAR IC , Max IC error: 0.3062, t: tensor(0.)
... RAR RES, Max residual error: 0.9780, t: tensor([[0.0005],
        [0.0059],
        [0.0045]])
--- Best Epoch: 2907, Loss: 4.7122e-02, IC: 4.2148e-02, Res: 4.9739e-03, Beta: 1.00 ---
--- Best Epoch: 2939, Loss: 4.6626e-02, IC: 4.2410e-02, Res: 4.2159e-03, Beta: 1.00 ---
--- Best Epoch: 2947, Loss: 4.5944e-02, IC: 4.1803e-02, Res: 4.1410e-03, Beta: 1.00 ---
[info] Training epoch: 3000, LR: 8.57e-04
... RAR IC , Max IC error: 0.2513, t: tensor(0.)
... RAR RES, Max residual error: 1.3284, t: tensor([[0.2761],
        [0.0004],
        [0.0027]])
--- Best Epoch: 3687, Loss: 4.4329e-02, IC: 4.3066e-02, Res: 1.2629e-03, Beta: 1.00 ---
--- Best Epoch: 3695, Loss: 4.2464e-02, IC: 4.1189e-02, Res: 1.2742e-03, Beta: 1.00 ---
... RAR IC , Max IC error: 0.2182, t: tensor(0.)
... RAR RES, Max residual error: 0.5165, t: tensor([[0.0002],
        [0.0038],
        [0.0014]])
--- Best Epoch: 3823, Loss: 4.0932e-02, IC: 3.9752e-02, Res: 1.1797e-03, Beta: 1.00 ---
--- Best Epoch: 3887, Loss: 3.9344e-02, IC: 3.8228e-02, Res: 1.1160e-03, Beta: 1.00 ---
--- Best Epoch: 3895, Loss: 3.8411e-02, IC: 3.7270e-02, Res: 1.1408e-03, Beta: 1.00 ---
... RAR IC , Max IC error: 0.1945, t: tensor(0.)
... RAR RES, Max residual error: 0.4147, t: tensor([[0.1124],
        [0.0013],
        [0.0029]])
[info] Training epoch: 4000, LR: 8.15e-04
--- Best Epoch: 4007, Loss: 2.8863e-02, IC: 2.7715e-02, Res: 1.1480e-03, Beta: 1.00 ---
--- Best Epoch: 4015, Loss: 2.7568e-02, IC: 2.6359e-02, Res: 1.2095e-03, Beta: 1.00 ---
--- Best Epoch: 4023, Loss: 2.7341e-02, IC: 2.6116e-02, Res: 1.2251e-03, Beta: 1.00 ---
--- Best Epoch: 4031, Loss: 2.4640e-02, IC: 2.3167e-02, Res: 1.4723e-03, Beta: 1.00 ---
--- Best Epoch: 4047, Loss: 2.4174e-02, IC: 2.3031e-02, Res: 1.1430e-03, Beta: 1.00 ---
--- Best Epoch: 4063, Loss: 2.3524e-02, IC: 2.2388e-02, Res: 1.1359e-03, Beta: 1.00 ---
--- Best Epoch: 4079, Loss: 2.2662e-02, IC: 2.1574e-02, Res: 1.0881e-03, Beta: 1.00 ---
... RAR IC , Max IC error: 0.1558, t: tensor(0.)
... RAR RES, Max residual error: 0.3202, t: tensor([[0.0008],
        [0.0010],
        [0.0040]])
--- Best Epoch: 4103, Loss: 2.2337e-02, IC: 2.1195e-02, Res: 1.1426e-03, Beta: 1.00 ---
--- Best Epoch: 4143, Loss: 2.1984e-02, IC: 2.0893e-02, Res: 1.0908e-03, Beta: 1.00 ---
--- Best Epoch: 4159, Loss: 2.1423e-02, IC: 2.0354e-02, Res: 1.0680e-03, Beta: 1.00 ---
--- Best Epoch: 4191, Loss: 2.1070e-02, IC: 2.0004e-02, Res: 1.0655e-03, Beta: 1.00 ---
... RAR IC , Max IC error: 0.2619, t: tensor(0.)
... RAR RES, Max residual error: 0.3889, t: tensor([[0.0030],
        [0.0024],
        [0.0068]])
--- Best Epoch: 4239, Loss: 1.9941e-02, IC: 1.8912e-02, Res: 1.0290e-03, Beta: 1.00 ---
--- Best Epoch: 4255, Loss: 1.9039e-02, IC: 1.7974e-02, Res: 1.0646e-03, Beta: 1.00 ---
--- Best Epoch: 4271, Loss: 1.8812e-02, IC: 1.7773e-02, Res: 1.0388e-03, Beta: 1.00 ---
... RAR IC , Max IC error: 0.1470, t: tensor(0.)
... RAR RES, Max residual error: 1.4736, t: tensor([[0.2651],
        [0.2738],
        [0.0017]])
[info] Training epoch: 5000, LR: 7.74e-04
--- Best Epoch: 5275, Loss: 1.8481e-02, IC: 1.7305e-02, Res: 1.1756e-03, Beta: 1.00 ---
--- Best Epoch: 5283, Loss: 1.7368e-02, IC: 1.6167e-02, Res: 1.2007e-03, Beta: 1.00 ---
--- Best Epoch: 5299, Loss: 1.7068e-02, IC: 1.5848e-02, Res: 1.2203e-03, Beta: 1.00 ---
... RAR IC , Max IC error: 0.1873, t: tensor(0.)
... RAR RES, Max residual error: 0.3375, t: tensor([[0.0084],
        [0.0095],
        [0.0046]])
--- Best Epoch: 5307, Loss: 1.6260e-02, IC: 1.5026e-02, Res: 1.2331e-03, Beta: 1.00 ---
--- Best Epoch: 5315, Loss: 1.5698e-02, IC: 1.4478e-02, Res: 1.2203e-03, Beta: 1.00 ---
--- Best Epoch: 5331, Loss: 1.5326e-02, IC: 1.4152e-02, Res: 1.1735e-03, Beta: 1.00 ---
--- Best Epoch: 5339, Loss: 1.4254e-02, IC: 1.3105e-02, Res: 1.1499e-03, Beta: 1.00 ---
... RAR IC , Max IC error: 0.1719, t: tensor(0.)
... RAR RES, Max residual error: 0.4993, t: tensor([[0.2571],
        [0.0004],
        [0.0026]])
[info] Training epoch: 6000, LR: 7.35e-04
--- Best Epoch: 6235, Loss: 1.3816e-02, IC: 1.2695e-02, Res: 1.1205e-03, Beta: 1.00 ---
... RAR IC , Max IC error: 0.1493, t: tensor(0.)
... RAR RES, Max residual error: 0.3931, t: tensor([[0.2436],
        [0.0006],
        [0.0065]])
[info] Training epoch: 7000, LR: 6.98e-04
[info] Training epoch: 8000, LR: 6.63e-04
--- Best Epoch: 8323, Loss: 1.3574e-02, IC: 1.3058e-02, Res: 5.1629e-04, Beta: 1.00 ---
... RAR IC , Max IC error: 0.1307, t: tensor(0.)
... RAR RES, Max residual error: 0.9135, t: tensor([[0.0023],
        [0.0040],
        [0.0025]])
--- Best Epoch: 8779, Loss: 1.3567e-02, IC: 1.3072e-02, Res: 4.9450e-04, Beta: 1.00 ---
--- Best Epoch: 8787, Loss: 1.2810e-02, IC: 1.2323e-02, Res: 4.8668e-04, Beta: 1.00 ---
... RAR IC , Max IC error: 0.1166, t: tensor(0.)
... RAR RES, Max residual error: 0.6789, t: tensor([[0.2488],
        [0.0041],
        [0.0089]])
--- Best Epoch: 8827, Loss: 1.2418e-02, IC: 1.1799e-02, Res: 6.1853e-04, Beta: 1.00 ---
--- Best Epoch: 8859, Loss: 1.1610e-02, IC: 1.1116e-02, Res: 4.9382e-04, Beta: 1.00 ---
--- Best Epoch: 8867, Loss: 1.1503e-02, IC: 1.1056e-02, Res: 4.4735e-04, Beta: 1.00 ---
--- Best Epoch: 8875, Loss: 1.1239e-02, IC: 1.0820e-02, Res: 4.1942e-04, Beta: 1.00 ---
--- Best Epoch: 8883, Loss: 1.0858e-02, IC: 1.0443e-02, Res: 4.1445e-04, Beta: 1.00 ---
--- Best Epoch: 8891, Loss: 1.0448e-02, IC: 9.9949e-03, Res: 4.5342e-04, Beta: 1.00 ---
... RAR IC , Max IC error: 0.1255, t: tensor(0.)
... RAR RES, Max residual error: 0.1451, t: tensor([[0.2350],
        [0.0017],
        [0.0089]])
[info] Training epoch: 9000, LR: 6.30e-04
--- Best Epoch: 9675, Loss: 1.0299e-02, IC: 9.8173e-03, Res: 4.8190e-04, Beta: 1.00 ---
--- Best Epoch: 9683, Loss: 9.7516e-03, IC: 9.3251e-03, Res: 4.2646e-04, Beta: 1.00 ---
--- Best Epoch: 9691, Loss: 9.4728e-03, IC: 9.0938e-03, Res: 3.7900e-04, Beta: 1.00 ---
... RAR IC , Max IC error: 0.1208, t: tensor(0.)
... RAR RES, Max residual error: 0.1473, t: tensor([[0.0019],
        [0.0005],
        [0.0078]])
--- Best Epoch: 9731, Loss: 9.0764e-03, IC: 8.7191e-03, Res: 3.5730e-04, Beta: 1.00 ---
... RAR IC , Max IC error: 0.1108, t: tensor(0.)
... RAR RES, Max residual error: 0.2203, t: tensor([[0.0080],
        [0.0004],
        [0.0059]])
[info] Training epoch: 10000, LR: 5.99e-04
--- Best Epoch: 10247, Loss: 8.9790e-03, IC: 7.1261e-03, Res: 1.8528e-03, Beta: 1.00 ---
--- Best Epoch: 10253, Loss: 7.4649e-03, IC: 6.9572e-03, Res: 5.0776e-04, Beta: 1.00 ---
--- Best Epoch: 10295, Loss: 7.3053e-03, IC: 6.8463e-03, Res: 4.5901e-04, Beta: 1.00 ---
... RAR IC , Max IC error: 0.0280, t: tensor(0.)
... RAR RES, Max residual error: 0.1577, t: tensor([[0.1517],
        [0.0064],
        [0.0012]])
--- Best Epoch: 10319, Loss: 7.2152e-03, IC: 6.8163e-03, Res: 3.9890e-04, Beta: 1.00 ---
--- Best Epoch: 10325, Loss: 7.1346e-03, IC: 6.7212e-03, Res: 4.1342e-04, Beta: 1.00 ---
--- Best Epoch: 10331, Loss: 6.8812e-03, IC: 6.4554e-03, Res: 4.2584e-04, Beta: 1.00 ---
--- Best Epoch: 10337, Loss: 6.7174e-03, IC: 6.3439e-03, Res: 3.7353e-04, Beta: 1.00 ---
--- Best Epoch: 10343, Loss: 6.6652e-03, IC: 6.2626e-03, Res: 4.0256e-04, Beta: 1.00 ---
--- Best Epoch: 10349, Loss: 6.3223e-03, IC: 5.9083e-03, Res: 4.1395e-04, Beta: 1.00 ---
--- Best Epoch: 10355, Loss: 6.1641e-03, IC: 5.8019e-03, Res: 3.6213e-04, Beta: 1.00 ---
--- Best Epoch: 10361, Loss: 6.1356e-03, IC: 5.7488e-03, Res: 3.8681e-04, Beta: 1.00 ---
--- Best Epoch: 10367, Loss: 5.7095e-03, IC: 5.3199e-03, Res: 3.8964e-04, Beta: 1.00 ---
--- Best Epoch: 10379, Loss: 5.5570e-03, IC: 5.2061e-03, Res: 3.5088e-04, Beta: 1.00 ---
--- Best Epoch: 10385, Loss: 5.5118e-03, IC: 5.1258e-03, Res: 3.8600e-04, Beta: 1.00 ---
--- Best Epoch: 10391, Loss: 5.2780e-03, IC: 4.9254e-03, Res: 3.5259e-04, Beta: 1.00 ---
... RAR IC , Max IC error: 0.0343, t: tensor(0.)
... RAR RES, Max residual error: 0.2499, t: tensor([[0.2453],
        [0.0018],
        [0.0045]])
--- Best Epoch: 10403, Loss: 5.1886e-03, IC: 4.7853e-03, Res: 4.0332e-04, Beta: 1.00 ---
--- Best Epoch: 10409, Loss: 5.0833e-03, IC: 4.6913e-03, Res: 3.9198e-04, Beta: 1.00 ---
--- Best Epoch: 10415, Loss: 4.9969e-03, IC: 4.6105e-03, Res: 3.8641e-04, Beta: 1.00 ---
--- Best Epoch: 10421, Loss: 4.8141e-03, IC: 4.4325e-03, Res: 3.8153e-04, Beta: 1.00 ---
--- Best Epoch: 10427, Loss: 4.4616e-03, IC: 4.0778e-03, Res: 3.8383e-04, Beta: 1.00 ---
--- Best Epoch: 10433, Loss: 4.4390e-03, IC: 4.0623e-03, Res: 3.7668e-04, Beta: 1.00 ---
--- Best Epoch: 10439, Loss: 4.3257e-03, IC: 3.9600e-03, Res: 3.6574e-04, Beta: 1.00 ---
--- Best Epoch: 10445, Loss: 4.0325e-03, IC: 3.6667e-03, Res: 3.6588e-04, Beta: 1.00 ---
--- Best Epoch: 10451, Loss: 3.9962e-03, IC: 3.6381e-03, Res: 3.5810e-04, Beta: 1.00 ---
--- Best Epoch: 10469, Loss: 3.7478e-03, IC: 3.3938e-03, Res: 3.5392e-04, Beta: 1.00 ---
--- Best Epoch: 10475, Loss: 3.4543e-03, IC: 3.1179e-03, Res: 3.3648e-04, Beta: 1.00 ---
--- Best Epoch: 10481, Loss: 3.3452e-03, IC: 2.9921e-03, Res: 3.5314e-04, Beta: 1.00 ---
--- Best Epoch: 10487, Loss: 3.1182e-03, IC: 2.7791e-03, Res: 3.3907e-04, Beta: 1.00 ---
... RAR IC , Max IC error: 0.0813, t: tensor(0.)
... RAR RES, Max residual error: 0.1197, t: tensor([[0.0012],
        [0.0036],
        [0.0064]])
[info] Training epoch: 11000, LR: 5.69e-04
--- Best Epoch: 11027, Loss: 3.1147e-03, IC: 2.8756e-03, Res: 2.3911e-04, Beta: 1.00 ---
--- Best Epoch: 11039, Loss: 3.0059e-03, IC: 2.7704e-03, Res: 2.3546e-04, Beta: 1.00 ---
... RAR IC , Max IC error: 0.0684, t: tensor(0.)
... RAR RES, Max residual error: 0.1135, t: tensor([[0.0099],
        [0.0092],
        [0.0031]])
[info] Training epoch: 12000, LR: 5.40e-04
[info] Training epoch: 13000, LR: 5.13e-04
[info] Training epoch: 14000, LR: 4.88e-04
[info] Training epoch: 15000, LR: 4.63e-04
[info] Training epoch: 16000, LR: 4.40e-04
--- Best Epoch: 16979, Loss: 2.9860e-03, IC: 2.9275e-03, Res: 5.8571e-05, Beta: 1.00 ---
--- Best Epoch: 16991, Loss: 2.8540e-03, IC: 2.7986e-03, Res: 5.5385e-05, Beta: 1.00 ---
[info] Training epoch: 17000, LR: 4.18e-04
... RAR IC , Max IC error: 0.0253, t: tensor(0.)
... RAR RES, Max residual error: 0.1409, t: tensor([[0.2401],
        [0.0029],
        [0.0038]])
--- Best Epoch: 17045, Loss: 2.8464e-03, IC: 2.7784e-03, Res: 6.8023e-05, Beta: 1.00 ---
--- Best Epoch: 17051, Loss: 2.7983e-03, IC: 2.7270e-03, Res: 7.1276e-05, Beta: 1.00 ---
--- Best Epoch: 17063, Loss: 2.7310e-03, IC: 2.6638e-03, Res: 6.7217e-05, Beta: 1.00 ---
--- Best Epoch: 17081, Loss: 2.6962e-03, IC: 2.6386e-03, Res: 5.7594e-05, Beta: 1.00 ---
... RAR IC , Max IC error: 0.0422, t: tensor(0.)
... RAR RES, Max residual error: 0.1353, t: tensor([[0.2472],
        [0.2608],
        [0.1966]])
--- Best Epoch: 17837, Loss: 2.6876e-03, IC: 2.5968e-03, Res: 9.0843e-05, Beta: 1.00 ---
--- Best Epoch: 17843, Loss: 2.6511e-03, IC: 2.5609e-03, Res: 9.0177e-05, Beta: 1.00 ---
--- Best Epoch: 17849, Loss: 2.6182e-03, IC: 2.5377e-03, Res: 8.0450e-05, Beta: 1.00 ---
--- Best Epoch: 17861, Loss: 2.6155e-03, IC: 2.5535e-03, Res: 6.2031e-05, Beta: 1.00 ---
--- Best Epoch: 17867, Loss: 2.5334e-03, IC: 2.4770e-03, Res: 5.6375e-05, Beta: 1.00 ---
... RAR IC , Max IC error: 0.0222, t: tensor(0.)
... RAR RES, Max residual error: 0.3192, t: tensor([[0.2662],
        [0.2596],
        [0.0010]])
[info] Training epoch: 18000, LR: 3.97e-04
--- Best Epoch: 18149, Loss: 2.4488e-03, IC: 2.3615e-03, Res: 8.7368e-05, Beta: 1.00 ---
--- Best Epoch: 18155, Loss: 2.4316e-03, IC: 2.3476e-03, Res: 8.3965e-05, Beta: 1.00 ---
--- Best Epoch: 18173, Loss: 2.4269e-03, IC: 2.3448e-03, Res: 8.2079e-05, Beta: 1.00 ---
--- Best Epoch: 18179, Loss: 2.3196e-03, IC: 2.2381e-03, Res: 8.1454e-05, Beta: 1.00 ---
... RAR IC , Max IC error: 0.0208, t: tensor(0.)
... RAR RES, Max residual error: 0.2253, t: tensor([[0.2891],
        [0.2418],
        [0.2596]])
[info] Training epoch: 19000, LR: 3.77e-04
[info] Training epoch: 20000, LR: 3.58e-04
[info] Training epoch: 21000, LR: 3.41e-04
--- Best Epoch: 21005, Loss: 2.2557e-03, IC: 2.0793e-03, Res: 1.7643e-04, Beta: 1.00 ---
--- Best Epoch: 21017, Loss: 2.2516e-03, IC: 2.0519e-03, Res: 1.9968e-04, Beta: 1.00 ---
--- Best Epoch: 21029, Loss: 2.2274e-03, IC: 2.0432e-03, Res: 1.8421e-04, Beta: 1.00 ---
--- Best Epoch: 21035, Loss: 2.2130e-03, IC: 2.0294e-03, Res: 1.8361e-04, Beta: 1.00 ---
--- Best Epoch: 21083, Loss: 2.1836e-03, IC: 2.0735e-03, Res: 1.1007e-04, Beta: 1.00 ---
--- Best Epoch: 21089, Loss: 2.1486e-03, IC: 2.0422e-03, Res: 1.0636e-04, Beta: 1.00 ---
... RAR IC , Max IC error: 0.0151, t: tensor(0.)
... RAR RES, Max residual error: 0.0600, t: tensor([[0.0135],
        [0.0009],
        [0.0063]])
--- Best Epoch: 21455, Loss: 2.1319e-03, IC: 2.0873e-03, Res: 4.4566e-05, Beta: 1.00 ---
--- Best Epoch: 21467, Loss: 2.0849e-03, IC: 2.0409e-03, Res: 4.4008e-05, Beta: 1.00 ---
--- Best Epoch: 21473, Loss: 2.0748e-03, IC: 2.0304e-03, Res: 4.4400e-05, Beta: 1.00 ---
--- Best Epoch: 21485, Loss: 2.0707e-03, IC: 2.0267e-03, Res: 4.3976e-05, Beta: 1.00 ---
--- Best Epoch: 21491, Loss: 2.0417e-03, IC: 1.9957e-03, Res: 4.5996e-05, Beta: 1.00 ---
... RAR IC , Max IC error: 0.0188, t: tensor(0.)
... RAR RES, Max residual error: 0.2091, t: tensor([[0.2927],
        [0.0042],
        [0.0039]])
[info] Training epoch: 22000, LR: 3.24e-04
[info] Training epoch: 23000, LR: 3.07e-04
--- Best Epoch: 23405, Loss: 2.0195e-03, IC: 1.9771e-03, Res: 4.2375e-05, Beta: 1.00 ---
--- Best Epoch: 23411, Loss: 1.9974e-03, IC: 1.9529e-03, Res: 4.4472e-05, Beta: 1.00 ---
--- Best Epoch: 23423, Loss: 1.9968e-03, IC: 1.9533e-03, Res: 4.3555e-05, Beta: 1.00 ---
--- Best Epoch: 23441, Loss: 1.9651e-03, IC: 1.9225e-03, Res: 4.2608e-05, Beta: 1.00 ---
--- Best Epoch: 23459, Loss: 1.9401e-03, IC: 1.9004e-03, Res: 3.9695e-05, Beta: 1.00 ---
--- Best Epoch: 23477, Loss: 1.9131e-03, IC: 1.8693e-03, Res: 4.3872e-05, Beta: 1.00 ---
... RAR IC , Max IC error: 0.0137, t: tensor(0.)
... RAR RES, Max residual error: 0.2657, t: tensor([[0.2321],
        [0.0123],
        [0.0105]])
--- Best Epoch: 23513, Loss: 1.8942e-03, IC: 1.8246e-03, Res: 6.9565e-05, Beta: 1.00 ---
--- Best Epoch: 23537, Loss: 1.8900e-03, IC: 1.7925e-03, Res: 9.7556e-05, Beta: 1.00 ---
... RAR IC , Max IC error: 0.0187, t: tensor(0.)
... RAR RES, Max residual error: 0.2174, t: tensor([[0.1064],
        [0.0050],
        [0.0031]])
--- Best Epoch: 23891, Loss: 1.8795e-03, IC: 1.8354e-03, Res: 4.4033e-05, Beta: 1.00 ---
... RAR IC , Max IC error: 0.0171, t: tensor(0.)
... RAR RES, Max residual error: 0.0685, t: tensor([[0.2321],
        [0.0102],
        [0.0776]])
[info] Training epoch: 24000, LR: 2.92e-04
--- Best Epoch: 24005, Loss: 1.7753e-03, IC: 1.6983e-03, Res: 7.7041e-05, Beta: 1.00 ---
--- Best Epoch: 24053, Loss: 1.7566e-03, IC: 1.6544e-03, Res: 1.0225e-04, Beta: 1.00 ---
--- Best Epoch: 24071, Loss: 1.7360e-03, IC: 1.6534e-03, Res: 8.2547e-05, Beta: 1.00 ---
--- Best Epoch: 24089, Loss: 1.7326e-03, IC: 1.6664e-03, Res: 6.6172e-05, Beta: 1.00 ---
... RAR IC , Max IC error: 0.0118, t: tensor(0.)
... RAR RES, Max residual error: 0.1342, t: tensor([[0.2474],
        [0.0106],
        [0.1961]])
--- Best Epoch: 24125, Loss: 1.7314e-03, IC: 1.6453e-03, Res: 8.6147e-05, Beta: 1.00 ---
--- Best Epoch: 24137, Loss: 1.6995e-03, IC: 1.6174e-03, Res: 8.2094e-05, Beta: 1.00 ---
--- Best Epoch: 24149, Loss: 1.6830e-03, IC: 1.6035e-03, Res: 7.9480e-05, Beta: 1.00 ---
--- Best Epoch: 24161, Loss: 1.6586e-03, IC: 1.5829e-03, Res: 7.5676e-05, Beta: 1.00 ---
--- Best Epoch: 24173, Loss: 1.6528e-03, IC: 1.5729e-03, Res: 7.9938e-05, Beta: 1.00 ---
--- Best Epoch: 24179, Loss: 1.6442e-03, IC: 1.5604e-03, Res: 8.3827e-05, Beta: 1.00 ---
--- Best Epoch: 24197, Loss: 1.6430e-03, IC: 1.5424e-03, Res: 1.0061e-04, Beta: 1.00 ---
... RAR IC , Max IC error: 0.0149, t: tensor(0.)
... RAR RES, Max residual error: 0.0440, t: tensor([[0.0950],
        [0.2070],
        [0.0028]])
[info] Training epoch: 25000, LR: 2.77e-04
--- Best Epoch: 25307, Loss: 1.6398e-03, IC: 1.6018e-03, Res: 3.8048e-05, Beta: 1.00 ---
--- Best Epoch: 25313, Loss: 1.6297e-03, IC: 1.5922e-03, Res: 3.7500e-05, Beta: 1.00 ---
... RAR IC , Max IC error: 0.0175, t: tensor(0.)
... RAR RES, Max residual error: 0.1538, t: tensor([[0.0023],
        [0.0075],
        [0.0049]])
[info] Training epoch: 26000, LR: 2.64e-04
--- Best Epoch: 26423, Loss: 1.6233e-03, IC: 1.5845e-03, Res: 3.8747e-05, Beta: 1.00 ---
--- Best Epoch: 26435, Loss: 1.5918e-03, IC: 1.5485e-03, Res: 4.3292e-05, Beta: 1.00 ---
--- Best Epoch: 26441, Loss: 1.5899e-03, IC: 1.5451e-03, Res: 4.4825e-05, Beta: 1.00 ---
--- Best Epoch: 26447, Loss: 1.5837e-03, IC: 1.5434e-03, Res: 4.0297e-05, Beta: 1.00 ---
--- Best Epoch: 26453, Loss: 1.5771e-03, IC: 1.5391e-03, Res: 3.8035e-05, Beta: 1.00 ---
--- Best Epoch: 26465, Loss: 1.5634e-03, IC: 1.5243e-03, Res: 3.9089e-05, Beta: 1.00 ---
--- Best Epoch: 26471, Loss: 1.5485e-03, IC: 1.5096e-03, Res: 3.8936e-05, Beta: 1.00 ---
--- Best Epoch: 26489, Loss: 1.5343e-03, IC: 1.4990e-03, Res: 3.5344e-05, Beta: 1.00 ---
--- Best Epoch: 26495, Loss: 1.5034e-03, IC: 1.4688e-03, Res: 3.4603e-05, Beta: 1.00 ---
... RAR IC , Max IC error: 0.0111, t: tensor(0.)
... RAR RES, Max residual error: 0.0632, t: tensor([[0.1324],
        [0.0291],
        [0.0028]])
--- Best Epoch: 26555, Loss: 1.4692e-03, IC: 1.4331e-03, Res: 3.6103e-05, Beta: 1.00 ---
--- Best Epoch: 26561, Loss: 1.4686e-03, IC: 1.4318e-03, Res: 3.6750e-05, Beta: 1.00 ---
--- Best Epoch: 26567, Loss: 1.4627e-03, IC: 1.4278e-03, Res: 3.4837e-05, Beta: 1.00 ---
--- Best Epoch: 26573, Loss: 1.4255e-03, IC: 1.3879e-03, Res: 3.7676e-05, Beta: 1.00 ---
--- Best Epoch: 26585, Loss: 1.3990e-03, IC: 1.3597e-03, Res: 3.9311e-05, Beta: 1.00 ---
--- Best Epoch: 26597, Loss: 1.3948e-03, IC: 1.3575e-03, Res: 3.7355e-05, Beta: 1.00 ---
... RAR IC , Max IC error: 0.0142, t: tensor(0.)
... RAR RES, Max residual error: 0.0912, t: tensor([[0.2739],
        [0.2153],
        [0.0036]])
--- Best Epoch: 26609, Loss: 1.3857e-03, IC: 1.3462e-03, Res: 3.9480e-05, Beta: 1.00 ---
--- Best Epoch: 26615, Loss: 1.3682e-03, IC: 1.3303e-03, Res: 3.7826e-05, Beta: 1.00 ---
... RAR IC , Max IC error: 0.0243, t: tensor(0.)
... RAR RES, Max residual error: 0.0662, t: tensor([[0.0070],
        [0.2438],
        [0.0030]])
[info] Training epoch: 27000, LR: 2.50e-04
--- Best Epoch: 27005, Loss: 1.0730e-03, IC: 8.5858e-04, Res: 2.1442e-04, Beta: 1.00 ---
... RAR IC , Max IC error: 0.0111, t: tensor(0.)
... RAR RES, Max residual error: 0.0545, t: tensor([[0.0834],
        [0.2511],
        [0.1646]])
[info] Training epoch: 28000, LR: 2.38e-04
[info] Training epoch: 29000, LR: 2.26e-04
[info] Training epoch: 30000, LR: 2.15e-04
--- Best Epoch: 30005, Loss: 9.9921e-04, IC: 9.7526e-04, Res: 2.3956e-05, Beta: 1.00 ---
--- Best Epoch: 30011, Loss: 9.8300e-04, IC: 9.5677e-04, Res: 2.6231e-05, Beta: 1.00 ---
--- Best Epoch: 30029, Loss: 9.5641e-04, IC: 9.3220e-04, Res: 2.4214e-05, Beta: 1.00 ---
--- Best Epoch: 30071, Loss: 9.5513e-04, IC: 9.2967e-04, Res: 2.5459e-05, Beta: 1.00 ---
... RAR IC , Max IC error: 0.0102, t: tensor(0.)
... RAR RES, Max residual error: 0.0763, t: tensor([[0.2534],
        [0.2780],
        [0.0003]])
[info] Training epoch: 31000, LR: 2.04e-04
--- Best Epoch: 31301, Loss: 9.4502e-04, IC: 9.2150e-04, Res: 2.3526e-05, Beta: 1.00 ---
--- Best Epoch: 31313, Loss: 9.2913e-04, IC: 9.0352e-04, Res: 2.5604e-05, Beta: 1.00 ---
--- Best Epoch: 31325, Loss: 9.1202e-04, IC: 8.8667e-04, Res: 2.5350e-05, Beta: 1.00 ---
--- Best Epoch: 31331, Loss: 9.1017e-04, IC: 8.8483e-04, Res: 2.5338e-05, Beta: 1.00 ---
--- Best Epoch: 31343, Loss: 8.9483e-04, IC: 8.6913e-04, Res: 2.5701e-05, Beta: 1.00 ---
--- Best Epoch: 31355, Loss: 8.9045e-04, IC: 8.6592e-04, Res: 2.4535e-05, Beta: 1.00 ---
--- Best Epoch: 31361, Loss: 8.8146e-04, IC: 8.5549e-04, Res: 2.5967e-05, Beta: 1.00 ---
--- Best Epoch: 31373, Loss: 8.7489e-04, IC: 8.5120e-04, Res: 2.3694e-05, Beta: 1.00 ---
--- Best Epoch: 31379, Loss: 8.7384e-04, IC: 8.5017e-04, Res: 2.3670e-05, Beta: 1.00 ---
--- Best Epoch: 31397, Loss: 8.4840e-04, IC: 8.2525e-04, Res: 2.3149e-05, Beta: 1.00 ---
... RAR IC , Max IC error: 0.0102, t: tensor(0.)
... RAR RES, Max residual error: 0.1088, t: tensor([[0.2715],
        [0.0046],
        [0.0040]])
[info] Training epoch: 32000, LR: 1.94e-04
--- Best Epoch: 32285, Loss: 8.3939e-04, IC: 8.1326e-04, Res: 2.6129e-05, Beta: 1.00 ---
... RAR IC , Max IC error: 0.0104, t: tensor(0.)
... RAR RES, Max residual error: 0.0275, t: tensor([[0.2286],
        [0.0725],
        [0.2374]])
--- Best Epoch: 32705, Loss: 8.3797e-04, IC: 7.7801e-04, Res: 5.9956e-05, Beta: 1.00 ---
... RAR RES, Max residual error: 0.1268, t: tensor([[0.0087],
        [0.0038],
        [0.0077]])
[info] Training epoch: 33000, LR: 1.84e-04
--- Best Epoch: 33005, Loss: 6.7253e-04, IC: 6.5085e-04, Res: 2.1678e-05, Beta: 1.00 ---
--- Best Epoch: 33011, Loss: 6.6997e-04, IC: 6.4819e-04, Res: 2.1782e-05, Beta: 1.00 ---
--- Best Epoch: 33017, Loss: 6.6598e-04, IC: 6.4435e-04, Res: 2.1632e-05, Beta: 1.00 ---
--- Best Epoch: 33023, Loss: 6.5943e-04, IC: 6.3725e-04, Res: 2.2176e-05, Beta: 1.00 ---
--- Best Epoch: 33035, Loss: 6.5523e-04, IC: 6.3338e-04, Res: 2.1851e-05, Beta: 1.00 ---
--- Best Epoch: 33041, Loss: 6.5497e-04, IC: 6.3230e-04, Res: 2.2665e-05, Beta: 1.00 ---
... RAR RES, Max residual error: 0.0784, t: tensor([[0.0029],
        [0.0043],
        [0.0023]])
[info] Training epoch: 34000, LR: 1.75e-04
[info] Training epoch: 35000, LR: 1.66e-04
[info] Training epoch: 36000, LR: 1.58e-04
--- Best Epoch: 36005, Loss: 5.9159e-04, IC: 5.7313e-04, Res: 1.8462e-05, Beta: 1.00 ---
--- Best Epoch: 36011, Loss: 5.8446e-04, IC: 5.6618e-04, Res: 1.8273e-05, Beta: 1.00 ---
--- Best Epoch: 36017, Loss: 5.8336e-04, IC: 5.6530e-04, Res: 1.8063e-05, Beta: 1.00 ---
--- Best Epoch: 36023, Loss: 5.8106e-04, IC: 5.6150e-04, Res: 1.9563e-05, Beta: 1.00 ---
--- Best Epoch: 36029, Loss: 5.7225e-04, IC: 5.5485e-04, Res: 1.7395e-05, Beta: 1.00 ---
--- Best Epoch: 36035, Loss: 5.6365e-04, IC: 5.4650e-04, Res: 1.7145e-05, Beta: 1.00 ---
--- Best Epoch: 36065, Loss: 5.5966e-04, IC: 5.4225e-04, Res: 1.7412e-05, Beta: 1.00 ---
--- Best Epoch: 36083, Loss: 5.5918e-04, IC: 5.4198e-04, Res: 1.7196e-05, Beta: 1.00 ---
... RAR RES, Max residual error: 0.0149, t: tensor([[0.0031],
        [0.0083],
        [0.0003]])
[info] Training epoch: 37000, LR: 1.50e-04
--- Best Epoch: 37331, Loss: 5.5546e-04, IC: 5.3588e-04, Res: 1.9577e-05, Beta: 1.00 ---
--- Best Epoch: 37337, Loss: 5.5438e-04, IC: 5.3487e-04, Res: 1.9512e-05, Beta: 1.00 ---
--- Best Epoch: 37343, Loss: 5.5186e-04, IC: 5.3314e-04, Res: 1.8725e-05, Beta: 1.00 ---
--- Best Epoch: 37349, Loss: 5.4617e-04, IC: 5.2764e-04, Res: 1.8528e-05, Beta: 1.00 ---
--- Best Epoch: 37355, Loss: 5.4538e-04, IC: 5.2691e-04, Res: 1.8467e-05, Beta: 1.00 ---
--- Best Epoch: 37361, Loss: 5.4070e-04, IC: 5.2273e-04, Res: 1.7968e-05, Beta: 1.00 ---
--- Best Epoch: 37367, Loss: 5.3529e-04, IC: 5.1837e-04, Res: 1.6921e-05, Beta: 1.00 ---
--- Best Epoch: 37379, Loss: 5.3405e-04, IC: 5.1743e-04, Res: 1.6620e-05, Beta: 1.00 ---
--- Best Epoch: 37391, Loss: 5.3194e-04, IC: 5.1595e-04, Res: 1.5991e-05, Beta: 1.00 ---
... RAR RES, Max residual error: 0.0357, t: tensor([[0.1851],
        [0.2982],
        [0.0107]])
--- Best Epoch: 37403, Loss: 5.3111e-04, IC: 5.1393e-04, Res: 1.7171e-05, Beta: 1.00 ---
... RAR IC , Max IC error: 0.0131, t: tensor(0.)
... RAR RES, Max residual error: 0.0334, t: tensor([[0.0008],
        [0.0098],
        [0.0038]])
--- Best Epoch: 37727, Loss: 5.2000e-04, IC: 4.9814e-04, Res: 2.1854e-05, Beta: 1.00 ---
--- Best Epoch: 37745, Loss: 5.1393e-04, IC: 4.9006e-04, Res: 2.3876e-05, Beta: 1.00 ---
... RAR IC , Max IC error: 0.0142, t: tensor(0.)
... RAR RES, Max residual error: 0.0280, t: tensor([[0.2866],
        [0.0027],
        [0.0008]])
--- Best Epoch: 37841, Loss: 4.9502e-04, IC: 4.7719e-04, Res: 1.7835e-05, Beta: 1.00 ---
--- Best Epoch: 37847, Loss: 4.8182e-04, IC: 4.6487e-04, Res: 1.6950e-05, Beta: 1.00 ---
--- Best Epoch: 37853, Loss: 4.7384e-04, IC: 4.5692e-04, Res: 1.6921e-05, Beta: 1.00 ---
... RAR RES, Max residual error: 0.1643, t: tensor([[0.2846],
        [0.0075],
        [0.0021]])
[info] Training epoch: 38000, LR: 1.42e-04
[info] Training epoch: 39000, LR: 1.35e-04
--- Best Epoch: 39005, Loss: 3.6319e-04, IC: 3.4226e-04, Res: 2.0931e-05, Beta: 1.00 ---
--- Best Epoch: 39017, Loss: 3.5848e-04, IC: 3.3541e-04, Res: 2.3073e-05, Beta: 1.00 ---
--- Best Epoch: 39023, Loss: 3.5729e-04, IC: 3.3346e-04, Res: 2.3830e-05, Beta: 1.00 ---
--- Best Epoch: 39035, Loss: 3.5508e-04, IC: 3.2678e-04, Res: 2.8293e-05, Beta: 1.00 ---
... RAR RES, Max residual error: 0.1475, t: tensor([[0.2868],
        [0.0045],
        [0.0068]])
[info] Training epoch: 40000, LR: 1.29e-04
[info] Training epoch: 41000, LR: 1.22e-04
[info] Training epoch: 42000, LR: 1.16e-04
--- Best Epoch: 42479, Loss: 3.5376e-04, IC: 3.3743e-04, Res: 1.6326e-05, Beta: 1.00 ---
... RAR RES, Max residual error: 0.0359, t: tensor([[0.2411],
        [0.2215],
        [0.0092]])
--- Best Epoch: 42551, Loss: 3.5069e-04, IC: 3.3660e-04, Res: 1.4091e-05, Beta: 1.00 ---
--- Best Epoch: 42557, Loss: 3.4716e-04, IC: 3.3325e-04, Res: 1.3908e-05, Beta: 1.00 ---
--- Best Epoch: 42563, Loss: 3.3929e-04, IC: 3.2530e-04, Res: 1.3989e-05, Beta: 1.00 ---
... RAR RES, Max residual error: 0.0351, t: tensor([[0.2076],
        [0.0124],
        [0.0042]])
[info] Training epoch: 43000, LR: 1.10e-04
--- Best Epoch: 43223, Loss: 3.3846e-04, IC: 3.2454e-04, Res: 1.3925e-05, Beta: 1.00 ---
... RAR RES, Max residual error: 0.1482, t: tensor([[0.2945],
        [0.0044],
        [0.1333]])
--- Best Epoch: 43547, Loss: 3.3262e-04, IC: 3.1361e-04, Res: 1.9015e-05, Beta: 1.00 ---
--- Best Epoch: 43565, Loss: 3.2835e-04, IC: 3.1146e-04, Res: 1.6893e-05, Beta: 1.00 ---
--- Best Epoch: 43571, Loss: 3.2582e-04, IC: 3.0924e-04, Res: 1.6576e-05, Beta: 1.00 ---
--- Best Epoch: 43577, Loss: 3.2126e-04, IC: 3.0561e-04, Res: 1.5651e-05, Beta: 1.00 ---
... RAR RES, Max residual error: 0.0839, t: tensor([[0.0912],
        [0.1635],
        [0.1075]])
--- Best Epoch: 43685, Loss: 3.2082e-04, IC: 3.0335e-04, Res: 1.7471e-05, Beta: 1.00 ---
... RAR RES, Max residual error: 0.1219, t: tensor([[0.2888],
        [0.1655],
        [0.2311]])
--- Best Epoch: 43973, Loss: 3.2054e-04, IC: 2.9829e-04, Res: 2.2245e-05, Beta: 1.00 ---
--- Best Epoch: 43985, Loss: 3.2003e-04, IC: 2.9544e-04, Res: 2.4591e-05, Beta: 1.00 ---
--- Best Epoch: 43991, Loss: 3.1840e-04, IC: 2.9459e-04, Res: 2.3807e-05, Beta: 1.00 ---
--- Best Epoch: 43997, Loss: 3.1670e-04, IC: 2.9252e-04, Res: 2.4180e-05, Beta: 1.00 ---
[info] Training epoch: 44000, LR: 1.05e-04
... RAR RES, Max residual error: 0.0203, t: tensor([[0.2558],
        [0.0710],
        [0.1471]])
--- Best Epoch: 44045, Loss: 3.1220e-04, IC: 2.8854e-04, Res: 2.3661e-05, Beta: 1.00 ---
--- Best Epoch: 44075, Loss: 3.1130e-04, IC: 2.8626e-04, Res: 2.5036e-05, Beta: 1.00 ---
--- Best Epoch: 44087, Loss: 3.0468e-04, IC: 2.8006e-04, Res: 2.4621e-05, Beta: 1.00 ---
--- Best Epoch: 44099, Loss: 3.0364e-04, IC: 2.7906e-04, Res: 2.4583e-05, Beta: 1.00 ---
... RAR RES, Max residual error: 0.0421, t: tensor([[0.0839],
        [0.2806],
        [0.1023]])
--- Best Epoch: 44111, Loss: 2.9911e-04, IC: 2.7278e-04, Res: 2.6326e-05, Beta: 1.00 ---
--- Best Epoch: 44123, Loss: 2.9727e-04, IC: 2.6878e-04, Res: 2.8489e-05, Beta: 1.00 ---
... RAR RES, Max residual error: 0.0767, t: tensor([[0.0044],
        [0.2236],
        [0.0077]])
--- Best Epoch: 44441, Loss: 2.9401e-04, IC: 2.7257e-04, Res: 2.1441e-05, Beta: 1.00 ---
--- Best Epoch: 44447, Loss: 2.9366e-04, IC: 2.7173e-04, Res: 2.1933e-05, Beta: 1.00 ---
--- Best Epoch: 44459, Loss: 2.9330e-04, IC: 2.7328e-04, Res: 2.0018e-05, Beta: 1.00 ---
--- Best Epoch: 44471, Loss: 2.9232e-04, IC: 2.7286e-04, Res: 1.9462e-05, Beta: 1.00 ---
--- Best Epoch: 44483, Loss: 2.9023e-04, IC: 2.7144e-04, Res: 1.8794e-05, Beta: 1.00 ---
--- Best Epoch: 44489, Loss: 2.8957e-04, IC: 2.7046e-04, Res: 1.9113e-05, Beta: 1.00 ---
--- Best Epoch: 44495, Loss: 2.8877e-04, IC: 2.7008e-04, Res: 1.8685e-05, Beta: 1.00 ---
... RAR RES, Max residual error: 0.0144, t: tensor([[0.0062],
        [0.0009],
        [0.0004]])
--- Best Epoch: 44501, Loss: 2.8762e-04, IC: 2.6860e-04, Res: 1.9023e-05, Beta: 1.00 ---
... RAR RES, Max residual error: 0.1245, t: tensor([[0.2486],
        [0.2720],
        [0.1674]])
[info] Training epoch: 45000, LR: 9.94e-05
--- Best Epoch: 45185, Loss: 2.8705e-04, IC: 2.6653e-04, Res: 2.0524e-05, Beta: 1.00 ---
--- Best Epoch: 45191, Loss: 2.8572e-04, IC: 2.6529e-04, Res: 2.0429e-05, Beta: 1.00 ---
--- Best Epoch: 45197, Loss: 2.8390e-04, IC: 2.6323e-04, Res: 2.0674e-05, Beta: 1.00 ---
... RAR RES, Max residual error: 0.0457, t: tensor([[0.0532],
        [0.2561],
        [0.2913]])
--- Best Epoch: 45209, Loss: 2.8006e-04, IC: 2.5925e-04, Res: 2.0806e-05, Beta: 1.00 ---
--- Best Epoch: 45221, Loss: 2.7968e-04, IC: 2.5839e-04, Res: 2.1292e-05, Beta: 1.00 ---
--- Best Epoch: 45227, Loss: 2.7863e-04, IC: 2.5763e-04, Res: 2.0999e-05, Beta: 1.00 ---
--- Best Epoch: 45233, Loss: 2.7740e-04, IC: 2.5609e-04, Res: 2.1306e-05, Beta: 1.00 ---
--- Best Epoch: 45245, Loss: 2.7507e-04, IC: 2.5398e-04, Res: 2.1087e-05, Beta: 1.00 ---
--- Best Epoch: 45263, Loss: 2.7358e-04, IC: 2.5320e-04, Res: 2.0386e-05, Beta: 1.00 ---
--- Best Epoch: 45281, Loss: 2.7278e-04, IC: 2.5227e-04, Res: 2.0505e-05, Beta: 1.00 ---
--- Best Epoch: 45287, Loss: 2.7032e-04, IC: 2.5029e-04, Res: 2.0036e-05, Beta: 1.00 ---
--- Best Epoch: 45293, Loss: 2.6858e-04, IC: 2.4854e-04, Res: 2.0037e-05, Beta: 1.00 ---
--- Best Epoch: 45299, Loss: 2.6805e-04, IC: 2.4807e-04, Res: 1.9985e-05, Beta: 1.00 ---
... RAR RES, Max residual error: 0.0175, t: tensor([[1.9363e-01],
        [1.5399e-04],
        [8.0808e-03]])
--- Best Epoch: 45317, Loss: 2.6523e-04, IC: 2.4537e-04, Res: 1.9861e-05, Beta: 1.00 ---
--- Best Epoch: 45323, Loss: 2.6382e-04, IC: 2.4411e-04, Res: 1.9717e-05, Beta: 1.00 ---
... RAR RES, Max residual error: 0.0441, t: tensor([[0.0105],
        [0.1917],
        [0.0002]])
[info] Training epoch: 46000, LR: 9.45e-05
--- Best Epoch: 46235, Loss: 2.6351e-04, IC: 2.4447e-04, Res: 1.9041e-05, Beta: 1.00 ---
--- Best Epoch: 46265, Loss: 2.6176e-04, IC: 2.4272e-04, Res: 1.9036e-05, Beta: 1.00 ---
--- Best Epoch: 46277, Loss: 2.6115e-04, IC: 2.4248e-04, Res: 1.8663e-05, Beta: 1.00 ---
--- Best Epoch: 46283, Loss: 2.6053e-04, IC: 2.4176e-04, Res: 1.8772e-05, Beta: 1.00 ---
--- Best Epoch: 46289, Loss: 2.5886e-04, IC: 2.4018e-04, Res: 1.8671e-05, Beta: 1.00 ---
... RAR RES, Max residual error: 0.1225, t: tensor([[0.1327],
        [0.1054],
        [0.1414]])
--- Best Epoch: 46631, Loss: 2.5860e-04, IC: 2.3775e-04, Res: 2.0850e-05, Beta: 1.00 ---
--- Best Epoch: 46643, Loss: 2.5602e-04, IC: 2.3453e-04, Res: 2.1494e-05, Beta: 1.00 ---
--- Best Epoch: 46649, Loss: 2.5524e-04, IC: 2.3344e-04, Res: 2.1806e-05, Beta: 1.00 ---
--- Best Epoch: 46679, Loss: 2.5292e-04, IC: 2.3080e-04, Res: 2.2125e-05, Beta: 1.00 ---
--- Best Epoch: 46685, Loss: 2.5057e-04, IC: 2.2775e-04, Res: 2.2821e-05, Beta: 1.00 ---
--- Best Epoch: 46691, Loss: 2.4939e-04, IC: 2.2639e-04, Res: 2.2998e-05, Beta: 1.00 ---
... RAR RES, Max residual error: 0.0978, t: tensor([[0.2953],
        [0.0823],
        [0.1681]])
--- Best Epoch: 46709, Loss: 2.4909e-04, IC: 2.2279e-04, Res: 2.6308e-05, Beta: 1.00 ---
--- Best Epoch: 46715, Loss: 2.4806e-04, IC: 2.2125e-04, Res: 2.6808e-05, Beta: 1.00 ---
--- Best Epoch: 46727, Loss: 2.4745e-04, IC: 2.1693e-04, Res: 3.0521e-05, Beta: 1.00 ---
--- Best Epoch: 46733, Loss: 2.4742e-04, IC: 2.1457e-04, Res: 3.2852e-05, Beta: 1.00 ---
... RAR RES, Max residual error: 0.0436, t: tensor([[0.0031],
        [0.0044],
        [0.0057]])
--- Best Epoch: 46985, Loss: 2.4681e-04, IC: 2.2671e-04, Res: 2.0106e-05, Beta: 1.00 ---
--- Best Epoch: 46991, Loss: 2.4482e-04, IC: 2.2461e-04, Res: 2.0210e-05, Beta: 1.00 ---
[info] Training epoch: 47000, LR: 8.97e-05
... RAR RES, Max residual error: 0.0397, t: tensor([[0.2776],
        [0.0008],
        [0.0139]])
--- Best Epoch: 47057, Loss: 2.4461e-04, IC: 2.2407e-04, Res: 2.0539e-05, Beta: 1.00 ---
--- Best Epoch: 47075, Loss: 2.4434e-04, IC: 2.2419e-04, Res: 2.0149e-05, Beta: 1.00 ---
--- Best Epoch: 47081, Loss: 2.4299e-04, IC: 2.2286e-04, Res: 2.0130e-05, Beta: 1.00 ---
--- Best Epoch: 47087, Loss: 2.4205e-04, IC: 2.2201e-04, Res: 2.0037e-05, Beta: 1.00 ---
--- Best Epoch: 47099, Loss: 2.4170e-04, IC: 2.2185e-04, Res: 1.9847e-05, Beta: 1.00 ---
... RAR RES, Max residual error: 0.0250, t: tensor([[0.2152],
        [0.2212],
        [0.2870]])
--- Best Epoch: 47105, Loss: 2.4013e-04, IC: 2.1953e-04, Res: 2.0599e-05, Beta: 1.00 ---
--- Best Epoch: 47117, Loss: 2.3857e-04, IC: 2.1829e-04, Res: 2.0280e-05, Beta: 1.00 ---
... RAR RES, Max residual error: 0.0218, t: tensor([[0.0031],
        [0.0079],
        [0.0055]])
--- Best Epoch: 47207, Loss: 2.3507e-04, IC: 1.9887e-04, Res: 3.6193e-05, Beta: 1.00 ---
... RAR RES, Max residual error: 0.0183, t: tensor([[0.0090],
        [0.0042],
        [0.0043]])
--- Best Epoch: 47465, Loss: 2.3482e-04, IC: 2.1591e-04, Res: 1.8912e-05, Beta: 1.00 ---
--- Best Epoch: 47471, Loss: 2.3386e-04, IC: 2.1473e-04, Res: 1.9132e-05, Beta: 1.00 ---
--- Best Epoch: 47477, Loss: 2.3101e-04, IC: 2.1194e-04, Res: 1.9073e-05, Beta: 1.00 ---
--- Best Epoch: 47483, Loss: 2.2974e-04, IC: 2.1063e-04, Res: 1.9115e-05, Beta: 1.00 ---
--- Best Epoch: 47495, Loss: 2.2954e-04, IC: 2.1046e-04, Res: 1.9083e-05, Beta: 1.00 ---
... RAR RES, Max residual error: 0.0139, t: tensor([[0.0738],
        [0.0004],
        [0.0003]])
--- Best Epoch: 47561, Loss: 2.2684e-04, IC: 2.0800e-04, Res: 1.8835e-05, Beta: 1.00 ---
--- Best Epoch: 47567, Loss: 2.2282e-04, IC: 2.0433e-04, Res: 1.8489e-05, Beta: 1.00 ---
... RAR RES, Max residual error: 0.0452, t: tensor([[0.2901],
        [0.2596],
        [0.0012]])
[info] Training epoch: 48000, LR: 8.53e-05
--- Best Epoch: 48137, Loss: 2.2165e-04, IC: 2.0197e-04, Res: 1.9678e-05, Beta: 1.00 ---
--- Best Epoch: 48161, Loss: 2.2068e-04, IC: 2.0103e-04, Res: 1.9651e-05, Beta: 1.00 ---
--- Best Epoch: 48167, Loss: 2.2008e-04, IC: 1.9972e-04, Res: 2.0358e-05, Beta: 1.00 ---
--- Best Epoch: 48173, Loss: 2.1820e-04, IC: 1.9834e-04, Res: 1.9865e-05, Beta: 1.00 ---
--- Best Epoch: 48179, Loss: 2.1592e-04, IC: 1.9620e-04, Res: 1.9721e-05, Beta: 1.00 ---
--- Best Epoch: 48185, Loss: 2.1523e-04, IC: 1.9527e-04, Res: 1.9956e-05, Beta: 1.00 ---
--- Best Epoch: 48191, Loss: 2.1335e-04, IC: 1.9346e-04, Res: 1.9892e-05, Beta: 1.00 ---
... RAR RES, Max residual error: 0.1116, t: tensor([[0.1931],
        [0.2969],
        [0.0008]])
--- Best Epoch: 48227, Loss: 2.1223e-04, IC: 1.9010e-04, Res: 2.2133e-05, Beta: 1.00 ---
--- Best Epoch: 48239, Loss: 2.1132e-04, IC: 1.8948e-04, Res: 2.1839e-05, Beta: 1.00 ---
--- Best Epoch: 48263, Loss: 2.0912e-04, IC: 1.8756e-04, Res: 2.1561e-05, Beta: 1.00 ---
--- Best Epoch: 48269, Loss: 2.0911e-04, IC: 1.8742e-04, Res: 2.1686e-05, Beta: 1.00 ---
--- Best Epoch: 48275, Loss: 2.0893e-04, IC: 1.8686e-04, Res: 2.2068e-05, Beta: 1.00 ---
--- Best Epoch: 48293, Loss: 2.0851e-04, IC: 1.8404e-04, Res: 2.4464e-05, Beta: 1.00 ---
--- Best Epoch: 48299, Loss: 2.0829e-04, IC: 1.8160e-04, Res: 2.6691e-05, Beta: 1.00 ---
... RAR RES, Max residual error: 0.0690, t: tensor([[0.2463],
        [0.1018],
        [0.0866]])
--- Best Epoch: 48641, Loss: 2.0820e-04, IC: 1.8756e-04, Res: 2.0645e-05, Beta: 1.00 ---
--- Best Epoch: 48677, Loss: 2.0802e-04, IC: 1.8747e-04, Res: 2.0550e-05, Beta: 1.00 ---
--- Best Epoch: 48683, Loss: 2.0663e-04, IC: 1.8588e-04, Res: 2.0756e-05, Beta: 1.00 ---
--- Best Epoch: 48695, Loss: 2.0603e-04, IC: 1.8510e-04, Res: 2.0932e-05, Beta: 1.00 ---
... RAR RES, Max residual error: 0.0191, t: tensor([[0.0505],
        [0.2174],
        [0.2477]])
--- Best Epoch: 48719, Loss: 2.0421e-04, IC: 1.8247e-04, Res: 2.1734e-05, Beta: 1.00 ---
--- Best Epoch: 48731, Loss: 2.0390e-04, IC: 1.8125e-04, Res: 2.2649e-05, Beta: 1.00 ---
--- Best Epoch: 48737, Loss: 2.0055e-04, IC: 1.7733e-04, Res: 2.3222e-05, Beta: 1.00 ---
--- Best Epoch: 48761, Loss: 1.9977e-04, IC: 1.7285e-04, Res: 2.6914e-05, Beta: 1.00 ---
... RAR RES, Max residual error: 0.0495, t: tensor([[0.1365],
        [0.2114],
        [0.1076]])
[info] Training epoch: 49000, LR: 8.10e-05
--- Best Epoch: 49181, Loss: 1.9688e-04, IC: 1.7621e-04, Res: 2.0670e-05, Beta: 1.00 ---
--- Best Epoch: 49199, Loss: 1.9659e-04, IC: 1.7530e-04, Res: 2.1291e-05, Beta: 1.00 ---
... RAR RES, Max residual error: 0.0182, t: tensor([[0.0006],
        [0.2238],
        [0.0004]])
--- Best Epoch: 49217, Loss: 1.9607e-04, IC: 1.7299e-04, Res: 2.3073e-05, Beta: 1.00 ---
--- Best Epoch: 49223, Loss: 1.9255e-04, IC: 1.6896e-04, Res: 2.3586e-05, Beta: 1.00 ---
--- Best Epoch: 49241, Loss: 1.9157e-04, IC: 1.6425e-04, Res: 2.7326e-05, Beta: 1.00 ---
... RAR RES, Max residual error: 0.0986, t: tensor([[0.1110],
        [0.0012],
        [0.0061]])
--- Best Epoch: 49326, Loss: 1.8933e-04, IC: 1.6734e-04, Res: 2.1988e-05, Beta: 1.00 ---
--- Best Epoch: 49329, Loss: 1.6218e-04, IC: 1.8471e-05, Res: 1.4370e-04, Beta: 1.00 ---
--- Best Epoch: 49334, Loss: 1.3574e-04, IC: 8.3591e-05, Res: 5.2151e-05, Beta: 1.00 ---
... RAR RES, Max residual error: 0.0206, t: tensor([[0.0060],
        [0.2933],
        [0.0073]])
[info] Training epoch: 50000, LR: 7.69e-05
--- Best Epoch: 50369, Loss: 1.3509e-04, IC: 1.1594e-04, Res: 1.9147e-05, Beta: 1.00 ---
--- Best Epoch: 50399, Loss: 1.3426e-04, IC: 1.1475e-04, Res: 1.9501e-05, Beta: 1.00 ---
... RAR RES, Max residual error: 0.0134, t: tensor([[0.0072],
        [0.0052],
        [0.0007]])
--- Best Epoch: 50411, Loss: 1.3195e-04, IC: 1.1250e-04, Res: 1.9457e-05, Beta: 1.00 ---
--- Best Epoch: 50417, Loss: 1.3165e-04, IC: 1.1217e-04, Res: 1.9477e-05, Beta: 1.00 ---
--- Best Epoch: 50435, Loss: 1.3147e-04, IC: 1.1227e-04, Res: 1.9193e-05, Beta: 1.00 ---
--- Best Epoch: 50441, Loss: 1.3052e-04, IC: 1.1133e-04, Res: 1.9190e-05, Beta: 1.00 ---
--- Best Epoch: 50453, Loss: 1.2999e-04, IC: 1.1092e-04, Res: 1.9072e-05, Beta: 1.00 ---
--- Best Epoch: 50459, Loss: 1.2800e-04, IC: 1.0890e-04, Res: 1.9102e-05, Beta: 1.00 ---
--- Best Epoch: 50483, Loss: 1.2777e-04, IC: 1.0831e-04, Res: 1.9455e-05, Beta: 1.00 ---
--- Best Epoch: 50495, Loss: 1.2699e-04, IC: 1.0738e-04, Res: 1.9609e-05, Beta: 1.00 ---
... RAR RES, Max residual error: 0.0216, t: tensor([[0.0850],
        [0.2893],
        [0.2384]])
--- Best Epoch: 50519, Loss: 1.2595e-04, IC: 1.0662e-04, Res: 1.9338e-05, Beta: 1.00 ---
--- Best Epoch: 50543, Loss: 1.2417e-04, IC: 1.0486e-04, Res: 1.9309e-05, Beta: 1.00 ---
--- Best Epoch: 50555, Loss: 1.2400e-04, IC: 1.0442e-04, Res: 1.9575e-05, Beta: 1.00 ---
--- Best Epoch: 50561, Loss: 1.2333e-04, IC: 1.0365e-04, Res: 1.9673e-05, Beta: 1.00 ---
--- Best Epoch: 50573, Loss: 1.2328e-04, IC: 1.0331e-04, Res: 1.9976e-05, Beta: 1.00 ---
--- Best Epoch: 50579, Loss: 1.2168e-04, IC: 1.0210e-04, Res: 1.9575e-05, Beta: 1.00 ---
--- Best Epoch: 50597, Loss: 1.2166e-04, IC: 1.0248e-04, Res: 1.9184e-05, Beta: 1.00 ---
... RAR RES, Max residual error: 0.0530, t: tensor([[0.0977],
        [0.1531],
        [0.0045]])
--- Best Epoch: 50609, Loss: 1.2028e-04, IC: 1.0045e-04, Res: 1.9836e-05, Beta: 1.00 ---
--- Best Epoch: 50633, Loss: 1.1839e-04, IC: 9.8126e-05, Res: 2.0260e-05, Beta: 1.00 ---
--- Best Epoch: 50651, Loss: 1.1709e-04, IC: 9.6556e-05, Res: 2.0538e-05, Beta: 1.00 ---
--- Best Epoch: 50675, Loss: 1.1578e-04, IC: 9.5034e-05, Res: 2.0742e-05, Beta: 1.00 ---
--- Best Epoch: 50699, Loss: 1.1465e-04, IC: 9.4031e-05, Res: 2.0619e-05, Beta: 1.00 ---
... RAR RES, Max residual error: 0.0352, t: tensor([[0.1207],
        [0.0056],
        [0.0103]])
--- Best Epoch: 50723, Loss: 1.1251e-04, IC: 9.2067e-05, Res: 2.0444e-05, Beta: 1.00 ---
--- Best Epoch: 50747, Loss: 1.1174e-04, IC: 9.1206e-05, Res: 2.0536e-05, Beta: 1.00 ---
--- Best Epoch: 50759, Loss: 1.1105e-04, IC: 9.0250e-05, Res: 2.0801e-05, Beta: 1.00 ---
--- Best Epoch: 50777, Loss: 1.0947e-04, IC: 8.7613e-05, Res: 2.1858e-05, Beta: 1.00 ---
... RAR RES, Max residual error: 0.0248, t: tensor([[0.0067],
        [0.0156],
        [0.0034]])
[info] Training epoch: 51000, LR: 7.31e-05
[info] Training epoch: 52000, LR: 6.94e-05
[info] Training epoch: 53000, LR: 6.60e-05
[info] Training epoch: 54000, LR: 6.27e-05
[info] Training epoch: 55000, LR: 5.95e-05
--- Best Epoch: 55583, Loss: 1.0909e-04, IC: 9.5598e-05, Res: 1.3494e-05, Beta: 1.00 ---
--- Best Epoch: 55595, Loss: 1.0879e-04, IC: 9.5137e-05, Res: 1.3653e-05, Beta: 1.00 ---
... RAR RES, Max residual error: 0.0143, t: tensor([[0.1272],
        [0.0063],
        [0.2046]])
--- Best Epoch: 55601, Loss: 1.0871e-04, IC: 9.4663e-05, Res: 1.4044e-05, Beta: 1.00 ---
--- Best Epoch: 55607, Loss: 1.0843e-04, IC: 9.4231e-05, Res: 1.4199e-05, Beta: 1.00 ---
--- Best Epoch: 55619, Loss: 1.0839e-04, IC: 9.4283e-05, Res: 1.4111e-05, Beta: 1.00 ---
... RAR RES, Max residual error: 0.0151, t: tensor([[0.1768],
        [0.1218],
        [0.0030]])
[info] Training epoch: 56000, LR: 5.66e-05
--- Best Epoch: 56006, Loss: 1.0806e-04, IC: 9.3892e-05, Res: 1.4171e-05, Beta: 1.00 ---
--- Best Epoch: 56012, Loss: 1.0795e-04, IC: 9.3939e-05, Res: 1.4007e-05, Beta: 1.00 ---
--- Best Epoch: 56018, Loss: 1.0791e-04, IC: 9.3819e-05, Res: 1.4096e-05, Beta: 1.00 ---
... RAR RES, Max residual error: 0.0308, t: tensor([[0.2348],
        [0.0005],
        [0.0062]])
--- Best Epoch: 56267, Loss: 1.0535e-04, IC: 8.8471e-05, Res: 1.6881e-05, Beta: 1.00 ---
--- Best Epoch: 56273, Loss: 1.0530e-04, IC: 8.7356e-05, Res: 1.7943e-05, Beta: 1.00 ---
... RAR RES, Max residual error: 0.0295, t: tensor([[0.2504],
        [0.2289],
        [0.2910]])
--- Best Epoch: 56355, Loss: 9.3700e-05, IC: 7.6052e-05, Res: 1.7649e-05, Beta: 1.00 ---
--- Best Epoch: 56358, Loss: 6.3071e-05, IC: 3.6503e-05, Res: 2.6568e-05, Beta: 1.00 ---
--- Best Epoch: 56364, Loss: 3.3693e-05, IC: 1.9289e-05, Res: 1.4404e-05, Beta: 1.00 ---
--- Best Epoch: 56373, Loss: 3.0296e-05, IC: 1.2983e-05, Res: 1.7313e-05, Beta: 1.00 ---
... RAR IC , Max IC error: 0.0115, t: tensor(0.)
... RAR RES, Max residual error: 0.0494, t: tensor([[0.0049],
        [0.0073],
        [0.0054]])
[info] Training epoch: 57000, LR: 5.37e-05
[info] Training epoch: 58000, LR: 5.10e-05
[info] Training epoch: 59000, LR: 4.85e-05
[info] Training epoch: 60000, LR: 4.61e-05
===== logging end   2025-10-20 21:42:05 =====
