
===== logging start 2025-10-22 15:01:39 =====
--- Save Epoch 1, Loss=1.1716e+06, IC=3.0991e-01, Res=1.1716e+06, Beta=0.00 ---
... RAR IC , Max IC error: 1.6986, t: tensor(0.)
... RAR RES, Max residual error: 7415.0371, t: tensor([[0.2855],
        [0.1434],
        [0.1400]])
--- Save Epoch 138, Loss=1.1108e+06, IC=1.7981e+02, Res=1.1107e+06, Beta=0.02 ---
--- Save Epoch 140, Loss=1.0187e+06, IC=1.7805e+02, Res=1.0185e+06, Beta=0.04 ---
--- Save Epoch 147, Loss=9.5420e+05, IC=1.6756e+02, Res=9.5403e+05, Beta=0.06 ---
--- Save Epoch 149, Loss=8.7705e+05, IC=1.6250e+02, Res=8.7688e+05, Beta=0.08 ---
--- Save Epoch 150, Loss=7.5821e+05, IC=1.7048e+02, Res=7.5804e+05, Beta=0.10 ---
--- Save Epoch 153, Loss=6.7063e+05, IC=1.6262e+02, Res=6.7047e+05, Beta=0.12 ---
--- Save Epoch 159, Loss=6.2696e+05, IC=1.4401e+02, Res=6.2682e+05, Beta=0.14 ---
--- Save Epoch 162, Loss=5.5687e+05, IC=1.4575e+02, Res=5.5672e+05, Beta=0.16 ---
--- Save Epoch 183, Loss=4.7436e+05, IC=1.4416e+02, Res=4.7422e+05, Beta=0.18 ---
--- Save Epoch 194, Loss=3.6833e+05, IC=1.6308e+02, Res=3.6816e+05, Beta=0.20 ---
--- Save Epoch 195, Loss=3.4427e+05, IC=1.6412e+02, Res=3.4411e+05, Beta=0.22 ---
... RAR IC , Max IC error: 23.0867, t: tensor(0.)
... RAR RES, Max residual error: 9730.3145, t: tensor([[0.2005],
        [0.2013],
        [0.1778]])
--- Save Epoch 218, Loss=3.2379e+05, IC=1.7826e+02, Res=3.2361e+05, Beta=0.24 ---
--- Save Epoch 228, Loss=1.9472e+05, IC=1.9514e+02, Res=1.9453e+05, Beta=0.26 ---
--- Save Epoch 286, Loss=1.3852e+05, IC=2.0600e+02, Res=1.3831e+05, Beta=0.28 ---
... RAR IC , Max IC error: 24.8328, t: tensor(0.)
... RAR RES, Max residual error: 6599.5601, t: tensor([[0.2973],
        [0.2895],
        [0.2415]])
--- Save Epoch 725, Loss=1.3011e+05, IC=4.4306e+02, Res=1.2967e+05, Beta=0.30 ---
--- Save Epoch 785, Loss=1.1344e+05, IC=4.6526e+02, Res=1.1297e+05, Beta=0.32 ---
--- Save Epoch 794, Loss=7.6702e+04, IC=4.6624e+02, Res=7.6236e+04, Beta=0.34 ---
... RAR IC , Max IC error: 30.3690, t: tensor(0.)
... RAR RES, Max residual error: 6678.8984, t: tensor([[0.2997],
        [0.2908],
        [0.2730]])
--- Save Epoch 826, Loss=6.3588e+04, IC=4.7064e+02, Res=6.3118e+04, Beta=0.36 ---
... RAR IC , Max IC error: 30.5124, t: tensor(0.)
... RAR RES, Max residual error: 4739.3135, t: tensor([[0.0581],
        [0.1302],
        [0.1766]])
[info] epoch 1000, lr=9.50e-04
--- Save Epoch 1377, Loss=5.7489e+04, IC=5.0932e+02, Res=5.6979e+04, Beta=0.38 ---
--- Save Epoch 1379, Loss=4.2105e+04, IC=5.3529e+02, Res=4.1570e+04, Beta=0.40 ---
--- Save Epoch 1393, Loss=3.8454e+04, IC=4.8017e+02, Res=3.7974e+04, Beta=0.42 ---
... RAR IC , Max IC error: 29.3624, t: tensor(0.)
... RAR RES, Max residual error: 6873.6279, t: tensor([[0.0078],
        [0.0322],
        [0.0335]])
--- Save Epoch 1437, Loss=3.4812e+04, IC=4.6556e+02, Res=3.4347e+04, Beta=0.44 ---
--- Save Epoch 1446, Loss=3.0247e+04, IC=5.1936e+02, Res=2.9728e+04, Beta=0.46 ---
--- Save Epoch 1447, Loss=2.7782e+04, IC=5.1875e+02, Res=2.7263e+04, Beta=0.48 ---
--- Save Epoch 1465, Loss=2.4681e+04, IC=5.0646e+02, Res=2.4175e+04, Beta=0.50 ---
--- Save Epoch 1469, Loss=2.3034e+04, IC=4.9921e+02, Res=2.2534e+04, Beta=0.52 ---
--- Save Epoch 1476, Loss=1.9954e+04, IC=5.0246e+02, Res=1.9452e+04, Beta=0.54 ---
... RAR IC , Max IC error: 28.6637, t: tensor(0.)
... RAR RES, Max residual error: 1902.0038, t: tensor([[0.2820],
        [0.2921],
        [0.2978]])
--- Save Epoch 1563, Loss=1.8249e+04, IC=4.6310e+02, Res=1.7786e+04, Beta=0.56 ---
--- Save Epoch 1584, Loss=1.6580e+04, IC=4.6253e+02, Res=1.6118e+04, Beta=0.58 ---
--- Save Epoch 1585, Loss=1.0810e+04, IC=4.6131e+02, Res=1.0349e+04, Beta=0.60 ---
--- Save Epoch 1588, Loss=9.3690e+03, IC=4.6432e+02, Res=8.9047e+03, Beta=0.62 ---
--- Save Epoch 1594, Loss=6.1028e+03, IC=4.4970e+02, Res=5.6531e+03, Beta=0.64 ---
... RAR IC , Max IC error: 27.3013, t: tensor(0.)
... RAR RES, Max residual error: 2105.1594, t: tensor([[0.2954],
        [0.2883],
        [0.2954]])
--- Save Epoch 1764, Loss=4.0905e+03, IC=3.8655e+02, Res=3.7040e+03, Beta=0.66 ---
... RAR IC , Max IC error: 24.7123, t: tensor(0.)
... RAR RES, Max residual error: 1418.3683, t: tensor([[0.0150],
        [0.0548],
        [0.0165]])
[info] epoch 2000, lr=9.02e-04
--- Save Epoch 2292, Loss=3.2251e+03, IC=2.4447e+02, Res=2.9806e+03, Beta=0.68 ---
... RAR IC , Max IC error: 21.3328, t: tensor(0.)
... RAR RES, Max residual error: 908.2679, t: tensor([[0.0042],
        [0.0042],
        [0.2749]])
[info] epoch 3000, lr=8.57e-04
--- Save Epoch 3305, Loss=2.6904e+03, IC=5.0435e+01, Res=2.6400e+03, Beta=0.70 ---
... RAR IC , Max IC error: 37.2862, t: tensor(0.)
... RAR RES, Max residual error: 753.2627, t: tensor([[0.2942],
        [0.2718],
        [0.0777]])
--- Save Epoch 3531, Loss=2.1934e+03, IC=4.8668e+01, Res=2.1447e+03, Beta=0.72 ---
... RAR IC , Max IC error: 35.7525, t: tensor(0.)
... RAR RES, Max residual error: 1283.8313, t: tensor([[0.0066],
        [0.0250],
        [0.0203]])
--- Save Epoch 3662, Loss=1.6808e+03, IC=5.7486e+01, Res=1.6233e+03, Beta=0.74 ---
... RAR IC , Max IC error: 38.7285, t: tensor(0.)
... RAR RES, Max residual error: 1200.4166, t: tensor([[0.1587],
        [0.1445],
        [0.1622]])
[info] epoch 4000, lr=8.15e-04
--- Save Epoch 4579, Loss=1.2933e+03, IC=4.2270e+01, Res=1.2510e+03, Beta=0.76 ---
... RAR IC , Max IC error: 31.9503, t: tensor(0.)
... RAR RES, Max residual error: 869.8069, t: tensor([[0.2989],
        [0.0096],
        [0.0660]])
--- Save Epoch 4803, Loss=1.1240e+03, IC=5.4185e+01, Res=1.0698e+03, Beta=0.78 ---
... RAR IC , Max IC error: 35.0461, t: tensor(0.)
... RAR RES, Max residual error: 646.4732, t: tensor([[0.2817],
        [0.0931],
        [0.2996]])
--- Save Epoch 4990, Loss=1.0644e+03, IC=5.5328e+01, Res=1.0091e+03, Beta=0.80 ---
--- Save Epoch 4997, Loss=9.8800e+02, IC=5.3368e+01, Res=9.3463e+02, Beta=0.82 ---
[info] epoch 5000, lr=7.74e-04
--- Save Epoch 5000, Loss=8.9208e+02, IC=5.4509e+01, Res=8.3757e+02, Beta=0.84 ---
... RAR IC , Max IC error: 34.1609, t: tensor(0.)
... RAR RES, Max residual error: 913.0980, t: tensor([[0.0115],
        [0.0180],
        [0.0017]])
--- Save Epoch 5855, Loss=7.3533e+02, IC=3.7295e+01, Res=6.9803e+02, Beta=0.86 ---
--- Save Epoch 5859, Loss=5.8909e+02, IC=3.8690e+01, Res=5.5040e+02, Beta=0.88 ---
--- Save Epoch 5867, Loss=5.2950e+02, IC=3.7937e+01, Res=4.9156e+02, Beta=0.90 ---
--- Save Epoch 5871, Loss=4.5154e+02, IC=3.7542e+01, Res=4.1400e+02, Beta=0.92 ---
--- Save Epoch 5872, Loss=4.1736e+02, IC=3.7048e+01, Res=3.8031e+02, Beta=0.94 ---
--- Save Epoch 5873, Loss=2.5157e+02, IC=3.7779e+01, Res=2.1379e+02, Beta=0.96 ---
--- Save Epoch 5874, Loss=1.8042e+02, IC=4.0919e+01, Res=1.3950e+02, Beta=0.98 ---
--- Save Epoch 5875, Loss=1.6030e+02, IC=3.9421e+01, Res=1.2088e+02, Beta=1.00 ---
--- Save Epoch 5877, Loss=1.3327e+02, IC=2.9650e+01, Res=1.0362e+02, Beta=1.00 ---
--- Save Epoch 5878, Loss=1.1419e+02, IC=1.5356e+01, Res=9.8833e+01, Beta=1.00 ---
--- Save Epoch 5879, Loss=7.6003e+01, IC=1.4812e+01, Res=6.1192e+01, Beta=1.00 ---
--- Save Epoch 5880, Loss=3.8899e+01, IC=1.1310e+01, Res=2.7589e+01, Beta=1.00 ---
--- Save Epoch 5881, Loss=1.7824e+01, IC=4.5352e+00, Res=1.3289e+01, Beta=1.00 ---
--- Save Epoch 5882, Loss=5.7761e+00, IC=6.5772e-01, Res=5.1184e+00, Beta=1.00 ---
--- Save Epoch 5883, Loss=2.5515e+00, IC=7.2896e-01, Res=1.8225e+00, Beta=1.00 ---
--- Save Epoch 5885, Loss=2.4155e+00, IC=3.8074e-01, Res=2.0347e+00, Beta=1.00 ---
--- Save Epoch 5890, Loss=2.1175e+00, IC=2.6055e-01, Res=1.8570e+00, Beta=1.00 ---
--- Save Epoch 5891, Loss=1.6199e+00, IC=2.0279e-01, Res=1.4171e+00, Beta=1.00 ---
--- Save Epoch 5893, Loss=5.9622e-01, IC=1.4456e-01, Res=4.5165e-01, Beta=1.00 ---
--- Save Epoch 5896, Loss=3.9324e-01, IC=2.0375e-02, Res=3.7286e-01, Beta=1.00 ---
... RAR IC , Max IC error: 0.9297, t: tensor(0.)
... RAR RES, Max residual error: 4.2989, t: tensor([[0.0508],
        [0.0014],
        [0.2994]])
--- Save Epoch 5983, Loss=3.6838e-01, IC=7.5419e-03, Res=3.6084e-01, Beta=1.00 ---
--- Save Epoch 5984, Loss=3.4721e-01, IC=8.2635e-03, Res=3.3895e-01, Beta=1.00 ---
--- Save Epoch 5992, Loss=3.2701e-01, IC=2.4551e-02, Res=3.0246e-01, Beta=1.00 ---
--- Save Epoch 5995, Loss=3.0426e-01, IC=8.4242e-03, Res=2.9583e-01, Beta=1.00 ---
[info] epoch 6000, lr=7.35e-04
... RAR IC , Max IC error: 0.4376, t: tensor(0.)
... RAR RES, Max residual error: 4.9337, t: tensor([[0.0801],
        [0.0395],
        [0.1532]])
--- Save Epoch 6018, Loss=2.7636e-01, IC=9.0768e-03, Res=2.6729e-01, Beta=1.00 ---
--- Save Epoch 6037, Loss=2.5687e-01, IC=1.1216e-02, Res=2.4566e-01, Beta=1.00 ---
--- Save Epoch 6048, Loss=2.3456e-01, IC=9.9406e-03, Res=2.2462e-01, Beta=1.00 ---
--- Save Epoch 6070, Loss=2.0601e-01, IC=9.8511e-03, Res=1.9616e-01, Beta=1.00 ---
... RAR IC , Max IC error: 0.6773, t: tensor(0.)
... RAR RES, Max residual error: 5.6505, t: tensor([[0.0261],
        [0.0013],
        [0.0219]])
--- Save Epoch 6178, Loss=1.8789e-01, IC=9.1213e-03, Res=1.7877e-01, Beta=1.00 ---
--- Save Epoch 6188, Loss=1.6728e-01, IC=9.2020e-03, Res=1.5808e-01, Beta=1.00 ---
... RAR IC , Max IC error: 0.6869, t: tensor(0.)
... RAR RES, Max residual error: 3.9982, t: tensor([[0.2973],
        [0.2999],
        [0.0037]])
--- Save Epoch 6252, Loss=1.5575e-01, IC=1.3069e-02, Res=1.4268e-01, Beta=1.00 ---
--- Save Epoch 6262, Loss=1.3291e-01, IC=1.0766e-02, Res=1.2214e-01, Beta=1.00 ---
--- Save Epoch 6292, Loss=1.1956e-01, IC=7.8455e-03, Res=1.1171e-01, Beta=1.00 ---
--- Save Epoch 6300, Loss=1.0831e-01, IC=8.6914e-03, Res=9.9615e-02, Beta=1.00 ---
... RAR IC , Max IC error: 0.6669, t: tensor(0.)
... RAR RES, Max residual error: 3.5968, t: tensor([[0.0124],
        [0.1341],
        [0.0265]])
--- Save Epoch 6361, Loss=1.0237e-01, IC=9.2189e-03, Res=9.3151e-02, Beta=1.00 ---
--- Save Epoch 6389, Loss=9.5619e-02, IC=8.5009e-03, Res=8.7119e-02, Beta=1.00 ---
... RAR IC , Max IC error: 0.6843, t: tensor(0.)
... RAR RES, Max residual error: 4.5317, t: tensor([[0.0794],
        [0.0002],
        [0.0002]])
--- Save Epoch 6457, Loss=8.2223e-02, IC=1.0527e-02, Res=7.1696e-02, Beta=1.00 ---
... RAR IC , Max IC error: 0.6272, t: tensor(0.)
... RAR RES, Max residual error: 3.3455, t: tensor([[0.2905],
        [0.0020],
        [0.0478]])
--- Save Epoch 6662, Loss=7.1576e-02, IC=8.5429e-03, Res=6.3033e-02, Beta=1.00 ---
... RAR IC , Max IC error: 0.5094, t: tensor(0.)
... RAR RES, Max residual error: 3.9429, t: tensor([[0.0004],
        [0.0347],
        [0.0338]])
--- Save Epoch 6738, Loss=5.9644e-02, IC=8.4369e-03, Res=5.1207e-02, Beta=1.00 ---
... RAR IC , Max IC error: 0.4753, t: tensor(0.)
... RAR RES, Max residual error: 4.4408, t: tensor([[0.0806],
        [0.2868],
        [0.1105]])
--- Save Epoch 6860, Loss=5.5468e-02, IC=6.7017e-03, Res=4.8766e-02, Beta=1.00 ---
--- Save Epoch 6868, Loss=5.0244e-02, IC=6.5150e-03, Res=4.3729e-02, Beta=1.00 ---
... RAR IC , Max IC error: 0.4092, t: tensor(0.)
... RAR RES, Max residual error: 6.6791, t: tensor([[0.0153],
        [0.0001],
        [0.0280]])
--- Save Epoch 6994, Loss=4.7327e-02, IC=5.5318e-03, Res=4.1795e-02, Beta=1.00 ---
[info] epoch 7000, lr=6.98e-04
... RAR IC , Max IC error: 0.3963, t: tensor(0.)
... RAR RES, Max residual error: 5.0912, t: tensor([[0.2700],
        [0.0841],
        [0.1031]])
--- Save Epoch 7056, Loss=4.4218e-02, IC=6.1302e-03, Res=3.8088e-02, Beta=1.00 ---
--- Save Epoch 7096, Loss=3.9442e-02, IC=5.6266e-03, Res=3.3815e-02, Beta=1.00 ---
... RAR IC , Max IC error: 0.3829, t: tensor(0.)
... RAR RES, Max residual error: 2.6970, t: tensor([[0.0026],
        [0.0055],
        [0.0026]])
--- Save Epoch 7198, Loss=3.6218e-02, IC=5.4517e-03, Res=3.0767e-02, Beta=1.00 ---
... RAR IC , Max IC error: 0.3398, t: tensor(0.)
... RAR RES, Max residual error: 4.5931, t: tensor([[0.0531],
        [0.0891],
        [0.0204]])
--- Save Epoch 7274, Loss=3.2097e-02, IC=5.0757e-03, Res=2.7022e-02, Beta=1.00 ---
... RAR IC , Max IC error: 0.3015, t: tensor(0.)
... RAR RES, Max residual error: 3.2054, t: tensor([[0.1258],
        [0.0129],
        [0.0172]])
--- Save Epoch 7432, Loss=2.9456e-02, IC=4.7304e-03, Res=2.4725e-02, Beta=1.00 ---
... RAR IC , Max IC error: 0.2631, t: tensor(0.)
... RAR RES, Max residual error: 2.8112, t: tensor([[0.0926],
        [0.2787],
        [0.0791]])
--- Save Epoch 7722, Loss=2.7851e-02, IC=3.7183e-03, Res=2.4133e-02, Beta=1.00 ---
--- Save Epoch 7760, Loss=2.3309e-02, IC=3.6995e-03, Res=1.9609e-02, Beta=1.00 ---
... RAR IC , Max IC error: 0.2449, t: tensor(0.)
... RAR RES, Max residual error: 3.0541, t: tensor([[0.0124],
        [0.2821],
        [0.2742]])
[info] epoch 8000, lr=6.63e-04
--- Save Epoch 8056, Loss=2.2062e-02, IC=3.0078e-03, Res=1.9054e-02, Beta=1.00 ---
... RAR IC , Max IC error: 0.1985, t: tensor(0.)
... RAR RES, Max residual error: 3.0090, t: tensor([[0.0781],
        [0.0807],
        [0.2957]])
--- Save Epoch 8325, Loss=1.9304e-02, IC=2.3810e-03, Res=1.6923e-02, Beta=1.00 ---
--- Save Epoch 8369, Loss=1.7237e-02, IC=2.3566e-03, Res=1.4880e-02, Beta=1.00 ---
... RAR IC , Max IC error: 0.1942, t: tensor(0.)
... RAR RES, Max residual error: 2.0380, t: tensor([[0.0374],
        [0.2900],
        [0.0100]])
--- Save Epoch 8926, Loss=1.6018e-02, IC=2.0614e-03, Res=1.3957e-02, Beta=1.00 ---
--- Save Epoch 8931, Loss=1.5124e-02, IC=1.8170e-03, Res=1.3307e-02, Beta=1.00 ---
--- Save Epoch 8985, Loss=1.4259e-02, IC=1.7699e-03, Res=1.2490e-02, Beta=1.00 ---
[info] epoch 9000, lr=6.30e-04
... RAR IC , Max IC error: 0.1963, t: tensor(0.)
... RAR RES, Max residual error: 2.0381, t: tensor([[0.2977],
        [0.2949],
        [0.2968]])
--- Save Epoch 9316, Loss=1.2842e-02, IC=1.5304e-03, Res=1.1311e-02, Beta=1.00 ---
... RAR IC , Max IC error: 0.1714, t: tensor(0.)
... RAR RES, Max residual error: 4.3948, t: tensor([[0.0320],
        [0.0214],
        [0.0058]])
--- Save Epoch 9564, Loss=1.1914e-02, IC=2.1411e-03, Res=9.7732e-03, Beta=1.00 ---
... RAR IC , Max IC error: 0.1910, t: tensor(0.)
... RAR RES, Max residual error: 1.9821, t: tensor([[0.0225],
        [0.0042],
        [0.2984]])
[info] epoch 10000, lr=5.99e-04
--- Save Epoch 10202, Loss=1.0031e-02, IC=1.5621e-03, Res=8.4685e-03, Beta=1.00 ---
... RAR IC , Max IC error: 0.1977, t: tensor(0.)
... RAR RES, Max residual error: 3.8700, t: tensor([[0.0931],
        [0.0975],
        [0.0410]])
--- Save Epoch 10617, Loss=9.5176e-03, IC=9.0357e-04, Res=8.6140e-03, Beta=1.00 ---
... RAR IC , Max IC error: 0.1197, t: tensor(0.)
... RAR RES, Max residual error: 3.7202, t: tensor([[0.0956],
        [0.2658],
        [0.0056]])
--- Save Epoch 10930, Loss=8.7873e-03, IC=9.5889e-04, Res=7.8284e-03, Beta=1.00 ---
[info] epoch 11000, lr=5.69e-04
... RAR IC , Max IC error: 0.1617, t: tensor(0.)
... RAR RES, Max residual error: 1.5668, t: tensor([[0.2949],
        [0.0164],
        [0.0408]])
--- Save Epoch 11280, Loss=7.8165e-03, IC=5.6550e-04, Res=7.2510e-03, Beta=1.00 ---
... RAR IC , Max IC error: 0.1409, t: tensor(0.)
... RAR RES, Max residual error: 2.9891, t: tensor([[0.0043],
        [0.0153],
        [0.2979]])
--- Save Epoch 11824, Loss=7.1107e-03, IC=7.2748e-04, Res=6.3832e-03, Beta=1.00 ---
... RAR IC , Max IC error: 0.1725, t: tensor(0.)
... RAR RES, Max residual error: 2.0708, t: tensor([[0.2973],
        [0.2999],
        [0.0186]])
[info] epoch 12000, lr=5.40e-04
--- Save Epoch 12283, Loss=6.4738e-03, IC=4.9472e-04, Res=5.9790e-03, Beta=1.00 ---
... RAR IC , Max IC error: 0.1188, t: tensor(0.)
... RAR RES, Max residual error: 2.6529, t: tensor([[0.2941],
        [0.2465],
        [0.2970]])
--- Save Epoch 12817, Loss=5.4639e-03, IC=4.5339e-04, Res=5.0105e-03, Beta=1.00 ---
... RAR IC , Max IC error: 0.0953, t: tensor(0.)
... RAR RES, Max residual error: 2.1374, t: tensor([[0.2991],
        [0.2930],
        [0.2839]])
[info] epoch 13000, lr=5.13e-04
[info] epoch 14000, lr=4.88e-04
[info] epoch 15000, lr=4.63e-04
--- Save Epoch 15203, Loss=5.1871e-03, IC=3.4044e-04, Res=4.8466e-03, Beta=1.00 ---
--- Save Epoch 15247, Loss=4.8361e-03, IC=3.4667e-04, Res=4.4894e-03, Beta=1.00 ---
... RAR IC , Max IC error: 0.0738, t: tensor(0.)
... RAR RES, Max residual error: 1.3336, t: tensor([[0.2782],
        [0.2677],
        [0.2984]])
--- Save Epoch 15457, Loss=4.3277e-03, IC=3.4625e-04, Res=3.9815e-03, Beta=1.00 ---
... RAR IC , Max IC error: 0.1218, t: tensor(0.)
... RAR RES, Max residual error: 2.5773, t: tensor([[0.0003],
        [0.0003],
        [0.0563]])
--- Save Epoch 15985, Loss=3.4693e-03, IC=2.9893e-04, Res=3.1704e-03, Beta=1.00 ---
[info] epoch 16000, lr=4.40e-04
... RAR IC , Max IC error: 0.1495, t: tensor(0.)
... RAR RES, Max residual error: 2.3285, t: tensor([[0.2946],
        [0.0537],
        [0.2548]])
[info] epoch 17000, lr=4.18e-04
--- Save Epoch 17363, Loss=3.2711e-03, IC=2.1241e-04, Res=3.0587e-03, Beta=1.00 ---
... RAR IC , Max IC error: 0.1066, t: tensor(0.)
... RAR RES, Max residual error: 1.7915, t: tensor([[0.0193],
        [0.2909],
        [0.0268]])
[info] epoch 18000, lr=3.97e-04
--- Save Epoch 18184, Loss=2.9102e-03, IC=2.0146e-04, Res=2.7087e-03, Beta=1.00 ---
... RAR IC , Max IC error: 0.0661, t: tensor(0.)
... RAR RES, Max residual error: 1.9464, t: tensor([[0.0300],
        [0.1468],
        [0.0968]])
--- Save Epoch 18742, Loss=2.5500e-03, IC=1.7594e-04, Res=2.3740e-03, Beta=1.00 ---
... RAR IC , Max IC error: 0.0827, t: tensor(0.)
... RAR RES, Max residual error: 1.5445, t: tensor([[0.0055],
        [0.0214],
        [0.0013]])
[info] epoch 19000, lr=3.77e-04
[info] epoch 20000, lr=3.58e-04
--- Save Epoch 20039, Loss=2.4094e-03, IC=1.7247e-04, Res=2.2369e-03, Beta=1.00 ---
... RAR IC , Max IC error: 0.0686, t: tensor(0.)
... RAR RES, Max residual error: 1.5160, t: tensor([[0.0167],
        [0.0043],
        [0.0123]])
[info] epoch 21000, lr=3.41e-04
--- Save Epoch 21045, Loss=2.1151e-03, IC=1.4779e-04, Res=1.9673e-03, Beta=1.00 ---
... RAR IC , Max IC error: 0.0557, t: tensor(0.)
... RAR RES, Max residual error: 3.0263, t: tensor([[0.0411],
        [0.0970],
        [0.2929]])
[info] epoch 22000, lr=3.24e-04
[info] epoch 23000, lr=3.07e-04
--- Save Epoch 23262, Loss=1.9933e-03, IC=1.1925e-04, Res=1.8741e-03, Beta=1.00 ---
... RAR IC , Max IC error: 0.0547, t: tensor(0.)
... RAR RES, Max residual error: 0.9510, t: tensor([[0.0019],
        [0.0072],
        [0.0170]])
--- Save Epoch 23682, Loss=1.8727e-03, IC=1.5764e-04, Res=1.7151e-03, Beta=1.00 ---
... RAR IC , Max IC error: 0.0652, t: tensor(0.)
... RAR RES, Max residual error: 1.2155, t: tensor([[0.0585],
        [0.1173],
        [0.2309]])
[info] epoch 24000, lr=2.92e-04
--- Save Epoch 24369, Loss=1.6482e-03, IC=9.8811e-05, Res=1.5493e-03, Beta=1.00 ---
... RAR IC , Max IC error: 0.0767, t: tensor(0.)
... RAR RES, Max residual error: 1.0320, t: tensor([[1.9889e-04],
        [1.9889e-04],
        [2.4618e-01]])
[info] epoch 25000, lr=2.77e-04
--- Save Epoch 25609, Loss=1.5227e-03, IC=1.2721e-04, Res=1.3955e-03, Beta=1.00 ---
... RAR IC , Max IC error: 0.0624, t: tensor(0.)
... RAR RES, Max residual error: 1.3456, t: tensor([[0.0982],
        [0.2395],
        [0.0014]])
[info] epoch 26000, lr=2.64e-04
[info] epoch 27000, lr=2.50e-04
--- Save Epoch 27165, Loss=1.2515e-03, IC=8.8692e-05, Res=1.1628e-03, Beta=1.00 ---
... RAR IC , Max IC error: 0.0444, t: tensor(0.)
... RAR RES, Max residual error: 1.7851, t: tensor([[0.0035],
        [0.0069],
        [0.2441]])
[info] epoch 28000, lr=2.38e-04
[info] epoch 29000, lr=2.26e-04
[info] epoch 30000, lr=2.15e-04
[info] epoch 31000, lr=2.04e-04
--- Save Epoch 31549, Loss=1.0879e-03, IC=6.2370e-05, Res=1.0255e-03, Beta=1.00 ---
... RAR IC , Max IC error: 0.0414, t: tensor(0.)
... RAR RES, Max residual error: 0.8770, t: tensor([[0.0127],
        [0.0127],
        [0.0775]])
[info] epoch 32000, lr=1.94e-04
--- Save Epoch 32717, Loss=1.0106e-03, IC=6.3742e-05, Res=9.4687e-04, Beta=1.00 ---
... RAR IC , Max IC error: 0.0448, t: tensor(0.)
... RAR RES, Max residual error: 1.2598, t: tensor([[0.0191],
        [0.0461],
        [0.0191]])
[info] epoch 33000, lr=1.84e-04
[info] epoch 34000, lr=1.75e-04
[info] epoch 35000, lr=1.66e-04
--- Save Epoch 35038, Loss=9.4552e-04, IC=4.7378e-05, Res=8.9815e-04, Beta=1.00 ---
... RAR IC , Max IC error: 0.0349, t: tensor(0.)
... RAR RES, Max residual error: 1.2018, t: tensor([[0.0084],
        [0.2123],
        [0.0372]])
[info] epoch 36000, lr=1.58e-04
--- Save Epoch 36307, Loss=8.8567e-04, IC=5.1776e-05, Res=8.3390e-04, Beta=1.00 ---
... RAR IC , Max IC error: 0.0355, t: tensor(0.)
... RAR RES, Max residual error: 0.9803, t: tensor([[0.0532],
        [0.0151],
        [0.0014]])
[info] epoch 37000, lr=1.50e-04
--- Save Epoch 37420, Loss=7.8101e-04, IC=4.3184e-05, Res=7.3783e-04, Beta=1.00 ---
... RAR IC , Max IC error: 0.0328, t: tensor(0.)
... RAR RES, Max residual error: 0.6986, t: tensor([[0.0167],
        [0.2480],
        [0.1194]])
[info] epoch 38000, lr=1.42e-04
--- Save Epoch 38285, Loss=7.1115e-04, IC=4.3004e-05, Res=6.6815e-04, Beta=1.00 ---
... RAR IC , Max IC error: 0.0308, t: tensor(0.)
... RAR RES, Max residual error: 0.5341, t: tensor([[0.0826],
        [0.0397],
        [0.2832]])
[info] epoch 39000, lr=1.35e-04
[info] epoch 40000, lr=1.29e-04
===== logging end   2025-10-22 17:27:26 =====
