===== logging start 2025-10-16 13:54:32 =====
--- Save Epoch: 1, Loss: 1.9090e+00, IC: 1.8123e+00, Res: 9.6706e-02, Beta: 0.00 ---
... RAR IC , Max IC error: 2.8983, t: tensor(0.)
... RAR RES, Max residual error: 19.2374, t: tensor([[0.0910],
        [0.1496],
        [0.2889]])
--- Save Epoch: 11, Loss: 1.8970e+00, IC: 1.0839e+00, Res: 8.1308e-01, Beta: 0.02 ---
--- Save Epoch: 23, Loss: 1.8263e+00, IC: 7.1633e-01, Res: 1.1100e+00, Beta: 0.04 ---
--- Save Epoch: 33, Loss: 1.7520e+00, IC: 6.5561e-01, Res: 1.0964e+00, Beta: 0.06 ---
--- Save Epoch: 40, Loss: 1.6787e+00, IC: 6.1783e-01, Res: 1.0608e+00, Beta: 0.08 ---
--- Save Epoch: 48, Loss: 1.6348e+00, IC: 7.3155e-01, Res: 9.0328e-01, Beta: 0.10 ---
--- Save Epoch: 54, Loss: 1.5914e+00, IC: 7.2678e-01, Res: 8.6465e-01, Beta: 0.12 ---
--- Save Epoch: 58, Loss: 1.5519e+00, IC: 6.9545e-01, Res: 8.5643e-01, Beta: 0.14 ---
--- Save Epoch: 64, Loss: 1.5339e+00, IC: 7.7837e-01, Res: 7.5558e-01, Beta: 0.16 ---
--- Save Epoch: 70, Loss: 1.4605e+00, IC: 7.6830e-01, Res: 6.9217e-01, Beta: 0.18 ---
--- Save Epoch: 74, Loss: 1.4428e+00, IC: 7.7675e-01, Res: 6.6608e-01, Beta: 0.20 ---
--- Save Epoch: 81, Loss: 1.3644e+00, IC: 8.1891e-01, Res: 5.4545e-01, Beta: 0.22 ---
--- Save Epoch: 89, Loss: 1.2940e+00, IC: 7.8557e-01, Res: 5.0844e-01, Beta: 0.24 ---
... RAR IC , Max IC error: 0.5129, t: tensor(0.)
... RAR RES, Max residual error: 6.2401, t: tensor([[0.0018],
        [0.1612],
        [0.0018]])
--- Save Epoch: 122, Loss: 1.2693e+00, IC: 7.6982e-01, Res: 4.9946e-01, Beta: 0.26 ---
--- Save Epoch: 139, Loss: 1.2299e+00, IC: 7.8549e-01, Res: 4.4443e-01, Beta: 0.28 ---
--- Save Epoch: 150, Loss: 1.2285e+00, IC: 7.8087e-01, Res: 4.4759e-01, Beta: 0.30 ---
--- Save Epoch: 162, Loss: 1.2112e+00, IC: 8.0889e-01, Res: 4.0234e-01, Beta: 0.32 ---
--- Save Epoch: 173, Loss: 1.2108e+00, IC: 8.6283e-01, Res: 3.4796e-01, Beta: 0.34 ---
--- Save Epoch: 195, Loss: 1.1884e+00, IC: 7.4909e-01, Res: 4.3932e-01, Beta: 0.36 ---
... RAR IC , Max IC error: 0.4775, t: tensor(0.)
... RAR RES, Max residual error: 6.7909, t: tensor([[0.0062],
        [0.2400],
        [0.2514]])
--- Save Epoch: 254, Loss: 1.1717e+00, IC: 8.3859e-01, Res: 3.3310e-01, Beta: 0.38 ---
--- Save Epoch: 264, Loss: 1.1568e+00, IC: 8.1812e-01, Res: 3.3868e-01, Beta: 0.40 ---
--- Save Epoch: 293, Loss: 1.0973e+00, IC: 7.4033e-01, Res: 3.5700e-01, Beta: 0.42 ---
... RAR IC , Max IC error: 0.4230, t: tensor(0.)
... RAR RES, Max residual error: 6.7658, t: tensor([[0.0080],
        [0.0889],
        [0.0752]])
--- Save Epoch: 362, Loss: 1.0129e+00, IC: 7.0929e-01, Res: 3.0364e-01, Beta: 0.44 ---
--- Save Epoch: 398, Loss: 9.5831e-01, IC: 7.2721e-01, Res: 2.3110e-01, Beta: 0.46 ---
... RAR IC , Max IC error: 0.6946, t: tensor(0.)
... RAR RES, Max residual error: 6.7861, t: tensor([[0.0028],
        [0.0028],
        [0.0115]])
--- Save Epoch: 453, Loss: 9.3226e-01, IC: 7.1267e-01, Res: 2.1959e-01, Beta: 0.48 ---
--- Save Epoch: 458, Loss: 9.1898e-01, IC: 7.1243e-01, Res: 2.0655e-01, Beta: 0.50 ---
--- Save Epoch: 476, Loss: 8.9997e-01, IC: 6.9781e-01, Res: 2.0216e-01, Beta: 0.52 ---
--- Save Epoch: 477, Loss: 8.7448e-01, IC: 6.7328e-01, Res: 2.0120e-01, Beta: 0.54 ---
--- Save Epoch: 488, Loss: 8.2101e-01, IC: 6.6158e-01, Res: 1.5943e-01, Beta: 0.56 ---
--- Save Epoch: 499, Loss: 7.6192e-01, IC: 6.0943e-01, Res: 1.5249e-01, Beta: 0.58 ---
... RAR IC , Max IC error: 0.4112, t: tensor(0.)
... RAR RES, Max residual error: 6.5528, t: tensor([[0.0291],
        [0.0140],
        [0.0008]])
--- Save Epoch: 528, Loss: 7.1892e-01, IC: 5.7867e-01, Res: 1.4024e-01, Beta: 0.60 ---
--- Save Epoch: 533, Loss: 6.9934e-01, IC: 5.6181e-01, Res: 1.3753e-01, Beta: 0.62 ---
--- Save Epoch: 536, Loss: 6.8983e-01, IC: 5.4206e-01, Res: 1.4777e-01, Beta: 0.64 ---
--- Save Epoch: 540, Loss: 6.6238e-01, IC: 5.3227e-01, Res: 1.3011e-01, Beta: 0.66 ---
--- Save Epoch: 547, Loss: 6.3769e-01, IC: 5.0147e-01, Res: 1.3622e-01, Beta: 0.68 ---
--- Save Epoch: 549, Loss: 6.0370e-01, IC: 4.7624e-01, Res: 1.2746e-01, Beta: 0.70 ---
--- Save Epoch: 556, Loss: 5.9077e-01, IC: 4.3741e-01, Res: 1.5336e-01, Beta: 0.72 ---
--- Save Epoch: 559, Loss: 5.8586e-01, IC: 4.1897e-01, Res: 1.6688e-01, Beta: 0.74 ---
--- Save Epoch: 563, Loss: 5.5653e-01, IC: 4.0585e-01, Res: 1.5068e-01, Beta: 0.76 ---
--- Save Epoch: 566, Loss: 5.2753e-01, IC: 3.9676e-01, Res: 1.3077e-01, Beta: 0.78 ---
--- Save Epoch: 572, Loss: 5.0231e-01, IC: 3.4736e-01, Res: 1.5495e-01, Beta: 0.80 ---
--- Save Epoch: 576, Loss: 4.9479e-01, IC: 3.3374e-01, Res: 1.6105e-01, Beta: 0.82 ---
--- Save Epoch: 578, Loss: 4.6573e-01, IC: 3.0839e-01, Res: 1.5733e-01, Beta: 0.84 ---
--- Save Epoch: 583, Loss: 4.6097e-01, IC: 2.9703e-01, Res: 1.6395e-01, Beta: 0.86 ---
--- Save Epoch: 586, Loss: 4.5389e-01, IC: 2.8534e-01, Res: 1.6855e-01, Beta: 0.88 ---
--- Save Epoch: 589, Loss: 4.3968e-01, IC: 2.6514e-01, Res: 1.7454e-01, Beta: 0.90 ---
--- Save Epoch: 592, Loss: 4.3359e-01, IC: 2.4939e-01, Res: 1.8420e-01, Beta: 0.92 ---
--- Save Epoch: 598, Loss: 4.2398e-01, IC: 2.4357e-01, Res: 1.8041e-01, Beta: 0.94 ---
--- Save Epoch: 600, Loss: 4.0204e-01, IC: 2.1670e-01, Res: 1.8533e-01, Beta: 0.96 ---
... RAR IC , Max IC error: 0.1752, t: tensor(0.)
... RAR RES, Max residual error: 5.2473, t: tensor([[0.2858],
        [0.2999],
        [0.0236]])
--- Save Epoch: 623, Loss: 3.9365e-01, IC: 1.7615e-01, Res: 2.1749e-01, Beta: 0.98 ---
--- Save Epoch: 632, Loss: 3.8612e-01, IC: 1.8712e-01, Res: 1.9900e-01, Beta: 1.00 ---
--- Save Epoch: 643, Loss: 3.8175e-01, IC: 1.4068e-01, Res: 2.4107e-01, Beta: 1.00 ---
--- Save Epoch: 648, Loss: 3.7392e-01, IC: 1.5690e-01, Res: 2.1702e-01, Beta: 1.00 ---
--- Save Epoch: 650, Loss: 3.6597e-01, IC: 1.5590e-01, Res: 2.1007e-01, Beta: 1.00 ---
--- Save Epoch: 653, Loss: 3.5178e-01, IC: 1.4334e-01, Res: 2.0843e-01, Beta: 1.00 ---
--- Save Epoch: 664, Loss: 3.4116e-01, IC: 1.3168e-01, Res: 2.0948e-01, Beta: 1.00 ---
--- Save Epoch: 669, Loss: 3.1913e-01, IC: 1.2721e-01, Res: 1.9192e-01, Beta: 1.00 ---
... RAR IC , Max IC error: 0.2004, t: tensor(0.)
... RAR RES, Max residual error: 4.0750, t: tensor([[0.0345],
        [0.0120],
        [0.0060]])
--- Save Epoch: 816, Loss: 3.1020e-01, IC: 1.1423e-01, Res: 1.9597e-01, Beta: 1.00 ---
--- Save Epoch: 817, Loss: 3.0890e-01, IC: 1.0819e-01, Res: 2.0071e-01, Beta: 1.00 ---
--- Save Epoch: 823, Loss: 3.0662e-01, IC: 1.0890e-01, Res: 1.9772e-01, Beta: 1.00 ---
--- Save Epoch: 824, Loss: 3.0570e-01, IC: 1.0888e-01, Res: 1.9682e-01, Beta: 1.00 ---
--- Save Epoch: 863, Loss: 3.0086e-01, IC: 1.1578e-01, Res: 1.8507e-01, Beta: 1.00 ---
--- Save Epoch: 874, Loss: 3.0023e-01, IC: 1.0048e-01, Res: 1.9975e-01, Beta: 1.00 ---
--- Save Epoch: 885, Loss: 2.9654e-01, IC: 9.4559e-02, Res: 2.0198e-01, Beta: 1.00 ---
--- Save Epoch: 892, Loss: 2.9410e-01, IC: 1.0018e-01, Res: 1.9393e-01, Beta: 1.00 ---
--- Save Epoch: 898, Loss: 2.8657e-01, IC: 8.7645e-02, Res: 1.9892e-01, Beta: 1.00 ---
... RAR IC , Max IC error: 0.1410, t: tensor(0.)
... RAR RES, Max residual error: 5.3824, t: tensor([[0.0358],
        [0.0531],
        [0.0428]])
[info] Training epoch: 1000, LR: 9.50e-04
--- Save Epoch: 1155, Loss: 2.8431e-01, IC: 8.9808e-02, Res: 1.9450e-01, Beta: 1.00 ---
--- Save Epoch: 1172, Loss: 2.7246e-01, IC: 8.9944e-02, Res: 1.8252e-01, Beta: 1.00 ---
--- Save Epoch: 1183, Loss: 2.7157e-01, IC: 7.8066e-02, Res: 1.9351e-01, Beta: 1.00 ---
--- Save Epoch: 1188, Loss: 2.6914e-01, IC: 8.8228e-02, Res: 1.8091e-01, Beta: 1.00 ---
--- Save Epoch: 1192, Loss: 2.6353e-01, IC: 8.0770e-02, Res: 1.8276e-01, Beta: 1.00 ---
... RAR IC , Max IC error: 0.1397, t: tensor(0.)
... RAR RES, Max residual error: 4.2249, t: tensor([[0.0440],
        [0.0337],
        [0.0385]])
--- Save Epoch: 1359, Loss: 2.6221e-01, IC: 7.6810e-02, Res: 1.8540e-01, Beta: 1.00 ---
--- Save Epoch: 1365, Loss: 2.5798e-01, IC: 7.7626e-02, Res: 1.8035e-01, Beta: 1.00 ---
--- Save Epoch: 1386, Loss: 2.5778e-01, IC: 7.4248e-02, Res: 1.8354e-01, Beta: 1.00 ---
--- Save Epoch: 1393, Loss: 2.4399e-01, IC: 7.1231e-02, Res: 1.7276e-01, Beta: 1.00 ---
... RAR IC , Max IC error: 0.1277, t: tensor(0.)
... RAR RES, Max residual error: 3.6783, t: tensor([[0.0342],
        [0.0861],
        [0.0436]])
--- Save Epoch: 1495, Loss: 2.3040e-01, IC: 7.1003e-02, Res: 1.5940e-01, Beta: 1.00 ---
... RAR IC , Max IC error: 0.1121, t: tensor(0.)
... RAR RES, Max residual error: 3.2569, t: tensor([[0.0447],
        [0.0030],
        [0.0016]])
--- Save Epoch: 1567, Loss: 2.2828e-01, IC: 6.5947e-02, Res: 1.6233e-01, Beta: 1.00 ---
--- Save Epoch: 1570, Loss: 2.2479e-01, IC: 6.5934e-02, Res: 1.5885e-01, Beta: 1.00 ---
--- Save Epoch: 1574, Loss: 2.1261e-01, IC: 6.7804e-02, Res: 1.4481e-01, Beta: 1.00 ---
--- Save Epoch: 1591, Loss: 2.1170e-01, IC: 5.8535e-02, Res: 1.5317e-01, Beta: 1.00 ---
--- Save Epoch: 1594, Loss: 2.0521e-01, IC: 5.5707e-02, Res: 1.4951e-01, Beta: 1.00 ---
--- Save Epoch: 1596, Loss: 2.0453e-01, IC: 5.6415e-02, Res: 1.4811e-01, Beta: 1.00 ---
... RAR IC , Max IC error: 0.1107, t: tensor(0.)
... RAR RES, Max residual error: 3.4831, t: tensor([[0.0025],
        [0.0636],
        [0.0005]])
--- Save Epoch: 1665, Loss: 1.9932e-01, IC: 5.3284e-02, Res: 1.4603e-01, Beta: 1.00 ---
--- Save Epoch: 1670, Loss: 1.9505e-01, IC: 4.9806e-02, Res: 1.4524e-01, Beta: 1.00 ---
--- Save Epoch: 1679, Loss: 1.8522e-01, IC: 4.7449e-02, Res: 1.3777e-01, Beta: 1.00 ---
--- Save Epoch: 1682, Loss: 1.7974e-01, IC: 4.1508e-02, Res: 1.3823e-01, Beta: 1.00 ---
... RAR IC , Max IC error: 0.0812, t: tensor(0.)
... RAR RES, Max residual error: 2.9507, t: tensor([[0.0577],
        [0.0122],
        [0.0577]])
--- Save Epoch: 1758, Loss: 1.7547e-01, IC: 4.0729e-02, Res: 1.3474e-01, Beta: 1.00 ---
--- Save Epoch: 1760, Loss: 1.6801e-01, IC: 3.8603e-02, Res: 1.2941e-01, Beta: 1.00 ---
--- Save Epoch: 1772, Loss: 1.6234e-01, IC: 3.3425e-02, Res: 1.2892e-01, Beta: 1.00 ---
--- Save Epoch: 1775, Loss: 1.6225e-01, IC: 3.6841e-02, Res: 1.2541e-01, Beta: 1.00 ---
--- Save Epoch: 1789, Loss: 1.6101e-01, IC: 3.8853e-02, Res: 1.2216e-01, Beta: 1.00 ---
--- Save Epoch: 1794, Loss: 1.5738e-01, IC: 3.8692e-02, Res: 1.1869e-01, Beta: 1.00 ---
--- Save Epoch: 1795, Loss: 1.4961e-01, IC: 3.4466e-02, Res: 1.1514e-01, Beta: 1.00 ---
... RAR IC , Max IC error: 0.0777, t: tensor(0.)
... RAR RES, Max residual error: 2.5067, t: tensor([[0.0685],
        [0.0509],
        [0.0128]])
--- Save Epoch: 1832, Loss: 1.4693e-01, IC: 3.1483e-02, Res: 1.1544e-01, Beta: 1.00 ---
--- Save Epoch: 1835, Loss: 1.4551e-01, IC: 3.3321e-02, Res: 1.1219e-01, Beta: 1.00 ---
--- Save Epoch: 1838, Loss: 1.4214e-01, IC: 3.1663e-02, Res: 1.1048e-01, Beta: 1.00 ---
--- Save Epoch: 1844, Loss: 1.3498e-01, IC: 2.7991e-02, Res: 1.0699e-01, Beta: 1.00 ---
--- Save Epoch: 1849, Loss: 1.3155e-01, IC: 2.7896e-02, Res: 1.0365e-01, Beta: 1.00 ---
--- Save Epoch: 1850, Loss: 1.2904e-01, IC: 2.7037e-02, Res: 1.0200e-01, Beta: 1.00 ---
--- Save Epoch: 1857, Loss: 1.2610e-01, IC: 2.4671e-02, Res: 1.0143e-01, Beta: 1.00 ---
--- Save Epoch: 1861, Loss: 1.2366e-01, IC: 2.2592e-02, Res: 1.0107e-01, Beta: 1.00 ---
--- Save Epoch: 1868, Loss: 1.1614e-01, IC: 2.3703e-02, Res: 9.2437e-02, Beta: 1.00 ---
--- Save Epoch: 1878, Loss: 1.1267e-01, IC: 2.2325e-02, Res: 9.0346e-02, Beta: 1.00 ---
--- Save Epoch: 1884, Loss: 1.1065e-01, IC: 2.0697e-02, Res: 8.9951e-02, Beta: 1.00 ---
--- Save Epoch: 1888, Loss: 1.0986e-01, IC: 1.9310e-02, Res: 9.0551e-02, Beta: 1.00 ---
--- Save Epoch: 1891, Loss: 1.0844e-01, IC: 2.0363e-02, Res: 8.8081e-02, Beta: 1.00 ---
... RAR IC , Max IC error: 0.0577, t: tensor(0.)
... RAR RES, Max residual error: 1.9115, t: tensor([[0.0069],
        [0.0095],
        [0.0137]])
--- Save Epoch: 1926, Loss: 1.0543e-01, IC: 2.2157e-02, Res: 8.3275e-02, Beta: 1.00 ---
--- Save Epoch: 1927, Loss: 1.0366e-01, IC: 2.1168e-02, Res: 8.2489e-02, Beta: 1.00 ---
--- Save Epoch: 1935, Loss: 1.0287e-01, IC: 2.0805e-02, Res: 8.2068e-02, Beta: 1.00 ---
--- Save Epoch: 1940, Loss: 1.0263e-01, IC: 2.0325e-02, Res: 8.2304e-02, Beta: 1.00 ---
--- Save Epoch: 1946, Loss: 1.0126e-01, IC: 2.0231e-02, Res: 8.1030e-02, Beta: 1.00 ---
--- Save Epoch: 1948, Loss: 9.7137e-02, IC: 2.0632e-02, Res: 7.6505e-02, Beta: 1.00 ---
--- Save Epoch: 1953, Loss: 9.2287e-02, IC: 2.0070e-02, Res: 7.2217e-02, Beta: 1.00 ---
--- Save Epoch: 1959, Loss: 8.9091e-02, IC: 2.0069e-02, Res: 6.9022e-02, Beta: 1.00 ---
--- Save Epoch: 1963, Loss: 8.5964e-02, IC: 1.5067e-02, Res: 7.0896e-02, Beta: 1.00 ---
--- Save Epoch: 1968, Loss: 8.4507e-02, IC: 1.6054e-02, Res: 6.8453e-02, Beta: 1.00 ---
--- Save Epoch: 1975, Loss: 8.4361e-02, IC: 1.8365e-02, Res: 6.5996e-02, Beta: 1.00 ---
--- Save Epoch: 1982, Loss: 8.1524e-02, IC: 1.6095e-02, Res: 6.5429e-02, Beta: 1.00 ---
--- Save Epoch: 1984, Loss: 7.9921e-02, IC: 1.5557e-02, Res: 6.4363e-02, Beta: 1.00 ---
--- Save Epoch: 1990, Loss: 7.7460e-02, IC: 1.4077e-02, Res: 6.3383e-02, Beta: 1.00 ---
--- Save Epoch: 1993, Loss: 7.6209e-02, IC: 1.6704e-02, Res: 5.9505e-02, Beta: 1.00 ---
[info] Training epoch: 2000, LR: 9.02e-04
... RAR IC , Max IC error: 0.0628, t: tensor(0.)
... RAR RES, Max residual error: 1.8259, t: tensor([[0.0188],
        [0.0582],
        [0.0134]])
--- Save Epoch: 2022, Loss: 7.4589e-02, IC: 1.2662e-02, Res: 6.1928e-02, Beta: 1.00 ---
--- Save Epoch: 2025, Loss: 7.2839e-02, IC: 1.4253e-02, Res: 5.8586e-02, Beta: 1.00 ---
--- Save Epoch: 2034, Loss: 6.9885e-02, IC: 1.3208e-02, Res: 5.6677e-02, Beta: 1.00 ---
--- Save Epoch: 2043, Loss: 6.6230e-02, IC: 1.5039e-02, Res: 5.1191e-02, Beta: 1.00 ---
--- Save Epoch: 2044, Loss: 6.4961e-02, IC: 1.2228e-02, Res: 5.2733e-02, Beta: 1.00 ---
--- Save Epoch: 2045, Loss: 6.4613e-02, IC: 1.1501e-02, Res: 5.3112e-02, Beta: 1.00 ---
--- Save Epoch: 2046, Loss: 6.4236e-02, IC: 1.2068e-02, Res: 5.2169e-02, Beta: 1.00 ---
--- Save Epoch: 2052, Loss: 5.9534e-02, IC: 1.2300e-02, Res: 4.7234e-02, Beta: 1.00 ---
--- Save Epoch: 2060, Loss: 5.8327e-02, IC: 1.2155e-02, Res: 4.6172e-02, Beta: 1.00 ---
--- Save Epoch: 2068, Loss: 5.6731e-02, IC: 1.0806e-02, Res: 4.5926e-02, Beta: 1.00 ---
--- Save Epoch: 2070, Loss: 5.5336e-02, IC: 1.1059e-02, Res: 4.4277e-02, Beta: 1.00 ---
--- Save Epoch: 2077, Loss: 5.3554e-02, IC: 1.0945e-02, Res: 4.2610e-02, Beta: 1.00 ---
--- Save Epoch: 2082, Loss: 5.2125e-02, IC: 1.0408e-02, Res: 4.1717e-02, Beta: 1.00 ---
--- Save Epoch: 2085, Loss: 5.1268e-02, IC: 1.0215e-02, Res: 4.1053e-02, Beta: 1.00 ---
--- Save Epoch: 2086, Loss: 5.1113e-02, IC: 1.0092e-02, Res: 4.1021e-02, Beta: 1.00 ---
--- Save Epoch: 2087, Loss: 5.0235e-02, IC: 1.0513e-02, Res: 3.9722e-02, Beta: 1.00 ---
--- Save Epoch: 2090, Loss: 4.7875e-02, IC: 1.0691e-02, Res: 3.7184e-02, Beta: 1.00 ---
--- Save Epoch: 2096, Loss: 4.6484e-02, IC: 1.0122e-02, Res: 3.6362e-02, Beta: 1.00 ---
--- Save Epoch: 2100, Loss: 4.5999e-02, IC: 8.7043e-03, Res: 3.7295e-02, Beta: 1.00 ---
... RAR IC , Max IC error: 0.0472, t: tensor(0.)
... RAR RES, Max residual error: 1.5986, t: tensor([[0.0306],
        [0.0281],
        [0.0005]])
--- Save Epoch: 2132, Loss: 4.3296e-02, IC: 8.7612e-03, Res: 3.4535e-02, Beta: 1.00 ---
--- Save Epoch: 2141, Loss: 4.2570e-02, IC: 9.0791e-03, Res: 3.3491e-02, Beta: 1.00 ---
--- Save Epoch: 2152, Loss: 4.1947e-02, IC: 8.7347e-03, Res: 3.3212e-02, Beta: 1.00 ---
--- Save Epoch: 2159, Loss: 4.1663e-02, IC: 1.1280e-02, Res: 3.0383e-02, Beta: 1.00 ---
--- Save Epoch: 2167, Loss: 3.8440e-02, IC: 8.7403e-03, Res: 2.9699e-02, Beta: 1.00 ---
--- Save Epoch: 2169, Loss: 3.8374e-02, IC: 7.7333e-03, Res: 3.0641e-02, Beta: 1.00 ---
--- Save Epoch: 2173, Loss: 3.7978e-02, IC: 7.8526e-03, Res: 3.0125e-02, Beta: 1.00 ---
--- Save Epoch: 2175, Loss: 3.6373e-02, IC: 8.3349e-03, Res: 2.8038e-02, Beta: 1.00 ---
--- Save Epoch: 2180, Loss: 3.6118e-02, IC: 8.5802e-03, Res: 2.7537e-02, Beta: 1.00 ---
--- Save Epoch: 2182, Loss: 3.5435e-02, IC: 8.2716e-03, Res: 2.7163e-02, Beta: 1.00 ---
--- Save Epoch: 2186, Loss: 3.4307e-02, IC: 7.5906e-03, Res: 2.6716e-02, Beta: 1.00 ---
--- Save Epoch: 2194, Loss: 3.3537e-02, IC: 7.0479e-03, Res: 2.6489e-02, Beta: 1.00 ---
--- Save Epoch: 2196, Loss: 3.3267e-02, IC: 7.6226e-03, Res: 2.5644e-02, Beta: 1.00 ---
--- Save Epoch: 2198, Loss: 3.3254e-02, IC: 7.3185e-03, Res: 2.5935e-02, Beta: 1.00 ---
... RAR IC , Max IC error: 0.0386, t: tensor(0.)
... RAR RES, Max residual error: 1.0680, t: tensor([[0.0109],
        [0.0572],
        [0.0538]])
--- Save Epoch: 2216, Loss: 3.2891e-02, IC: 7.2920e-03, Res: 2.5599e-02, Beta: 1.00 ---
--- Save Epoch: 2222, Loss: 3.2592e-02, IC: 7.7021e-03, Res: 2.4890e-02, Beta: 1.00 ---
--- Save Epoch: 2226, Loss: 3.2195e-02, IC: 8.4796e-03, Res: 2.3716e-02, Beta: 1.00 ---
--- Save Epoch: 2231, Loss: 3.1354e-02, IC: 7.9720e-03, Res: 2.3382e-02, Beta: 1.00 ---
--- Save Epoch: 2239, Loss: 2.9597e-02, IC: 7.4791e-03, Res: 2.2118e-02, Beta: 1.00 ---
--- Save Epoch: 2244, Loss: 2.9294e-02, IC: 8.1613e-03, Res: 2.1133e-02, Beta: 1.00 ---
--- Save Epoch: 2250, Loss: 2.8648e-02, IC: 7.5137e-03, Res: 2.1134e-02, Beta: 1.00 ---
--- Save Epoch: 2253, Loss: 2.7617e-02, IC: 7.2223e-03, Res: 2.0395e-02, Beta: 1.00 ---
--- Save Epoch: 2254, Loss: 2.7233e-02, IC: 6.6028e-03, Res: 2.0630e-02, Beta: 1.00 ---
--- Save Epoch: 2257, Loss: 2.6508e-02, IC: 7.2208e-03, Res: 1.9287e-02, Beta: 1.00 ---
--- Save Epoch: 2265, Loss: 2.6341e-02, IC: 7.1134e-03, Res: 1.9228e-02, Beta: 1.00 ---
--- Save Epoch: 2276, Loss: 2.4165e-02, IC: 7.1558e-03, Res: 1.7009e-02, Beta: 1.00 ---
--- Save Epoch: 2282, Loss: 2.3528e-02, IC: 6.3774e-03, Res: 1.7150e-02, Beta: 1.00 ---
--- Save Epoch: 2287, Loss: 2.2250e-02, IC: 5.9825e-03, Res: 1.6267e-02, Beta: 1.00 ---
--- Save Epoch: 2291, Loss: 2.1783e-02, IC: 5.8502e-03, Res: 1.5933e-02, Beta: 1.00 ---
--- Save Epoch: 2297, Loss: 2.1151e-02, IC: 5.6128e-03, Res: 1.5538e-02, Beta: 1.00 ---
... RAR IC , Max IC error: 0.0562, t: tensor(0.)
... RAR RES, Max residual error: 1.0644, t: tensor([[0.0144],
        [0.0815],
        [0.0478]])
--- Save Epoch: 2323, Loss: 2.1048e-02, IC: 6.0467e-03, Res: 1.5001e-02, Beta: 1.00 ---
--- Save Epoch: 2324, Loss: 1.9532e-02, IC: 5.3471e-03, Res: 1.4185e-02, Beta: 1.00 ---
--- Save Epoch: 2334, Loss: 1.9088e-02, IC: 5.8526e-03, Res: 1.3235e-02, Beta: 1.00 ---
--- Save Epoch: 2341, Loss: 1.8478e-02, IC: 5.2675e-03, Res: 1.3211e-02, Beta: 1.00 ---
--- Save Epoch: 2348, Loss: 1.7800e-02, IC: 5.4389e-03, Res: 1.2361e-02, Beta: 1.00 ---
--- Save Epoch: 2356, Loss: 1.7690e-02, IC: 5.3543e-03, Res: 1.2336e-02, Beta: 1.00 ---
--- Save Epoch: 2364, Loss: 1.7598e-02, IC: 5.5990e-03, Res: 1.1999e-02, Beta: 1.00 ---
--- Save Epoch: 2369, Loss: 1.6972e-02, IC: 5.3566e-03, Res: 1.1615e-02, Beta: 1.00 ---
--- Save Epoch: 2387, Loss: 1.6347e-02, IC: 5.7123e-03, Res: 1.0635e-02, Beta: 1.00 ---
--- Save Epoch: 2391, Loss: 1.5803e-02, IC: 5.6306e-03, Res: 1.0173e-02, Beta: 1.00 ---
--- Save Epoch: 2396, Loss: 1.5775e-02, IC: 5.4213e-03, Res: 1.0354e-02, Beta: 1.00 ---
--- Save Epoch: 2398, Loss: 1.5459e-02, IC: 5.6470e-03, Res: 9.8120e-03, Beta: 1.00 ---
... RAR IC , Max IC error: 0.0330, t: tensor(0.)
... RAR RES, Max residual error: 1.0392, t: tensor([[0.0625],
        [0.0542],
        [0.0330]])
--- Save Epoch: 2425, Loss: 1.5336e-02, IC: 5.4667e-03, Res: 9.8689e-03, Beta: 1.00 ---
--- Save Epoch: 2439, Loss: 1.5253e-02, IC: 6.1167e-03, Res: 9.1365e-03, Beta: 1.00 ---
--- Save Epoch: 2440, Loss: 1.4301e-02, IC: 6.0221e-03, Res: 8.2786e-03, Beta: 1.00 ---
--- Save Epoch: 2444, Loss: 1.3608e-02, IC: 5.5603e-03, Res: 8.0473e-03, Beta: 1.00 ---
--- Save Epoch: 2453, Loss: 1.3249e-02, IC: 5.3895e-03, Res: 7.8592e-03, Beta: 1.00 ---
--- Save Epoch: 2454, Loss: 1.2605e-02, IC: 4.4769e-03, Res: 8.1280e-03, Beta: 1.00 ---
--- Save Epoch: 2457, Loss: 1.2378e-02, IC: 4.6034e-03, Res: 7.7751e-03, Beta: 1.00 ---
--- Save Epoch: 2458, Loss: 1.2082e-02, IC: 4.5578e-03, Res: 7.5243e-03, Beta: 1.00 ---
... RAR IC , Max IC error: 0.0719, t: tensor(0.)
... RAR RES, Max residual error: 0.8812, t: tensor([[0.0767],
        [0.0106],
        [0.0189]])
--- Save Epoch: 2971, Loss: 1.1618e-02, IC: 4.4345e-03, Res: 7.1834e-03, Beta: 1.00 ---
--- Save Epoch: 2978, Loss: 1.0217e-02, IC: 4.6519e-03, Res: 5.5653e-03, Beta: 1.00 ---
--- Save Epoch: 2980, Loss: 9.3262e-03, IC: 3.7437e-03, Res: 5.5826e-03, Beta: 1.00 ---
--- Save Epoch: 2984, Loss: 8.8453e-03, IC: 4.0532e-03, Res: 4.7921e-03, Beta: 1.00 ---
--- Save Epoch: 2987, Loss: 8.6154e-03, IC: 3.7323e-03, Res: 4.8830e-03, Beta: 1.00 ---
[info] Training epoch: 3000, LR: 8.57e-04
... RAR IC , Max IC error: 0.0465, t: tensor(0.)
... RAR RES, Max residual error: 0.6370, t: tensor([[0.2976],
        [0.2894],
        [0.2894]])
--- Save Epoch: 3033, Loss: 8.2491e-03, IC: 3.6155e-03, Res: 4.6336e-03, Beta: 1.00 ---
--- Save Epoch: 3037, Loss: 8.1583e-03, IC: 3.7403e-03, Res: 4.4180e-03, Beta: 1.00 ---
--- Save Epoch: 3041, Loss: 7.0279e-03, IC: 3.4915e-03, Res: 3.5364e-03, Beta: 1.00 ---
... RAR IC , Max IC error: 0.0551, t: tensor(0.)
... RAR RES, Max residual error: 0.5809, t: tensor([[0.2877],
        [0.2669],
        [0.2856]])
[info] Training epoch: 4000, LR: 8.15e-04
--- Save Epoch: 4347, Loss: 6.8615e-03, IC: 2.8630e-03, Res: 3.9985e-03, Beta: 1.00 ---
--- Save Epoch: 4353, Loss: 6.1525e-03, IC: 2.7614e-03, Res: 3.3911e-03, Beta: 1.00 ---
... RAR IC , Max IC error: 0.0236, t: tensor(0.)
... RAR RES, Max residual error: 0.5029, t: tensor([[0.0229],
        [0.1780],
        [0.0157]])
[info] Training epoch: 5000, LR: 7.74e-04
--- Save Epoch: 5779, Loss: 6.0889e-03, IC: 2.6443e-03, Res: 3.4445e-03, Beta: 1.00 ---
... RAR IC , Max IC error: 0.0147, t: tensor(0.)
... RAR RES, Max residual error: 0.4064, t: tensor([[0.2609],
        [0.1586],
        [0.2906]])
--- Save Epoch: 5933, Loss: 5.3937e-03, IC: 2.6856e-03, Res: 2.7082e-03, Beta: 1.00 ---
[info] Training epoch: 6000, LR: 7.35e-04
... RAR IC , Max IC error: 0.0750, t: tensor(0.)
... RAR RES, Max residual error: 0.4454, t: tensor([[0.1021],
        [0.2900],
        [0.0895]])
[info] Training epoch: 7000, LR: 6.98e-04
[info] Training epoch: 8000, LR: 6.63e-04
--- Save Epoch: 8344, Loss: 5.3219e-03, IC: 2.2200e-03, Res: 3.1019e-03, Beta: 1.00 ---
... RAR IC , Max IC error: 0.0161, t: tensor(0.)
... RAR RES, Max residual error: 0.4317, t: tensor([[0.2844],
        [0.2283],
        [0.2219]])
[info] Training epoch: 9000, LR: 6.30e-04
[info] Training epoch: 10000, LR: 5.99e-04
--- Save Epoch: 10030, Loss: 5.1627e-03, IC: 2.2092e-03, Res: 2.9535e-03, Beta: 1.00 ---
... RAR IC , Max IC error: 0.0338, t: tensor(0.)
... RAR RES, Max residual error: 0.3176, t: tensor([[0.0200],
        [0.2651],
        [0.2142]])
--- Save Epoch: 10321, Loss: 5.1007e-03, IC: 1.9141e-03, Res: 3.1866e-03, Beta: 1.00 ---
... RAR IC , Max IC error: 0.0440, t: tensor(0.)
... RAR RES, Max residual error: 0.3496, t: tensor([[0.0062],
        [0.0607],
        [0.2735]])
--- Save Epoch: 10655, Loss: 5.0678e-03, IC: 1.8618e-03, Res: 3.2060e-03, Beta: 1.00 ---
... RAR IC , Max IC error: 0.0146, t: tensor(0.)
... RAR RES, Max residual error: 0.3927, t: tensor([[0.2817],
        [0.2064],
        [0.2988]])
[info] Training epoch: 11000, LR: 5.69e-04
[info] Training epoch: 12000, LR: 5.40e-04
[info] Training epoch: 13000, LR: 5.13e-04
[info] Training epoch: 14000, LR: 4.88e-04
--- Save Epoch: 14350, Loss: 5.0577e-03, IC: 1.7725e-03, Res: 3.2852e-03, Beta: 1.00 ---
... RAR IC , Max IC error: 0.0327, t: tensor(0.)
... RAR RES, Max residual error: 0.3617, t: tensor([[0.0849],
        [0.2976],
        [0.2488]])
[info] Training epoch: 15000, LR: 4.63e-04
--- Save Epoch: 15769, Loss: 4.7397e-03, IC: 1.0399e-03, Res: 3.6998e-03, Beta: 1.00 ---
... RAR IC , Max IC error: 0.0883, t: tensor(0.)
... RAR RES, Max residual error: 0.3640, t: tensor([[0.2867],
        [0.0030],
        [0.0030]])
[info] Training epoch: 16000, LR: 4.40e-04
[info] Training epoch: 17000, LR: 4.18e-04
--- Save Epoch: 17445, Loss: 4.4104e-03, IC: 1.0070e-03, Res: 3.4033e-03, Beta: 1.00 ---
... RAR IC , Max IC error: 0.0392, t: tensor(0.)
... RAR RES, Max residual error: 0.3791, t: tensor([[0.0349],
        [0.2351],
        [0.2162]])
[info] Training epoch: 18000, LR: 3.97e-04
[info] Training epoch: 19000, LR: 3.77e-04
[info] Training epoch: 20000, LR: 3.58e-04
--- Save Epoch: 20503, Loss: 4.3661e-03, IC: 8.6902e-04, Res: 3.4971e-03, Beta: 1.00 ---
--- Save Epoch: 20507, Loss: 4.2774e-03, IC: 8.4814e-04, Res: 3.4293e-03, Beta: 1.00 ---
... RAR IC , Max IC error: 0.0118, t: tensor(0.)
... RAR RES, Max residual error: 0.4256, t: tensor([[0.0429],
        [0.0349],
        [0.2630]])
[info] Training epoch: 21000, LR: 3.41e-04
--- Save Epoch: 21542, Loss: 4.2468e-03, IC: 9.4938e-04, Res: 3.2974e-03, Beta: 1.00 ---
... RAR IC , Max IC error: 0.0397, t: tensor(0.)
... RAR RES, Max residual error: 0.3068, t: tensor([[0.2780],
        [0.1354],
        [0.1487]])
[info] Training epoch: 22000, LR: 3.24e-04
[info] Training epoch: 23000, LR: 3.07e-04
--- Save Epoch: 23985, Loss: 4.1994e-03, IC: 8.8568e-04, Res: 3.3137e-03, Beta: 1.00 ---
--- Save Epoch: 23991, Loss: 4.1513e-03, IC: 8.9121e-04, Res: 3.2600e-03, Beta: 1.00 ---
[info] Training epoch: 24000, LR: 2.92e-04
... RAR IC , Max IC error: 0.0109, t: tensor(0.)
... RAR RES, Max residual error: 0.3670, t: tensor([[2.1240e-04],
        [2.7741e-01],
        [2.7185e-01]])
--- Save Epoch: 24635, Loss: 4.0957e-03, IC: 8.5411e-04, Res: 3.2415e-03, Beta: 1.00 ---
... RAR RES, Max residual error: 0.2888, t: tensor([[0.2985],
        [0.2928],
        [0.2965]])
[info] Training epoch: 25000, LR: 2.77e-04
--- Save Epoch: 25003, Loss: 4.0863e-03, IC: 8.5683e-04, Res: 3.2294e-03, Beta: 1.00 ---
--- Save Epoch: 25007, Loss: 4.0332e-03, IC: 8.4358e-04, Res: 3.1896e-03, Beta: 1.00 ---
--- Save Epoch: 25053, Loss: 3.9730e-03, IC: 8.3088e-04, Res: 3.1422e-03, Beta: 1.00 ---
... RAR IC , Max IC error: 0.0124, t: tensor(0.)
... RAR RES, Max residual error: 0.3355, t: tensor([[0.2859],
        [0.2933],
        [0.2667]])
--- Save Epoch: 25994, Loss: 3.8553e-03, IC: 8.7330e-04, Res: 2.9820e-03, Beta: 1.00 ---
[info] Training epoch: 26000, LR: 2.64e-04
... RAR IC , Max IC error: 0.0123, t: tensor(0.)
... RAR RES, Max residual error: 0.3672, t: tensor([[2.9276e-01],
        [2.9304e-01],
        [1.3018e-05]])
--- Save Epoch: 26222, Loss: 3.8312e-03, IC: 8.3668e-04, Res: 2.9945e-03, Beta: 1.00 ---
--- Save Epoch: 26228, Loss: 3.8230e-03, IC: 8.3513e-04, Res: 2.9878e-03, Beta: 1.00 ---
--- Save Epoch: 26254, Loss: 3.7922e-03, IC: 8.9521e-04, Res: 2.8970e-03, Beta: 1.00 ---
--- Save Epoch: 26276, Loss: 3.7614e-03, IC: 8.0298e-04, Res: 2.9584e-03, Beta: 1.00 ---
... RAR IC , Max IC error: 0.0106, t: tensor(0.)
... RAR RES, Max residual error: 0.3110, t: tensor([[0.2968],
        [0.2765],
        [0.0062]])
--- Save Epoch: 26660, Loss: 3.7445e-03, IC: 7.8428e-04, Res: 2.9602e-03, Beta: 1.00 ---
... RAR RES, Max residual error: 0.2943, t: tensor([[0.2980],
        [0.2980],
        [0.1956]])
[info] Training epoch: 27000, LR: 2.50e-04
--- Save Epoch: 27042, Loss: 3.7391e-03, IC: 7.6479e-04, Res: 2.9743e-03, Beta: 1.00 ---
--- Save Epoch: 27058, Loss: 3.7249e-03, IC: 7.6140e-04, Res: 2.9635e-03, Beta: 1.00 ---
--- Save Epoch: 27086, Loss: 3.5937e-03, IC: 7.5330e-04, Res: 2.8404e-03, Beta: 1.00 ---
... RAR IC , Max IC error: 0.0330, t: tensor(0.)
... RAR RES, Max residual error: 0.3376, t: tensor([[0.0223],
        [0.2914],
        [0.0491]])
--- Save Epoch: 27827, Loss: 3.5693e-03, IC: 8.0533e-04, Res: 2.7639e-03, Beta: 1.00 ---
--- Save Epoch: 27861, Loss: 3.5656e-03, IC: 7.9863e-04, Res: 2.7670e-03, Beta: 1.00 ---
... RAR RES, Max residual error: 0.2741, t: tensor([[0.2988],
        [0.0423],
        [0.1576]])
[info] Training epoch: 28000, LR: 2.38e-04
--- Save Epoch: 28059, Loss: 3.5645e-03, IC: 7.2752e-04, Res: 2.8370e-03, Beta: 1.00 ---
--- Save Epoch: 28063, Loss: 3.5587e-03, IC: 7.3220e-04, Res: 2.8265e-03, Beta: 1.00 ---
... RAR RES, Max residual error: 0.2422, t: tensor([[0.2935],
        [0.2640],
        [0.2471]])
--- Save Epoch: 28671, Loss: 3.5368e-03, IC: 7.1945e-04, Res: 2.8173e-03, Beta: 1.00 ---
... RAR RES, Max residual error: 0.2671, t: tensor([[2.0474e-04],
        [2.9798e-01],
        [1.5990e-03]])
[info] Training epoch: 29000, LR: 2.26e-04
--- Save Epoch: 29506, Loss: 3.5194e-03, IC: 8.2347e-04, Res: 2.6959e-03, Beta: 1.00 ---
--- Save Epoch: 29510, Loss: 3.4767e-03, IC: 8.2747e-04, Res: 2.6493e-03, Beta: 1.00 ---
--- Save Epoch: 29526, Loss: 3.3470e-03, IC: 7.4026e-04, Res: 2.6068e-03, Beta: 1.00 ---
--- Save Epoch: 29538, Loss: 3.3148e-03, IC: 6.7086e-04, Res: 2.6440e-03, Beta: 1.00 ---
--- Save Epoch: 29582, Loss: 3.2759e-03, IC: 6.3328e-04, Res: 2.6426e-03, Beta: 1.00 ---
--- Save Epoch: 29600, Loss: 3.2706e-03, IC: 6.7246e-04, Res: 2.5982e-03, Beta: 1.00 ---
... RAR IC , Max IC error: 0.0103, t: tensor(0.)
... RAR RES, Max residual error: 0.2234, t: tensor([[0.2630],
        [0.2239],
        [0.1680]])
--- Save Epoch: 29646, Loss: 3.2308e-03, IC: 6.4874e-04, Res: 2.5821e-03, Beta: 1.00 ---
--- Save Epoch: 29654, Loss: 3.2075e-03, IC: 6.3581e-04, Res: 2.5717e-03, Beta: 1.00 ---
--- Save Epoch: 29658, Loss: 3.2014e-03, IC: 6.4939e-04, Res: 2.5520e-03, Beta: 1.00 ---
--- Save Epoch: 29662, Loss: 3.1781e-03, IC: 6.2550e-04, Res: 2.5526e-03, Beta: 1.00 ---
--- Save Epoch: 29666, Loss: 3.1599e-03, IC: 6.2681e-04, Res: 2.5331e-03, Beta: 1.00 ---
--- Save Epoch: 29674, Loss: 3.1508e-03, IC: 6.2503e-04, Res: 2.5258e-03, Beta: 1.00 ---
--- Save Epoch: 29690, Loss: 3.1234e-03, IC: 6.5472e-04, Res: 2.4687e-03, Beta: 1.00 ---
... RAR RES, Max residual error: 0.2323, t: tensor([[0.2956],
        [0.2956],
        [0.0084]])
--- Save Epoch: 29738, Loss: 3.1209e-03, IC: 6.1134e-04, Res: 2.5095e-03, Beta: 1.00 ---
--- Save Epoch: 29741, Loss: 3.1143e-03, IC: 6.1414e-04, Res: 2.5001e-03, Beta: 1.00 ---
--- Save Epoch: 29754, Loss: 3.0811e-03, IC: 6.1305e-04, Res: 2.4680e-03, Beta: 1.00 ---
--- Save Epoch: 29788, Loss: 3.0634e-03, IC: 6.3342e-04, Res: 2.4300e-03, Beta: 1.00 ---
... RAR RES, Max residual error: 0.2240, t: tensor([[0.2656],
        [0.2988],
        [0.2771]])
--- Save Epoch: 29818, Loss: 3.0470e-03, IC: 6.0286e-04, Res: 2.4441e-03, Beta: 1.00 ---
--- Save Epoch: 29853, Loss: 3.0315e-03, IC: 6.1541e-04, Res: 2.4161e-03, Beta: 1.00 ---
--- Save Epoch: 29854, Loss: 2.9758e-03, IC: 5.9958e-04, Res: 2.3762e-03, Beta: 1.00 ---
--- Save Epoch: 29870, Loss: 2.9527e-03, IC: 6.4379e-04, Res: 2.3089e-03, Beta: 1.00 ---
--- Save Epoch: 29895, Loss: 2.9185e-03, IC: 6.1718e-04, Res: 2.3013e-03, Beta: 1.00 ---
... RAR RES, Max residual error: 0.2084, t: tensor([[0.2673],
        [0.0290],
        [0.2849]])
--- Save Epoch: 29954, Loss: 2.8835e-03, IC: 6.7538e-04, Res: 2.2081e-03, Beta: 1.00 ---
--- Save Epoch: 29962, Loss: 2.8762e-03, IC: 6.7190e-04, Res: 2.2043e-03, Beta: 1.00 ---
--- Save Epoch: 29965, Loss: 2.8124e-03, IC: 6.2214e-04, Res: 2.1902e-03, Beta: 1.00 ---
--- Save Epoch: 29974, Loss: 2.7929e-03, IC: 6.3540e-04, Res: 2.1575e-03, Beta: 1.00 ---
--- Save Epoch: 29978, Loss: 2.7731e-03, IC: 6.3016e-04, Res: 2.1429e-03, Beta: 1.00 ---
[info] Training epoch: 30000, LR: 2.15e-04
... RAR RES, Max residual error: 0.2070, t: tensor([[0.2411],
        [0.2856],
        [0.2666]])
--- Save Epoch: 30026, Loss: 2.7610e-03, IC: 6.5628e-04, Res: 2.1047e-03, Beta: 1.00 ---
--- Save Epoch: 30033, Loss: 2.7244e-03, IC: 6.5178e-04, Res: 2.0726e-03, Beta: 1.00 ---
--- Save Epoch: 30034, Loss: 2.6997e-03, IC: 6.2713e-04, Res: 2.0725e-03, Beta: 1.00 ---
--- Save Epoch: 30038, Loss: 2.6760e-03, IC: 6.5558e-04, Res: 2.0204e-03, Beta: 1.00 ---
--- Save Epoch: 30078, Loss: 2.6298e-03, IC: 6.6046e-04, Res: 1.9693e-03, Beta: 1.00 ---
--- Save Epoch: 30082, Loss: 2.6174e-03, IC: 6.6225e-04, Res: 1.9552e-03, Beta: 1.00 ---
... RAR RES, Max residual error: 0.2254, t: tensor([[0.2869],
        [0.2920],
        [0.1717]])
--- Save Epoch: 30189, Loss: 2.6073e-03, IC: 6.7699e-04, Res: 1.9303e-03, Beta: 1.00 ---
... RAR RES, Max residual error: 0.1918, t: tensor([[0.2122],
        [0.2320],
        [0.2260]])
--- Save Epoch: 30241, Loss: 2.5961e-03, IC: 6.7893e-04, Res: 1.9172e-03, Beta: 1.00 ---
--- Save Epoch: 30286, Loss: 2.5617e-03, IC: 6.6490e-04, Res: 1.8968e-03, Beta: 1.00 ---
--- Save Epoch: 30298, Loss: 2.5572e-03, IC: 6.7385e-04, Res: 1.8833e-03, Beta: 1.00 ---
... RAR RES, Max residual error: 0.1671, t: tensor([[0.2372],
        [0.2944],
        [0.2946]])
--- Save Epoch: 30394, Loss: 2.5014e-03, IC: 6.6555e-04, Res: 1.8358e-03, Beta: 1.00 ---
... RAR RES, Max residual error: 0.1630, t: tensor([[0.1948],
        [0.0002],
        [0.0938]])
--- Save Epoch: 30521, Loss: 2.4687e-03, IC: 6.5423e-04, Res: 1.8145e-03, Beta: 1.00 ---
--- Save Epoch: 30540, Loss: 2.3900e-03, IC: 7.1732e-04, Res: 1.6727e-03, Beta: 1.00 ---
... RAR IC , Max IC error: 0.0253, t: tensor(0.)
... RAR RES, Max residual error: 0.1994, t: tensor([[0.2253],
        [0.2616],
        [0.1285]])
--- Save Epoch: 30865, Loss: 2.3419e-03, IC: 6.3832e-04, Res: 1.7035e-03, Beta: 1.00 ---
--- Save Epoch: 30893, Loss: 2.3056e-03, IC: 5.8735e-04, Res: 1.7182e-03, Beta: 1.00 ---
... RAR RES, Max residual error: 0.1941, t: tensor([[0.2968],
        [0.0238],
        [0.1363]])
[info] Training epoch: 31000, LR: 2.04e-04
--- Save Epoch: 31001, Loss: 2.3055e-03, IC: 5.8995e-04, Res: 1.7155e-03, Beta: 1.00 ---
--- Save Epoch: 31003, Loss: 2.3027e-03, IC: 6.0708e-04, Res: 1.6956e-03, Beta: 1.00 ---
--- Save Epoch: 31013, Loss: 2.2712e-03, IC: 5.6380e-04, Res: 1.7074e-03, Beta: 1.00 ---
--- Save Epoch: 31025, Loss: 2.2593e-03, IC: 6.0380e-04, Res: 1.6555e-03, Beta: 1.00 ---
--- Save Epoch: 31057, Loss: 2.2475e-03, IC: 5.9233e-04, Res: 1.6552e-03, Beta: 1.00 ---
... RAR RES, Max residual error: 0.1649, t: tensor([[0.0068],
        [0.0308],
        [0.1041]])
--- Save Epoch: 31221, Loss: 2.2385e-03, IC: 5.7942e-04, Res: 1.6591e-03, Beta: 1.00 ---
--- Save Epoch: 31233, Loss: 2.2366e-03, IC: 5.8674e-04, Res: 1.6499e-03, Beta: 1.00 ---
--- Save Epoch: 31245, Loss: 2.2363e-03, IC: 5.8771e-04, Res: 1.6485e-03, Beta: 1.00 ---
... RAR RES, Max residual error: 0.2377, t: tensor([[0.2925],
        [0.1459],
        [0.0210]])
--- Save Epoch: 31409, Loss: 2.2044e-03, IC: 5.8259e-04, Res: 1.6218e-03, Beta: 1.00 ---
--- Save Epoch: 31485, Loss: 2.1926e-03, IC: 5.4935e-04, Res: 1.6433e-03, Beta: 1.00 ---
... RAR RES, Max residual error: 0.1812, t: tensor([[0.2972],
        [0.2937],
        [0.2786]])
--- Save Epoch: 31685, Loss: 2.1880e-03, IC: 5.3616e-04, Res: 1.6519e-03, Beta: 1.00 ---
--- Save Epoch: 31689, Loss: 2.1776e-03, IC: 5.4234e-04, Res: 1.6352e-03, Beta: 1.00 ---
--- Save Epoch: 31691, Loss: 2.1685e-03, IC: 5.3125e-04, Res: 1.6373e-03, Beta: 1.00 ---
... RAR RES, Max residual error: 0.1989, t: tensor([[0.2225],
        [0.0025],
        [0.2956]])
--- Save Epoch: 31849, Loss: 2.1599e-03, IC: 5.4225e-04, Res: 1.6176e-03, Beta: 1.00 ---
--- Save Epoch: 31865, Loss: 2.1476e-03, IC: 5.2627e-04, Res: 1.6214e-03, Beta: 1.00 ---
--- Save Epoch: 31883, Loss: 2.1121e-03, IC: 5.1191e-04, Res: 1.6002e-03, Beta: 1.00 ---
... RAR RES, Max residual error: 0.2071, t: tensor([[0.2339],
        [0.1956],
        [0.2917]])
--- Save Epoch: 31938, Loss: 2.0941e-03, IC: 5.9828e-04, Res: 1.4958e-03, Beta: 1.00 ---
[info] Training epoch: 32000, LR: 1.94e-04
... RAR IC , Max IC error: 0.0198, t: tensor(0.)
... RAR RES, Max residual error: 0.1951, t: tensor([[0.2595],
        [0.2595],
        [0.2827]])
--- Save Epoch: 32514, Loss: 2.0726e-03, IC: 5.2586e-04, Res: 1.5468e-03, Beta: 1.00 ---
--- Save Epoch: 32540, Loss: 2.0256e-03, IC: 4.9553e-04, Res: 1.5301e-03, Beta: 1.00 ---
--- Save Epoch: 32595, Loss: 2.0063e-03, IC: 4.8138e-04, Res: 1.5249e-03, Beta: 1.00 ---
--- Save Epoch: 32596, Loss: 1.9953e-03, IC: 5.0555e-04, Res: 1.4898e-03, Beta: 1.00 ---
... RAR RES, Max residual error: 0.1870, t: tensor([[0.2451],
        [0.2052],
        [0.2671]])
--- Save Epoch: 32844, Loss: 1.9787e-03, IC: 4.8946e-04, Res: 1.4892e-03, Beta: 1.00 ---
... RAR RES, Max residual error: 0.1873, t: tensor([[0.2205],
        [0.2830],
        [0.2891]])
[info] Training epoch: 33000, LR: 1.84e-04
--- Save Epoch: 33008, Loss: 1.9614e-03, IC: 4.9335e-04, Res: 1.4680e-03, Beta: 1.00 ---
--- Save Epoch: 33012, Loss: 1.9141e-03, IC: 4.7022e-04, Res: 1.4438e-03, Beta: 1.00 ---
--- Save Epoch: 33084, Loss: 1.9038e-03, IC: 4.8783e-04, Res: 1.4159e-03, Beta: 1.00 ---
--- Save Epoch: 33100, Loss: 1.8767e-03, IC: 4.8857e-04, Res: 1.3881e-03, Beta: 1.00 ---
... RAR RES, Max residual error: 0.2028, t: tensor([[0.2766],
        [0.2087],
        [0.2160]])
--- Save Epoch: 33271, Loss: 1.8761e-03, IC: 4.5386e-04, Res: 1.4222e-03, Beta: 1.00 ---
... RAR RES, Max residual error: 0.2334, t: tensor([[0.1882],
        [0.3000],
        [0.2299]])
--- Save Epoch: 33380, Loss: 1.8672e-03, IC: 4.8992e-04, Res: 1.3773e-03, Beta: 1.00 ---
... RAR RES, Max residual error: 0.2426, t: tensor([[1.9509e-01],
        [2.3755e-01],
        [5.3984e-05]])
--- Save Epoch: 33628, Loss: 1.8653e-03, IC: 4.6890e-04, Res: 1.3964e-03, Beta: 1.00 ---
--- Save Epoch: 33632, Loss: 1.8406e-03, IC: 4.7212e-04, Res: 1.3685e-03, Beta: 1.00 ---
--- Save Epoch: 33664, Loss: 1.8133e-03, IC: 4.6857e-04, Res: 1.3447e-03, Beta: 1.00 ---
... RAR RES, Max residual error: 0.1982, t: tensor([[3.0877e-02],
        [1.9253e-04],
        [2.4484e-01]])
[info] Training epoch: 34000, LR: 1.75e-04
--- Save Epoch: 34112, Loss: 1.8073e-03, IC: 5.4964e-04, Res: 1.2577e-03, Beta: 1.00 ---
--- Save Epoch: 34120, Loss: 1.7771e-03, IC: 5.3596e-04, Res: 1.2411e-03, Beta: 1.00 ---
... RAR IC , Max IC error: 0.0111, t: tensor(0.)
... RAR RES, Max residual error: 0.1416, t: tensor([[0.2537],
        [0.0322],
        [0.2417]])
--- Save Epoch: 34232, Loss: 1.7551e-03, IC: 4.7260e-04, Res: 1.2825e-03, Beta: 1.00 ---
--- Save Epoch: 34286, Loss: 1.7469e-03, IC: 4.5941e-04, Res: 1.2875e-03, Beta: 1.00 ---
--- Save Epoch: 34300, Loss: 1.7423e-03, IC: 4.8012e-04, Res: 1.2621e-03, Beta: 1.00 ---
... RAR RES, Max residual error: 0.1633, t: tensor([[0.0090],
        [0.0017],
        [0.2448]])
--- Save Epoch: 34368, Loss: 1.7393e-03, IC: 4.5644e-04, Res: 1.2829e-03, Beta: 1.00 ---
... RAR RES, Max residual error: 0.2100, t: tensor([[0.0072],
        [0.2619],
        [0.1378]])
--- Save Epoch: 34524, Loss: 1.7256e-03, IC: 4.5293e-04, Res: 1.2727e-03, Beta: 1.00 ---
... RAR RES, Max residual error: 0.1676, t: tensor([[0.0062],
        [0.0006],
        [0.0061]])
--- Save Epoch: 34788, Loss: 1.7250e-03, IC: 4.5470e-04, Res: 1.2703e-03, Beta: 1.00 ---
--- Save Epoch: 34796, Loss: 1.7115e-03, IC: 4.2953e-04, Res: 1.2820e-03, Beta: 1.00 ---
... RAR RES, Max residual error: 0.2027, t: tensor([[0.2148],
        [0.1788],
        [0.2929]])
--- Save Epoch: 34996, Loss: 1.7038e-03, IC: 4.6706e-04, Res: 1.2368e-03, Beta: 1.00 ---
[info] Training epoch: 35000, LR: 1.66e-04
... RAR RES, Max residual error: 0.1604, t: tensor([[0.1576],
        [0.0146],
        [0.2540]])
--- Save Epoch: 35036, Loss: 1.7035e-03, IC: 4.5875e-04, Res: 1.2448e-03, Beta: 1.00 ---
--- Save Epoch: 35096, Loss: 1.6838e-03, IC: 4.3690e-04, Res: 1.2469e-03, Beta: 1.00 ---
... RAR RES, Max residual error: 0.1405, t: tensor([[0.1953],
        [0.1256],
        [0.2657]])
--- Save Epoch: 35247, Loss: 1.6789e-03, IC: 4.5196e-04, Res: 1.2270e-03, Beta: 1.00 ---
--- Save Epoch: 35258, Loss: 1.6624e-03, IC: 4.3267e-04, Res: 1.2297e-03, Beta: 1.00 ---
... RAR RES, Max residual error: 0.1354, t: tensor([[0.2298],
        [0.0156],
        [0.2281]])
--- Save Epoch: 35839, Loss: 1.6614e-03, IC: 4.8069e-04, Res: 1.1807e-03, Beta: 1.00 ---
--- Save Epoch: 35847, Loss: 1.6392e-03, IC: 4.5618e-04, Res: 1.1831e-03, Beta: 1.00 ---
--- Save Epoch: 35849, Loss: 1.6343e-03, IC: 4.5126e-04, Res: 1.1830e-03, Beta: 1.00 ---
--- Save Epoch: 35857, Loss: 1.5925e-03, IC: 4.2371e-04, Res: 1.1688e-03, Beta: 1.00 ---
... RAR RES, Max residual error: 0.2049, t: tensor([[2.0937e-01],
        [5.4735e-05],
        [2.8083e-01]])
[info] Training epoch: 36000, LR: 1.58e-04
--- Save Epoch: 36011, Loss: 1.5901e-03, IC: 4.2633e-04, Res: 1.1638e-03, Beta: 1.00 ---
--- Save Epoch: 36027, Loss: 1.5775e-03, IC: 4.2150e-04, Res: 1.1559e-03, Beta: 1.00 ---
--- Save Epoch: 36067, Loss: 1.5698e-03, IC: 4.3565e-04, Res: 1.1342e-03, Beta: 1.00 ---
... RAR RES, Max residual error: 0.1209, t: tensor([[0.2252],
        [0.2700],
        [0.1574]])
--- Save Epoch: 36187, Loss: 1.5556e-03, IC: 4.1720e-04, Res: 1.1384e-03, Beta: 1.00 ---
... RAR RES, Max residual error: 0.1505, t: tensor([[0.0003],
        [0.2151],
        [0.0003]])
--- Save Epoch: 36643, Loss: 1.5459e-03, IC: 4.4837e-04, Res: 1.0976e-03, Beta: 1.00 ---
--- Save Epoch: 36663, Loss: 1.5198e-03, IC: 4.0410e-04, Res: 1.1157e-03, Beta: 1.00 ---
... RAR RES, Max residual error: 0.1468, t: tensor([[0.0092],
        [0.2391],
        [0.1850]])
--- Save Epoch: 36969, Loss: 1.5190e-03, IC: 4.4359e-04, Res: 1.0754e-03, Beta: 1.00 ---
--- Save Epoch: 36978, Loss: 1.4662e-03, IC: 4.2199e-04, Res: 1.0443e-03, Beta: 1.00 ---
[info] Training epoch: 37000, LR: 1.50e-04
... RAR IC , Max IC error: 0.0125, t: tensor(0.)
... RAR RES, Max residual error: 0.1242, t: tensor([[0.1584],
        [0.0095],
        [0.0731]])
--- Save Epoch: 37827, Loss: 1.4607e-03, IC: 4.2118e-04, Res: 1.0395e-03, Beta: 1.00 ---
--- Save Epoch: 37833, Loss: 1.4571e-03, IC: 4.0315e-04, Res: 1.0540e-03, Beta: 1.00 ---
--- Save Epoch: 37841, Loss: 1.4469e-03, IC: 4.1734e-04, Res: 1.0295e-03, Beta: 1.00 ---
--- Save Epoch: 37849, Loss: 1.4452e-03, IC: 4.2112e-04, Res: 1.0241e-03, Beta: 1.00 ---
--- Save Epoch: 37857, Loss: 1.4320e-03, IC: 4.2399e-04, Res: 1.0081e-03, Beta: 1.00 ---
--- Save Epoch: 37879, Loss: 1.3994e-03, IC: 4.0095e-04, Res: 9.9848e-04, Beta: 1.00 ---
... RAR RES, Max residual error: 0.1215, t: tensor([[0.0919],
        [0.0714],
        [0.0030]])
[info] Training epoch: 38000, LR: 1.42e-04
--- Save Epoch: 38340, Loss: 1.3969e-03, IC: 4.0396e-04, Res: 9.9298e-04, Beta: 1.00 ---
--- Save Epoch: 38379, Loss: 1.3950e-03, IC: 4.0674e-04, Res: 9.8828e-04, Beta: 1.00 ---
--- Save Epoch: 38395, Loss: 1.3890e-03, IC: 4.1934e-04, Res: 9.6969e-04, Beta: 1.00 ---
... RAR RES, Max residual error: 0.1139, t: tensor([[0.2090],
        [0.2484],
        [0.1081]])
--- Save Epoch: 38515, Loss: 1.3877e-03, IC: 4.0094e-04, Res: 9.8678e-04, Beta: 1.00 ---
--- Save Epoch: 38547, Loss: 1.3864e-03, IC: 4.0077e-04, Res: 9.8566e-04, Beta: 1.00 ---
--- Save Epoch: 38599, Loss: 1.3805e-03, IC: 3.8147e-04, Res: 9.9902e-04, Beta: 1.00 ---
... RAR RES, Max residual error: 0.1325, t: tensor([[0.0009],
        [0.0099],
        [0.0099]])
--- Save Epoch: 38833, Loss: 1.3534e-03, IC: 4.0265e-04, Res: 9.5071e-04, Beta: 1.00 ---
--- Save Epoch: 38859, Loss: 1.3524e-03, IC: 3.9182e-04, Res: 9.6053e-04, Beta: 1.00 ---
--- Save Epoch: 38900, Loss: 1.3346e-03, IC: 4.1973e-04, Res: 9.1484e-04, Beta: 1.00 ---
... RAR RES, Max residual error: 0.1824, t: tensor([[0.1804],
        [0.0015],
        [0.1562]])
[info] Training epoch: 39000, LR: 1.35e-04
--- Save Epoch: 39418, Loss: 1.3335e-03, IC: 4.1227e-04, Res: 9.2121e-04, Beta: 1.00 ---
--- Save Epoch: 39462, Loss: 1.3285e-03, IC: 4.2474e-04, Res: 9.0378e-04, Beta: 1.00 ---
--- Save Epoch: 39466, Loss: 1.3265e-03, IC: 4.0164e-04, Res: 9.2485e-04, Beta: 1.00 ---
... RAR RES, Max residual error: 0.1154, t: tensor([[0.0008],
        [0.1197],
        [0.2785]])
--- Save Epoch: 39600, Loss: 1.3210e-03, IC: 3.8879e-04, Res: 9.3219e-04, Beta: 1.00 ---
... RAR RES, Max residual error: 0.1019, t: tensor([[0.2933],
        [0.2395],
        [0.1367]])
--- Save Epoch: 39834, Loss: 1.3105e-03, IC: 4.0061e-04, Res: 9.0986e-04, Beta: 1.00 ---
... RAR RES, Max residual error: 0.1070, t: tensor([[0.0010],
        [0.0010],
        [0.2960]])
[info] Training epoch: 40000, LR: 1.29e-04
--- Save Epoch: 40004, Loss: 1.2960e-03, IC: 4.1472e-04, Res: 8.8132e-04, Beta: 1.00 ---
... RAR RES, Max residual error: 0.1117, t: tensor([[0.0090],
        [0.0070],
        [0.0090]])
--- Save Epoch: 40446, Loss: 1.2960e-03, IC: 4.3056e-04, Res: 8.6548e-04, Beta: 1.00 ---
--- Save Epoch: 40466, Loss: 1.2920e-03, IC: 4.0652e-04, Res: 8.8545e-04, Beta: 1.00 ---
--- Save Epoch: 40474, Loss: 1.2847e-03, IC: 4.0983e-04, Res: 8.7490e-04, Beta: 1.00 ---
--- Save Epoch: 40478, Loss: 1.2808e-03, IC: 4.1433e-04, Res: 8.6644e-04, Beta: 1.00 ---
... RAR RES, Max residual error: 0.1096, t: tensor([[0.1448],
        [0.0725],
        [0.1220]])
[info] Training epoch: 41000, LR: 1.22e-04
--- Save Epoch: 41011, Loss: 1.2767e-03, IC: 4.5212e-04, Res: 8.2457e-04, Beta: 1.00 ---
... RAR RES, Max residual error: 0.1387, t: tensor([[0.2970],
        [0.1839],
        [0.2954]])
--- Save Epoch: 41225, Loss: 1.2454e-03, IC: 4.2226e-04, Res: 8.2312e-04, Beta: 1.00 ---
--- Save Epoch: 41259, Loss: 1.2426e-03, IC: 3.9200e-04, Res: 8.5055e-04, Beta: 1.00 ---
... RAR RES, Max residual error: 0.1328, t: tensor([[0.2993],
        [0.2993],
        [0.2188]])
--- Save Epoch: 41343, Loss: 1.2414e-03, IC: 4.1706e-04, Res: 8.2438e-04, Beta: 1.00 ---
... RAR RES, Max residual error: 0.1198, t: tensor([[0.0362],
        [0.2987],
        [0.2874]])
--- Save Epoch: 41725, Loss: 1.2306e-03, IC: 3.9192e-04, Res: 8.3867e-04, Beta: 1.00 ---
--- Save Epoch: 41795, Loss: 1.2257e-03, IC: 3.9167e-04, Res: 8.3406e-04, Beta: 1.00 ---
... RAR RES, Max residual error: 0.1310, t: tensor([[0.2981],
        [0.2996],
        [0.2928]])
--- Save Epoch: 41975, Loss: 1.2132e-03, IC: 3.7546e-04, Res: 8.3770e-04, Beta: 1.00 ---
[info] Training epoch: 42000, LR: 1.16e-04
... RAR RES, Max residual error: 0.1091, t: tensor([[0.2993],
        [0.2969],
        [0.0123]])
--- Save Epoch: 42219, Loss: 1.2127e-03, IC: 3.9583e-04, Res: 8.1686e-04, Beta: 1.00 ---
--- Save Epoch: 42275, Loss: 1.2111e-03, IC: 3.7885e-04, Res: 8.3228e-04, Beta: 1.00 ---
--- Save Epoch: 42287, Loss: 1.2109e-03, IC: 3.8872e-04, Res: 8.2220e-04, Beta: 1.00 ---
... RAR RES, Max residual error: 0.1209, t: tensor([[0.2984],
        [0.2002],
        [0.1721]])
--- Save Epoch: 42413, Loss: 1.1858e-03, IC: 4.0610e-04, Res: 7.7973e-04, Beta: 1.00 ---
--- Save Epoch: 42416, Loss: 1.1600e-03, IC: 3.9533e-04, Res: 7.6467e-04, Beta: 1.00 ---
... RAR IC , Max IC error: 0.0126, t: tensor(0.)
... RAR RES, Max residual error: 0.1158, t: tensor([[0.0106],
        [0.0325],
        [0.0519]])
[info] Training epoch: 43000, LR: 1.10e-04
--- Save Epoch: 43261, Loss: 1.1584e-03, IC: 3.8720e-04, Res: 7.7121e-04, Beta: 1.00 ---
... RAR RES, Max residual error: 0.1029, t: tensor([[0.2852],
        [0.0378],
        [0.1160]])
--- Save Epoch: 43371, Loss: 1.1472e-03, IC: 3.7057e-04, Res: 7.7668e-04, Beta: 1.00 ---
... RAR RES, Max residual error: 0.1113, t: tensor([[0.0005],
        [0.0548],
        [0.0345]])
--- Save Epoch: 43577, Loss: 1.1430e-03, IC: 3.6742e-04, Res: 7.7556e-04, Beta: 1.00 ---
... RAR RES, Max residual error: 0.0839, t: tensor([[0.0003],
        [0.0003],
        [0.0003]])
--- Save Epoch: 43637, Loss: 1.1368e-03, IC: 3.6173e-04, Res: 7.7503e-04, Beta: 1.00 ---
... RAR RES, Max residual error: 0.0831, t: tensor([[0.2757],
        [0.0024],
        [0.2933]])
--- Save Epoch: 43909, Loss: 1.1284e-03, IC: 3.5671e-04, Res: 7.7173e-04, Beta: 1.00 ---
[info] Training epoch: 44000, LR: 1.05e-04
... RAR RES, Max residual error: 0.0912, t: tensor([[0.1181],
        [0.1657],
        [0.2151]])
--- Save Epoch: 44229, Loss: 1.1193e-03, IC: 3.6852e-04, Res: 7.5075e-04, Beta: 1.00 ---
--- Save Epoch: 44241, Loss: 1.1182e-03, IC: 3.5675e-04, Res: 7.6147e-04, Beta: 1.00 ---
... RAR RES, Max residual error: 0.0881, t: tensor([[0.2677],
        [0.1225],
        [0.2356]])
--- Save Epoch: 44423, Loss: 1.1176e-03, IC: 3.5780e-04, Res: 7.5976e-04, Beta: 1.00 ---
--- Save Epoch: 44451, Loss: 1.1025e-03, IC: 3.5803e-04, Res: 7.4450e-04, Beta: 1.00 ---
--- Save Epoch: 44471, Loss: 1.0941e-03, IC: 3.4615e-04, Res: 7.4791e-04, Beta: 1.00 ---
... RAR RES, Max residual error: 0.0900, t: tensor([[0.0303],
        [0.2270],
        [0.2518]])
--- Save Epoch: 44702, Loss: 1.0827e-03, IC: 3.4544e-04, Res: 7.3724e-04, Beta: 1.00 ---
... RAR RES, Max residual error: 0.1085, t: tensor([[1.4332e-04],
        [1.4332e-04],
        [2.0710e-01]])
[info] Training epoch: 45000, LR: 9.94e-05
--- Save Epoch: 45146, Loss: 1.0811e-03, IC: 3.5146e-04, Res: 7.2962e-04, Beta: 1.00 ---
--- Save Epoch: 45150, Loss: 1.0650e-03, IC: 3.4271e-04, Res: 7.2230e-04, Beta: 1.00 ---
--- Save Epoch: 45154, Loss: 1.0585e-03, IC: 3.3906e-04, Res: 7.1948e-04, Beta: 1.00 ---
--- Save Epoch: 45162, Loss: 1.0562e-03, IC: 3.3186e-04, Res: 7.2437e-04, Beta: 1.00 ---
--- Save Epoch: 45194, Loss: 1.0405e-03, IC: 3.3030e-04, Res: 7.1023e-04, Beta: 1.00 ---
... RAR RES, Max residual error: 0.0960, t: tensor([[0.2736],
        [0.2106],
        [0.2692]])
--- Save Epoch: 45494, Loss: 1.0295e-03, IC: 3.2828e-04, Res: 7.0119e-04, Beta: 1.00 ---
... RAR RES, Max residual error: 0.0809, t: tensor([[0.2881],
        [0.2289],
        [0.2070]])
--- Save Epoch: 45670, Loss: 1.0263e-03, IC: 3.3207e-04, Res: 6.9426e-04, Beta: 1.00 ---
... RAR RES, Max residual error: 0.0857, t: tensor([[0.2483],
        [0.2869],
        [0.2736]])
--- Save Epoch: 45896, Loss: 1.0230e-03, IC: 3.2379e-04, Res: 6.9922e-04, Beta: 1.00 ---
... RAR RES, Max residual error: 0.1287, t: tensor([[0.0099],
        [0.2281],
        [0.1815]])
[info] Training epoch: 46000, LR: 9.45e-05
--- Save Epoch: 46038, Loss: 1.0115e-03, IC: 3.2502e-04, Res: 6.8653e-04, Beta: 1.00 ---
... RAR RES, Max residual error: 0.0807, t: tensor([[0.0025],
        [0.2770],
        [0.2433]])
--- Save Epoch: 46167, Loss: 9.7800e-04, IC: 3.2651e-04, Res: 6.5149e-04, Beta: 1.00 ---
... RAR RES, Max residual error: 0.0967, t: tensor([[0.2993],
        [0.2792],
        [0.2883]])
[info] Training epoch: 47000, LR: 8.97e-05
--- Save Epoch: 47530, Loss: 9.7549e-04, IC: 3.2397e-04, Res: 6.5152e-04, Beta: 1.00 ---
... RAR IC , Max IC error: 0.0168, t: tensor(0.)
... RAR RES, Max residual error: 0.1020, t: tensor([[0.1209],
        [0.0010],
        [0.1367]])
--- Save Epoch: 47869, Loss: 9.6389e-04, IC: 3.1107e-04, Res: 6.5282e-04, Beta: 1.00 ---
... RAR RES, Max residual error: 0.1255, t: tensor([[0.2558],
        [0.2137],
        [0.1360]])
[info] Training epoch: 48000, LR: 8.53e-05
--- Save Epoch: 48392, Loss: 9.5850e-04, IC: 3.0978e-04, Res: 6.4873e-04, Beta: 1.00 ---
... RAR RES, Max residual error: 0.0991, t: tensor([[0.2288],
        [0.0005],
        [0.1979]])
--- Save Epoch: 48741, Loss: 9.5385e-04, IC: 3.3095e-04, Res: 6.2291e-04, Beta: 1.00 ---
... RAR RES, Max residual error: 0.0957, t: tensor([[0.1404],
        [0.1968],
        [0.0393]])
--- Save Epoch: 48857, Loss: 9.4337e-04, IC: 3.1031e-04, Res: 6.3305e-04, Beta: 1.00 ---
... RAR RES, Max residual error: 0.0981, t: tensor([[0.0130],
        [0.0041],
        [0.2959]])
[info] Training epoch: 49000, LR: 8.10e-05
--- Save Epoch: 49047, Loss: 9.4165e-04, IC: 3.0771e-04, Res: 6.3394e-04, Beta: 1.00 ---
--- Save Epoch: 49057, Loss: 9.4133e-04, IC: 2.9972e-04, Res: 6.4161e-04, Beta: 1.00 ---
--- Save Epoch: 49085, Loss: 9.3192e-04, IC: 3.0158e-04, Res: 6.3035e-04, Beta: 1.00 ---
--- Save Epoch: 49097, Loss: 9.3190e-04, IC: 2.9499e-04, Res: 6.3691e-04, Beta: 1.00 ---
... RAR RES, Max residual error: 0.0906, t: tensor([[0.2188],
        [0.0250],
        [0.0005]])
--- Save Epoch: 49181, Loss: 9.2330e-04, IC: 2.8576e-04, Res: 6.3754e-04, Beta: 1.00 ---
... RAR RES, Max residual error: 0.0716, t: tensor([[0.1910],
        [0.0095],
        [0.0233]])
--- Save Epoch: 49765, Loss: 9.2226e-04, IC: 3.0281e-04, Res: 6.1946e-04, Beta: 1.00 ---
--- Save Epoch: 49787, Loss: 9.1981e-04, IC: 2.9729e-04, Res: 6.2252e-04, Beta: 1.00 ---
... RAR RES, Max residual error: 0.0886, t: tensor([[0.1758],
        [0.2028],
        [0.1964]])
[info] Training epoch: 50000, LR: 7.69e-05
--- Save Epoch: 50118, Loss: 9.1827e-04, IC: 3.1392e-04, Res: 6.0436e-04, Beta: 1.00 ---
--- Save Epoch: 50128, Loss: 9.0896e-04, IC: 3.0169e-04, Res: 6.0727e-04, Beta: 1.00 ---
--- Save Epoch: 50151, Loss: 9.0816e-04, IC: 3.0058e-04, Res: 6.0759e-04, Beta: 1.00 ---
--- Save Epoch: 50159, Loss: 9.0776e-04, IC: 2.9790e-04, Res: 6.0986e-04, Beta: 1.00 ---
--- Save Epoch: 50181, Loss: 9.0118e-04, IC: 2.9707e-04, Res: 6.0411e-04, Beta: 1.00 ---
... RAR RES, Max residual error: 0.0854, t: tensor([[0.1634],
        [0.0383],
        [0.1068]])
--- Save Epoch: 50597, Loss: 8.9394e-04, IC: 2.8987e-04, Res: 6.0407e-04, Beta: 1.00 ---
... RAR RES, Max residual error: 0.0831, t: tensor([[0.0019],
        [0.0759],
        [0.0019]])
--- Save Epoch: 50933, Loss: 8.8861e-04, IC: 2.8775e-04, Res: 6.0086e-04, Beta: 1.00 ---
[info] Training epoch: 51000, LR: 7.31e-05
... RAR RES, Max residual error: 0.0877, t: tensor([[0.2320],
        [0.2992],
        [0.1772]])
--- Save Epoch: 51129, Loss: 8.8692e-04, IC: 2.8716e-04, Res: 5.9976e-04, Beta: 1.00 ---
--- Save Epoch: 51175, Loss: 8.8649e-04, IC: 2.7424e-04, Res: 6.1224e-04, Beta: 1.00 ---
... RAR RES, Max residual error: 0.0973, t: tensor([[0.1648],
        [0.2945],
        [0.2106]])
--- Save Epoch: 51465, Loss: 8.8289e-04, IC: 2.9047e-04, Res: 5.9242e-04, Beta: 1.00 ---
--- Save Epoch: 51489, Loss: 8.7430e-04, IC: 2.9934e-04, Res: 5.7496e-04, Beta: 1.00 ---
... RAR RES, Max residual error: 0.0921, t: tensor([[0.2958],
        [0.1818],
        [0.1818]])
--- Save Epoch: 51688, Loss: 8.7261e-04, IC: 2.8469e-04, Res: 5.8792e-04, Beta: 1.00 ---
... RAR RES, Max residual error: 0.0801, t: tensor([[0.1745],
        [0.1930],
        [0.1758]])
[info] Training epoch: 52000, LR: 6.94e-05
--- Save Epoch: 52294, Loss: 8.6770e-04, IC: 2.8628e-04, Res: 5.8143e-04, Beta: 1.00 ---
... RAR RES, Max residual error: 0.0973, t: tensor([[0.1522],
        [0.0749],
        [0.2301]])
--- Save Epoch: 52488, Loss: 8.5412e-04, IC: 2.8013e-04, Res: 5.7399e-04, Beta: 1.00 ---
... RAR RES, Max residual error: 0.1061, t: tensor([[7.9304e-05],
        [1.6823e-01],
        [1.6626e-01]])
[info] Training epoch: 53000, LR: 6.60e-05
--- Save Epoch: 53036, Loss: 8.4685e-04, IC: 2.9615e-04, Res: 5.5070e-04, Beta: 1.00 ---
--- Save Epoch: 53045, Loss: 8.4087e-04, IC: 2.9239e-04, Res: 5.4848e-04, Beta: 1.00 ---
--- Save Epoch: 53064, Loss: 8.3937e-04, IC: 2.8995e-04, Res: 5.4942e-04, Beta: 1.00 ---
--- Save Epoch: 53074, Loss: 8.3721e-04, IC: 2.8714e-04, Res: 5.5007e-04, Beta: 1.00 ---
--- Save Epoch: 53075, Loss: 8.3055e-04, IC: 2.8812e-04, Res: 5.4243e-04, Beta: 1.00 ---
--- Save Epoch: 53083, Loss: 8.2725e-04, IC: 2.8718e-04, Res: 5.4008e-04, Beta: 1.00 ---
... RAR RES, Max residual error: 0.0954, t: tensor([[0.1811],
        [0.1948],
        [0.0765]])
--- Save Epoch: 53416, Loss: 8.2586e-04, IC: 2.9059e-04, Res: 5.3528e-04, Beta: 1.00 ---
--- Save Epoch: 53425, Loss: 8.2567e-04, IC: 2.9105e-04, Res: 5.3462e-04, Beta: 1.00 ---
--- Save Epoch: 53429, Loss: 8.2490e-04, IC: 2.8351e-04, Res: 5.4139e-04, Beta: 1.00 ---
--- Save Epoch: 53431, Loss: 8.2102e-04, IC: 2.8379e-04, Res: 5.3723e-04, Beta: 1.00 ---
--- Save Epoch: 53481, Loss: 8.1757e-04, IC: 2.8281e-04, Res: 5.3475e-04, Beta: 1.00 ---
... RAR RES, Max residual error: 0.0820, t: tensor([[0.1556],
        [0.2991],
        [0.0018]])
--- Save Epoch: 53632, Loss: 8.1370e-04, IC: 2.8128e-04, Res: 5.3242e-04, Beta: 1.00 ---
... RAR RES, Max residual error: 0.0742, t: tensor([[0.2170],
        [0.0216],
        [0.2073]])
[info] Training epoch: 54000, LR: 6.27e-05
--- Save Epoch: 54192, Loss: 8.1364e-04, IC: 2.8470e-04, Res: 5.2894e-04, Beta: 1.00 ---
--- Save Epoch: 54196, Loss: 8.0924e-04, IC: 2.8571e-04, Res: 5.2353e-04, Beta: 1.00 ---
... RAR RES, Max residual error: 0.0820, t: tensor([[0.0062],
        [0.2978],
        [0.2135]])
[info] Training epoch: 55000, LR: 5.95e-05
--- Save Epoch: 55460, Loss: 8.0870e-04, IC: 2.8241e-04, Res: 5.2629e-04, Beta: 1.00 ---
... RAR RES, Max residual error: 0.0804, t: tensor([[0.0011],
        [0.0009],
        [0.1950]])
--- Save Epoch: 55516, Loss: 8.0859e-04, IC: 2.7201e-04, Res: 5.3657e-04, Beta: 1.00 ---
--- Save Epoch: 55594, Loss: 8.0568e-04, IC: 2.8177e-04, Res: 5.2391e-04, Beta: 1.00 ---
... RAR RES, Max residual error: 0.0776, t: tensor([[0.1857],
        [0.1415],
        [0.2016]])
--- Save Epoch: 55812, Loss: 8.0377e-04, IC: 2.7265e-04, Res: 5.3113e-04, Beta: 1.00 ---
... RAR RES, Max residual error: 0.0734, t: tensor([[0.1834],
        [0.0041],
        [0.2991]])
[info] Training epoch: 56000, LR: 5.66e-05
--- Save Epoch: 56090, Loss: 8.0204e-04, IC: 2.7672e-04, Res: 5.2532e-04, Beta: 1.00 ---
... RAR RES, Max residual error: 0.0697, t: tensor([[0.1827],
        [0.0280],
        [0.2050]])
--- Save Epoch: 56322, Loss: 7.9734e-04, IC: 2.6758e-04, Res: 5.2975e-04, Beta: 1.00 ---
... RAR RES, Max residual error: 0.0717, t: tensor([[0.2491],
        [0.0043],
        [0.0021]])
[info] Training epoch: 57000, LR: 5.37e-05
--- Save Epoch: 57049, Loss: 7.9677e-04, IC: 2.7613e-04, Res: 5.2064e-04, Beta: 1.00 ---
--- Save Epoch: 57068, Loss: 7.8903e-04, IC: 2.7867e-04, Res: 5.1036e-04, Beta: 1.00 ---
--- Save Epoch: 57086, Loss: 7.8284e-04, IC: 2.7416e-04, Res: 5.0867e-04, Beta: 1.00 ---
... RAR RES, Max residual error: 0.0903, t: tensor([[0.0306],
        [0.2209],
        [0.2540]])
--- Save Epoch: 57350, Loss: 7.8017e-04, IC: 2.7012e-04, Res: 5.1005e-04, Beta: 1.00 ---
--- Save Epoch: 57370, Loss: 7.7982e-04, IC: 2.6925e-04, Res: 5.1057e-04, Beta: 1.00 ---
--- Save Epoch: 57392, Loss: 7.7734e-04, IC: 2.6596e-04, Res: 5.1138e-04, Beta: 1.00 ---
... RAR RES, Max residual error: 0.0726, t: tensor([[0.0011],
        [0.2608],
        [0.0106]])
--- Save Epoch: 57432, Loss: 7.7695e-04, IC: 2.7216e-04, Res: 5.0479e-04, Beta: 1.00 ---
--- Save Epoch: 57435, Loss: 7.7316e-04, IC: 2.7667e-04, Res: 4.9649e-04, Beta: 1.00 ---
--- Save Epoch: 57455, Loss: 7.6688e-04, IC: 2.6949e-04, Res: 4.9739e-04, Beta: 1.00 ---
--- Save Epoch: 57461, Loss: 7.5943e-04, IC: 2.5928e-04, Res: 5.0015e-04, Beta: 1.00 ---
... RAR RES, Max residual error: 0.0701, t: tensor([[0.0093],
        [0.1728],
        [0.0093]])
--- Save Epoch: 57726, Loss: 7.5880e-04, IC: 2.5981e-04, Res: 4.9898e-04, Beta: 1.00 ---
--- Save Epoch: 57735, Loss: 7.5423e-04, IC: 2.6144e-04, Res: 4.9280e-04, Beta: 1.00 ---
... RAR RES, Max residual error: 0.1014, t: tensor([[0.0403],
        [0.2814],
        [0.0153]])
[info] Training epoch: 58000, LR: 5.10e-05
--- Save Epoch: 58089, Loss: 7.5412e-04, IC: 2.6997e-04, Res: 4.8416e-04, Beta: 1.00 ---
--- Save Epoch: 58097, Loss: 7.5226e-04, IC: 2.6918e-04, Res: 4.8308e-04, Beta: 1.00 ---
... RAR RES, Max residual error: 0.0767, t: tensor([[0.0010],
        [0.0061],
        [0.0119]])
--- Save Epoch: 58295, Loss: 7.4843e-04, IC: 2.6235e-04, Res: 4.8608e-04, Beta: 1.00 ---
... RAR RES, Max residual error: 0.0661, t: tensor([[0.0086],
        [0.1609],
        [0.2988]])
--- Save Epoch: 58631, Loss: 7.4574e-04, IC: 2.6480e-04, Res: 4.8093e-04, Beta: 1.00 ---
--- Save Epoch: 58638, Loss: 7.4485e-04, IC: 2.6105e-04, Res: 4.8380e-04, Beta: 1.00 ---
--- Save Epoch: 58654, Loss: 7.4452e-04, IC: 2.6313e-04, Res: 4.8139e-04, Beta: 1.00 ---
--- Save Epoch: 58661, Loss: 7.4249e-04, IC: 2.5809e-04, Res: 4.8440e-04, Beta: 1.00 ---
... RAR RES, Max residual error: 0.0846, t: tensor([[0.0018],
        [0.0575],
        [0.0117]])
[info] Training epoch: 59000, LR: 4.85e-05
--- Save Epoch: 59099, Loss: 7.4202e-04, IC: 2.7203e-04, Res: 4.6999e-04, Beta: 1.00 ---
... RAR RES, Max residual error: 0.0752, t: tensor([[0.0002],
        [0.0002],
        [0.0577]])
--- Save Epoch: 59218, Loss: 7.3959e-04, IC: 2.5733e-04, Res: 4.8226e-04, Beta: 1.00 ---
... RAR RES, Max residual error: 0.0657, t: tensor([[0.0051],
        [0.2983],
        [0.0688]])
--- Save Epoch: 59478, Loss: 7.3456e-04, IC: 2.5133e-04, Res: 4.8323e-04, Beta: 1.00 ---
... RAR RES, Max residual error: 0.0669, t: tensor([[0.0025],
        [0.2920],
        [0.2963]])
--- Save Epoch: 59739, Loss: 7.3445e-04, IC: 2.5695e-04, Res: 4.7749e-04, Beta: 1.00 ---
--- Save Epoch: 59774, Loss: 7.2740e-04, IC: 2.5516e-04, Res: 4.7224e-04, Beta: 1.00 ---
... RAR RES, Max residual error: 0.0777, t: tensor([[4.1717e-05],
        [2.9734e-01],
        [4.1717e-05]])
[info] Training epoch: 60000, LR: 4.61e-05
===== logging end   2025-10-16 16:40:29 =====
