
===== logging start 2025-10-24 21:47:14 =====
--- Best Epoch: 1, Loss: 6.2523e+01, IC: 6.2483e+01, Res: 4.0305e-02 & 5.1923e-03, Beta: 0.00 ---
... RAR IC , Max IC error: 1.3670, t: tensor(0.)
... RAR RES, Max residual error: 0.2224, t: tensor([[0.2670],
        [0.2447],
        [0.2442]])
--- Best Epoch: 2, Loss: 4.4496e+01, IC: 4.4480e+01, Res: 1.5260e-02 & 1.6698e-03, Beta: 0.02 ---
--- Best Epoch: 3, Loss: 3.0432e+01, IC: 3.0426e+01, Res: 5.6072e-03 & 4.0193e-04, Beta: 0.04 ---
--- Best Epoch: 4, Loss: 2.0165e+01, IC: 2.0163e+01, Res: 2.2859e-03 & 6.6332e-05, Beta: 0.06 ---
--- Best Epoch: 5, Loss: 1.3036e+01, IC: 1.3035e+01, Res: 9.8997e-04 & 3.0424e-05, Beta: 0.08 ---
--- Best Epoch: 6, Loss: 8.8740e+00, IC: 8.8735e+00, Res: 4.1570e-04 & 5.5046e-05, Beta: 0.10 ---
--- Best Epoch: 7, Loss: 6.6397e+00, IC: 6.6396e+00, Res: 1.5877e-04 & 5.4751e-05, Beta: 0.12 ---
--- Best Epoch: 8, Loss: 6.0318e+00, IC: 6.0318e+00, Res: 4.8826e-05 & 3.5199e-05, Beta: 0.14 ---
--- Best Epoch: 9, Loss: 5.7574e+00, IC: 5.7574e+00, Res: 1.0293e-05 & 1.7222e-05, Beta: 0.16 ---
--- Best Epoch: 12, Loss: 5.2721e+00, IC: 5.2721e+00, Res: 5.1935e-06 & 7.2645e-06, Beta: 0.18 ---
--- Best Epoch: 13, Loss: 4.9905e+00, IC: 4.9905e+00, Res: 2.2919e-05 & 1.0350e-05, Beta: 0.20 ---
--- Best Epoch: 14, Loss: 4.5763e+00, IC: 4.5761e+00, Res: 1.0637e-04 & 1.5340e-05, Beta: 0.22 ---
--- Best Epoch: 15, Loss: 4.4936e+00, IC: 4.4931e+00, Res: 4.7989e-04 & 2.2796e-05, Beta: 0.24 ---
--- Best Epoch: 16, Loss: 3.8043e+00, IC: 3.8022e+00, Res: 2.1058e-03 & 3.5050e-05, Beta: 0.26 ---
--- Best Epoch: 22, Loss: 3.7515e+00, IC: 3.7121e+00, Res: 3.9320e-02 & 9.0051e-03, Beta: 0.28 ---
--- Best Epoch: 23, Loss: 3.5520e+00, IC: 3.5211e+00, Res: 3.0793e-02 & 1.1523e-02, Beta: 0.30 ---
--- Best Epoch: 24, Loss: 3.3896e+00, IC: 3.3691e+00, Res: 2.0386e-02 & 1.2361e-02, Beta: 0.32 ---
--- Best Epoch: 25, Loss: 3.2980e+00, IC: 3.2809e+00, Res: 1.6971e-02 & 1.5204e-02, Beta: 0.34 ---
--- Best Epoch: 27, Loss: 3.2201e+00, IC: 3.1978e+00, Res: 2.1950e-02 & 3.2881e-02, Beta: 0.36 ---
--- Best Epoch: 29, Loss: 3.1983e+00, IC: 3.1296e+00, Res: 6.7466e-02 & 1.2724e-01, Beta: 0.38 ---
--- Best Epoch: 30, Loss: 3.1069e+00, IC: 2.9703e+00, Res: 1.3386e-01 & 2.7477e-01, Beta: 0.40 ---
--- Best Epoch: 38, Loss: 2.9684e+00, IC: 2.7624e+00, Res: 2.0231e-01 & 3.6839e-01, Beta: 0.42 ---
--- Best Epoch: 41, Loss: 2.9179e+00, IC: 2.7401e+00, Res: 1.7660e-01 & 1.2286e-01, Beta: 0.44 ---
--- Best Epoch: 42, Loss: 2.8367e+00, IC: 2.7075e+00, Res: 1.2872e-01 & 4.8985e-02, Beta: 0.46 ---
--- Best Epoch: 46, Loss: 2.7900e+00, IC: 2.5274e+00, Res: 2.5918e-01 & 3.3420e-01, Beta: 0.48 ---
--- Best Epoch: 49, Loss: 2.7422e+00, IC: 2.5205e+00, Res: 2.1206e-01 & 9.6555e-01, Beta: 0.50 ---
--- Best Epoch: 50, Loss: 2.7002e+00, IC: 2.5608e+00, Res: 1.3042e-01 & 8.9846e-01, Beta: 0.52 ---
--- Best Epoch: 51, Loss: 2.6866e+00, IC: 2.5662e+00, Res: 1.1056e-01 & 9.8436e-01, Beta: 0.54 ---
--- Best Epoch: 52, Loss: 2.6523e+00, IC: 2.5249e+00, Res: 1.1456e-01 & 1.2891e+00, Beta: 0.56 ---
--- Best Epoch: 53, Loss: 2.4242e+00, IC: 2.2458e+00, Res: 1.5803e-01 & 2.0378e+00, Beta: 0.58 ---
--- Best Epoch: 57, Loss: 2.3031e+00, IC: 2.0677e+00, Res: 1.9474e-01 & 4.0653e+00, Beta: 0.60 ---
--- Best Epoch: 62, Loss: 2.2594e+00, IC: 1.9773e+00, Res: 2.1965e-01 & 6.2471e+00, Beta: 0.62 ---
--- Best Epoch: 66, Loss: 2.1312e+00, IC: 1.9194e+00, Res: 1.6226e-01 & 4.9520e+00, Beta: 0.64 ---
--- Best Epoch: 69, Loss: 2.0507e+00, IC: 1.7538e+00, Res: 2.3571e-01 & 6.1208e+00, Beta: 0.66 ---
--- Best Epoch: 70, Loss: 1.9912e+00, IC: 1.7998e+00, Res: 1.5100e-01 & 4.0385e+00, Beta: 0.68 ---
--- Best Epoch: 71, Loss: 1.9165e+00, IC: 1.7436e+00, Res: 1.3757e-01 & 3.5333e+00, Beta: 0.70 ---
--- Best Epoch: 72, Loss: 1.9096e+00, IC: 1.6977e+00, Res: 1.7081e-01 & 4.1107e+00, Beta: 0.72 ---
--- Best Epoch: 75, Loss: 1.8413e+00, IC: 1.5743e+00, Res: 2.2698e-01 & 3.9932e+00, Beta: 0.74 ---
--- Best Epoch: 76, Loss: 1.7985e+00, IC: 1.6709e+00, Res: 1.0892e-01 & 1.8693e+00, Beta: 0.76 ---
--- Best Epoch: 78, Loss: 1.6962e+00, IC: 1.5982e+00, Res: 8.5483e-02 & 1.2530e+00, Beta: 0.78 ---
--- Best Epoch: 79, Loss: 1.5431e+00, IC: 1.3934e+00, Res: 1.3292e-01 & 1.6817e+00, Beta: 0.80 ---
--- Best Epoch: 80, Loss: 1.4288e+00, IC: 1.2810e+00, Res: 1.3321e-01 & 1.4563e+00, Beta: 0.82 ---
--- Best Epoch: 81, Loss: 1.4139e+00, IC: 1.3324e+00, Res: 7.3977e-02 & 7.5145e-01, Beta: 0.84 ---
--- Best Epoch: 82, Loss: 1.3453e+00, IC: 1.2879e+00, Res: 5.2178e-02 & 5.2206e-01, Beta: 0.86 ---
--- Best Epoch: 84, Loss: 1.1895e+00, IC: 1.1647e+00, Res: 1.8806e-02 & 6.0296e-01, Beta: 0.88 ---
--- Best Epoch: 87, Loss: 1.1752e+00, IC: 1.1034e+00, Res: 4.6492e-02 & 2.5306e+00, Beta: 0.90 ---
--- Best Epoch: 89, Loss: 1.0639e+00, IC: 9.8507e-01, Res: 4.5507e-02 & 3.3292e+00, Beta: 0.92 ---
--- Best Epoch: 92, Loss: 9.6177e-01, IC: 9.3786e-01, Res: 7.4345e-03 & 1.6478e+00, Beta: 0.94 ---
--- Best Epoch: 96, Loss: 9.5549e-01, IC: 8.8943e-01, Res: 4.7350e-02 & 1.8706e+00, Beta: 0.96 ---
100
... RAR IC , Max IC error: 0.5096, t: tensor(0.)
... RAR RES, Max residual error: 1.7187, t: tensor([[0.0202],
        [0.0215],
        [0.0042]])
--- Best Epoch: 101, Loss: 9.3390e-01, IC: 8.2704e-01, Res: 7.7712e-02 & 2.9148e+00, Beta: 0.98 ---
--- Best Epoch: 176, Loss: 8.9541e-01, IC: 8.8485e-01, Res: 5.4776e-03 & 5.0879e-01, Beta: 1.00 ---
--- Best Epoch: 186, Loss: 7.8666e-01, IC: 7.7652e-01, Res: 4.7900e-03 & 5.3545e-01, Beta: 1.00 ---
--- Best Epoch: 196, Loss: 7.6928e-01, IC: 7.5763e-01, Res: 4.9395e-03 & 6.7131e-01, Beta: 1.00 ---
200
... RAR IC , Max IC error: 0.5527, t: tensor(0.)
... RAR RES, Max residual error: 1.0844, t: tensor([[0.1075],
        [0.0167],
        [0.0109]])
--- Best Epoch: 226, Loss: 7.1503e-01, IC: 7.0430e-01, Res: 6.5596e-03 & 4.1680e-01, Beta: 1.00 ---
--- Best Epoch: 256, Loss: 6.4853e-01, IC: 6.4120e-01, Res: 4.9116e-03 & 2.4219e-01, Beta: 1.00 ---
--- Best Epoch: 296, Loss: 5.7696e-01, IC: 5.7226e-01, Res: 3.5150e-03 & 1.1906e-01, Beta: 1.00 ---
300
... RAR IC , Max IC error: 0.4564, t: tensor(0.)
... RAR RES, Max residual error: 1.2967, t: tensor([[0.2518],
        [0.2180],
        [0.2415]])
--- Best Epoch: 350, Loss: 5.5293e-01, IC: 5.4542e-01, Res: 6.4386e-03 & 1.0663e-01, Beta: 1.00 ---
--- Best Epoch: 357, Loss: 5.3981e-01, IC: 5.3196e-01, Res: 6.7783e-03 & 1.0787e-01, Beta: 1.00 ---
--- Best Epoch: 361, Loss: 5.3978e-01, IC: 5.3300e-01, Res: 6.1353e-03 & 6.4193e-02, Beta: 1.00 ---
--- Best Epoch: 369, Loss: 4.9938e-01, IC: 4.9275e-01, Res: 5.7858e-03 & 8.3835e-02, Beta: 1.00 ---
400
... RAR IC , Max IC error: 0.4988, t: tensor(0.)
... RAR RES, Max residual error: 1.1981, t: tensor([[0.2417],
        [0.0851],
        [0.2188]])
500
600
700
800
900
1000
[info] Training epoch: 1000, LR: 9.50e-04
1100
1200
--- Best Epoch: 1251, Loss: 4.8901e-01, IC: 4.7623e-01, Res: 1.1014e-04 & 1.2663e+00, Beta: 1.00 ---
--- Best Epoch: 1261, Loss: 4.7163e-01, IC: 4.4359e-01, Res: 2.1909e-04 & 2.7822e+00, Beta: 1.00 ---
--- Best Epoch: 1267, Loss: 4.2833e-01, IC: 4.1526e-01, Res: 9.8981e-05 & 1.2963e+00, Beta: 1.00 ---
1300
... RAR IC , Max IC error: 0.5935, t: tensor(0.)
... RAR RES, Max residual error: 0.2373, t: tensor([[0.2660],
        [0.0064],
        [0.0031]])
--- Best Epoch: 1375, Loss: 4.0298e-01, IC: 3.8980e-01, Res: 7.7451e-05 & 1.3099e+00, Beta: 1.00 ---
1400
... RAR IC , Max IC error: 0.4490, t: tensor(0.)
... RAR RES, Max residual error: 0.4030, t: tensor([[0.0039],
        [0.0025],
        [0.0031]])
--- Best Epoch: 1487, Loss: 3.8251e-01, IC: 2.9916e-01, Res: 4.1256e-04 & 8.2936e+00, Beta: 1.00 ---
--- Best Epoch: 1488, Loss: 3.6380e-01, IC: 3.0674e-01, Res: 1.9095e-04 & 5.6863e+00, Beta: 1.00 ---
--- Best Epoch: 1491, Loss: 3.3041e-01, IC: 3.0507e-01, Res: 1.3984e-04 & 2.5204e+00, Beta: 1.00 ---
--- Best Epoch: 1492, Loss: 3.2206e-01, IC: 2.9842e-01, Res: 1.4393e-04 & 2.3505e+00, Beta: 1.00 ---
--- Best Epoch: 1497, Loss: 3.0941e-01, IC: 2.8688e-01, Res: 1.6075e-04 & 2.2375e+00, Beta: 1.00 ---
1500
... RAR IC , Max IC error: 0.2747, t: tensor(0.)
... RAR RES, Max residual error: 0.1957, t: tensor([[0.0018],
        [0.0018],
        [0.0017]])
--- Best Epoch: 1547, Loss: 3.0939e-01, IC: 2.6885e-01, Res: 1.1870e-04 & 4.0418e+00, Beta: 1.00 ---
1600
... RAR IC , Max IC error: 0.2494, t: tensor(0.)
... RAR RES, Max residual error: 0.2175, t: tensor([[0.0017],
        [0.0051],
        [0.0062]])
--- Best Epoch: 1632, Loss: 3.0650e-01, IC: 2.6314e-01, Res: 2.3912e-04 & 4.3119e+00, Beta: 1.00 ---
--- Best Epoch: 1635, Loss: 2.8682e-01, IC: 2.4906e-01, Res: 2.0949e-04 & 3.7556e+00, Beta: 1.00 ---
--- Best Epoch: 1636, Loss: 2.7726e-01, IC: 2.5066e-01, Res: 1.6452e-04 & 2.6433e+00, Beta: 1.00 ---
--- Best Epoch: 1640, Loss: 2.6240e-01, IC: 2.4002e-01, Res: 1.6198e-04 & 2.2221e+00, Beta: 1.00 ---
--- Best Epoch: 1644, Loss: 2.5070e-01, IC: 2.2693e-01, Res: 1.7945e-04 & 2.3598e+00, Beta: 1.00 ---
1700
... RAR IC , Max IC error: 0.2202, t: tensor(0.)
... RAR RES, Max residual error: 0.3844, t: tensor([[0.0004],
        [0.0054],
        [0.0047]])
1800
1900
2000
[info] Training epoch: 2000, LR: 9.02e-04
2100
2200
2300
--- Best Epoch: 2316, Loss: 2.3624e-01, IC: 1.6656e-01, Res: 2.6357e-04 & 6.9413e+00, Beta: 1.00 ---
--- Best Epoch: 2320, Loss: 2.2971e-01, IC: 1.6982e-01, Res: 2.4096e-04 & 5.9654e+00, Beta: 1.00 ---
--- Best Epoch: 2324, Loss: 2.0968e-01, IC: 1.6336e-01, Res: 1.9274e-04 & 4.6129e+00, Beta: 1.00 ---
--- Best Epoch: 2332, Loss: 1.9882e-01, IC: 1.5370e-01, Res: 1.8645e-04 & 4.4933e+00, Beta: 1.00 ---
2400
... RAR IC , Max IC error: 0.2927, t: tensor(0.)
... RAR RES, Max residual error: 0.2344, t: tensor([[0.0021],
        [0.0003],
        [0.0062]])
--- Best Epoch: 2432, Loss: 1.9270e-01, IC: 1.5415e-01, Res: 1.6771e-04 & 3.8374e+00, Beta: 1.00 ---
--- Best Epoch: 2444, Loss: 1.9220e-01, IC: 1.4432e-01, Res: 2.6398e-04 & 4.7615e+00, Beta: 1.00 ---
--- Best Epoch: 2448, Loss: 1.7605e-01, IC: 1.3481e-01, Res: 1.6233e-04 & 4.1078e+00, Beta: 1.00 ---
2500
... RAR IC , Max IC error: 0.2411, t: tensor(0.)
... RAR RES, Max residual error: 0.3817, t: tensor([[0.0010],
        [0.0003],
        [0.0018]])
2600
2700
2800
2900
3000
[info] Training epoch: 3000, LR: 8.57e-04
3100
3200
3300
3400
3500
3600
3700
--- Best Epoch: 3760, Loss: 1.7096e-01, IC: 1.1738e-01, Res: 1.7820e-04 & 5.3404e+00, Beta: 1.00 ---
--- Best Epoch: 3764, Loss: 1.6801e-01, IC: 1.1680e-01, Res: 2.1730e-04 & 5.0994e+00, Beta: 1.00 ---
--- Best Epoch: 3788, Loss: 1.6746e-01, IC: 1.1835e-01, Res: 1.8380e-04 & 4.8919e+00, Beta: 1.00 ---
3800
... RAR IC , Max IC error: 0.1972, t: tensor(0.)
... RAR RES, Max residual error: 0.3958, t: tensor([[0.0006],
        [0.0015],
        [0.0055]])
3900
4000
[info] Training epoch: 4000, LR: 8.15e-04
4100
4200
4300
4400
4500
4600
4700
4800
4900
5000
[info] Training epoch: 5000, LR: 7.74e-04
5100
--- Best Epoch: 5136, Loss: 1.6295e-01, IC: 1.1275e-01, Res: 1.5411e-04 & 5.0047e+00, Beta: 1.00 ---
5200
... RAR IC , Max IC error: 0.1565, t: tensor(0.)
... RAR RES, Max residual error: 0.2123, t: tensor([[0.0026],
        [0.0007],
        [0.0124]])
5300
5400
5500
5600
5700
5800
5900
6000
[info] Training epoch: 6000, LR: 7.35e-04
--- Best Epoch: 6004, Loss: 1.5571e-01, IC: 1.2009e-01, Res: 1.1800e-04 & 3.5506e+00, Beta: 1.00 ---
--- Best Epoch: 6008, Loss: 1.5443e-01, IC: 9.1109e-02, Res: 2.8183e-04 & 6.3037e+00, Beta: 1.00 ---
6100
... RAR IC , Max IC error: 0.2183, t: tensor(0.)
... RAR RES, Max residual error: 0.1674, t: tensor([[0.0041],
        [0.0038],
        [0.2967]])
--- Best Epoch: 6156, Loss: 1.5419e-01, IC: 9.2935e-02, Res: 2.1364e-04 & 6.1040e+00, Beta: 1.00 ---
--- Best Epoch: 6160, Loss: 1.4897e-01, IC: 9.1459e-02, Res: 1.8677e-04 & 5.7321e+00, Beta: 1.00 ---
--- Best Epoch: 6172, Loss: 1.4593e-01, IC: 9.4834e-02, Res: 1.7110e-04 & 5.0927e+00, Beta: 1.00 ---
6200
... RAR IC , Max IC error: 0.2202, t: tensor(0.)
... RAR RES, Max residual error: 0.1421, t: tensor([[0.0086],
        [0.0089],
        [0.0084]])
6300
6400
6500
6600
6700
--- Best Epoch: 6773, Loss: 1.4023e-01, IC: 9.8766e-02, Res: 1.3588e-04 & 4.1327e+00, Beta: 1.00 ---
--- Best Epoch: 6774, Loss: 1.3205e-01, IC: 1.1248e-01, Res: 8.1159e-05 & 1.9480e+00, Beta: 1.00 ---
--- Best Epoch: 6792, Loss: 1.2587e-01, IC: 9.6531e-02, Res: 9.2580e-05 & 2.9244e+00, Beta: 1.00 ---
--- Best Epoch: 6796, Loss: 1.1578e-01, IC: 8.2934e-02, Res: 1.3724e-04 & 3.2708e+00, Beta: 1.00 ---
6800
... RAR IC , Max IC error: 0.1727, t: tensor(0.)
... RAR RES, Max residual error: 0.2398, t: tensor([[0.0025],
        [0.0078],
        [0.0021]])
6900
7000
[info] Training epoch: 7000, LR: 6.98e-04
--- Best Epoch: 7033, Loss: 1.1060e-01, IC: 7.2375e-02, Res: 1.4761e-04 & 3.8080e+00, Beta: 1.00 ---
7100
... RAR IC , Max IC error: 0.2442, t: tensor(0.)
... RAR RES, Max residual error: 0.1365, t: tensor([[0.0052],
        [0.0022],
        [0.0060]])
--- Best Epoch: 7139, Loss: 9.4719e-02, IC: 7.2917e-02, Res: 7.2933e-05 & 2.1729e+00, Beta: 1.00 ---
7200
... RAR IC , Max IC error: 0.1281, t: tensor(0.)
... RAR RES, Max residual error: 0.0722, t: tensor([[8.6468e-05],
        [4.2061e-03],
        [2.6346e-03]])
7300
7400
--- Best Epoch: 7479, Loss: 8.8098e-02, IC: 7.2615e-02, Res: 9.2869e-05 & 1.5390e+00, Beta: 1.00 ---
7500
... RAR IC , Max IC error: 0.1542, t: tensor(0.)
... RAR RES, Max residual error: 0.2378, t: tensor([[0.0015],
        [0.0023],
        [0.0059]])
7600
7700
7800
7900
8000
[info] Training epoch: 8000, LR: 6.63e-04
8100
--- Best Epoch: 8164, Loss: 8.1469e-02, IC: 6.2421e-02, Res: 1.0697e-04 & 1.8941e+00, Beta: 1.00 ---
--- Best Epoch: 8189, Loss: 8.1458e-02, IC: 6.8837e-02, Res: 8.0033e-05 & 1.2541e+00, Beta: 1.00 ---
--- Best Epoch: 8190, Loss: 7.6121e-02, IC: 6.8614e-02, Res: 3.4872e-05 & 7.4729e-01, Beta: 1.00 ---
8200
... RAR IC , Max IC error: 0.2074, t: tensor(0.)
... RAR RES, Max residual error: 0.0480, t: tensor([[0.0019],
        [0.2167],
        [0.0035]])
8300
--- Best Epoch: 8368, Loss: 7.4724e-02, IC: 6.4334e-02, Res: 5.7451e-05 & 1.0332e+00, Beta: 1.00 ---
--- Best Epoch: 8372, Loss: 7.1221e-02, IC: 5.5637e-02, Res: 6.2498e-05 & 1.5521e+00, Beta: 1.00 ---
8400
... RAR IC , Max IC error: 0.1294, t: tensor(0.)
... RAR RES, Max residual error: 0.1263, t: tensor([[0.0031],
        [0.0087],
        [0.0007]])
--- Best Epoch: 8440, Loss: 6.2641e-02, IC: 5.4097e-02, Res: 3.0582e-05 & 8.5136e-01, Beta: 1.00 ---
8500
... RAR IC , Max IC error: 0.2084, t: tensor(0.)
... RAR RES, Max residual error: 0.0878, t: tensor([[0.0028],
        [0.0026],
        [0.0051]])
8600
8700
--- Best Epoch: 8784, Loss: 6.1015e-02, IC: 3.1959e-02, Res: 9.5840e-05 & 2.8960e+00, Beta: 1.00 ---
8800
--- Best Epoch: 8800, Loss: 5.9483e-02, IC: 2.6239e-02, Res: 1.1306e-04 & 3.3131e+00, Beta: 1.00 ---
... RAR IC , Max IC error: 0.1375, t: tensor(0.)
... RAR RES, Max residual error: 0.1421, t: tensor([[0.0030],
        [0.0004],
        [0.0038]])
--- Best Epoch: 8832, Loss: 5.9265e-02, IC: 2.8359e-02, Res: 1.1959e-04 & 3.0787e+00, Beta: 1.00 ---
--- Best Epoch: 8844, Loss: 5.8604e-02, IC: 2.7051e-02, Res: 1.1951e-04 & 3.1434e+00, Beta: 1.00 ---
--- Best Epoch: 8846, Loss: 5.8011e-02, IC: 2.6916e-02, Res: 1.1378e-04 & 3.0981e+00, Beta: 1.00 ---
--- Best Epoch: 8848, Loss: 5.7078e-02, IC: 2.7179e-02, Res: 1.1415e-04 & 2.9784e+00, Beta: 1.00 ---
--- Best Epoch: 8850, Loss: 5.6280e-02, IC: 2.7173e-02, Res: 1.1240e-04 & 2.8995e+00, Beta: 1.00 ---
--- Best Epoch: 8852, Loss: 5.5051e-02, IC: 2.6752e-02, Res: 1.0813e-04 & 2.8191e+00, Beta: 1.00 ---
--- Best Epoch: 8854, Loss: 5.4134e-02, IC: 2.6721e-02, Res: 1.0327e-04 & 2.7310e+00, Beta: 1.00 ---
--- Best Epoch: 8858, Loss: 5.3122e-02, IC: 2.6638e-02, Res: 9.4484e-05 & 2.6390e+00, Beta: 1.00 ---
--- Best Epoch: 8862, Loss: 5.2828e-02, IC: 2.6273e-02, Res: 9.7976e-05 & 2.6457e+00, Beta: 1.00 ---
--- Best Epoch: 8864, Loss: 5.1993e-02, IC: 2.6622e-02, Res: 9.4256e-05 & 2.5277e+00, Beta: 1.00 ---
--- Best Epoch: 8866, Loss: 4.9960e-02, IC: 2.6368e-02, Res: 9.2044e-05 & 2.3500e+00, Beta: 1.00 ---
--- Best Epoch: 8868, Loss: 4.9353e-02, IC: 2.5907e-02, Res: 9.0475e-05 & 2.3356e+00, Beta: 1.00 ---
--- Best Epoch: 8886, Loss: 4.8022e-02, IC: 2.5466e-02, Res: 8.7242e-05 & 2.2468e+00, Beta: 1.00 ---
--- Best Epoch: 8888, Loss: 4.6633e-02, IC: 2.5145e-02, Res: 8.7376e-05 & 2.1401e+00, Beta: 1.00 ---
--- Best Epoch: 8892, Loss: 4.4648e-02, IC: 2.3779e-02, Res: 8.2828e-05 & 2.0786e+00, Beta: 1.00 ---
8900
--- Best Epoch: 8900, Loss: 4.4551e-02, IC: 2.4125e-02, Res: 7.8002e-05 & 2.0348e+00, Beta: 1.00 ---
... RAR IC , Max IC error: 0.1641, t: tensor(0.)
... RAR RES, Max residual error: 0.1323, t: tensor([[0.0048],
        [0.0155],
        [0.0073]])
9000
[info] Training epoch: 9000, LR: 6.30e-04
9100
--- Best Epoch: 9158, Loss: 4.3722e-02, IC: 2.4745e-02, Res: 7.6290e-05 & 1.8901e+00, Beta: 1.00 ---
9200
... RAR IC , Max IC error: 0.1262, t: tensor(0.)
... RAR RES, Max residual error: 0.0731, t: tensor([[0.0041],
        [0.0068],
        [0.0013]])
--- Best Epoch: 9268, Loss: 4.3349e-02, IC: 2.2349e-02, Res: 8.7037e-05 & 2.0912e+00, Beta: 1.00 ---
--- Best Epoch: 9286, Loss: 4.3150e-02, IC: 2.2227e-02, Res: 9.1253e-05 & 2.0832e+00, Beta: 1.00 ---
9300
... RAR IC , Max IC error: 0.1343, t: tensor(0.)
... RAR RES, Max residual error: 0.0782, t: tensor([[0.0088],
        [0.0009],
        [0.0020]])
9400
--- Best Epoch: 9440, Loss: 4.2353e-02, IC: 2.3023e-02, Res: 9.0577e-05 & 1.9239e+00, Beta: 1.00 ---
--- Best Epoch: 9444, Loss: 3.9046e-02, IC: 2.2686e-02, Res: 6.5662e-05 & 1.6295e+00, Beta: 1.00 ---
9500
... RAR IC , Max IC error: 0.1077, t: tensor(0.)
... RAR RES, Max residual error: 0.0933, t: tensor([[0.0034],
        [0.0041],
        [0.0109]])
--- Best Epoch: 9552, Loss: 3.7463e-02, IC: 2.2094e-02, Res: 7.2572e-05 & 1.5296e+00, Beta: 1.00 ---
--- Best Epoch: 9554, Loss: 3.5075e-02, IC: 2.1735e-02, Res: 6.7291e-05 & 1.3272e+00, Beta: 1.00 ---
9600
... RAR IC , Max IC error: 0.0812, t: tensor(0.)
... RAR RES, Max residual error: 0.0934, t: tensor([[0.0007],
        [0.0088],
        [0.0088]])
--- Best Epoch: 9626, Loss: 3.1585e-02, IC: 2.3505e-02, Res: 4.2600e-05 & 8.0376e-01, Beta: 1.00 ---
--- Best Epoch: 9628, Loss: 2.6179e-02, IC: 2.2079e-02, Res: 1.8662e-05 & 4.0809e-01, Beta: 1.00 ---
--- Best Epoch: 9630, Loss: 2.2415e-02, IC: 1.8070e-02, Res: 1.8867e-05 & 4.3262e-01, Beta: 1.00 ---
9700
... RAR IC , Max IC error: 0.2123, t: tensor(0.)
... RAR RES, Max residual error: 0.1223, t: tensor([[0.1648],
        [0.0034],
        [0.0015]])
9800
9900
10000
[info] Training epoch: 10000, LR: 5.99e-04
10100
10200
10300
10400
10500
10600
10700
10800
10900
11000
[info] Training epoch: 11000, LR: 5.69e-04
11100
11200
11300
11400
11500
11600
11700
11800
11900
12000
[info] Training epoch: 12000, LR: 5.40e-04
12100
12200
12300
12400
12500
12600
12700
12800
12900
13000
[info] Training epoch: 13000, LR: 5.13e-04
13100
13200
13300
13400
13500
13600
--- Best Epoch: 13617, Loss: 2.1359e-02, IC: 1.3837e-02, Res: 4.0511e-05 & 7.4815e-01, Beta: 1.00 ---
--- Best Epoch: 13619, Loss: 1.9896e-02, IC: 1.3596e-02, Res: 3.1246e-05 & 6.2687e-01, Beta: 1.00 ---
--- Best Epoch: 13621, Loss: 1.8805e-02, IC: 1.3895e-02, Res: 2.4141e-05 & 4.8860e-01, Beta: 1.00 ---
--- Best Epoch: 13623, Loss: 1.8687e-02, IC: 1.4640e-02, Res: 1.7800e-05 & 4.0290e-01, Beta: 1.00 ---
13700
... RAR IC , Max IC error: 0.1442, t: tensor(0.)
... RAR RES, Max residual error: 0.2449, t: tensor([[0.0057],
        [0.0051],
        [0.0069]])
13800
13900
14000
[info] Training epoch: 14000, LR: 4.88e-04
14100
14200
14300
14400
14500
14600
14700
14800
14900
15000
[info] Training epoch: 15000, LR: 4.63e-04
15100
15200
15300
15400
15500
15600
15700
15800
15900
16000
[info] Training epoch: 16000, LR: 4.40e-04
16100
16200
16300
16400
16500
16600
16700
16800
16900
17000
[info] Training epoch: 17000, LR: 4.18e-04
17100
17200
17300
17400
--- Best Epoch: 17483, Loss: 1.7824e-02, IC: 9.5618e-03, Res: 6.3365e-05 & 8.1993e-01, Beta: 1.00 ---
--- Best Epoch: 17487, Loss: 1.6566e-02, IC: 9.2973e-03, Res: 5.2187e-05 & 7.2165e-01, Beta: 1.00 ---
--- Best Epoch: 17491, Loss: 1.5306e-02, IC: 8.9820e-03, Res: 4.6842e-05 & 6.2770e-01, Beta: 1.00 ---
17500
... RAR IC , Max IC error: 0.0676, t: tensor(0.)
... RAR RES, Max residual error: 0.0424, t: tensor([[1.4517e-02],
        [7.9566e-03],
        [2.6932e-05]])
17600
--- Best Epoch: 17646, Loss: 1.5265e-02, IC: 9.0771e-03, Res: 4.9802e-05 & 6.1382e-01, Beta: 1.00 ---
--- Best Epoch: 17654, Loss: 1.5175e-02, IC: 9.1893e-03, Res: 5.0236e-05 & 5.9355e-01, Beta: 1.00 ---
17700
... RAR IC , Max IC error: 0.0604, t: tensor(0.)
... RAR RES, Max residual error: 0.0437, t: tensor([[0.0003],
        [0.0011],
        [0.0033]])
17800
17900
18000
[info] Training epoch: 18000, LR: 3.97e-04
--- Best Epoch: 18040, Loss: 1.4873e-02, IC: 8.6430e-03, Res: 5.0055e-05 & 6.1798e-01, Beta: 1.00 ---
--- Best Epoch: 18042, Loss: 1.4604e-02, IC: 7.8966e-03, Res: 5.1907e-05 & 6.6558e-01, Beta: 1.00 ---
--- Best Epoch: 18073, Loss: 1.4177e-02, IC: 7.9997e-03, Res: 4.4784e-05 & 6.1328e-01, Beta: 1.00 ---
--- Best Epoch: 18081, Loss: 1.3955e-02, IC: 1.0120e-02, Res: 2.3393e-05 & 3.8117e-01, Beta: 1.00 ---
18100
... RAR IC , Max IC error: 0.1193, t: tensor(0.)
... RAR RES, Max residual error: 0.1478, t: tensor([[0.0040],
        [0.0051],
        [0.0039]])
18200
18300
18400
18500
18600
18700
18800
18900
19000
[info] Training epoch: 19000, LR: 3.77e-04
19100
19200
19300
19400
19500
19600
19700
19800
19900
20000
[info] Training epoch: 20000, LR: 3.58e-04
20100
20200
20300
20400
20500
20600
--- Best Epoch: 20649, Loss: 1.3392e-02, IC: 1.1344e-02, Res: 2.1375e-05 & 2.0272e-01, Beta: 1.00 ---
20700
... RAR IC , Max IC error: 0.0773, t: tensor(0.)
... RAR RES, Max residual error: 0.0501, t: tensor([[0.0019],
        [0.0007],
        [0.0005]])
20800
20900
21000
[info] Training epoch: 21000, LR: 3.41e-04
21100
21200
21300
--- Best Epoch: 21373, Loss: 1.2493e-02, IC: 1.0690e-02, Res: 3.0931e-05 & 1.7724e-01, Beta: 1.00 ---
21400
... RAR IC , Max IC error: 0.0632, t: tensor(0.)
... RAR RES, Max residual error: 0.0561, t: tensor([[5.7864e-04],
        [2.9049e-03],
        [8.8226e-06]])
21500
21600
21700
21800
21900
22000
[info] Training epoch: 22000, LR: 3.24e-04
22100
22200
22300
22400
22500
22600
--- Best Epoch: 22630, Loss: 1.2039e-02, IC: 9.2705e-03, Res: 3.6408e-05 & 2.7318e-01, Beta: 1.00 ---
--- Best Epoch: 22642, Loss: 1.0722e-02, IC: 9.6069e-03, Res: 1.1477e-05 & 1.1040e-01, Beta: 1.00 ---
22700
... RAR IC , Max IC error: 0.0666, t: tensor(0.)
... RAR RES, Max residual error: 0.0472, t: tensor([[0.0016],
        [0.0044],
        [0.0014]])
22800
22900
23000
[info] Training epoch: 23000, LR: 3.07e-04
23100
23200
23300
23400
23500
23600
23700
23800
23900
24000
[info] Training epoch: 24000, LR: 2.92e-04
24100
24200
24300
--- Best Epoch: 24303, Loss: 1.0616e-02, IC: 9.4548e-03, Res: 1.9659e-05 & 1.1420e-01, Beta: 1.00 ---
--- Best Epoch: 24364, Loss: 9.9883e-03, IC: 8.9333e-03, Res: 7.3956e-06 & 1.0477e-01, Beta: 1.00 ---
24400
... RAR IC , Max IC error: 0.0832, t: tensor(0.)
... RAR RES, Max residual error: 0.3084, t: tensor([[0.0003],
        [0.0046],
        [0.0038]])
24500
24600
--- Best Epoch: 24663, Loss: 9.6253e-03, IC: 7.9234e-03, Res: 2.4831e-05 & 1.6770e-01, Beta: 1.00 ---
24700
... RAR IC , Max IC error: 0.0615, t: tensor(0.)
... RAR RES, Max residual error: 0.0524, t: tensor([[0.0037],
        [0.0041],
        [0.0009]])
24800
24900
--- Best Epoch: 24979, Loss: 9.5297e-03, IC: 7.9433e-03, Res: 1.2165e-05 & 1.5742e-01, Beta: 1.00 ---
25000
[info] Training epoch: 25000, LR: 2.77e-04
... RAR IC , Max IC error: 0.0733, t: tensor(0.)
... RAR RES, Max residual error: 0.0486, t: tensor([[0.0036],
        [0.0012],
        [0.0014]])
25100
25200
--- Best Epoch: 25280, Loss: 9.5259e-03, IC: 7.4224e-03, Res: 2.5131e-05 & 2.0784e-01, Beta: 1.00 ---
25300
... RAR IC , Max IC error: 0.0564, t: tensor(0.)
... RAR RES, Max residual error: 0.1495, t: tensor([[0.0019],
        [0.0072],
        [0.0033]])
25400
25500
25600
25700
25800
25900
26000
[info] Training epoch: 26000, LR: 2.64e-04
26100
26200
26300
--- Best Epoch: 26302, Loss: 8.7442e-03, IC: 7.0177e-03, Res: 3.5788e-05 & 1.6908e-01, Beta: 1.00 ---
--- Best Epoch: 26308, Loss: 8.2915e-03, IC: 6.6525e-03, Res: 3.0644e-05 & 1.6083e-01, Beta: 1.00 ---
--- Best Epoch: 26331, Loss: 8.2165e-03, IC: 7.1553e-03, Res: 1.6407e-05 & 1.0448e-01, Beta: 1.00 ---
--- Best Epoch: 26345, Loss: 7.4303e-03, IC: 6.4786e-03, Res: 1.1266e-05 & 9.4050e-02, Beta: 1.00 ---
26400
... RAR IC , Max IC error: 0.0574, t: tensor(0.)
... RAR RES, Max residual error: 0.0470, t: tensor([[0.0023],
        [0.0082],
        [0.0038]])
26500
26600
26700
26800
26900
27000
[info] Training epoch: 27000, LR: 2.50e-04
27100
27200
27300
27400
--- Best Epoch: 27449, Loss: 6.9458e-03, IC: 6.3688e-03, Res: 5.5538e-06 & 5.7146e-02, Beta: 1.00 ---
27500
... RAR IC , Max IC error: 0.0630, t: tensor(0.)
... RAR RES, Max residual error: 0.0614, t: tensor([[0.0041],
        [0.0017],
        [0.0089]])
27600
27700
27800
27900
28000
[info] Training epoch: 28000, LR: 2.38e-04
28100
28200
28300
28400
--- Best Epoch: 28452, Loss: 6.5681e-03, IC: 5.9065e-03, Res: 8.1898e-06 & 6.5341e-02, Beta: 1.00 ---
28500
... RAR IC , Max IC error: 0.0480, t: tensor(0.)
... RAR RES, Max residual error: 0.0279, t: tensor([[0.0076],
        [0.0106],
        [0.0013]])
28600
28700
28800
28900
29000
[info] Training epoch: 29000, LR: 2.26e-04
29100
29200
29300
29400
29500
--- Best Epoch: 29556, Loss: 6.2429e-03, IC: 5.1832e-03, Res: 1.4375e-05 & 1.0453e-01, Beta: 1.00 ---
29600
... RAR IC , Max IC error: 0.0489, t: tensor(0.)
... RAR RES, Max residual error: 0.0279, t: tensor([[0.0023],
        [0.0012],
        [0.0084]])
--- Best Epoch: 29613, Loss: 5.5642e-03, IC: 4.8813e-03, Res: 6.3932e-06 & 6.7647e-02, Beta: 1.00 ---
29700
... RAR IC , Max IC error: 0.0477, t: tensor(0.)
... RAR RES, Max residual error: 0.0618, t: tensor([[0.0030],
        [0.0006],
        [0.0032]])
29800
29900
30000
[info] Training epoch: 30000, LR: 2.15e-04
30100
30200
30300
30400
30500
30600
30700
30800
--- Best Epoch: 30812, Loss: 5.4672e-03, IC: 4.5607e-03, Res: 7.0902e-06 & 8.9941e-02, Beta: 1.00 ---
30900
... RAR IC , Max IC error: 0.0454, t: tensor(0.)
... RAR RES, Max residual error: 0.0501, t: tensor([[0.2675],
        [0.0105],
        [0.0009]])
31000
[info] Training epoch: 31000, LR: 2.04e-04
31100
31200
31300
31400
31500
31600
31700
--- Best Epoch: 31789, Loss: 4.9301e-03, IC: 4.3958e-03, Res: 5.2862e-06 & 5.2899e-02, Beta: 1.00 ---
31800
... RAR IC , Max IC error: 0.0537, t: tensor(0.)
... RAR RES, Max residual error: 0.1802, t: tensor([[0.0007],
        [0.0046],
        [0.0001]])
31900
32000
[info] Training epoch: 32000, LR: 1.94e-04
32100
32200
32300
--- Best Epoch: 32376, Loss: 4.7492e-03, IC: 4.2077e-03, Res: 5.8140e-06 & 5.3571e-02, Beta: 1.00 ---
32400
... RAR IC , Max IC error: 0.0575, t: tensor(0.)
... RAR RES, Max residual error: 0.1181, t: tensor([[0.0059],
        [0.0010],
        [0.0012]])
32500
32600
32700
32800
32900
33000
[info] Training epoch: 33000, LR: 1.84e-04
33100
33200
33300
--- Best Epoch: 33396, Loss: 4.4554e-03, IC: 3.5983e-03, Res: 1.2675e-05 & 8.4446e-02, Beta: 1.00 ---
--- Best Epoch: 33398, Loss: 3.8751e-03, IC: 3.5154e-03, Res: 4.0860e-06 & 3.5568e-02, Beta: 1.00 ---
33400
... RAR IC , Max IC error: 0.0544, t: tensor(0.)
... RAR RES, Max residual error: 0.0294, t: tensor([[0.0080],
        [0.0043],
        [0.0024]])
33500
33600
33700
33800
33900
34000
[info] Training epoch: 34000, LR: 1.75e-04
34100
34200
34300
34400
34500
34600
34700
34800
34900
35000
[info] Training epoch: 35000, LR: 1.66e-04
35100
35200
35300
35400
--- Best Epoch: 35462, Loss: 3.5867e-03, IC: 2.8625e-03, Res: 1.0766e-05 & 7.1341e-02, Beta: 1.00 ---
--- Best Epoch: 35490, Loss: 3.5207e-03, IC: 2.9255e-03, Res: 1.2594e-05 & 5.8264e-02, Beta: 1.00 ---
35500
... RAR IC , Max IC error: 0.0415, t: tensor(0.)
... RAR RES, Max residual error: 0.0499, t: tensor([[0.0100],
        [0.0048],
        [0.0069]])
35600
35700
35800
35900
36000
[info] Training epoch: 36000, LR: 1.58e-04
--- Best Epoch: 36096, Loss: 3.5020e-03, IC: 2.9621e-03, Res: 4.9700e-06 & 5.3495e-02, Beta: 1.00 ---
36100
... RAR IC , Max IC error: 0.0407, t: tensor(0.)
... RAR RES, Max residual error: 0.0179, t: tensor([[0.0082],
        [0.0053],
        [0.0091]])
36200
36300
36400
36500
36600
36700
36800
36900
37000
[info] Training epoch: 37000, LR: 1.50e-04
--- Best Epoch: 37066, Loss: 3.2703e-03, IC: 2.9015e-03, Res: 3.7824e-06 & 3.6493e-02, Beta: 1.00 ---
37100
... RAR IC , Max IC error: 0.0492, t: tensor(0.)
... RAR RES, Max residual error: 0.0295, t: tensor([[0.0056],
        [0.0076],
        [0.0011]])
37200
37300
37400
--- Best Epoch: 37460, Loss: 3.1986e-03, IC: 2.7424e-03, Res: 4.2336e-06 & 4.5192e-02, Beta: 1.00 ---
37500
... RAR IC , Max IC error: 0.0512, t: tensor(0.)
... RAR RES, Max residual error: 0.0515, t: tensor([[0.0031],
        [0.0007],
        [0.0014]])
37600
37700
37800
37900
38000
[info] Training epoch: 38000, LR: 1.42e-04
38100
38200
38300
38400
38500
38600
38700
38800
--- Best Epoch: 38899, Loss: 2.9958e-03, IC: 2.6897e-03, Res: 6.6391e-06 & 2.9947e-02, Beta: 1.00 ---
38900
... RAR IC , Max IC error: 0.0354, t: tensor(0.)
... RAR RES, Max residual error: 0.0529, t: tensor([[0.1251],
        [0.0032],
        [0.0044]])
39000
[info] Training epoch: 39000, LR: 1.35e-04
39100
39200
39300
39400
39500
39600
--- Best Epoch: 39626, Loss: 2.7810e-03, IC: 2.4840e-03, Res: 3.5282e-06 & 2.9345e-02, Beta: 1.00 ---
--- Best Epoch: 39635, Loss: 2.6739e-03, IC: 2.3985e-03, Res: 3.5490e-06 & 2.7188e-02, Beta: 1.00 ---
39700
... RAR IC , Max IC error: 0.0364, t: tensor(0.)
... RAR RES, Max residual error: 0.0228, t: tensor([[0.0058],
        [0.0008],
        [0.0040]])
39800
39900
40000
[info] Training epoch: 40000, LR: 1.29e-04
40100
40200
40300
40400
40500
40600
40700
40800
40900
41000
[info] Training epoch: 41000, LR: 1.22e-04
--- Best Epoch: 41006, Loss: 2.6173e-03, IC: 2.4173e-03, Res: 3.2673e-06 & 1.9665e-02, Beta: 1.00 ---
41100
... RAR IC , Max IC error: 0.0292, t: tensor(0.)
... RAR RES, Max residual error: 0.0478, t: tensor([[0.1848],
        [0.0040],
        [0.0018]])
41200
41300
41400
41500
41600
41700
41800
41900
--- Best Epoch: 41926, Loss: 2.5313e-03, IC: 2.2587e-03, Res: 3.5767e-06 & 2.6902e-02, Beta: 1.00 ---
42000
[info] Training epoch: 42000, LR: 1.16e-04
... RAR IC , Max IC error: 0.0285, t: tensor(0.)
42100
42200
42300
42400
42500
42600
42700
42800
42900
43000
[info] Training epoch: 43000, LR: 1.10e-04
43100
43200
43300
43400
43500
43600
43700
43800
43900
--- Best Epoch: 43964, Loss: 2.0065e-03, IC: 1.7372e-03, Res: 3.3861e-06 & 2.6584e-02, Beta: 1.00 ---
44000
[info] Training epoch: 44000, LR: 1.05e-04
... RAR IC , Max IC error: 0.0381, t: tensor(0.)
... RAR RES, Max residual error: 0.0358, t: tensor([[0.0058],
        [0.1119],
        [0.0081]])
44100
44200
44300
44400
44500
44600
44700
44800
44900
45000
[info] Training epoch: 45000, LR: 9.94e-05
45100
45200
45300
45400
45500
45600
45700
45800
45900
46000
[info] Training epoch: 46000, LR: 9.45e-05
--- Best Epoch: 46020, Loss: 1.8106e-03, IC: 1.5475e-03, Res: 5.8683e-06 & 2.5720e-02, Beta: 1.00 ---
--- Best Epoch: 46030, Loss: 1.7845e-03, IC: 1.6050e-03, Res: 2.6083e-06 & 1.7691e-02, Beta: 1.00 ---
--- Best Epoch: 46031, Loss: 1.6449e-03, IC: 1.4542e-03, Res: 2.6365e-06 & 1.8806e-02, Beta: 1.00 ---
46100
... RAR IC , Max IC error: 0.0348, t: tensor(0.)
... RAR RES, Max residual error: 0.0226, t: tensor([[0.0004],
        [0.0001],
        [0.0015]])
46200
46300
46400
46500
46600
46700
46800
46900
47000
[info] Training epoch: 47000, LR: 8.97e-05
47100
47200
47300
47400
47500
47600
47700
47800
47900
--- Best Epoch: 47938, Loss: 1.5632e-03, IC: 1.3163e-03, Res: 4.1088e-06 & 2.4274e-02, Beta: 1.00 ---
48000
[info] Training epoch: 48000, LR: 8.53e-05
... RAR IC , Max IC error: 0.0337, t: tensor(0.)
... RAR RES, Max residual error: 0.0384, t: tensor([[0.0012],
        [0.2132],
        [0.0015]])
48100
48200
48300
48400
48500
48600
48700
48800
48900
49000
[info] Training epoch: 49000, LR: 8.10e-05
49100
49200
49300
49400
49500
49600
49700
49800
49900
50000
[info] Training epoch: 50000, LR: 7.69e-05
--- Best Epoch: 50067, Loss: 1.5289e-03, IC: 1.1405e-03, Res: 8.8845e-06 & 3.7947e-02, Beta: 1.00 ---
--- Best Epoch: 50075, Loss: 1.5076e-03, IC: 1.0610e-03, Res: 8.2340e-06 & 4.3836e-02, Beta: 1.00 ---
50100
... RAR IC , Max IC error: 0.0259, t: tensor(0.)
... RAR RES, Max residual error: 0.0183, t: tensor([[0.0089],
        [0.0056],
        [0.0026]])
50200
50300
50400
50500
50600
50700
50800
50900
51000
[info] Training epoch: 51000, LR: 7.31e-05
--- Best Epoch: 51063, Loss: 1.4336e-03, IC: 1.0630e-03, Res: 5.3835e-06 & 3.6523e-02, Beta: 1.00 ---
51100
... RAR IC , Max IC error: 0.0229, t: tensor(0.)
... RAR RES, Max residual error: 0.0164, t: tensor([[0.0060],
        [0.0018],
        [0.0062]])
51200
51300
51400
51500
51600
51700
51800
51900
52000
[info] Training epoch: 52000, LR: 6.94e-05
52100
52200
52300
52400
52500
--- Best Epoch: 52515, Loss: 1.4114e-03, IC: 9.8464e-04, Res: 7.8200e-06 & 4.1899e-02, Beta: 1.00 ---
52600
... RAR IC , Max IC error: 0.0236, t: tensor(0.)
... RAR RES, Max residual error: 0.0397, t: tensor([[0.2819],
        [0.0107],
        [0.0041]])
52700
52800
52900
53000
[info] Training epoch: 53000, LR: 6.60e-05
53100
53200
53300
--- Best Epoch: 53347, Loss: 1.3660e-03, IC: 9.0513e-04, Res: 8.0858e-06 & 4.5274e-02, Beta: 1.00 ---
53400
... RAR IC , Max IC error: 0.0216, t: tensor(0.)
... RAR RES, Max residual error: 0.0132, t: tensor([[0.0066],
        [0.0060],
        [0.0032]])
53500
53600
53700
53800
--- Best Epoch: 53862, Loss: 1.3331e-03, IC: 1.0045e-03, Res: 5.2892e-06 & 3.2332e-02, Beta: 1.00 ---
--- Best Epoch: 53888, Loss: 1.2186e-03, IC: 1.0185e-03, Res: 2.9511e-06 & 1.9712e-02, Beta: 1.00 ---
--- Best Epoch: 53895, Loss: 1.2163e-03, IC: 1.0513e-03, Res: 2.2217e-06 & 1.6278e-02, Beta: 1.00 ---
53900
... RAR IC , Max IC error: 0.0591, t: tensor(0.)
... RAR RES, Max residual error: 0.0119, t: tensor([[0.0101],
        [0.2274],
        [0.0061]])
54000
[info] Training epoch: 54000, LR: 6.27e-05
54100
54200
54300
54400
54500
54600
54700
54800
54900
55000
[info] Training epoch: 55000, LR: 5.95e-05
55100
55200
55300
55400
55500
55600
55700
55800
55900
56000
[info] Training epoch: 56000, LR: 5.66e-05
56100
56200
56300
56400
56500
56600
56700
56800
56900
57000
[info] Training epoch: 57000, LR: 5.37e-05
--- Best Epoch: 57062, Loss: 1.1750e-03, IC: 7.0083e-04, Res: 9.5471e-06 & 4.6465e-02, Beta: 1.00 ---
57100
... RAR IC , Max IC error: 0.0215, t: tensor(0.)
... RAR RES, Max residual error: 0.0100, t: tensor([[0.0001],
        [0.0089],
        [0.0070]])
57200
57300
57400
57500
57600
57700
57800
57900
58000
[info] Training epoch: 58000, LR: 5.10e-05
--- Best Epoch: 58016, Loss: 1.1376e-03, IC: 6.3481e-04, Res: 9.0905e-06 & 4.9370e-02, Beta: 1.00 ---
--- Best Epoch: 58076, Loss: 1.1333e-03, IC: 7.0145e-04, Res: 8.0803e-06 & 4.2381e-02, Beta: 1.00 ---
--- Best Epoch: 58084, Loss: 1.1053e-03, IC: 6.9974e-04, Res: 7.9219e-06 & 3.9761e-02, Beta: 1.00 ---
58100
... RAR IC , Max IC error: 0.0167, t: tensor(0.)
... RAR RES, Max residual error: 0.0220, t: tensor([[0.2823],
        [0.0031],
        [0.0060]])
58200
58300
58400
58500
58600
58700
58800
58900
59000
[info] Training epoch: 59000, LR: 4.85e-05
59100
59200
59300
59400
59500
--- Best Epoch: 59536, Loss: 1.0863e-03, IC: 6.4530e-04, Res: 8.5209e-06 & 4.3251e-02, Beta: 1.00 ---
--- Best Epoch: 59544, Loss: 1.0656e-03, IC: 6.3982e-04, Res: 8.2270e-06 & 4.1758e-02, Beta: 1.00 ---
59600
... RAR IC , Max IC error: 0.0239, t: tensor(0.)
59700
59800
59900
60000
[info] Training epoch: 60000, LR: 4.61e-05
===== logging end   2025-10-25 02:52:29 =====
