
===== logging start 2025-11-13 08:11:40 =====
[check] bias_fac:  0.5
--- Save Epoch: 1, Loss: 1.4598e+03, IC: 1.2839e-04, Res: 1.4597e+03, Beta: 1.00 ---
... RAR IC , Max IC error: 0.0863, t: tensor(0.)
... RAR RES, Max residual error: 176.8963, t: tensor([[0.1993],
        [0.1976],
        [0.1987]])
--- Save Epoch: 2, Loss: 9.4682e+02, IC: 4.6058e-04, Res: 9.4682e+02, Beta: 1.00 ---
--- Save Epoch: 3, Loss: 4.1668e+02, IC: 1.4880e-03, Res: 4.1668e+02, Beta: 1.00 ---
--- Save Epoch: 4, Loss: 2.5205e+02, IC: 3.2185e-03, Res: 2.5204e+02, Beta: 1.00 ---
--- Save Epoch: 5, Loss: 2.4391e+02, IC: 5.2676e-03, Res: 2.4391e+02, Beta: 1.00 ---
--- Save Epoch: 6, Loss: 1.6302e+02, IC: 8.1657e-03, Res: 1.6301e+02, Beta: 1.00 ---
--- Save Epoch: 7, Loss: 1.3184e+02, IC: 1.1858e-02, Res: 1.3183e+02, Beta: 1.00 ---
--- Save Epoch: 8, Loss: 1.2991e+02, IC: 1.5967e-02, Res: 1.2990e+02, Beta: 1.00 ---
--- Save Epoch: 9, Loss: 9.6031e+01, IC: 2.2500e-02, Res: 9.6009e+01, Beta: 1.00 ---
--- Save Epoch: 10, Loss: 6.2261e+01, IC: 2.8750e-02, Res: 6.2232e+01, Beta: 1.00 ---
--- Save Epoch: 13, Loss: 5.8337e+01, IC: 4.7849e-02, Res: 5.8289e+01, Beta: 1.00 ---
--- Save Epoch: 14, Loss: 4.7535e+01, IC: 5.6143e-02, Res: 4.7479e+01, Beta: 1.00 ---
--- Save Epoch: 15, Loss: 3.9745e+01, IC: 6.4915e-02, Res: 3.9680e+01, Beta: 1.00 ---
--- Save Epoch: 17, Loss: 2.5509e+01, IC: 7.9378e-02, Res: 2.5429e+01, Beta: 1.00 ---
--- Save Epoch: 20, Loss: 2.5013e+01, IC: 9.5254e-02, Res: 2.4918e+01, Beta: 1.00 ---
--- Save Epoch: 21, Loss: 2.2280e+01, IC: 9.0732e-02, Res: 2.2189e+01, Beta: 1.00 ---
--- Save Epoch: 22, Loss: 2.0117e+01, IC: 1.0051e-01, Res: 2.0016e+01, Beta: 1.00 ---
--- Save Epoch: 23, Loss: 1.3938e+01, IC: 1.0042e-01, Res: 1.3838e+01, Beta: 1.00 ---
--- Save Epoch: 27, Loss: 1.1775e+01, IC: 1.1286e-01, Res: 1.1662e+01, Beta: 1.00 ---
--- Save Epoch: 28, Loss: 1.0659e+01, IC: 1.1974e-01, Res: 1.0540e+01, Beta: 1.00 ---
--- Save Epoch: 29, Loss: 1.0014e+01, IC: 1.1233e-01, Res: 9.9021e+00, Beta: 1.00 ---
--- Save Epoch: 31, Loss: 8.1119e+00, IC: 1.1722e-01, Res: 7.9946e+00, Beta: 1.00 ---
--- Save Epoch: 33, Loss: 6.7634e+00, IC: 1.2091e-01, Res: 6.6425e+00, Beta: 1.00 ---
--- Save Epoch: 36, Loss: 4.9145e+00, IC: 1.2205e-01, Res: 4.7924e+00, Beta: 1.00 ---
--- Save Epoch: 38, Loss: 4.3179e+00, IC: 1.3117e-01, Res: 4.1867e+00, Beta: 1.00 ---
--- Save Epoch: 41, Loss: 3.4318e+00, IC: 1.3365e-01, Res: 3.2982e+00, Beta: 1.00 ---
--- Save Epoch: 42, Loss: 3.2542e+00, IC: 1.4118e-01, Res: 3.1130e+00, Beta: 1.00 ---
--- Save Epoch: 44, Loss: 2.7124e+00, IC: 1.3513e-01, Res: 2.5773e+00, Beta: 1.00 ---
--- Save Epoch: 45, Loss: 2.3316e+00, IC: 1.4277e-01, Res: 2.1888e+00, Beta: 1.00 ---
--- Save Epoch: 46, Loss: 2.2614e+00, IC: 1.3678e-01, Res: 2.1246e+00, Beta: 1.00 ---
--- Save Epoch: 47, Loss: 2.2520e+00, IC: 1.4264e-01, Res: 2.1094e+00, Beta: 1.00 ---
--- Save Epoch: 48, Loss: 2.1582e+00, IC: 1.3524e-01, Res: 2.0230e+00, Beta: 1.00 ---
--- Save Epoch: 49, Loss: 1.9238e+00, IC: 1.3698e-01, Res: 1.7868e+00, Beta: 1.00 ---
--- Save Epoch: 50, Loss: 1.6736e+00, IC: 1.4225e-01, Res: 1.5313e+00, Beta: 1.00 ---
--- Save Epoch: 51, Loss: 1.6216e+00, IC: 1.3557e-01, Res: 1.4860e+00, Beta: 1.00 ---
--- Save Epoch: 52, Loss: 1.5382e+00, IC: 1.3918e-01, Res: 1.3990e+00, Beta: 1.00 ---
--- Save Epoch: 53, Loss: 1.3357e+00, IC: 1.3189e-01, Res: 1.2039e+00, Beta: 1.00 ---
--- Save Epoch: 54, Loss: 1.1651e+00, IC: 1.3307e-01, Res: 1.0320e+00, Beta: 1.00 ---
--- Save Epoch: 56, Loss: 9.6701e-01, IC: 1.2951e-01, Res: 8.3750e-01, Beta: 1.00 ---
--- Save Epoch: 57, Loss: 9.0770e-01, IC: 1.3374e-01, Res: 7.7396e-01, Beta: 1.00 ---
--- Save Epoch: 59, Loss: 8.3497e-01, IC: 1.3128e-01, Res: 7.0369e-01, Beta: 1.00 ---
--- Save Epoch: 60, Loss: 7.0302e-01, IC: 1.3837e-01, Res: 5.6466e-01, Beta: 1.00 ---
--- Save Epoch: 63, Loss: 6.5484e-01, IC: 1.3608e-01, Res: 5.1877e-01, Beta: 1.00 ---
--- Save Epoch: 64, Loss: 5.9219e-01, IC: 1.3582e-01, Res: 4.5637e-01, Beta: 1.00 ---
--- Save Epoch: 65, Loss: 5.6573e-01, IC: 1.4141e-01, Res: 4.2432e-01, Beta: 1.00 ---
--- Save Epoch: 66, Loss: 5.0073e-01, IC: 1.3895e-01, Res: 3.6178e-01, Beta: 1.00 ---
--- Save Epoch: 68, Loss: 4.2620e-01, IC: 1.3786e-01, Res: 2.8834e-01, Beta: 1.00 ---
--- Save Epoch: 71, Loss: 3.5336e-01, IC: 1.2275e-01, Res: 2.3061e-01, Beta: 1.00 ---
--- Save Epoch: 74, Loss: 3.4018e-01, IC: 1.2131e-01, Res: 2.1888e-01, Beta: 1.00 ---
--- Save Epoch: 75, Loss: 3.0735e-01, IC: 1.2023e-01, Res: 1.8711e-01, Beta: 1.00 ---
--- Save Epoch: 76, Loss: 2.8238e-01, IC: 1.1452e-01, Res: 1.6786e-01, Beta: 1.00 ---
--- Save Epoch: 77, Loss: 2.8221e-01, IC: 1.2099e-01, Res: 1.6122e-01, Beta: 1.00 ---
--- Save Epoch: 78, Loss: 2.7313e-01, IC: 1.1563e-01, Res: 1.5750e-01, Beta: 1.00 ---
--- Save Epoch: 79, Loss: 2.5511e-01, IC: 1.1583e-01, Res: 1.3927e-01, Beta: 1.00 ---
--- Save Epoch: 81, Loss: 2.5323e-01, IC: 1.1118e-01, Res: 1.4205e-01, Beta: 1.00 ---
--- Save Epoch: 82, Loss: 2.3391e-01, IC: 1.1553e-01, Res: 1.1838e-01, Beta: 1.00 ---
--- Save Epoch: 83, Loss: 2.1551e-01, IC: 1.0861e-01, Res: 1.0690e-01, Beta: 1.00 ---
--- Save Epoch: 87, Loss: 1.8122e-01, IC: 1.1160e-01, Res: 6.9615e-02, Beta: 1.00 ---
--- Save Epoch: 91, Loss: 1.7953e-01, IC: 1.1321e-01, Res: 6.6314e-02, Beta: 1.00 ---
--- Save Epoch: 93, Loss: 1.6996e-01, IC: 1.0491e-01, Res: 6.5044e-02, Beta: 1.00 ---
--- Save Epoch: 97, Loss: 1.6595e-01, IC: 1.0288e-01, Res: 6.3066e-02, Beta: 1.00 ---
--- Save Epoch: 98, Loss: 1.5747e-01, IC: 1.0478e-01, Res: 5.2685e-02, Beta: 1.00 ---
... RAR IC , Max IC error: 0.8769, t: tensor(0.)
... RAR RES, Max residual error: 2.5758, t: tensor([[0.0007],
        [0.0028],
        [0.0007]])
--- Save Epoch: 118, Loss: 1.5717e-01, IC: 1.1835e-01, Res: 3.8816e-02, Beta: 1.00 ---
--- Save Epoch: 120, Loss: 1.5680e-01, IC: 1.2580e-01, Res: 3.1004e-02, Beta: 1.00 ---
--- Save Epoch: 121, Loss: 1.5508e-01, IC: 1.2390e-01, Res: 3.1180e-02, Beta: 1.00 ---
--- Save Epoch: 123, Loss: 1.5454e-01, IC: 1.2217e-01, Res: 3.2369e-02, Beta: 1.00 ---
--- Save Epoch: 125, Loss: 1.4978e-01, IC: 1.1897e-01, Res: 3.0806e-02, Beta: 1.00 ---
--- Save Epoch: 127, Loss: 1.4567e-01, IC: 1.1548e-01, Res: 3.0184e-02, Beta: 1.00 ---
--- Save Epoch: 134, Loss: 1.4139e-01, IC: 1.0934e-01, Res: 3.2050e-02, Beta: 1.00 ---
--- Save Epoch: 136, Loss: 1.4038e-01, IC: 1.0990e-01, Res: 3.0481e-02, Beta: 1.00 ---
--- Save Epoch: 158, Loss: 1.3477e-01, IC: 1.0338e-01, Res: 3.1390e-02, Beta: 1.00 ---
--- Save Epoch: 159, Loss: 1.3354e-01, IC: 1.0001e-01, Res: 3.3534e-02, Beta: 1.00 ---
--- Save Epoch: 180, Loss: 1.2168e-01, IC: 1.0025e-01, Res: 2.1438e-02, Beta: 1.00 ---
... RAR IC , Max IC error: 0.8507, t: tensor(0.)
... RAR RES, Max residual error: 1.8587, t: tensor([[0.0894],
        [0.0828],
        [0.0844]])
--- Save Epoch: 337, Loss: 1.2015e-01, IC: 9.1522e-02, Res: 2.8624e-02, Beta: 1.00 ---
--- Save Epoch: 364, Loss: 1.1913e-01, IC: 8.9273e-02, Res: 2.9856e-02, Beta: 1.00 ---
--- Save Epoch: 368, Loss: 1.1723e-01, IC: 9.0055e-02, Res: 2.7178e-02, Beta: 1.00 ---
--- Save Epoch: 397, Loss: 1.1125e-01, IC: 8.3875e-02, Res: 2.7380e-02, Beta: 1.00 ---
... RAR IC , Max IC error: 0.8086, t: tensor(0.)
... RAR RES, Max residual error: 1.7620, t: tensor([[0.0732],
        [0.0649],
        [0.0773]])
--- Save Epoch: 697, Loss: 1.0968e-01, IC: 8.1351e-02, Res: 2.8324e-02, Beta: 1.00 ---
... RAR IC , Max IC error: 0.7951, t: tensor(0.)
... RAR RES, Max residual error: 1.6982, t: tensor([[0.0251],
        [0.1528],
        [0.0355]])
--- Save Epoch: 861, Loss: 1.0948e-01, IC: 8.0875e-02, Res: 2.8606e-02, Beta: 1.00 ---
--- Save Epoch: 889, Loss: 1.0732e-01, IC: 7.6761e-02, Res: 3.0558e-02, Beta: 1.00 ---
--- Save Epoch: 893, Loss: 1.0649e-01, IC: 7.5382e-02, Res: 3.1110e-02, Beta: 1.00 ---
... RAR IC , Max IC error: 0.7580, t: tensor(0.)
... RAR RES, Max residual error: 1.8390, t: tensor([[0.1407],
        [0.1555],
        [0.1500]])
--- Save Epoch: 998, Loss: 1.0513e-01, IC: 7.1626e-02, Res: 3.3505e-02, Beta: 1.00 ---
--- Save Epoch: 999, Loss: 1.0505e-01, IC: 7.2496e-02, Res: 3.2557e-02, Beta: 1.00 ---
[info] Training epoch: 1000, LR: 9.50e-04
... RAR IC , Max IC error: 0.7419, t: tensor(0.)
... RAR RES, Max residual error: 1.3970, t: tensor([[0.1432],
        [0.1885],
        [0.1772]])
--- Save Epoch: 1054, Loss: 1.0405e-01, IC: 7.1243e-02, Res: 3.2811e-02, Beta: 1.00 ---
--- Save Epoch: 1064, Loss: 1.0380e-01, IC: 7.2280e-02, Res: 3.1518e-02, Beta: 1.00 ---
--- Save Epoch: 1084, Loss: 1.0357e-01, IC: 7.2898e-02, Res: 3.0676e-02, Beta: 1.00 ---
--- Save Epoch: 1090, Loss: 1.0356e-01, IC: 7.1126e-02, Res: 3.2431e-02, Beta: 1.00 ---
... RAR IC , Max IC error: 0.7217, t: tensor(0.)
... RAR RES, Max residual error: 1.3397, t: tensor([[0.1432],
        [0.1809],
        [0.1459]])
--- Save Epoch: 1172, Loss: 1.0321e-01, IC: 6.8714e-02, Res: 3.4499e-02, Beta: 1.00 ---
--- Save Epoch: 1194, Loss: 1.0265e-01, IC: 7.0317e-02, Res: 3.2333e-02, Beta: 1.00 ---
--- Save Epoch: 1198, Loss: 1.0065e-01, IC: 6.7821e-02, Res: 3.2831e-02, Beta: 1.00 ---
... RAR IC , Max IC error: 0.7157, t: tensor(0.)
... RAR RES, Max residual error: 1.3017, t: tensor([[0.1412],
        [0.1353],
        [0.1331]])
--- Save Epoch: 1310, Loss: 1.0007e-01, IC: 6.7347e-02, Res: 3.2720e-02, Beta: 1.00 ---
--- Save Epoch: 1337, Loss: 9.7770e-02, IC: 6.5938e-02, Res: 3.1832e-02, Beta: 1.00 ---
--- Save Epoch: 1348, Loss: 9.6081e-02, IC: 6.4837e-02, Res: 3.1243e-02, Beta: 1.00 ---
--- Save Epoch: 1371, Loss: 9.5290e-02, IC: 6.1907e-02, Res: 3.3383e-02, Beta: 1.00 ---
--- Save Epoch: 1378, Loss: 9.3239e-02, IC: 6.0417e-02, Res: 3.2823e-02, Beta: 1.00 ---
--- Save Epoch: 1383, Loss: 9.2570e-02, IC: 6.1676e-02, Res: 3.0894e-02, Beta: 1.00 ---
--- Save Epoch: 1393, Loss: 9.1986e-02, IC: 6.0359e-02, Res: 3.1627e-02, Beta: 1.00 ---
... RAR IC , Max IC error: 0.6673, t: tensor(0.)
... RAR RES, Max residual error: 1.6479, t: tensor([[0.1778],
        [0.1752],
        [0.0951]])
--- Save Epoch: 1491, Loss: 9.1775e-02, IC: 5.5240e-02, Res: 3.6535e-02, Beta: 1.00 ---
--- Save Epoch: 1492, Loss: 9.1693e-02, IC: 5.4913e-02, Res: 3.6780e-02, Beta: 1.00 ---
--- Save Epoch: 1496, Loss: 9.1147e-02, IC: 5.6082e-02, Res: 3.5065e-02, Beta: 1.00 ---
... RAR IC , Max IC error: 0.6378, t: tensor(0.)
... RAR RES, Max residual error: 1.3598, t: tensor([[0.1965],
        [0.1766],
        [0.1746]])
--- Save Epoch: 1548, Loss: 9.0838e-02, IC: 6.0418e-02, Res: 3.0421e-02, Beta: 1.00 ---
--- Save Epoch: 1551, Loss: 8.8947e-02, IC: 5.6511e-02, Res: 3.2437e-02, Beta: 1.00 ---
--- Save Epoch: 1559, Loss: 8.7732e-02, IC: 5.0869e-02, Res: 3.6863e-02, Beta: 1.00 ---
--- Save Epoch: 1589, Loss: 8.7611e-02, IC: 5.2021e-02, Res: 3.5590e-02, Beta: 1.00 ---
--- Save Epoch: 1590, Loss: 8.6553e-02, IC: 5.2614e-02, Res: 3.3938e-02, Beta: 1.00 ---
--- Save Epoch: 1591, Loss: 8.5728e-02, IC: 5.2805e-02, Res: 3.2923e-02, Beta: 1.00 ---
--- Save Epoch: 1598, Loss: 8.3233e-02, IC: 5.1700e-02, Res: 3.1533e-02, Beta: 1.00 ---
... RAR IC , Max IC error: 0.6108, t: tensor(0.)
... RAR RES, Max residual error: 1.1782, t: tensor([[0.1934],
        [0.0997],
        [0.0011]])
--- Save Epoch: 1659, Loss: 8.1650e-02, IC: 5.0748e-02, Res: 3.0902e-02, Beta: 1.00 ---
... RAR IC , Max IC error: 0.5933, t: tensor(0.)
... RAR RES, Max residual error: 2.1245, t: tensor([[0.1581],
        [0.1534],
        [0.1706]])
===== logging end   2025-11-13 08:16:22 =====

===== logging start 2025-11-13 08:17:40 =====
[check] bias_fac:  0.5
--- Save Epoch: 1, Loss: 1.4598e+03, IC: 1.2787e-04, Res: 1.4597e+03, Beta: 1.00 ---
... RAR IC , Max IC error: 0.0863, t: tensor(0.)
... RAR RES, Max residual error: 176.8963, t: tensor([[0.1993],
        [0.1976],
        [0.1987]])
--- Save Epoch: 2, Loss: 9.4681e+02, IC: 4.5974e-04, Res: 9.4681e+02, Beta: 1.00 ---
--- Save Epoch: 3, Loss: 4.1668e+02, IC: 1.4872e-03, Res: 4.1668e+02, Beta: 1.00 ---
--- Save Epoch: 4, Loss: 2.5205e+02, IC: 3.2190e-03, Res: 2.5204e+02, Beta: 1.00 ---
--- Save Epoch: 5, Loss: 2.4391e+02, IC: 5.2674e-03, Res: 2.4390e+02, Beta: 1.00 ---
--- Save Epoch: 6, Loss: 1.6302e+02, IC: 8.1659e-03, Res: 1.6302e+02, Beta: 1.00 ---
--- Save Epoch: 7, Loss: 1.3185e+02, IC: 1.1860e-02, Res: 1.3183e+02, Beta: 1.00 ---
--- Save Epoch: 8, Loss: 1.2991e+02, IC: 1.5965e-02, Res: 1.2989e+02, Beta: 1.00 ---
--- Save Epoch: 9, Loss: 9.6031e+01, IC: 2.2501e-02, Res: 9.6008e+01, Beta: 1.00 ---
--- Save Epoch: 10, Loss: 6.2226e+01, IC: 2.8750e-02, Res: 6.2197e+01, Beta: 1.00 ---
--- Save Epoch: 13, Loss: 5.8323e+01, IC: 4.7849e-02, Res: 5.8275e+01, Beta: 1.00 ---
--- Save Epoch: 14, Loss: 4.7542e+01, IC: 5.6140e-02, Res: 4.7486e+01, Beta: 1.00 ---
--- Save Epoch: 15, Loss: 3.9750e+01, IC: 6.4908e-02, Res: 3.9685e+01, Beta: 1.00 ---
--- Save Epoch: 17, Loss: 2.5500e+01, IC: 7.9376e-02, Res: 2.5420e+01, Beta: 1.00 ---
--- Save Epoch: 20, Loss: 2.4907e+01, IC: 9.5245e-02, Res: 2.4812e+01, Beta: 1.00 ---
--- Save Epoch: 21, Loss: 2.2273e+01, IC: 9.0716e-02, Res: 2.2182e+01, Beta: 1.00 ---
--- Save Epoch: 22, Loss: 2.0117e+01, IC: 1.0048e-01, Res: 2.0017e+01, Beta: 1.00 ---
--- Save Epoch: 23, Loss: 1.3942e+01, IC: 1.0039e-01, Res: 1.3842e+01, Beta: 1.00 ---
--- Save Epoch: 27, Loss: 1.1811e+01, IC: 1.1272e-01, Res: 1.1698e+01, Beta: 1.00 ---
--- Save Epoch: 28, Loss: 1.0664e+01, IC: 1.1968e-01, Res: 1.0544e+01, Beta: 1.00 ---
--- Save Epoch: 29, Loss: 1.0020e+01, IC: 1.1230e-01, Res: 9.9080e+00, Beta: 1.00 ---
--- Save Epoch: 31, Loss: 8.1122e+00, IC: 1.1719e-01, Res: 7.9950e+00, Beta: 1.00 ---
--- Save Epoch: 33, Loss: 6.7650e+00, IC: 1.2111e-01, Res: 6.6439e+00, Beta: 1.00 ---
--- Save Epoch: 36, Loss: 4.9162e+00, IC: 1.2260e-01, Res: 4.7936e+00, Beta: 1.00 ---
--- Save Epoch: 38, Loss: 4.3054e+00, IC: 1.3190e-01, Res: 4.1735e+00, Beta: 1.00 ---
--- Save Epoch: 41, Loss: 3.4254e+00, IC: 1.3441e-01, Res: 3.2910e+00, Beta: 1.00 ---
--- Save Epoch: 42, Loss: 3.2616e+00, IC: 1.4192e-01, Res: 3.1197e+00, Beta: 1.00 ---
--- Save Epoch: 44, Loss: 2.7109e+00, IC: 1.3582e-01, Res: 2.5751e+00, Beta: 1.00 ---
--- Save Epoch: 45, Loss: 2.3339e+00, IC: 1.4340e-01, Res: 2.1905e+00, Beta: 1.00 ---
--- Save Epoch: 46, Loss: 2.2622e+00, IC: 1.3735e-01, Res: 2.1248e+00, Beta: 1.00 ---
--- Save Epoch: 47, Loss: 2.2514e+00, IC: 1.4316e-01, Res: 2.1082e+00, Beta: 1.00 ---
--- Save Epoch: 48, Loss: 2.1528e+00, IC: 1.3571e-01, Res: 2.0171e+00, Beta: 1.00 ---
--- Save Epoch: 49, Loss: 1.9247e+00, IC: 1.3738e-01, Res: 1.7874e+00, Beta: 1.00 ---
--- Save Epoch: 50, Loss: 1.6739e+00, IC: 1.4261e-01, Res: 1.5313e+00, Beta: 1.00 ---
--- Save Epoch: 51, Loss: 1.6218e+00, IC: 1.3585e-01, Res: 1.4859e+00, Beta: 1.00 ---
--- Save Epoch: 52, Loss: 1.5398e+00, IC: 1.3942e-01, Res: 1.4004e+00, Beta: 1.00 ---
--- Save Epoch: 53, Loss: 1.3338e+00, IC: 1.3208e-01, Res: 1.2018e+00, Beta: 1.00 ---
--- Save Epoch: 54, Loss: 1.1651e+00, IC: 1.3321e-01, Res: 1.0319e+00, Beta: 1.00 ---
--- Save Epoch: 56, Loss: 9.6808e-01, IC: 1.2948e-01, Res: 8.3861e-01, Beta: 1.00 ---
--- Save Epoch: 57, Loss: 9.0813e-01, IC: 1.3363e-01, Res: 7.7450e-01, Beta: 1.00 ---
--- Save Epoch: 59, Loss: 8.3820e-01, IC: 1.3108e-01, Res: 7.0711e-01, Beta: 1.00 ---
--- Save Epoch: 60, Loss: 7.0432e-01, IC: 1.3815e-01, Res: 5.6617e-01, Beta: 1.00 ---
--- Save Epoch: 63, Loss: 6.5859e-01, IC: 1.3596e-01, Res: 5.2263e-01, Beta: 1.00 ---
--- Save Epoch: 64, Loss: 5.9286e-01, IC: 1.3572e-01, Res: 4.5714e-01, Beta: 1.00 ---
--- Save Epoch: 65, Loss: 5.6736e-01, IC: 1.4137e-01, Res: 4.2599e-01, Beta: 1.00 ---
--- Save Epoch: 66, Loss: 4.9975e-01, IC: 1.3899e-01, Res: 3.6076e-01, Beta: 1.00 ---
--- Save Epoch: 68, Loss: 4.2738e-01, IC: 1.3802e-01, Res: 2.8936e-01, Beta: 1.00 ---
--- Save Epoch: 71, Loss: 3.5469e-01, IC: 1.2302e-01, Res: 2.3167e-01, Beta: 1.00 ---
--- Save Epoch: 74, Loss: 3.4073e-01, IC: 1.2145e-01, Res: 2.1928e-01, Beta: 1.00 ---
--- Save Epoch: 75, Loss: 3.0810e-01, IC: 1.2034e-01, Res: 1.8776e-01, Beta: 1.00 ---
--- Save Epoch: 76, Loss: 2.8272e-01, IC: 1.1465e-01, Res: 1.6807e-01, Beta: 1.00 ---
--- Save Epoch: 78, Loss: 2.7309e-01, IC: 1.1570e-01, Res: 1.5739e-01, Beta: 1.00 ---
--- Save Epoch: 79, Loss: 2.5556e-01, IC: 1.1587e-01, Res: 1.3969e-01, Beta: 1.00 ---
--- Save Epoch: 81, Loss: 2.5327e-01, IC: 1.1118e-01, Res: 1.4209e-01, Beta: 1.00 ---
--- Save Epoch: 82, Loss: 2.3422e-01, IC: 1.1550e-01, Res: 1.1872e-01, Beta: 1.00 ---
--- Save Epoch: 83, Loss: 2.1561e-01, IC: 1.0862e-01, Res: 1.0699e-01, Beta: 1.00 ---
--- Save Epoch: 84, Loss: 2.1552e-01, IC: 1.1265e-01, Res: 1.0287e-01, Beta: 1.00 ---
--- Save Epoch: 87, Loss: 1.8128e-01, IC: 1.1162e-01, Res: 6.9665e-02, Beta: 1.00 ---
--- Save Epoch: 91, Loss: 1.7979e-01, IC: 1.1325e-01, Res: 6.6545e-02, Beta: 1.00 ---
--- Save Epoch: 93, Loss: 1.7005e-01, IC: 1.0493e-01, Res: 6.5116e-02, Beta: 1.00 ---
--- Save Epoch: 97, Loss: 1.6634e-01, IC: 1.0289e-01, Res: 6.3448e-02, Beta: 1.00 ---
--- Save Epoch: 98, Loss: 1.5757e-01, IC: 1.0479e-01, Res: 5.2781e-02, Beta: 1.00 ---
... RAR IC , Max IC error: 0.8768, t: tensor(0.)
... RAR RES, Max residual error: 2.5917, t: tensor([[0.0007],
        [0.0028],
        [0.0007]])
--- Save Epoch: 118, Loss: 1.5729e-01, IC: 1.1844e-01, Res: 3.8847e-02, Beta: 1.00 ---
--- Save Epoch: 120, Loss: 1.5683e-01, IC: 1.2589e-01, Res: 3.0942e-02, Beta: 1.00 ---
--- Save Epoch: 121, Loss: 1.5510e-01, IC: 1.2398e-01, Res: 3.1120e-02, Beta: 1.00 ---
--- Save Epoch: 123, Loss: 1.5461e-01, IC: 1.2226e-01, Res: 3.2347e-02, Beta: 1.00 ---
--- Save Epoch: 125, Loss: 1.4991e-01, IC: 1.1910e-01, Res: 3.0812e-02, Beta: 1.00 ---
--- Save Epoch: 127, Loss: 1.4571e-01, IC: 1.1557e-01, Res: 3.0137e-02, Beta: 1.00 ---
--- Save Epoch: 134, Loss: 1.4146e-01, IC: 1.0944e-01, Res: 3.2019e-02, Beta: 1.00 ---
--- Save Epoch: 136, Loss: 1.4047e-01, IC: 1.0998e-01, Res: 3.0492e-02, Beta: 1.00 ---
--- Save Epoch: 158, Loss: 1.3483e-01, IC: 1.0337e-01, Res: 3.1456e-02, Beta: 1.00 ---
--- Save Epoch: 159, Loss: 1.3359e-01, IC: 1.0002e-01, Res: 3.3572e-02, Beta: 1.00 ---
--- Save Epoch: 180, Loss: 1.2169e-01, IC: 1.0027e-01, Res: 2.1413e-02, Beta: 1.00 ---
... RAR IC , Max IC error: 0.8508, t: tensor(0.)
... RAR RES, Max residual error: 1.8563, t: tensor([[0.0894],
        [0.0828],
        [0.0844]])
--- Save Epoch: 332, Loss: 1.2155e-01, IC: 9.2484e-02, Res: 2.9071e-02, Beta: 1.00 ---
--- Save Epoch: 337, Loss: 1.2007e-01, IC: 9.1571e-02, Res: 2.8501e-02, Beta: 1.00 ---
--- Save Epoch: 364, Loss: 1.1940e-01, IC: 8.9307e-02, Res: 3.0090e-02, Beta: 1.00 ---
--- Save Epoch: 368, Loss: 1.1714e-01, IC: 9.0312e-02, Res: 2.6830e-02, Beta: 1.00 ---
--- Save Epoch: 397, Loss: 1.1156e-01, IC: 8.3931e-02, Res: 2.7633e-02, Beta: 1.00 ---
... RAR IC , Max IC error: 0.8085, t: tensor(0.)
... RAR RES, Max residual error: 1.7622, t: tensor([[0.0732],
        [0.0649],
        [0.0773]])
--- Save Epoch: 763, Loss: 1.1068e-01, IC: 7.7874e-02, Res: 3.2810e-02, Beta: 1.00 ---
... RAR IC , Max IC error: 0.7901, t: tensor(0.)
... RAR RES, Max residual error: 1.6443, t: tensor([[0.1649],
        [0.1908],
        [0.1878]])
===== logging end   2025-11-13 08:20:46 =====

===== logging start 2025-11-13 08:21:06 =====
[check] bias_fac:  0.5
--- Save Epoch: 1, Loss: 1.2587e+00, IC: 4.8661e-02, Res: 1.2101e+00, Beta: 0.00 ---
... RAR IC , Max IC error: 3.6668, t: tensor(0.)
... RAR RES, Max residual error: 13.3252, t: tensor([[0.1098],
        [0.0259],
        [0.0749]])
--- Save Epoch: 5, Loss: 1.0135e+00, IC: 2.8963e-02, Res: 9.8451e-01, Beta: 0.02 ---
--- Save Epoch: 10, Loss: 8.9993e-01, IC: 4.0475e-02, Res: 8.5946e-01, Beta: 0.04 ---
--- Save Epoch: 19, Loss: 8.9772e-01, IC: 9.1877e-02, Res: 8.0584e-01, Beta: 0.06 ---
--- Save Epoch: 27, Loss: 8.1350e-01, IC: 1.3312e-01, Res: 6.8039e-01, Beta: 0.08 ---
--- Save Epoch: 32, Loss: 7.9056e-01, IC: 1.3055e-01, Res: 6.6001e-01, Beta: 0.10 ---
--- Save Epoch: 38, Loss: 7.4686e-01, IC: 1.2764e-01, Res: 6.1922e-01, Beta: 0.12 ---
--- Save Epoch: 41, Loss: 7.3216e-01, IC: 1.2384e-01, Res: 6.0832e-01, Beta: 0.14 ---
--- Save Epoch: 45, Loss: 7.0612e-01, IC: 1.3059e-01, Res: 5.7552e-01, Beta: 0.16 ---
--- Save Epoch: 49, Loss: 6.9620e-01, IC: 1.3378e-01, Res: 5.6242e-01, Beta: 0.18 ---
--- Save Epoch: 52, Loss: 6.8168e-01, IC: 1.3915e-01, Res: 5.4253e-01, Beta: 0.20 ---
--- Save Epoch: 56, Loss: 6.0698e-01, IC: 1.3369e-01, Res: 4.7329e-01, Beta: 0.22 ---
--- Save Epoch: 59, Loss: 5.9182e-01, IC: 1.3709e-01, Res: 4.5472e-01, Beta: 0.24 ---
--- Save Epoch: 64, Loss: 5.3434e-01, IC: 1.4937e-01, Res: 3.8497e-01, Beta: 0.26 ---
--- Save Epoch: 68, Loss: 5.2588e-01, IC: 1.5716e-01, Res: 3.6873e-01, Beta: 0.28 ---
--- Save Epoch: 71, Loss: 4.9719e-01, IC: 1.5510e-01, Res: 3.4209e-01, Beta: 0.30 ---
--- Save Epoch: 76, Loss: 4.7536e-01, IC: 1.5238e-01, Res: 3.2299e-01, Beta: 0.32 ---
--- Save Epoch: 82, Loss: 4.4186e-01, IC: 1.6307e-01, Res: 2.7879e-01, Beta: 0.34 ---
--- Save Epoch: 84, Loss: 4.3695e-01, IC: 1.5877e-01, Res: 2.7818e-01, Beta: 0.36 ---
--- Save Epoch: 87, Loss: 4.3543e-01, IC: 1.5494e-01, Res: 2.8050e-01, Beta: 0.38 ---
--- Save Epoch: 88, Loss: 4.3408e-01, IC: 1.5246e-01, Res: 2.8162e-01, Beta: 0.40 ---
--- Save Epoch: 93, Loss: 4.2721e-01, IC: 1.5595e-01, Res: 2.7127e-01, Beta: 0.42 ---
--- Save Epoch: 94, Loss: 4.2150e-01, IC: 1.5996e-01, Res: 2.6154e-01, Beta: 0.44 ---
--- Save Epoch: 95, Loss: 4.0733e-01, IC: 1.5688e-01, Res: 2.5044e-01, Beta: 0.46 ---
--- Save Epoch: 99, Loss: 3.8825e-01, IC: 1.6049e-01, Res: 2.2776e-01, Beta: 0.48 ---
--- Save Epoch: 100, Loss: 3.6014e-01, IC: 1.5572e-01, Res: 2.0442e-01, Beta: 0.50 ---
... RAR IC , Max IC error: 0.8994, t: tensor(0.)
... RAR RES, Max residual error: 4.9157, t: tensor([[0.1585],
        [0.1493],
        [0.1747]])
--- Save Epoch: 107, Loss: 3.4664e-01, IC: 1.6686e-01, Res: 1.7978e-01, Beta: 0.52 ---
--- Save Epoch: 110, Loss: 3.4547e-01, IC: 1.6183e-01, Res: 1.8365e-01, Beta: 0.54 ---
--- Save Epoch: 112, Loss: 3.2990e-01, IC: 1.6223e-01, Res: 1.6766e-01, Beta: 0.56 ---
--- Save Epoch: 114, Loss: 3.2203e-01, IC: 1.6759e-01, Res: 1.5444e-01, Beta: 0.58 ---
--- Save Epoch: 118, Loss: 3.1259e-01, IC: 1.6325e-01, Res: 1.4934e-01, Beta: 0.60 ---
--- Save Epoch: 119, Loss: 3.0566e-01, IC: 1.6796e-01, Res: 1.3769e-01, Beta: 0.62 ---
--- Save Epoch: 122, Loss: 3.0498e-01, IC: 1.7232e-01, Res: 1.3267e-01, Beta: 0.64 ---
--- Save Epoch: 123, Loss: 3.0035e-01, IC: 1.6670e-01, Res: 1.3365e-01, Beta: 0.66 ---
--- Save Epoch: 125, Loss: 2.9624e-01, IC: 1.6422e-01, Res: 1.3202e-01, Beta: 0.68 ---
--- Save Epoch: 126, Loss: 2.8436e-01, IC: 1.6368e-01, Res: 1.2068e-01, Beta: 0.70 ---
--- Save Epoch: 130, Loss: 2.7381e-01, IC: 1.6465e-01, Res: 1.0915e-01, Beta: 0.72 ---
--- Save Epoch: 132, Loss: 2.5998e-01, IC: 1.6962e-01, Res: 9.0359e-02, Beta: 0.74 ---
--- Save Epoch: 137, Loss: 2.5063e-01, IC: 1.7132e-01, Res: 7.9311e-02, Beta: 0.76 ---
--- Save Epoch: 139, Loss: 2.5006e-01, IC: 1.7323e-01, Res: 7.6835e-02, Beta: 0.78 ---
--- Save Epoch: 140, Loss: 2.4353e-01, IC: 1.6689e-01, Res: 7.6637e-02, Beta: 0.80 ---
--- Save Epoch: 145, Loss: 2.3803e-01, IC: 1.6916e-01, Res: 6.8872e-02, Beta: 0.82 ---
--- Save Epoch: 149, Loss: 2.3562e-01, IC: 1.6933e-01, Res: 6.6290e-02, Beta: 0.84 ---
--- Save Epoch: 150, Loss: 2.3553e-01, IC: 1.6341e-01, Res: 7.2121e-02, Beta: 0.86 ---
--- Save Epoch: 158, Loss: 2.2960e-01, IC: 1.6596e-01, Res: 6.3643e-02, Beta: 0.88 ---
--- Save Epoch: 159, Loss: 2.2783e-01, IC: 1.6209e-01, Res: 6.5740e-02, Beta: 0.90 ---
--- Save Epoch: 161, Loss: 2.2533e-01, IC: 1.7071e-01, Res: 5.4620e-02, Beta: 0.92 ---
--- Save Epoch: 166, Loss: 2.2234e-01, IC: 1.6791e-01, Res: 5.4435e-02, Beta: 0.94 ---
--- Save Epoch: 172, Loss: 2.2015e-01, IC: 1.6950e-01, Res: 5.0654e-02, Beta: 0.96 ---
--- Save Epoch: 178, Loss: 2.1991e-01, IC: 1.7177e-01, Res: 4.8135e-02, Beta: 0.98 ---
--- Save Epoch: 179, Loss: 2.1855e-01, IC: 1.6739e-01, Res: 5.1160e-02, Beta: 1.00 ---
--- Save Epoch: 180, Loss: 2.1622e-01, IC: 1.6741e-01, Res: 4.8807e-02, Beta: 1.00 ---
--- Save Epoch: 185, Loss: 2.1447e-01, IC: 1.7257e-01, Res: 4.1901e-02, Beta: 1.00 ---
--- Save Epoch: 186, Loss: 2.1415e-01, IC: 1.6837e-01, Res: 4.5778e-02, Beta: 1.00 ---
--- Save Epoch: 189, Loss: 2.1187e-01, IC: 1.6141e-01, Res: 5.0463e-02, Beta: 1.00 ---
--- Save Epoch: 192, Loss: 2.1185e-01, IC: 1.7189e-01, Res: 3.9959e-02, Beta: 1.00 ---
--- Save Epoch: 194, Loss: 2.1108e-01, IC: 1.6997e-01, Res: 4.1107e-02, Beta: 1.00 ---
--- Save Epoch: 195, Loss: 2.0924e-01, IC: 1.6729e-01, Res: 4.1956e-02, Beta: 1.00 ---
... RAR IC , Max IC error: 0.9374, t: tensor(0.)
... RAR RES, Max residual error: 1.6498, t: tensor([[0.0388],
        [0.0759],
        [0.0017]])
--- Save Epoch: 271, Loss: 2.0819e-01, IC: 1.7700e-01, Res: 3.1190e-02, Beta: 1.00 ---
--- Save Epoch: 292, Loss: 2.0519e-01, IC: 1.7408e-01, Res: 3.1110e-02, Beta: 1.00 ---
... RAR IC , Max IC error: 0.9384, t: tensor(0.)
... RAR RES, Max residual error: 1.2560, t: tensor([[0.0231],
        [0.0227],
        [0.0368]])
--- Save Epoch: 547, Loss: 2.0510e-01, IC: 1.8072e-01, Res: 2.4383e-02, Beta: 1.00 ---
... RAR IC , Max IC error: 0.9397, t: tensor(0.)
... RAR RES, Max residual error: 1.0439, t: tensor([[0.0112],
        [0.0021],
        [0.1978]])
--- Save Epoch: 711, Loss: 2.0177e-01, IC: 1.7150e-01, Res: 3.0272e-02, Beta: 1.00 ---
--- Save Epoch: 738, Loss: 2.0013e-01, IC: 1.7036e-01, Res: 2.9772e-02, Beta: 1.00 ---
--- Save Epoch: 752, Loss: 1.9728e-01, IC: 1.6942e-01, Res: 2.7856e-02, Beta: 1.00 ---
--- Save Epoch: 770, Loss: 1.9202e-01, IC: 1.6107e-01, Res: 3.0949e-02, Beta: 1.00 ---
--- Save Epoch: 785, Loss: 1.9165e-01, IC: 1.6558e-01, Res: 2.6066e-02, Beta: 1.00 ---
--- Save Epoch: 792, Loss: 1.8913e-01, IC: 1.6111e-01, Res: 2.8020e-02, Beta: 1.00 ---
... RAR IC , Max IC error: 0.9168, t: tensor(0.)
... RAR RES, Max residual error: 1.7638, t: tensor([[0.0027],
        [0.0109],
        [0.0042]])
[info] Training epoch: 1000, LR: 9.50e-04
--- Save Epoch: 1070, Loss: 1.8864e-01, IC: 1.5644e-01, Res: 3.2192e-02, Beta: 1.00 ---
... RAR IC , Max IC error: 0.8892, t: tensor(0.)
... RAR RES, Max residual error: 2.0332, t: tensor([[1.4806e-05],
        [5.2471e-03],
        [9.6361e-03]])
--- Save Epoch: 1582, Loss: 1.8834e-01, IC: 1.5571e-01, Res: 3.2629e-02, Beta: 1.00 ---
... RAR IC , Max IC error: 0.8952, t: tensor(0.)
... RAR RES, Max residual error: 1.8047, t: tensor([[0.0020],
        [0.0012],
        [0.0026]])
--- Save Epoch: 1767, Loss: 1.8508e-01, IC: 1.4830e-01, Res: 3.6775e-02, Beta: 1.00 ---
--- Save Epoch: 1784, Loss: 1.8426e-01, IC: 1.4923e-01, Res: 3.5028e-02, Beta: 1.00 ---
--- Save Epoch: 1796, Loss: 1.7746e-01, IC: 1.4035e-01, Res: 3.7109e-02, Beta: 1.00 ---
... RAR IC , Max IC error: 0.8689, t: tensor(0.)
... RAR RES, Max residual error: 2.3107, t: tensor([[0.0045],
        [0.0030],
        [0.0011]])
[info] Training epoch: 2000, LR: 9.02e-04
--- Save Epoch: 2139, Loss: 1.7736e-01, IC: 1.4208e-01, Res: 3.5283e-02, Beta: 1.00 ---
--- Save Epoch: 2199, Loss: 1.7379e-01, IC: 1.3960e-01, Res: 3.4187e-02, Beta: 1.00 ---
... RAR IC , Max IC error: 0.8487, t: tensor(0.)
... RAR RES, Max residual error: 1.7777, t: tensor([[0.0385],
        [0.0539],
        [0.0443]])
--- Save Epoch: 2714, Loss: 1.6752e-01, IC: 1.2833e-01, Res: 3.9185e-02, Beta: 1.00 ---
--- Save Epoch: 2783, Loss: 1.5635e-01, IC: 1.1727e-01, Res: 3.9080e-02, Beta: 1.00 ---
... RAR IC , Max IC error: 0.8291, t: tensor(0.)
... RAR RES, Max residual error: 2.1519, t: tensor([[0.0008],
        [0.0032],
        [0.0008]])
[info] Training epoch: 3000, LR: 8.57e-04
--- Save Epoch: 3025, Loss: 1.5518e-01, IC: 1.1344e-01, Res: 4.1736e-02, Beta: 1.00 ---
--- Save Epoch: 3035, Loss: 1.5347e-01, IC: 1.0586e-01, Res: 4.7611e-02, Beta: 1.00 ---
--- Save Epoch: 3067, Loss: 1.5290e-01, IC: 1.1045e-01, Res: 4.2454e-02, Beta: 1.00 ---
... RAR IC , Max IC error: 0.7905, t: tensor(0.)
... RAR RES, Max residual error: 1.6202, t: tensor([[0.1151],
        [0.1283],
        [0.1169]])
--- Save Epoch: 3654, Loss: 1.5011e-01, IC: 1.0544e-01, Res: 4.4668e-02, Beta: 1.00 ---
... RAR IC , Max IC error: 0.7610, t: tensor(0.)
... RAR RES, Max residual error: 1.7485, t: tensor([[0.1758],
        [0.1723],
        [0.1728]])
[info] Training epoch: 4000, LR: 8.15e-04
--- Save Epoch: 4918, Loss: 1.4871e-01, IC: 1.0318e-01, Res: 4.5522e-02, Beta: 1.00 ---
[info] Training epoch: 5000, LR: 7.74e-04
... RAR IC , Max IC error: 0.7591, t: tensor(0.)
... RAR RES, Max residual error: 1.6594, t: tensor([[0.1902],
        [0.1961],
        [0.1996]])
--- Save Epoch: 5985, Loss: 1.4822e-01, IC: 1.0002e-01, Res: 4.8198e-02, Beta: 1.00 ---
[info] Training epoch: 6000, LR: 7.35e-04
... RAR IC , Max IC error: 0.7301, t: tensor(0.)
... RAR RES, Max residual error: 1.8589, t: tensor([[0.1998],
        [0.1995],
        [0.1998]])
--- Save Epoch: 6413, Loss: 1.4514e-01, IC: 9.1678e-02, Res: 5.3464e-02, Beta: 1.00 ---
... RAR IC , Max IC error: 0.7117, t: tensor(0.)
... RAR RES, Max residual error: 1.6724, t: tensor([[0.1880],
        [0.1973],
        [0.1903]])
--- Save Epoch: 6914, Loss: 1.4445e-01, IC: 9.0568e-02, Res: 5.3878e-02, Beta: 1.00 ---
--- Save Epoch: 6944, Loss: 1.4307e-01, IC: 8.8946e-02, Res: 5.4126e-02, Beta: 1.00 ---
--- Save Epoch: 6989, Loss: 1.4066e-01, IC: 8.6544e-02, Res: 5.4121e-02, Beta: 1.00 ---
[info] Training epoch: 7000, LR: 6.98e-04
... RAR IC , Max IC error: 0.6924, t: tensor(0.)
... RAR RES, Max residual error: 1.5902, t: tensor([[0.1989],
        [0.1988],
        [0.1982]])
--- Save Epoch: 7242, Loss: 1.3852e-01, IC: 8.4922e-02, Res: 5.3602e-02, Beta: 1.00 ---
--- Save Epoch: 7289, Loss: 1.3708e-01, IC: 8.6766e-02, Res: 5.0310e-02, Beta: 1.00 ---
... RAR IC , Max IC error: 0.6709, t: tensor(0.)
... RAR RES, Max residual error: 1.3975, t: tensor([[1.9954e-01],
        [1.9365e-03],
        [1.6961e-04]])
--- Save Epoch: 7512, Loss: 1.3566e-01, IC: 8.0763e-02, Res: 5.4896e-02, Beta: 1.00 ---
--- Save Epoch: 7540, Loss: 1.3561e-01, IC: 8.2724e-02, Res: 5.2886e-02, Beta: 1.00 ---
--- Save Epoch: 7548, Loss: 1.3379e-01, IC: 7.8754e-02, Res: 5.5041e-02, Beta: 1.00 ---
--- Save Epoch: 7551, Loss: 1.3303e-01, IC: 8.1185e-02, Res: 5.1846e-02, Beta: 1.00 ---
--- Save Epoch: 7555, Loss: 1.3286e-01, IC: 8.1540e-02, Res: 5.1321e-02, Beta: 1.00 ---
--- Save Epoch: 7565, Loss: 1.3256e-01, IC: 8.0267e-02, Res: 5.2296e-02, Beta: 1.00 ---
--- Save Epoch: 7570, Loss: 1.2707e-01, IC: 7.6689e-02, Res: 5.0381e-02, Beta: 1.00 ---
... RAR IC , Max IC error: 0.6325, t: tensor(0.)
... RAR RES, Max residual error: 1.4365, t: tensor([[0.1970],
        [0.1970],
        [0.1241]])
--- Save Epoch: 7765, Loss: 1.2582e-01, IC: 7.4339e-02, Res: 5.1485e-02, Beta: 1.00 ---
--- Save Epoch: 7769, Loss: 1.2545e-01, IC: 7.4361e-02, Res: 5.1085e-02, Beta: 1.00 ---
--- Save Epoch: 7787, Loss: 1.2159e-01, IC: 7.1449e-02, Res: 5.0144e-02, Beta: 1.00 ---
... RAR IC , Max IC error: 0.6096, t: tensor(0.)
... RAR RES, Max residual error: 1.3306, t: tensor([[0.0005],
        [0.0004],
        [0.0004]])
--- Save Epoch: 7913, Loss: 1.2127e-01, IC: 6.8980e-02, Res: 5.2293e-02, Beta: 1.00 ---
--- Save Epoch: 7920, Loss: 1.1883e-01, IC: 7.1474e-02, Res: 4.7357e-02, Beta: 1.00 ---
--- Save Epoch: 7944, Loss: 1.1870e-01, IC: 6.9010e-02, Res: 4.9694e-02, Beta: 1.00 ---
--- Save Epoch: 7959, Loss: 1.1749e-01, IC: 6.8019e-02, Res: 4.9475e-02, Beta: 1.00 ---
--- Save Epoch: 7969, Loss: 1.1698e-01, IC: 7.0059e-02, Res: 4.6921e-02, Beta: 1.00 ---
[info] Training epoch: 8000, LR: 6.63e-04
... RAR IC , Max IC error: 0.5802, t: tensor(0.)
... RAR RES, Max residual error: 1.0993, t: tensor([[0.1945],
        [0.0150],
        [0.1945]])
--- Save Epoch: 8024, Loss: 1.1664e-01, IC: 6.8296e-02, Res: 4.8342e-02, Beta: 1.00 ---
--- Save Epoch: 8064, Loss: 1.1270e-01, IC: 6.7405e-02, Res: 4.5291e-02, Beta: 1.00 ---
... RAR IC , Max IC error: 0.5617, t: tensor(0.)
... RAR RES, Max residual error: 1.5397, t: tensor([[0.1975],
        [0.1975],
        [0.1961]])
--- Save Epoch: 8223, Loss: 1.0859e-01, IC: 6.6735e-02, Res: 4.1855e-02, Beta: 1.00 ---
--- Save Epoch: 8234, Loss: 1.0832e-01, IC: 6.4194e-02, Res: 4.4127e-02, Beta: 1.00 ---
--- Save Epoch: 8263, Loss: 1.0715e-01, IC: 6.3667e-02, Res: 4.3484e-02, Beta: 1.00 ---
--- Save Epoch: 8281, Loss: 1.0374e-01, IC: 6.3173e-02, Res: 4.0564e-02, Beta: 1.00 ---
... RAR IC , Max IC error: 0.5299, t: tensor(0.)
... RAR RES, Max residual error: 1.7187, t: tensor([[0.1992],
        [0.1992],
        [0.1992]])
--- Save Epoch: 8450, Loss: 1.0371e-01, IC: 6.0631e-02, Res: 4.3081e-02, Beta: 1.00 ---
--- Save Epoch: 8457, Loss: 1.0127e-01, IC: 5.7782e-02, Res: 4.3490e-02, Beta: 1.00 ---
... RAR IC , Max IC error: 0.4971, t: tensor(0.)
... RAR RES, Max residual error: 1.4985, t: tensor([[0.1962],
        [0.1953],
        [0.1955]])
--- Save Epoch: 8543, Loss: 1.0086e-01, IC: 5.4933e-02, Res: 4.5929e-02, Beta: 1.00 ---
--- Save Epoch: 8562, Loss: 1.0058e-01, IC: 5.6893e-02, Res: 4.3687e-02, Beta: 1.00 ---
--- Save Epoch: 8568, Loss: 1.0047e-01, IC: 5.4775e-02, Res: 4.5698e-02, Beta: 1.00 ---
--- Save Epoch: 8571, Loss: 9.9992e-02, IC: 5.5247e-02, Res: 4.4744e-02, Beta: 1.00 ---
--- Save Epoch: 8583, Loss: 9.9593e-02, IC: 5.5101e-02, Res: 4.4492e-02, Beta: 1.00 ---
--- Save Epoch: 8584, Loss: 9.9110e-02, IC: 5.5359e-02, Res: 4.3751e-02, Beta: 1.00 ---
... RAR IC , Max IC error: 0.4966, t: tensor(0.)
... RAR RES, Max residual error: 1.3250, t: tensor([[9.8586e-05],
        [9.8586e-05],
        [9.8586e-05]])
--- Save Epoch: 8708, Loss: 9.5954e-02, IC: 5.7169e-02, Res: 3.8785e-02, Beta: 1.00 ---
--- Save Epoch: 8792, Loss: 9.4977e-02, IC: 5.5555e-02, Res: 3.9421e-02, Beta: 1.00 ---
... RAR IC , Max IC error: 0.4894, t: tensor(0.)
... RAR RES, Max residual error: 1.2510, t: tensor([[0.1563],
        [0.1582],
        [0.1585]])
[info] Training epoch: 9000, LR: 6.30e-04
--- Save Epoch: 9049, Loss: 9.4108e-02, IC: 5.3547e-02, Res: 4.0562e-02, Beta: 1.00 ---
--- Save Epoch: 9058, Loss: 9.2515e-02, IC: 5.1685e-02, Res: 4.0830e-02, Beta: 1.00 ---
--- Save Epoch: 9080, Loss: 9.1948e-02, IC: 4.9016e-02, Res: 4.2932e-02, Beta: 1.00 ---
... RAR IC , Max IC error: 0.4704, t: tensor(0.)
... RAR RES, Max residual error: 1.0215, t: tensor([[0.1150],
        [0.1133],
        [0.1166]])
--- Save Epoch: 9205, Loss: 9.1821e-02, IC: 5.1694e-02, Res: 4.0128e-02, Beta: 1.00 ---
--- Save Epoch: 9270, Loss: 8.7398e-02, IC: 5.0667e-02, Res: 3.6731e-02, Beta: 1.00 ---
... RAR IC , Max IC error: 0.4731, t: tensor(0.)
... RAR RES, Max residual error: 1.1278, t: tensor([[0.0007],
        [0.0007],
        [0.1971]])
--- Save Epoch: 9545, Loss: 8.6214e-02, IC: 4.5832e-02, Res: 4.0382e-02, Beta: 1.00 ---
--- Save Epoch: 9573, Loss: 8.5222e-02, IC: 4.6788e-02, Res: 3.8434e-02, Beta: 1.00 ---
... RAR IC , Max IC error: 0.4492, t: tensor(0.)
... RAR RES, Max residual error: 1.3714, t: tensor([[0.1990],
        [0.1982],
        [0.1894]])
--- Save Epoch: 9761, Loss: 8.4319e-02, IC: 4.5979e-02, Res: 3.8340e-02, Beta: 1.00 ---
... RAR IC , Max IC error: 0.4450, t: tensor(0.)
... RAR RES, Max residual error: 1.0368, t: tensor([[0.0016],
        [0.0012],
        [0.0022]])
[info] Training epoch: 10000, LR: 5.99e-04
--- Save Epoch: 10351, Loss: 8.2071e-02, IC: 4.5745e-02, Res: 3.6327e-02, Beta: 1.00 ---
... RAR IC , Max IC error: 0.4522, t: tensor(0.)
... RAR RES, Max residual error: 0.9694, t: tensor([[0.1982],
        [0.0503],
        [0.1347]])
--- Save Epoch: 10627, Loss: 8.2069e-02, IC: 4.3611e-02, Res: 3.8458e-02, Beta: 1.00 ---
--- Save Epoch: 10636, Loss: 8.1284e-02, IC: 4.2361e-02, Res: 3.8923e-02, Beta: 1.00 ---
--- Save Epoch: 10666, Loss: 8.0766e-02, IC: 4.3584e-02, Res: 3.7182e-02, Beta: 1.00 ---
--- Save Epoch: 10685, Loss: 7.9255e-02, IC: 4.3631e-02, Res: 3.5624e-02, Beta: 1.00 ---
... RAR IC , Max IC error: 0.4278, t: tensor(0.)
... RAR RES, Max residual error: 0.9846, t: tensor([[0.1608],
        [0.1592],
        [0.1644]])
--- Save Epoch: 10858, Loss: 7.8532e-02, IC: 4.4223e-02, Res: 3.4309e-02, Beta: 1.00 ---
... RAR IC , Max IC error: 0.4498, t: tensor(0.)
... RAR RES, Max residual error: 0.8834, t: tensor([[0.1903],
        [0.1984],
        [0.1903]])
[info] Training epoch: 11000, LR: 5.69e-04
--- Save Epoch: 11111, Loss: 7.8312e-02, IC: 4.4736e-02, Res: 3.3577e-02, Beta: 1.00 ---
--- Save Epoch: 11126, Loss: 7.8256e-02, IC: 4.0819e-02, Res: 3.7437e-02, Beta: 1.00 ---
... RAR IC , Max IC error: 0.4380, t: tensor(0.)
... RAR RES, Max residual error: 0.8804, t: tensor([[0.1910],
        [0.1897],
        [0.0008]])
--- Save Epoch: 11472, Loss: 7.7371e-02, IC: 4.2540e-02, Res: 3.4831e-02, Beta: 1.00 ---
--- Save Epoch: 11481, Loss: 7.6543e-02, IC: 4.3086e-02, Res: 3.3457e-02, Beta: 1.00 ---
... RAR IC , Max IC error: 0.4084, t: tensor(0.)
... RAR RES, Max residual error: 0.8936, t: tensor([[0.0022],
        [0.1901],
        [0.0022]])
--- Save Epoch: 11914, Loss: 7.5232e-02, IC: 4.5005e-02, Res: 3.0227e-02, Beta: 1.00 ---
--- Save Epoch: 11988, Loss: 7.5227e-02, IC: 4.4473e-02, Res: 3.0755e-02, Beta: 1.00 ---
[info] Training epoch: 12000, LR: 5.40e-04
... RAR IC , Max IC error: 0.4099, t: tensor(0.)
... RAR RES, Max residual error: 0.8145, t: tensor([[0.1492],
        [0.1414],
        [0.1481]])
--- Save Epoch: 12031, Loss: 7.3133e-02, IC: 4.1647e-02, Res: 3.1486e-02, Beta: 1.00 ---
... RAR IC , Max IC error: 0.4184, t: tensor(0.)
... RAR RES, Max residual error: 1.0099, t: tensor([[0.1935],
        [0.1920],
        [0.1943]])
--- Save Epoch: 12279, Loss: 7.1808e-02, IC: 4.0869e-02, Res: 3.0938e-02, Beta: 1.00 ---
... RAR IC , Max IC error: 0.3952, t: tensor(0.)
... RAR RES, Max residual error: 0.8429, t: tensor([[0.0567],
        [0.0519],
        [0.1921]])
--- Save Epoch: 12973, Loss: 7.0344e-02, IC: 3.8834e-02, Res: 3.1510e-02, Beta: 1.00 ---
--- Save Epoch: 12988, Loss: 7.0179e-02, IC: 3.9503e-02, Res: 3.0676e-02, Beta: 1.00 ---
[info] Training epoch: 13000, LR: 5.13e-04
... RAR IC , Max IC error: 0.4181, t: tensor(0.)
... RAR RES, Max residual error: 0.8273, t: tensor([[0.0003],
        [0.0003],
        [0.0003]])
--- Save Epoch: 13343, Loss: 6.9503e-02, IC: 3.8839e-02, Res: 3.0664e-02, Beta: 1.00 ---
... RAR IC , Max IC error: 0.3937, t: tensor(0.)
... RAR RES, Max residual error: 0.8879, t: tensor([[0.0756],
        [0.0742],
        [0.0673]])
--- Save Epoch: 13805, Loss: 6.9393e-02, IC: 3.8596e-02, Res: 3.0797e-02, Beta: 1.00 ---
--- Save Epoch: 13890, Loss: 6.9212e-02, IC: 3.9118e-02, Res: 3.0094e-02, Beta: 1.00 ---
... RAR IC , Max IC error: 0.4095, t: tensor(0.)
... RAR RES, Max residual error: 0.8025, t: tensor([[0.0023],
        [0.0499],
        [0.0030]])
--- Save Epoch: 13972, Loss: 6.8632e-02, IC: 4.0679e-02, Res: 2.7952e-02, Beta: 1.00 ---
[info] Training epoch: 14000, LR: 4.88e-04
... RAR IC , Max IC error: 0.3786, t: tensor(0.)
... RAR RES, Max residual error: 0.7639, t: tensor([[0.1450],
        [0.0003],
        [0.1926]])
--- Save Epoch: 14378, Loss: 6.7233e-02, IC: 3.7432e-02, Res: 2.9801e-02, Beta: 1.00 ---
... RAR IC , Max IC error: 0.3953, t: tensor(0.)
... RAR RES, Max residual error: 0.7782, t: tensor([[0.1988],
        [0.1990],
        [0.1990]])
--- Save Epoch: 14806, Loss: 6.6910e-02, IC: 3.6719e-02, Res: 3.0191e-02, Beta: 1.00 ---
... RAR IC , Max IC error: 0.3687, t: tensor(0.)
... RAR RES, Max residual error: 0.8613, t: tensor([[0.1995],
        [0.1935],
        [0.1995]])
[info] Training epoch: 15000, LR: 4.63e-04
--- Save Epoch: 15180, Loss: 6.6378e-02, IC: 3.5263e-02, Res: 3.1115e-02, Beta: 1.00 ---
... RAR IC , Max IC error: 0.3606, t: tensor(0.)
... RAR RES, Max residual error: 0.8659, t: tensor([[0.1935],
        [0.1699],
        [0.1704]])
--- Save Epoch: 15450, Loss: 6.5952e-02, IC: 3.4715e-02, Res: 3.1237e-02, Beta: 1.00 ---
--- Save Epoch: 15468, Loss: 6.5610e-02, IC: 3.5376e-02, Res: 3.0234e-02, Beta: 1.00 ---
... RAR IC , Max IC error: 0.3438, t: tensor(0.)
... RAR RES, Max residual error: 0.7212, t: tensor([[0.1312],
        [0.0936],
        [0.1965]])
--- Save Epoch: 15844, Loss: 6.5465e-02, IC: 3.4597e-02, Res: 3.0869e-02, Beta: 1.00 ---
... RAR IC , Max IC error: 0.3341, t: tensor(0.)
... RAR RES, Max residual error: 0.7061, t: tensor([[0.0500],
        [0.0523],
        [0.0598]])
[info] Training epoch: 16000, LR: 4.40e-04
--- Save Epoch: 16028, Loss: 6.4756e-02, IC: 3.3238e-02, Res: 3.1518e-02, Beta: 1.00 ---
--- Save Epoch: 16032, Loss: 6.4461e-02, IC: 3.2817e-02, Res: 3.1644e-02, Beta: 1.00 ---
... RAR IC , Max IC error: 0.3342, t: tensor(0.)
... RAR RES, Max residual error: 0.7197, t: tensor([[0.0444],
        [0.0519],
        [0.1999]])
--- Save Epoch: 16305, Loss: 6.4268e-02, IC: 3.4079e-02, Res: 3.0190e-02, Beta: 1.00 ---
... RAR IC , Max IC error: 0.3373, t: tensor(0.)
... RAR RES, Max residual error: 0.8517, t: tensor([[0.1973],
        [0.1988],
        [0.1973]])
--- Save Epoch: 16901, Loss: 6.2980e-02, IC: 3.1187e-02, Res: 3.1793e-02, Beta: 1.00 ---
--- Save Epoch: 16933, Loss: 6.2899e-02, IC: 3.1633e-02, Res: 3.1266e-02, Beta: 1.00 ---
[info] Training epoch: 17000, LR: 4.18e-04
... RAR IC , Max IC error: 0.3205, t: tensor(0.)
... RAR RES, Max residual error: 0.6600, t: tensor([[0.1992],
        [0.1969],
        [0.1905]])
--- Save Epoch: 17147, Loss: 6.2781e-02, IC: 3.1845e-02, Res: 3.0936e-02, Beta: 1.00 ---
--- Save Epoch: 17184, Loss: 6.1971e-02, IC: 3.0965e-02, Res: 3.1005e-02, Beta: 1.00 ---
... RAR IC , Max IC error: 0.3168, t: tensor(0.)
... RAR RES, Max residual error: 0.6441, t: tensor([[0.1714],
        [0.1376],
        [0.1703]])
--- Save Epoch: 17646, Loss: 6.1249e-02, IC: 3.0465e-02, Res: 3.0784e-02, Beta: 1.00 ---
... RAR IC , Max IC error: 0.3198, t: tensor(0.)
... RAR RES, Max residual error: 0.8662, t: tensor([[0.1935],
        [0.1949],
        [0.1935]])
===== logging end   2025-11-13 09:04:35 =====

===== logging start 2025-11-13 09:04:58 =====
[check] bias_fac:  0.5
--- Save Epoch: 1, Loss: 3.8292e+00, IC: 1.2793e-04, Res: 3.8291e+00, Beta: 0.00 ---
... RAR IC , Max IC error: 0.0511, t: tensor(0.)
... RAR RES, Max residual error: 9.1570, t: tensor([[0.1958],
        [0.1976],
        [0.1869]])
--- Save Epoch: 2, Loss: 3.2198e+00, IC: 2.6422e-04, Res: 3.2195e+00, Beta: 0.02 ---
--- Save Epoch: 3, Loss: 2.6646e+00, IC: 7.8330e-04, Res: 2.6638e+00, Beta: 0.04 ---
--- Save Epoch: 5, Loss: 2.0189e+00, IC: 3.2983e-03, Res: 2.0156e+00, Beta: 0.06 ---
--- Save Epoch: 6, Loss: 1.8517e+00, IC: 5.6034e-03, Res: 1.8461e+00, Beta: 0.08 ---
--- Save Epoch: 9, Loss: 1.2930e+00, IC: 1.7397e-02, Res: 1.2756e+00, Beta: 0.10 ---
--- Save Epoch: 10, Loss: 1.1295e+00, IC: 2.2661e-02, Res: 1.1068e+00, Beta: 0.12 ---
--- Save Epoch: 13, Loss: 1.1062e+00, IC: 3.8014e-02, Res: 1.0682e+00, Beta: 0.14 ---
--- Save Epoch: 14, Loss: 1.0657e+00, IC: 4.5793e-02, Res: 1.0199e+00, Beta: 0.16 ---
--- Save Epoch: 17, Loss: 8.0242e-01, IC: 6.0571e-02, Res: 7.4185e-01, Beta: 0.18 ---
--- Save Epoch: 21, Loss: 7.7939e-01, IC: 6.7499e-02, Res: 7.1189e-01, Beta: 0.20 ---
--- Save Epoch: 23, Loss: 6.1358e-01, IC: 6.8662e-02, Res: 5.4492e-01, Beta: 0.22 ---
--- Save Epoch: 27, Loss: 5.8240e-01, IC: 6.6962e-02, Res: 5.1544e-01, Beta: 0.24 ---
--- Save Epoch: 29, Loss: 5.5954e-01, IC: 6.3050e-02, Res: 4.9649e-01, Beta: 0.26 ---
--- Save Epoch: 31, Loss: 4.8551e-01, IC: 6.4322e-02, Res: 4.2119e-01, Beta: 0.28 ---
--- Save Epoch: 36, Loss: 3.7462e-01, IC: 6.3160e-02, Res: 3.1146e-01, Beta: 0.30 ---
--- Save Epoch: 40, Loss: 3.7187e-01, IC: 6.6569e-02, Res: 3.0530e-01, Beta: 0.32 ---
--- Save Epoch: 41, Loss: 3.3188e-01, IC: 6.9443e-02, Res: 2.6244e-01, Beta: 0.34 ---
--- Save Epoch: 44, Loss: 3.1206e-01, IC: 7.1498e-02, Res: 2.4056e-01, Beta: 0.36 ---
--- Save Epoch: 45, Loss: 3.0313e-01, IC: 7.7254e-02, Res: 2.2588e-01, Beta: 0.38 ---
--- Save Epoch: 48, Loss: 3.0269e-01, IC: 8.1678e-02, Res: 2.2102e-01, Beta: 0.40 ---
--- Save Epoch: 50, Loss: 2.7351e-01, IC: 8.7566e-02, Res: 1.8594e-01, Beta: 0.42 ---
--- Save Epoch: 51, Loss: 2.6567e-01, IC: 8.4716e-02, Res: 1.8096e-01, Beta: 0.44 ---
--- Save Epoch: 53, Loss: 2.4773e-01, IC: 8.3449e-02, Res: 1.6428e-01, Beta: 0.46 ---
--- Save Epoch: 54, Loss: 2.3432e-01, IC: 8.4595e-02, Res: 1.4973e-01, Beta: 0.48 ---
--- Save Epoch: 57, Loss: 2.2357e-01, IC: 8.6385e-02, Res: 1.3718e-01, Beta: 0.50 ---
--- Save Epoch: 60, Loss: 2.0136e-01, IC: 8.9534e-02, Res: 1.1182e-01, Beta: 0.52 ---
--- Save Epoch: 64, Loss: 1.8486e-01, IC: 8.4819e-02, Res: 1.0004e-01, Beta: 0.54 ---
--- Save Epoch: 66, Loss: 1.7135e-01, IC: 8.4220e-02, Res: 8.7126e-02, Beta: 0.56 ---
--- Save Epoch: 71, Loss: 1.5024e-01, IC: 8.0838e-02, Res: 6.9400e-02, Beta: 0.58 ---
--- Save Epoch: 76, Loss: 1.4894e-01, IC: 8.1270e-02, Res: 6.7669e-02, Beta: 0.60 ---
--- Save Epoch: 78, Loss: 1.4548e-01, IC: 8.2845e-02, Res: 6.2631e-02, Beta: 0.62 ---
--- Save Epoch: 79, Loss: 1.3887e-01, IC: 8.4188e-02, Res: 5.4684e-02, Beta: 0.64 ---
--- Save Epoch: 82, Loss: 1.3556e-01, IC: 8.6042e-02, Res: 4.9518e-02, Beta: 0.66 ---
--- Save Epoch: 87, Loss: 1.2483e-01, IC: 8.6033e-02, Res: 3.8797e-02, Beta: 0.68 ---
--- Save Epoch: 93, Loss: 1.2452e-01, IC: 8.2558e-02, Res: 4.1962e-02, Beta: 0.70 ---
--- Save Epoch: 98, Loss: 1.2065e-01, IC: 8.4143e-02, Res: 3.6509e-02, Beta: 0.72 ---
... RAR IC , Max IC error: 0.8350, t: tensor(0.)
... RAR RES, Max residual error: 2.1912, t: tensor([[0.0007],
        [0.0007],
        [0.0075]])
--- Save Epoch: 150, Loss: 1.1757e-01, IC: 8.7959e-02, Res: 2.9606e-02, Beta: 0.74 ---
--- Save Epoch: 158, Loss: 1.1178e-01, IC: 8.5017e-02, Res: 2.6762e-02, Beta: 0.76 ---
--- Save Epoch: 180, Loss: 1.0715e-01, IC: 8.0661e-02, Res: 2.6485e-02, Beta: 0.78 ---
... RAR IC , Max IC error: 0.8170, t: tensor(0.)
... RAR RES, Max residual error: 1.6857, t: tensor([[0.0727],
        [0.0012],
        [0.0012]])
--- Save Epoch: 275, Loss: 1.0595e-01, IC: 7.5736e-02, Res: 3.0212e-02, Beta: 0.80 ---
... RAR IC , Max IC error: 0.7986, t: tensor(0.)
... RAR RES, Max residual error: 1.3247, t: tensor([[0.1716],
        [0.0961],
        [0.1154]])
--- Save Epoch: 402, Loss: 1.0589e-01, IC: 7.1246e-02, Res: 3.4644e-02, Beta: 0.82 ---
--- Save Epoch: 433, Loss: 1.0485e-01, IC: 7.5571e-02, Res: 2.9278e-02, Beta: 0.84 ---
--- Save Epoch: 467, Loss: 1.0449e-01, IC: 7.3028e-02, Res: 3.1467e-02, Beta: 0.86 ---
--- Save Epoch: 497, Loss: 1.0126e-01, IC: 6.6979e-02, Res: 3.4277e-02, Beta: 0.88 ---
... RAR IC , Max IC error: 0.7745, t: tensor(0.)
... RAR RES, Max residual error: 1.5513, t: tensor([[0.1969],
        [0.1958],
        [0.0294]])
===== logging end   2025-11-13 09:06:25 =====

===== logging start 2025-11-13 09:06:42 =====
[check] bias_fac:  0.5
--- Save Epoch: 1, Loss: 3.8292e+00, IC: 1.2790e-04, Res: 3.8291e+00, Beta: 0.00 ---
... RAR IC , Max IC error: 0.0511, t: tensor(0.)
... RAR RES, Max residual error: 9.1570, t: tensor([[0.1958],
        [0.1976],
        [0.1869]])
--- Save Epoch: 2, Loss: 3.2198e+00, IC: 2.6424e-04, Res: 3.2195e+00, Beta: 0.02 ---
--- Save Epoch: 3, Loss: 2.6646e+00, IC: 7.8333e-04, Res: 2.6638e+00, Beta: 0.04 ---
--- Save Epoch: 5, Loss: 2.0189e+00, IC: 3.2983e-03, Res: 2.0156e+00, Beta: 0.06 ---
--- Save Epoch: 6, Loss: 1.8517e+00, IC: 5.6035e-03, Res: 1.8461e+00, Beta: 0.08 ---
--- Save Epoch: 9, Loss: 1.2930e+00, IC: 1.7397e-02, Res: 1.2756e+00, Beta: 0.10 ---
--- Save Epoch: 10, Loss: 1.1295e+00, IC: 2.2661e-02, Res: 1.1068e+00, Beta: 0.12 ---
--- Save Epoch: 13, Loss: 1.1062e+00, IC: 3.8015e-02, Res: 1.0682e+00, Beta: 0.14 ---
--- Save Epoch: 14, Loss: 1.0657e+00, IC: 4.5793e-02, Res: 1.0199e+00, Beta: 0.16 ---
--- Save Epoch: 17, Loss: 8.0242e-01, IC: 6.0571e-02, Res: 7.4185e-01, Beta: 0.18 ---
--- Save Epoch: 21, Loss: 7.7939e-01, IC: 6.7499e-02, Res: 7.1189e-01, Beta: 0.20 ---
--- Save Epoch: 23, Loss: 6.1369e-01, IC: 6.8661e-02, Res: 5.4503e-01, Beta: 0.22 ---
--- Save Epoch: 27, Loss: 5.8239e-01, IC: 6.6962e-02, Res: 5.1542e-01, Beta: 0.24 ---
--- Save Epoch: 29, Loss: 5.5955e-01, IC: 6.3056e-02, Res: 4.9650e-01, Beta: 0.26 ---
--- Save Epoch: 31, Loss: 4.8592e-01, IC: 6.4333e-02, Res: 4.2158e-01, Beta: 0.28 ---
--- Save Epoch: 36, Loss: 3.7474e-01, IC: 6.3152e-02, Res: 3.1159e-01, Beta: 0.30 ---
--- Save Epoch: 40, Loss: 3.7170e-01, IC: 6.6566e-02, Res: 3.0514e-01, Beta: 0.32 ---
--- Save Epoch: 41, Loss: 3.3186e-01, IC: 6.9445e-02, Res: 2.6242e-01, Beta: 0.34 ---
--- Save Epoch: 44, Loss: 3.1191e-01, IC: 7.1511e-02, Res: 2.4040e-01, Beta: 0.36 ---
--- Save Epoch: 45, Loss: 3.0310e-01, IC: 7.7264e-02, Res: 2.2584e-01, Beta: 0.38 ---
--- Save Epoch: 48, Loss: 3.0256e-01, IC: 8.1662e-02, Res: 2.2090e-01, Beta: 0.40 ---
--- Save Epoch: 50, Loss: 2.7358e-01, IC: 8.7525e-02, Res: 1.8606e-01, Beta: 0.42 ---
--- Save Epoch: 51, Loss: 2.6573e-01, IC: 8.4669e-02, Res: 1.8106e-01, Beta: 0.44 ---
--- Save Epoch: 53, Loss: 2.4769e-01, IC: 8.3398e-02, Res: 1.6429e-01, Beta: 0.46 ---
--- Save Epoch: 54, Loss: 2.3430e-01, IC: 8.4546e-02, Res: 1.4975e-01, Beta: 0.48 ---
--- Save Epoch: 57, Loss: 2.2368e-01, IC: 8.6355e-02, Res: 1.3733e-01, Beta: 0.50 ---
--- Save Epoch: 60, Loss: 2.0135e-01, IC: 8.9520e-02, Res: 1.1183e-01, Beta: 0.52 ---
--- Save Epoch: 63, Loss: 2.0130e-01, IC: 8.6481e-02, Res: 1.1482e-01, Beta: 0.54 ---
--- Save Epoch: 64, Loss: 1.9397e-01, IC: 8.4780e-02, Res: 1.0919e-01, Beta: 0.56 ---
--- Save Epoch: 66, Loss: 1.7951e-01, IC: 8.4508e-02, Res: 9.5003e-02, Beta: 0.58 ---
--- Save Epoch: 71, Loss: 1.5528e-01, IC: 8.2061e-02, Res: 7.3215e-02, Beta: 0.60 ---
--- Save Epoch: 76, Loss: 1.5345e-01, IC: 8.2568e-02, Res: 7.0886e-02, Beta: 0.62 ---
--- Save Epoch: 78, Loss: 1.4941e-01, IC: 8.4176e-02, Res: 6.5237e-02, Beta: 0.64 ---
--- Save Epoch: 79, Loss: 1.4253e-01, IC: 8.5563e-02, Res: 5.6968e-02, Beta: 0.66 ---
--- Save Epoch: 82, Loss: 1.3878e-01, IC: 8.7551e-02, Res: 5.1233e-02, Beta: 0.68 ---
--- Save Epoch: 87, Loss: 1.2721e-01, IC: 8.7411e-02, Res: 3.9801e-02, Beta: 0.70 ---
--- Save Epoch: 93, Loss: 1.2574e-01, IC: 8.3701e-02, Res: 4.2036e-02, Beta: 0.72 ---
--- Save Epoch: 98, Loss: 1.2238e-01, IC: 8.5321e-02, Res: 3.7060e-02, Beta: 0.74 ---
... RAR IC , Max IC error: 0.8378, t: tensor(0.)
... RAR RES, Max residual error: 2.2302, t: tensor([[0.0007],
        [0.0007],
        [0.0028]])
--- Save Epoch: 140, Loss: 1.2212e-01, IC: 8.8295e-02, Res: 3.3828e-02, Beta: 0.76 ---
--- Save Epoch: 150, Loss: 1.2052e-01, IC: 9.0247e-02, Res: 3.0269e-02, Beta: 0.78 ---
--- Save Epoch: 158, Loss: 1.1496e-01, IC: 8.7693e-02, Res: 2.7264e-02, Beta: 0.80 ---
--- Save Epoch: 180, Loss: 1.1015e-01, IC: 8.3436e-02, Res: 2.6714e-02, Beta: 0.82 ---
... RAR IC , Max IC error: 0.8258, t: tensor(0.)
... RAR RES, Max residual error: 1.7804, t: tensor([[0.0563],
        [0.0587],
        [0.0573]])
--- Save Epoch: 275, Loss: 1.0969e-01, IC: 7.9699e-02, Res: 2.9988e-02, Beta: 0.84 ---
--- Save Epoch: 292, Loss: 1.0939e-01, IC: 7.8314e-02, Res: 3.1072e-02, Beta: 0.86 ---
... RAR IC , Max IC error: 0.8094, t: tensor(0.)
... RAR RES, Max residual error: 1.4150, t: tensor([[0.0389],
        [0.0452],
        [0.0959]])
===== logging end   2025-11-13 09:07:35 =====

===== logging start 2025-11-13 09:07:47 =====
[check] bias_fac:  0.5
--- Save Epoch: 1, Loss: 3.8294e+00, IC: 1.2786e-04, Res: 3.8292e+00, Beta: 0.00 ---
... RAR IC , Max IC error: 0.0511, t: tensor(0.)
... RAR RES, Max residual error: 9.1568, t: tensor([[0.1958],
        [0.1976],
        [0.1869]])
--- Save Epoch: 2, Loss: 3.2198e+00, IC: 2.6438e-04, Res: 3.2195e+00, Beta: 0.02 ---
--- Save Epoch: 3, Loss: 2.6645e+00, IC: 7.8331e-04, Res: 2.6637e+00, Beta: 0.04 ---
--- Save Epoch: 5, Loss: 2.0190e+00, IC: 3.2993e-03, Res: 2.0157e+00, Beta: 0.06 ---
--- Save Epoch: 6, Loss: 1.8517e+00, IC: 5.6042e-03, Res: 1.8461e+00, Beta: 0.08 ---
--- Save Epoch: 9, Loss: 1.2930e+00, IC: 1.7397e-02, Res: 1.2757e+00, Beta: 0.10 ---
--- Save Epoch: 10, Loss: 1.1298e+00, IC: 2.2661e-02, Res: 1.1071e+00, Beta: 0.12 ---
--- Save Epoch: 13, Loss: 1.1062e+00, IC: 3.8017e-02, Res: 1.0682e+00, Beta: 0.14 ---
--- Save Epoch: 14, Loss: 1.0658e+00, IC: 4.5795e-02, Res: 1.0200e+00, Beta: 0.16 ---
--- Save Epoch: 17, Loss: 8.0271e-01, IC: 6.0572e-02, Res: 7.4213e-01, Beta: 0.18 ---
--- Save Epoch: 21, Loss: 7.7951e-01, IC: 6.7508e-02, Res: 7.1200e-01, Beta: 0.20 ---
--- Save Epoch: 23, Loss: 6.1377e-01, IC: 6.8669e-02, Res: 5.4510e-01, Beta: 0.22 ---
--- Save Epoch: 27, Loss: 5.8233e-01, IC: 6.6972e-02, Res: 5.1536e-01, Beta: 0.24 ---
--- Save Epoch: 29, Loss: 5.5965e-01, IC: 6.3055e-02, Res: 4.9660e-01, Beta: 0.26 ---
--- Save Epoch: 31, Loss: 4.8607e-01, IC: 6.4320e-02, Res: 4.2175e-01, Beta: 0.28 ---
--- Save Epoch: 36, Loss: 3.7526e-01, IC: 6.3145e-02, Res: 3.1212e-01, Beta: 0.30 ---
--- Save Epoch: 40, Loss: 3.7243e-01, IC: 6.6560e-02, Res: 3.0587e-01, Beta: 0.32 ---
--- Save Epoch: 41, Loss: 3.3193e-01, IC: 6.9436e-02, Res: 2.6250e-01, Beta: 0.34 ---
--- Save Epoch: 44, Loss: 3.1194e-01, IC: 7.1519e-02, Res: 2.4042e-01, Beta: 0.36 ---
--- Save Epoch: 45, Loss: 3.0348e-01, IC: 7.7251e-02, Res: 2.2623e-01, Beta: 0.38 ---
--- Save Epoch: 48, Loss: 3.0257e-01, IC: 8.1694e-02, Res: 2.2087e-01, Beta: 0.40 ---
--- Save Epoch: 50, Loss: 2.7393e-01, IC: 8.7520e-02, Res: 1.8641e-01, Beta: 0.42 ---
--- Save Epoch: 51, Loss: 2.6578e-01, IC: 8.4669e-02, Res: 1.8111e-01, Beta: 0.44 ---
--- Save Epoch: 53, Loss: 2.4801e-01, IC: 8.3408e-02, Res: 1.6460e-01, Beta: 0.46 ---
--- Save Epoch: 54, Loss: 2.3456e-01, IC: 8.4534e-02, Res: 1.5003e-01, Beta: 0.48 ---
--- Save Epoch: 57, Loss: 2.2364e-01, IC: 8.6339e-02, Res: 1.3730e-01, Beta: 0.50 ---
--- Save Epoch: 60, Loss: 2.0174e-01, IC: 8.9494e-02, Res: 1.1225e-01, Beta: 0.52 ---
--- Save Epoch: 63, Loss: 2.0140e-01, IC: 8.6385e-02, Res: 1.1501e-01, Beta: 0.54 ---
--- Save Epoch: 64, Loss: 1.9377e-01, IC: 8.4656e-02, Res: 1.0911e-01, Beta: 0.56 ---
--- Save Epoch: 66, Loss: 1.7951e-01, IC: 8.4408e-02, Res: 9.5103e-02, Beta: 0.58 ---
--- Save Epoch: 71, Loss: 1.5526e-01, IC: 8.2104e-02, Res: 7.3160e-02, Beta: 0.60 ---
--- Save Epoch: 76, Loss: 1.5368e-01, IC: 8.2527e-02, Res: 7.1155e-02, Beta: 0.62 ---
--- Save Epoch: 78, Loss: 1.4952e-01, IC: 8.4218e-02, Res: 6.5298e-02, Beta: 0.64 ---
--- Save Epoch: 79, Loss: 1.4265e-01, IC: 8.5624e-02, Res: 5.7023e-02, Beta: 0.66 ---
--- Save Epoch: 82, Loss: 1.3869e-01, IC: 8.7650e-02, Res: 5.1044e-02, Beta: 0.68 ---
--- Save Epoch: 87, Loss: 1.2725e-01, IC: 8.7549e-02, Res: 3.9697e-02, Beta: 0.70 ---
--- Save Epoch: 93, Loss: 1.2571e-01, IC: 8.3574e-02, Res: 4.2133e-02, Beta: 0.72 ---
--- Save Epoch: 98, Loss: 1.2229e-01, IC: 8.5322e-02, Res: 3.6967e-02, Beta: 0.74 ---
... RAR IC , Max IC error: 0.8379, t: tensor(0.)
... RAR RES, Max residual error: 2.2246, t: tensor([[0.0007],
        [0.0007],
        [0.0028]])
--- Save Epoch: 150, Loss: 1.1926e-01, IC: 8.9788e-02, Res: 2.9475e-02, Beta: 0.76 ---
--- Save Epoch: 158, Loss: 1.1353e-01, IC: 8.6180e-02, Res: 2.7353e-02, Beta: 0.78 ---
--- Save Epoch: 180, Loss: 1.0875e-01, IC: 8.2200e-02, Res: 2.6549e-02, Beta: 0.80 ---
... RAR IC , Max IC error: 0.8230, t: tensor(0.)
... RAR RES, Max residual error: 1.7727, t: tensor([[0.0563],
        [0.0727],
        [0.0689]])
--- Save Epoch: 275, Loss: 1.0788e-01, IC: 7.8153e-02, Res: 2.9724e-02, Beta: 0.82 ---
... RAR IC , Max IC error: 0.8049, t: tensor(0.)
... RAR RES, Max residual error: 1.3997, t: tensor([[0.0452],
        [0.0959],
        [0.0437]])
--- Save Epoch: 433, Loss: 1.0617e-01, IC: 7.6279e-02, Res: 2.9886e-02, Beta: 0.84 ---
--- Save Epoch: 467, Loss: 1.0590e-01, IC: 7.3497e-02, Res: 3.2402e-02, Beta: 0.86 ---
--- Save Epoch: 497, Loss: 1.0241e-01, IC: 6.8476e-02, Res: 3.3937e-02, Beta: 0.88 ---
... RAR IC , Max IC error: 0.7784, t: tensor(0.)
===== logging end   2025-11-13 09:09:00 =====

===== logging start 2025-11-13 09:09:04 =====
[check] bias_fac:  0.5
--- Save Epoch: 1, Loss: 3.8294e+00, IC: 1.2786e-04, Res: 3.8292e+00, Beta: 0.00 ---
... RAR IC , Max IC error: 0.0511, t: tensor(0.)
... RAR RES, Max residual error: 9.1568, t: tensor([[0.1958],
        [0.1976],
        [0.1869]])
--- Save Epoch: 2, Loss: 3.2198e+00, IC: 2.6438e-04, Res: 3.2195e+00, Beta: 0.02 ---
--- Save Epoch: 3, Loss: 2.6645e+00, IC: 7.8331e-04, Res: 2.6637e+00, Beta: 0.04 ---
--- Save Epoch: 5, Loss: 2.0190e+00, IC: 3.2993e-03, Res: 2.0157e+00, Beta: 0.06 ---
--- Save Epoch: 6, Loss: 1.8517e+00, IC: 5.6042e-03, Res: 1.8461e+00, Beta: 0.08 ---
--- Save Epoch: 9, Loss: 1.2930e+00, IC: 1.7397e-02, Res: 1.2757e+00, Beta: 0.10 ---
--- Save Epoch: 10, Loss: 1.1298e+00, IC: 2.2661e-02, Res: 1.1071e+00, Beta: 0.12 ---
--- Save Epoch: 13, Loss: 1.1062e+00, IC: 3.8017e-02, Res: 1.0682e+00, Beta: 0.14 ---
--- Save Epoch: 14, Loss: 1.0658e+00, IC: 4.5795e-02, Res: 1.0200e+00, Beta: 0.16 ---
--- Save Epoch: 17, Loss: 8.0271e-01, IC: 6.0572e-02, Res: 7.4213e-01, Beta: 0.18 ---
--- Save Epoch: 21, Loss: 7.7951e-01, IC: 6.7508e-02, Res: 7.1200e-01, Beta: 0.20 ---
--- Save Epoch: 23, Loss: 6.1377e-01, IC: 6.8669e-02, Res: 5.4510e-01, Beta: 0.22 ---
--- Save Epoch: 27, Loss: 5.8233e-01, IC: 6.6972e-02, Res: 5.1536e-01, Beta: 0.24 ---
--- Save Epoch: 29, Loss: 5.5965e-01, IC: 6.3055e-02, Res: 4.9660e-01, Beta: 0.26 ---
--- Save Epoch: 31, Loss: 4.8607e-01, IC: 6.4320e-02, Res: 4.2175e-01, Beta: 0.28 ---
--- Save Epoch: 36, Loss: 3.7526e-01, IC: 6.3145e-02, Res: 3.1212e-01, Beta: 0.30 ---
--- Save Epoch: 40, Loss: 3.7243e-01, IC: 6.6560e-02, Res: 3.0587e-01, Beta: 0.32 ---
--- Save Epoch: 41, Loss: 3.3193e-01, IC: 6.9436e-02, Res: 2.6250e-01, Beta: 0.34 ---
--- Save Epoch: 44, Loss: 3.1194e-01, IC: 7.1519e-02, Res: 2.4042e-01, Beta: 0.36 ---
--- Save Epoch: 45, Loss: 3.0348e-01, IC: 7.7251e-02, Res: 2.2623e-01, Beta: 0.38 ---
--- Save Epoch: 48, Loss: 3.0257e-01, IC: 8.1694e-02, Res: 2.2087e-01, Beta: 0.40 ---
--- Save Epoch: 50, Loss: 2.7393e-01, IC: 8.7520e-02, Res: 1.8641e-01, Beta: 0.42 ---
--- Save Epoch: 51, Loss: 2.6578e-01, IC: 8.4669e-02, Res: 1.8111e-01, Beta: 0.44 ---
--- Save Epoch: 53, Loss: 2.4801e-01, IC: 8.3408e-02, Res: 1.6460e-01, Beta: 0.46 ---
--- Save Epoch: 54, Loss: 2.3456e-01, IC: 8.4534e-02, Res: 1.5003e-01, Beta: 0.48 ---
--- Save Epoch: 57, Loss: 2.2364e-01, IC: 8.6339e-02, Res: 1.3730e-01, Beta: 0.50 ---
--- Save Epoch: 60, Loss: 2.0174e-01, IC: 8.9494e-02, Res: 1.1225e-01, Beta: 0.52 ---
--- Save Epoch: 63, Loss: 2.0140e-01, IC: 8.6385e-02, Res: 1.1501e-01, Beta: 0.54 ---
--- Save Epoch: 64, Loss: 1.9377e-01, IC: 8.4656e-02, Res: 1.0911e-01, Beta: 0.56 ---
--- Save Epoch: 66, Loss: 1.7951e-01, IC: 8.4408e-02, Res: 9.5103e-02, Beta: 0.58 ---
--- Save Epoch: 71, Loss: 1.5526e-01, IC: 8.2104e-02, Res: 7.3160e-02, Beta: 0.60 ---
--- Save Epoch: 76, Loss: 1.5368e-01, IC: 8.2527e-02, Res: 7.1155e-02, Beta: 0.62 ---
--- Save Epoch: 78, Loss: 1.4952e-01, IC: 8.4218e-02, Res: 6.5298e-02, Beta: 0.64 ---
--- Save Epoch: 79, Loss: 1.4265e-01, IC: 8.5624e-02, Res: 5.7023e-02, Beta: 0.66 ---
--- Save Epoch: 82, Loss: 1.3869e-01, IC: 8.7650e-02, Res: 5.1044e-02, Beta: 0.68 ---
--- Save Epoch: 87, Loss: 1.2725e-01, IC: 8.7549e-02, Res: 3.9697e-02, Beta: 0.70 ---
--- Save Epoch: 93, Loss: 1.2571e-01, IC: 8.3574e-02, Res: 4.2133e-02, Beta: 0.72 ---
--- Save Epoch: 98, Loss: 1.2229e-01, IC: 8.5322e-02, Res: 3.6967e-02, Beta: 0.74 ---
... RAR IC , Max IC error: 0.8379, t: tensor(0.)
... RAR RES, Max residual error: 2.2246, t: tensor([[0.0007],
        [0.0007],
        [0.0028]])
--- Save Epoch: 150, Loss: 1.1926e-01, IC: 8.9788e-02, Res: 2.9475e-02, Beta: 0.76 ---
--- Save Epoch: 158, Loss: 1.1353e-01, IC: 8.6180e-02, Res: 2.7353e-02, Beta: 0.78 ---
--- Save Epoch: 180, Loss: 1.0875e-01, IC: 8.2200e-02, Res: 2.6549e-02, Beta: 0.80 ---
... RAR IC , Max IC error: 0.8230, t: tensor(0.)
... RAR RES, Max residual error: 1.7727, t: tensor([[0.0563],
        [0.0727],
        [0.0689]])
--- Save Epoch: 275, Loss: 1.0788e-01, IC: 7.8153e-02, Res: 2.9724e-02, Beta: 0.82 ---
... RAR IC , Max IC error: 0.8049, t: tensor(0.)
... RAR RES, Max residual error: 1.3997, t: tensor([[0.0452],
        [0.0959],
        [0.0437]])
--- Save Epoch: 433, Loss: 1.0617e-01, IC: 7.6279e-02, Res: 2.9886e-02, Beta: 0.84 ---
--- Save Epoch: 467, Loss: 1.0590e-01, IC: 7.3497e-02, Res: 3.2402e-02, Beta: 0.86 ---
--- Save Epoch: 497, Loss: 1.0241e-01, IC: 6.8476e-02, Res: 3.3937e-02, Beta: 0.88 ---
... RAR IC , Max IC error: 0.7784, t: tensor(0.)
... RAR RES, Max residual error: 1.5992, t: tensor([[0.1969],
        [0.1958],
        [0.1868]])
--- Save Epoch: 810, Loss: 1.0239e-01, IC: 7.0369e-02, Res: 3.2023e-02, Beta: 0.90 ---
--- Save Epoch: 871, Loss: 1.0194e-01, IC: 6.7687e-02, Res: 3.4258e-02, Beta: 0.92 ---
... RAR IC , Max IC error: 0.7650, t: tensor(0.)
... RAR RES, Max residual error: 1.7802, t: tensor([[0.1982],
        [0.1927],
        [0.1962]])
[info] Training epoch: 1000, LR: 9.50e-04
--- Save Epoch: 1094, Loss: 1.0093e-01, IC: 6.6671e-02, Res: 3.4261e-02, Beta: 0.94 ---
... RAR IC , Max IC error: 0.7577, t: tensor(0.)
... RAR RES, Max residual error: 2.1517, t: tensor([[0.1984],
        [0.1946],
        [0.1998]])
--- Save Epoch: 1530, Loss: 9.7303e-02, IC: 6.4439e-02, Res: 3.2864e-02, Beta: 0.96 ---
... RAR IC , Max IC error: 0.7258, t: tensor(0.)
... RAR RES, Max residual error: 1.7990, t: tensor([[0.1981],
        [0.1999],
        [0.1915]])
--- Save Epoch: 1877, Loss: 9.6360e-02, IC: 6.1851e-02, Res: 3.4510e-02, Beta: 0.98 ---
... RAR IC , Max IC error: 0.7072, t: tensor(0.)
... RAR RES, Max residual error: 1.7007, t: tensor([[0.1987],
        [0.1987],
        [0.1987]])
[info] Training epoch: 2000, LR: 9.02e-04
--- Save Epoch: 2059, Loss: 9.6063e-02, IC: 6.4738e-02, Res: 3.1325e-02, Beta: 1.00 ---
... RAR IC , Max IC error: 0.6857, t: tensor(0.)
... RAR RES, Max residual error: 1.5923, t: tensor([[0.1984],
        [0.1996],
        [0.1941]])
--- Save Epoch: 2326, Loss: 9.5298e-02, IC: 6.1505e-02, Res: 3.3794e-02, Beta: 1.00 ---
--- Save Epoch: 2397, Loss: 9.5077e-02, IC: 6.0016e-02, Res: 3.5061e-02, Beta: 1.00 ---
... RAR IC , Max IC error: 0.6606, t: tensor(0.)
... RAR RES, Max residual error: 1.5363, t: tensor([[0.1966],
        [0.1965],
        [0.1965]])
--- Save Epoch: 2571, Loss: 9.4281e-02, IC: 6.2963e-02, Res: 3.1318e-02, Beta: 1.00 ---
--- Save Epoch: 2588, Loss: 9.3254e-02, IC: 6.1625e-02, Res: 3.1629e-02, Beta: 1.00 ---
... RAR IC , Max IC error: 0.6468, t: tensor(0.)
... RAR RES, Max residual error: 1.4661, t: tensor([[0.1973],
        [0.1973],
        [0.1973]])
--- Save Epoch: 2810, Loss: 9.2688e-02, IC: 5.8294e-02, Res: 3.4394e-02, Beta: 1.00 ---
--- Save Epoch: 2834, Loss: 9.2195e-02, IC: 5.9600e-02, Res: 3.2595e-02, Beta: 1.00 ---
--- Save Epoch: 2857, Loss: 9.1368e-02, IC: 5.9567e-02, Res: 3.1801e-02, Beta: 1.00 ---
--- Save Epoch: 2881, Loss: 8.9258e-02, IC: 5.7759e-02, Res: 3.1499e-02, Beta: 1.00 ---
... RAR IC , Max IC error: 0.6294, t: tensor(0.)
... RAR RES, Max residual error: 2.0393, t: tensor([[0.1997],
        [0.1992],
        [0.1997]])
[info] Training epoch: 3000, LR: 8.57e-04
--- Save Epoch: 3194, Loss: 8.8988e-02, IC: 5.7429e-02, Res: 3.1559e-02, Beta: 1.00 ---
... RAR IC , Max IC error: 0.5955, t: tensor(0.)
... RAR RES, Max residual error: 0.9860, t: tensor([[0.1925],
        [0.1925],
        [0.1841]])
--- Save Epoch: 3488, Loss: 8.8377e-02, IC: 5.5246e-02, Res: 3.3131e-02, Beta: 1.00 ---
--- Save Epoch: 3495, Loss: 8.6184e-02, IC: 5.6660e-02, Res: 2.9524e-02, Beta: 1.00 ---
... RAR IC , Max IC error: 0.5886, t: tensor(0.)
... RAR RES, Max residual error: 1.4501, t: tensor([[0.1978],
        [0.1984],
        [0.1996]])
--- Save Epoch: 3767, Loss: 8.4946e-02, IC: 5.7218e-02, Res: 2.7728e-02, Beta: 1.00 ---
... RAR IC , Max IC error: 0.5771, t: tensor(0.)
... RAR RES, Max residual error: 1.3993, t: tensor([[0.1990],
        [0.1990],
        [0.1950]])
[info] Training epoch: 4000, LR: 8.15e-04
--- Save Epoch: 4138, Loss: 8.4511e-02, IC: 5.4875e-02, Res: 2.9636e-02, Beta: 1.00 ---
--- Save Epoch: 4141, Loss: 8.4255e-02, IC: 5.5084e-02, Res: 2.9171e-02, Beta: 1.00 ---
--- Save Epoch: 4150, Loss: 8.0711e-02, IC: 5.4170e-02, Res: 2.6540e-02, Beta: 1.00 ---
--- Save Epoch: 4174, Loss: 7.9927e-02, IC: 5.2338e-02, Res: 2.7589e-02, Beta: 1.00 ---
... RAR IC , Max IC error: 0.5399, t: tensor(0.)
... RAR RES, Max residual error: 1.3048, t: tensor([[0.1980],
        [0.1942],
        [0.1671]])
--- Save Epoch: 4543, Loss: 7.7952e-02, IC: 5.2009e-02, Res: 2.5943e-02, Beta: 1.00 ---
--- Save Epoch: 4552, Loss: 7.7486e-02, IC: 4.8938e-02, Res: 2.8549e-02, Beta: 1.00 ---
--- Save Epoch: 4569, Loss: 7.7448e-02, IC: 5.0319e-02, Res: 2.7129e-02, Beta: 1.00 ---
--- Save Epoch: 4571, Loss: 7.6065e-02, IC: 4.7112e-02, Res: 2.8953e-02, Beta: 1.00 ---
... RAR IC , Max IC error: 0.5286, t: tensor(0.)
... RAR RES, Max residual error: 1.5586, t: tensor([[0.1957],
        [0.1957],
        [0.1896]])
--- Save Epoch: 4762, Loss: 7.5873e-02, IC: 4.9426e-02, Res: 2.6447e-02, Beta: 1.00 ---
... RAR IC , Max IC error: 0.5216, t: tensor(0.)
... RAR RES, Max residual error: 1.5898, t: tensor([[0.1973],
        [0.1988],
        [0.1993]])
--- Save Epoch: 4925, Loss: 7.5713e-02, IC: 4.7546e-02, Res: 2.8167e-02, Beta: 1.00 ---
--- Save Epoch: 4926, Loss: 7.4794e-02, IC: 4.7592e-02, Res: 2.7201e-02, Beta: 1.00 ---
--- Save Epoch: 5000, Loss: 7.4424e-02, IC: 4.8647e-02, Res: 2.5777e-02, Beta: 1.00 ---
[info] Training epoch: 5000, LR: 7.74e-04
... RAR IC , Max IC error: 0.5152, t: tensor(0.)
... RAR RES, Max residual error: 1.5308, t: tensor([[0.1989],
        [0.1989],
        [0.1989]])
--- Save Epoch: 5167, Loss: 7.3904e-02, IC: 4.5594e-02, Res: 2.8310e-02, Beta: 1.00 ---
... RAR IC , Max IC error: 0.4929, t: tensor(0.)
... RAR RES, Max residual error: 1.5773, t: tensor([[0.1996],
        [0.1996],
        [0.1996]])
--- Save Epoch: 5414, Loss: 7.2112e-02, IC: 4.6885e-02, Res: 2.5228e-02, Beta: 1.00 ---
... RAR IC , Max IC error: 0.4876, t: tensor(0.)
... RAR RES, Max residual error: 2.3101, t: tensor([[0.1924],
        [0.1954],
        [0.1936]])
--- Save Epoch: 5828, Loss: 7.0580e-02, IC: 4.5399e-02, Res: 2.5181e-02, Beta: 1.00 ---
... RAR IC , Max IC error: 0.4872, t: tensor(0.)
... RAR RES, Max residual error: 1.1099, t: tensor([[1.9900e-01],
        [1.9731e-01],
        [1.0908e-04]])
[info] Training epoch: 6000, LR: 7.35e-04
--- Save Epoch: 6544, Loss: 6.8439e-02, IC: 4.2510e-02, Res: 2.5929e-02, Beta: 1.00 ---
--- Save Epoch: 6550, Loss: 6.6214e-02, IC: 4.1522e-02, Res: 2.4692e-02, Beta: 1.00 ---
... RAR IC , Max IC error: 0.4354, t: tensor(0.)
... RAR RES, Max residual error: 1.5962, t: tensor([[0.1982],
        [0.1976],
        [0.1976]])
--- Save Epoch: 6937, Loss: 6.4743e-02, IC: 4.2097e-02, Res: 2.2646e-02, Beta: 1.00 ---
[info] Training epoch: 7000, LR: 6.98e-04
... RAR IC , Max IC error: 0.4437, t: tensor(0.)
... RAR RES, Max residual error: 1.0638, t: tensor([[0.1979],
        [0.1846],
        [0.1977]])
--- Save Epoch: 7245, Loss: 6.4737e-02, IC: 4.0045e-02, Res: 2.4692e-02, Beta: 1.00 ---
... RAR IC , Max IC error: 0.4312, t: tensor(0.)
... RAR RES, Max residual error: 1.4379, t: tensor([[0.1998],
        [0.1998],
        [0.1998]])
--- Save Epoch: 7351, Loss: 6.4223e-02, IC: 4.0040e-02, Res: 2.4183e-02, Beta: 1.00 ---
... RAR IC , Max IC error: 0.4227, t: tensor(0.)
... RAR RES, Max residual error: 1.1109, t: tensor([[0.1991],
        [0.1991],
        [0.1992]])
--- Save Epoch: 7683, Loss: 6.3780e-02, IC: 4.0015e-02, Res: 2.3765e-02, Beta: 1.00 ---
... RAR IC , Max IC error: 0.4229, t: tensor(0.)
... RAR RES, Max residual error: 1.4393, t: tensor([[0.2000],
        [0.2000],
        [0.2000]])
--- Save Epoch: 7931, Loss: 6.3578e-02, IC: 4.1250e-02, Res: 2.2328e-02, Beta: 1.00 ---
[info] Training epoch: 8000, LR: 6.63e-04
... RAR IC , Max IC error: 0.4483, t: tensor(0.)
... RAR RES, Max residual error: 1.3848, t: tensor([[0.1776],
        [0.1803],
        [0.1709]])
--- Save Epoch: 8342, Loss: 6.2853e-02, IC: 3.6509e-02, Res: 2.6344e-02, Beta: 1.00 ---
--- Save Epoch: 8350, Loss: 6.2734e-02, IC: 3.6274e-02, Res: 2.6461e-02, Beta: 1.00 ---
... RAR IC , Max IC error: 0.3897, t: tensor(0.)
... RAR RES, Max residual error: 0.9294, t: tensor([[0.1982],
        [0.1982],
        [0.1961]])
--- Save Epoch: 8406, Loss: 6.2092e-02, IC: 3.4994e-02, Res: 2.7099e-02, Beta: 1.00 ---
--- Save Epoch: 8410, Loss: 6.0592e-02, IC: 3.4966e-02, Res: 2.5626e-02, Beta: 1.00 ---
--- Save Epoch: 8433, Loss: 5.9802e-02, IC: 3.4316e-02, Res: 2.5486e-02, Beta: 1.00 ---
--- Save Epoch: 8436, Loss: 5.9603e-02, IC: 3.4819e-02, Res: 2.4784e-02, Beta: 1.00 ---
--- Save Epoch: 8444, Loss: 5.8503e-02, IC: 3.3833e-02, Res: 2.4670e-02, Beta: 1.00 ---
... RAR IC , Max IC error: 0.4208, t: tensor(0.)
... RAR RES, Max residual error: 1.2491, t: tensor([[0.1985],
        [0.1783],
        [0.1954]])
[info] Training epoch: 9000, LR: 6.30e-04
--- Save Epoch: 9041, Loss: 5.7224e-02, IC: 3.4533e-02, Res: 2.2691e-02, Beta: 1.00 ---
--- Save Epoch: 9046, Loss: 5.6290e-02, IC: 3.3241e-02, Res: 2.3049e-02, Beta: 1.00 ---
--- Save Epoch: 9094, Loss: 5.5836e-02, IC: 3.2609e-02, Res: 2.3227e-02, Beta: 1.00 ---
... RAR IC , Max IC error: 0.3822, t: tensor(0.)
... RAR RES, Max residual error: 1.4758, t: tensor([[0.1993],
        [0.1993],
        [0.1881]])
--- Save Epoch: 9589, Loss: 5.5249e-02, IC: 3.1400e-02, Res: 2.3849e-02, Beta: 1.00 ---
--- Save Epoch: 9592, Loss: 5.4757e-02, IC: 3.1129e-02, Res: 2.3628e-02, Beta: 1.00 ---
--- Save Epoch: 9594, Loss: 5.3349e-02, IC: 3.0275e-02, Res: 2.3074e-02, Beta: 1.00 ---
... RAR IC , Max IC error: 0.3625, t: tensor(0.)
... RAR RES, Max residual error: 1.8609, t: tensor([[0.1981],
        [0.1830],
        [0.1981]])
[info] Training epoch: 10000, LR: 5.99e-04
--- Save Epoch: 10048, Loss: 5.1438e-02, IC: 3.0171e-02, Res: 2.1267e-02, Beta: 1.00 ---
--- Save Epoch: 10076, Loss: 5.1130e-02, IC: 2.9422e-02, Res: 2.1709e-02, Beta: 1.00 ---
... RAR IC , Max IC error: 0.3438, t: tensor(0.)
... RAR RES, Max residual error: 1.2572, t: tensor([[0.1997],
        [0.1997],
        [0.1980]])
--- Save Epoch: 10603, Loss: 4.9931e-02, IC: 2.7152e-02, Res: 2.2779e-02, Beta: 1.00 ---
... RAR IC , Max IC error: 0.3545, t: tensor(0.)
... RAR RES, Max residual error: 0.8863, t: tensor([[0.1913],
        [0.1931],
        [0.1931]])
--- Save Epoch: 10776, Loss: 4.8292e-02, IC: 2.8528e-02, Res: 1.9765e-02, Beta: 1.00 ---
... RAR IC , Max IC error: 0.3698, t: tensor(0.)
... RAR RES, Max residual error: 1.1404, t: tensor([[0.1982],
        [0.1997],
        [0.1997]])
[info] Training epoch: 11000, LR: 5.69e-04
--- Save Epoch: 11908, Loss: 4.6597e-02, IC: 2.5708e-02, Res: 2.0889e-02, Beta: 1.00 ---
[info] Training epoch: 12000, LR: 5.40e-04
... RAR IC , Max IC error: 0.3495, t: tensor(0.)
... RAR RES, Max residual error: 0.8564, t: tensor([[0.1925],
        [0.0017],
        [0.1995]])
--- Save Epoch: 12433, Loss: 4.5288e-02, IC: 2.4163e-02, Res: 2.1125e-02, Beta: 1.00 ---
--- Save Epoch: 12447, Loss: 4.3861e-02, IC: 2.3734e-02, Res: 2.0127e-02, Beta: 1.00 ---
... RAR IC , Max IC error: 0.2958, t: tensor(0.)
... RAR RES, Max residual error: 0.7538, t: tensor([[0.0053],
        [0.1874],
        [0.1667]])
[info] Training epoch: 13000, LR: 5.13e-04
--- Save Epoch: 13457, Loss: 4.1651e-02, IC: 2.2571e-02, Res: 1.9080e-02, Beta: 1.00 ---
... RAR IC , Max IC error: 0.2947, t: tensor(0.)
... RAR RES, Max residual error: 0.9594, t: tensor([[0.1879],
        [0.1998],
        [0.1819]])
--- Save Epoch: 13970, Loss: 4.1094e-02, IC: 2.2398e-02, Res: 1.8695e-02, Beta: 1.00 ---
[info] Training epoch: 14000, LR: 4.88e-04
... RAR IC , Max IC error: 0.3630, t: tensor(0.)
... RAR RES, Max residual error: 1.0948, t: tensor([[0.0496],
        [0.1112],
        [0.1129]])
--- Save Epoch: 14412, Loss: 4.0939e-02, IC: 2.1518e-02, Res: 1.9421e-02, Beta: 1.00 ---
... RAR IC , Max IC error: 0.2842, t: tensor(0.)
... RAR RES, Max residual error: 0.9536, t: tensor([[0.1995],
        [0.1839],
        [0.1838]])
[info] Training epoch: 15000, LR: 4.63e-04
--- Save Epoch: 15208, Loss: 4.0458e-02, IC: 1.9960e-02, Res: 2.0498e-02, Beta: 1.00 ---
--- Save Epoch: 15209, Loss: 3.8532e-02, IC: 2.0171e-02, Res: 1.8361e-02, Beta: 1.00 ---
... RAR IC , Max IC error: 0.2681, t: tensor(0.)
... RAR RES, Max residual error: 0.7376, t: tensor([[0.1865],
        [0.1918],
        [0.1980]])
--- Save Epoch: 15977, Loss: 3.7867e-02, IC: 1.9533e-02, Res: 1.8333e-02, Beta: 1.00 ---
[info] Training epoch: 16000, LR: 4.40e-04
... RAR IC , Max IC error: 0.3581, t: tensor(0.)
... RAR RES, Max residual error: 1.5310, t: tensor([[0.1995],
        [0.1921],
        [0.1958]])
--- Save Epoch: 16443, Loss: 3.7840e-02, IC: 1.8252e-02, Res: 1.9588e-02, Beta: 1.00 ---
... RAR IC , Max IC error: 0.2934, t: tensor(0.)
... RAR RES, Max residual error: 0.6908, t: tensor([[0.1910],
        [0.1912],
        [0.1724]])
[info] Training epoch: 17000, LR: 4.18e-04
--- Save Epoch: 17275, Loss: 3.4356e-02, IC: 1.7637e-02, Res: 1.6719e-02, Beta: 1.00 ---
... RAR IC , Max IC error: 0.2811, t: tensor(0.)
... RAR RES, Max residual error: 2.1857, t: tensor([[0.1904],
        [0.1843],
        [0.1903]])
[info] Training epoch: 18000, LR: 3.97e-04
--- Save Epoch: 18528, Loss: 3.4301e-02, IC: 1.5796e-02, Res: 1.8505e-02, Beta: 1.00 ---
--- Save Epoch: 18532, Loss: 3.3545e-02, IC: 1.5762e-02, Res: 1.7783e-02, Beta: 1.00 ---
... RAR IC , Max IC error: 0.2411, t: tensor(0.)
... RAR RES, Max residual error: 0.7970, t: tensor([[0.1995],
        [0.1996],
        [0.1897]])
[info] Training epoch: 19000, LR: 3.77e-04
--- Save Epoch: 19928, Loss: 2.9894e-02, IC: 1.5062e-02, Res: 1.4832e-02, Beta: 1.00 ---
[info] Training epoch: 20000, LR: 3.58e-04
... RAR IC , Max IC error: 0.3071, t: tensor(0.)
... RAR RES, Max residual error: 0.9754, t: tensor([[0.1905],
        [0.1927],
        [0.1884]])
--- Save Epoch: 20889, Loss: 2.8852e-02, IC: 1.3748e-02, Res: 1.5104e-02, Beta: 1.00 ---
... RAR IC , Max IC error: 0.2438, t: tensor(0.)
... RAR RES, Max residual error: 1.0855, t: tensor([[5.5003e-05],
        [5.5003e-05],
        [1.9751e-02]])
[info] Training epoch: 21000, LR: 3.41e-04
[info] Training epoch: 22000, LR: 3.24e-04
--- Save Epoch: 22299, Loss: 2.8846e-02, IC: 1.2108e-02, Res: 1.6738e-02, Beta: 1.00 ---
... RAR IC , Max IC error: 0.2009, t: tensor(0.)
... RAR RES, Max residual error: 0.8419, t: tensor([[0.1963],
        [0.1983],
        [0.1978]])
--- Save Epoch: 22321, Loss: 2.8826e-02, IC: 1.2413e-02, Res: 1.6412e-02, Beta: 1.00 ---
... RAR IC , Max IC error: 0.2341, t: tensor(0.)
... RAR RES, Max residual error: 0.6584, t: tensor([[0.0075],
        [0.1760],
        [0.1788]])
--- Save Epoch: 22912, Loss: 2.8632e-02, IC: 1.1644e-02, Res: 1.6988e-02, Beta: 1.00 ---
--- Save Epoch: 22958, Loss: 2.8222e-02, IC: 1.3123e-02, Res: 1.5099e-02, Beta: 1.00 ---
[info] Training epoch: 23000, LR: 3.07e-04
... RAR IC , Max IC error: 0.2382, t: tensor(0.)
... RAR RES, Max residual error: 1.0655, t: tensor([[0.1970],
        [0.1997],
        [0.1997]])
--- Save Epoch: 23925, Loss: 2.7562e-02, IC: 1.1388e-02, Res: 1.6174e-02, Beta: 1.00 ---
[info] Training epoch: 24000, LR: 2.92e-04
... RAR IC , Max IC error: 0.2014, t: tensor(0.)
... RAR RES, Max residual error: 0.7788, t: tensor([[0.1964],
        [0.1964],
        [0.1991]])
--- Save Epoch: 24009, Loss: 2.7379e-02, IC: 1.1328e-02, Res: 1.6051e-02, Beta: 1.00 ---
... RAR IC , Max IC error: 0.2287, t: tensor(0.)
... RAR RES, Max residual error: 0.6087, t: tensor([[0.1704],
        [0.1704],
        [0.1706]])
[info] Training epoch: 25000, LR: 2.77e-04
--- Save Epoch: 25170, Loss: 2.5163e-02, IC: 1.0517e-02, Res: 1.4646e-02, Beta: 1.00 ---
... RAR IC , Max IC error: 0.1982, t: tensor(0.)
... RAR RES, Max residual error: 1.2648, t: tensor([[0.1984],
        [0.1991],
        [0.1991]])
[info] Training epoch: 26000, LR: 2.64e-04
--- Save Epoch: 26932, Loss: 2.4505e-02, IC: 9.6088e-03, Res: 1.4896e-02, Beta: 1.00 ---
--- Save Epoch: 26970, Loss: 2.4053e-02, IC: 9.9647e-03, Res: 1.4088e-02, Beta: 1.00 ---
[info] Training epoch: 27000, LR: 2.50e-04
... RAR IC , Max IC error: 0.1978, t: tensor(0.)
... RAR RES, Max residual error: 0.5995, t: tensor([[0.1827],
        [0.1901],
        [0.1909]])
[info] Training epoch: 28000, LR: 2.38e-04
--- Save Epoch: 28382, Loss: 2.1839e-02, IC: 8.4727e-03, Res: 1.3366e-02, Beta: 1.00 ---
... RAR IC , Max IC error: 0.1783, t: tensor(0.)
... RAR RES, Max residual error: 0.8134, t: tensor([[0.1203],
        [0.1790],
        [0.1797]])
[info] Training epoch: 29000, LR: 2.26e-04
--- Save Epoch: 29581, Loss: 2.1600e-02, IC: 8.1239e-03, Res: 1.3476e-02, Beta: 1.00 ---
... RAR IC , Max IC error: 0.1654, t: tensor(0.)
... RAR RES, Max residual error: 1.0077, t: tensor([[0.1985],
        [0.1975],
        [0.1951]])
[info] Training epoch: 30000, LR: 2.15e-04
[info] Training epoch: 31000, LR: 2.04e-04
--- Save Epoch: 31488, Loss: 1.9333e-02, IC: 6.9798e-03, Res: 1.2353e-02, Beta: 1.00 ---
... RAR IC , Max IC error: 0.1608, t: tensor(0.)
... RAR RES, Max residual error: 0.7785, t: tensor([[0.1551],
        [0.1536],
        [0.1521]])
[info] Training epoch: 32000, LR: 1.94e-04
[info] Training epoch: 33000, LR: 1.84e-04
--- Save Epoch: 33376, Loss: 1.9304e-02, IC: 6.4188e-03, Res: 1.2885e-02, Beta: 1.00 ---
--- Save Epoch: 33382, Loss: 1.9072e-02, IC: 6.5665e-03, Res: 1.2506e-02, Beta: 1.00 ---
... RAR IC , Max IC error: 0.1568, t: tensor(0.)
... RAR RES, Max residual error: 1.2140, t: tensor([[0.1994],
        [0.1973],
        [0.1994]])
[info] Training epoch: 34000, LR: 1.75e-04
--- Save Epoch: 34254, Loss: 1.8054e-02, IC: 5.9049e-03, Res: 1.2149e-02, Beta: 1.00 ---
... RAR IC , Max IC error: 0.1483, t: tensor(0.)
... RAR RES, Max residual error: 0.5701, t: tensor([[0.1986],
        [0.0016],
        [0.1348]])
[info] Training epoch: 35000, LR: 1.66e-04
[info] Training epoch: 36000, LR: 1.58e-04
--- Save Epoch: 36941, Loss: 1.8014e-02, IC: 5.4323e-03, Res: 1.2582e-02, Beta: 1.00 ---
--- Save Epoch: 36942, Loss: 1.7575e-02, IC: 5.4633e-03, Res: 1.2111e-02, Beta: 1.00 ---
--- Save Epoch: 36960, Loss: 1.7380e-02, IC: 5.4708e-03, Res: 1.1909e-02, Beta: 1.00 ---
--- Save Epoch: 36963, Loss: 1.7237e-02, IC: 5.4578e-03, Res: 1.1779e-02, Beta: 1.00 ---
[info] Training epoch: 37000, LR: 1.50e-04
... RAR IC , Max IC error: 0.1590, t: tensor(0.)
... RAR RES, Max residual error: 1.0691, t: tensor([[0.1389],
        [0.1357],
        [0.1323]])
[info] Training epoch: 38000, LR: 1.42e-04
--- Save Epoch: 38918, Loss: 1.6715e-02, IC: 4.6171e-03, Res: 1.2098e-02, Beta: 1.00 ---
[info] Training epoch: 39000, LR: 1.35e-04
... RAR IC , Max IC error: 0.1447, t: tensor(0.)
... RAR RES, Max residual error: 0.4992, t: tensor([[0.0584],
        [0.0135],
        [0.0009]])
[info] Training epoch: 40000, LR: 1.29e-04
--- Save Epoch: 40159, Loss: 1.5343e-02, IC: 4.4330e-03, Res: 1.0910e-02, Beta: 1.00 ---
... RAR IC , Max IC error: 0.1291, t: tensor(0.)
... RAR RES, Max residual error: 0.5378, t: tensor([[0.1977],
        [0.1883],
        [0.0023]])
[info] Training epoch: 41000, LR: 1.22e-04
[info] Training epoch: 42000, LR: 1.16e-04
[info] Training epoch: 43000, LR: 1.10e-04
--- Save Epoch: 43319, Loss: 1.5092e-02, IC: 3.9512e-03, Res: 1.1140e-02, Beta: 1.00 ---
... RAR IC , Max IC error: 0.1205, t: tensor(0.)
... RAR RES, Max residual error: 0.4764, t: tensor([[0.0294],
        [0.1755],
        [0.1997]])
[info] Training epoch: 44000, LR: 1.05e-04
[info] Training epoch: 45000, LR: 9.94e-05
[info] Training epoch: 46000, LR: 9.45e-05
--- Save Epoch: 46891, Loss: 1.5063e-02, IC: 3.3135e-03, Res: 1.1749e-02, Beta: 1.00 ---
--- Save Epoch: 46894, Loss: 1.4755e-02, IC: 3.2458e-03, Res: 1.1509e-02, Beta: 1.00 ---
--- Save Epoch: 46897, Loss: 1.4446e-02, IC: 3.2296e-03, Res: 1.1217e-02, Beta: 1.00 ---
... RAR IC , Max IC error: 0.1184, t: tensor(0.)
... RAR RES, Max residual error: 0.7816, t: tensor([[0.1914],
        [0.1796],
        [0.1796]])
[info] Training epoch: 47000, LR: 8.97e-05
[info] Training epoch: 48000, LR: 8.53e-05
[info] Training epoch: 49000, LR: 8.10e-05
--- Save Epoch: 49151, Loss: 1.4439e-02, IC: 2.9763e-03, Res: 1.1462e-02, Beta: 1.00 ---
... RAR IC , Max IC error: 0.1033, t: tensor(0.)
... RAR RES, Max residual error: 0.4463, t: tensor([[0.0031],
        [0.1766],
        [0.1507]])
--- Save Epoch: 49753, Loss: 1.4112e-02, IC: 3.0379e-03, Res: 1.1074e-02, Beta: 1.00 ---
... RAR IC , Max IC error: 0.1076, t: tensor(0.)
... RAR RES, Max residual error: 0.6402, t: tensor([[0.0273],
        [0.0249],
        [0.1313]])
[info] Training epoch: 50000, LR: 7.69e-05
[info] Training epoch: 51000, LR: 7.31e-05
[info] Training epoch: 52000, LR: 6.94e-05
--- Save Epoch: 52873, Loss: 1.4094e-02, IC: 2.7882e-03, Res: 1.1306e-02, Beta: 1.00 ---
... RAR IC , Max IC error: 0.1025, t: tensor(0.)
... RAR RES, Max residual error: 0.4338, t: tensor([[0.1685],
        [0.1320],
        [0.1574]])
[info] Training epoch: 53000, LR: 6.60e-05
[info] Training epoch: 54000, LR: 6.27e-05
--- Save Epoch: 54326, Loss: 1.4001e-02, IC: 2.8080e-03, Res: 1.1193e-02, Beta: 1.00 ---
--- Save Epoch: 54329, Loss: 1.3661e-02, IC: 2.8303e-03, Res: 1.0831e-02, Beta: 1.00 ---
... RAR IC , Max IC error: 0.1085, t: tensor(0.)
... RAR RES, Max residual error: 0.4977, t: tensor([[0.0223],
        [0.1948],
        [0.0223]])
[info] Training epoch: 55000, LR: 5.95e-05
[info] Training epoch: 56000, LR: 5.66e-05
[info] Training epoch: 57000, LR: 5.37e-05
[info] Training epoch: 58000, LR: 5.10e-05
--- Save Epoch: 58063, Loss: 1.3598e-02, IC: 2.6148e-03, Res: 1.0984e-02, Beta: 1.00 ---
... RAR IC , Max IC error: 0.1025, t: tensor(0.)
... RAR RES, Max residual error: 0.4696, t: tensor([[0.0002],
        [0.0002],
        [0.0014]])
[info] Training epoch: 59000, LR: 4.85e-05
[info] Training epoch: 60000, LR: 4.61e-05
===== logging end   2025-11-13 12:22:34 =====
