
===== logging start 2025-10-18 23:54:02 =====
[check] bias_fac:  0.5
--- Save Epoch: 1, Loss: 1.8048e-01, IC: 7.8896e-02, Res: 1.0158e-01, Beta: 0.00 ---
... RAR IC , Max IC error: 3.0742, t: tensor(0.)
... RAR RES, Max residual error: 6.8518, t: tensor([[0.1920],
        [0.2909],
        [0.2433]])
--- Save Epoch: 5, Loss: 1.5756e-01, IC: 6.4184e-02, Res: 9.3379e-02, Beta: 0.02 ---
--- Save Epoch: 9, Loss: 1.4374e-01, IC: 5.1994e-02, Res: 9.1751e-02, Beta: 0.04 ---
--- Save Epoch: 13, Loss: 1.3570e-01, IC: 4.1901e-02, Res: 9.3799e-02, Beta: 0.06 ---
--- Save Epoch: 17, Loss: 1.2718e-01, IC: 4.1282e-02, Res: 8.5900e-02, Beta: 0.08 ---
--- Save Epoch: 20, Loss: 1.1956e-01, IC: 3.4545e-02, Res: 8.5014e-02, Beta: 0.10 ---
--- Save Epoch: 23, Loss: 1.1225e-01, IC: 2.7616e-02, Res: 8.4630e-02, Beta: 0.12 ---
--- Save Epoch: 26, Loss: 1.0965e-01, IC: 2.9427e-02, Res: 8.0221e-02, Beta: 0.14 ---
--- Save Epoch: 28, Loss: 1.0801e-01, IC: 2.6445e-02, Res: 8.1568e-02, Beta: 0.16 ---
--- Save Epoch: 30, Loss: 1.0668e-01, IC: 2.7233e-02, Res: 7.9449e-02, Beta: 0.18 ---
--- Save Epoch: 33, Loss: 1.0623e-01, IC: 2.7336e-02, Res: 7.8892e-02, Beta: 0.20 ---
--- Save Epoch: 34, Loss: 1.0298e-01, IC: 2.5961e-02, Res: 7.7017e-02, Beta: 0.22 ---
--- Save Epoch: 37, Loss: 9.8484e-02, IC: 2.5751e-02, Res: 7.2733e-02, Beta: 0.24 ---
--- Save Epoch: 40, Loss: 8.0793e-02, IC: 2.2385e-02, Res: 5.8408e-02, Beta: 0.26 ---
--- Save Epoch: 44, Loss: 8.0778e-02, IC: 2.2701e-02, Res: 5.8077e-02, Beta: 0.28 ---
--- Save Epoch: 46, Loss: 8.0529e-02, IC: 2.2923e-02, Res: 5.7605e-02, Beta: 0.30 ---
--- Save Epoch: 49, Loss: 7.8598e-02, IC: 2.3961e-02, Res: 5.4637e-02, Beta: 0.32 ---
--- Save Epoch: 51, Loss: 7.5331e-02, IC: 2.2826e-02, Res: 5.2505e-02, Beta: 0.34 ---
--- Save Epoch: 54, Loss: 7.3699e-02, IC: 2.3564e-02, Res: 5.0135e-02, Beta: 0.36 ---
--- Save Epoch: 57, Loss: 7.3136e-02, IC: 2.1338e-02, Res: 5.1798e-02, Beta: 0.38 ---
--- Save Epoch: 61, Loss: 6.8374e-02, IC: 2.6697e-02, Res: 4.1677e-02, Beta: 0.40 ---
--- Save Epoch: 65, Loss: 6.7733e-02, IC: 2.1274e-02, Res: 4.6459e-02, Beta: 0.42 ---
--- Save Epoch: 66, Loss: 6.6825e-02, IC: 1.9145e-02, Res: 4.7680e-02, Beta: 0.44 ---
--- Save Epoch: 70, Loss: 6.6622e-02, IC: 2.1872e-02, Res: 4.4750e-02, Beta: 0.46 ---
--- Save Epoch: 75, Loss: 6.5220e-02, IC: 2.5717e-02, Res: 3.9503e-02, Beta: 0.48 ---
--- Save Epoch: 77, Loss: 6.5053e-02, IC: 2.4481e-02, Res: 4.0572e-02, Beta: 0.50 ---
--- Save Epoch: 84, Loss: 6.4728e-02, IC: 2.5998e-02, Res: 3.8731e-02, Beta: 0.52 ---
--- Save Epoch: 88, Loss: 6.3221e-02, IC: 2.7164e-02, Res: 3.6058e-02, Beta: 0.54 ---
--- Save Epoch: 92, Loss: 6.1843e-02, IC: 2.4864e-02, Res: 3.6979e-02, Beta: 0.56 ---
--- Save Epoch: 96, Loss: 6.0481e-02, IC: 2.5766e-02, Res: 3.4715e-02, Beta: 0.58 ---
--- Save Epoch: 100, Loss: 5.9269e-02, IC: 2.9036e-02, Res: 3.0233e-02, Beta: 0.60 ---
... RAR IC , Max IC error: 0.4994, t: tensor(0.)
... RAR RES, Max residual error: 1.4827, t: tensor([[0.1596],
        [0.2117],
        [0.1619]])
--- Save Epoch: 124, Loss: 5.8133e-02, IC: 2.8701e-02, Res: 2.9432e-02, Beta: 0.62 ---
--- Save Epoch: 129, Loss: 5.7873e-02, IC: 2.5128e-02, Res: 3.2745e-02, Beta: 0.64 ---
--- Save Epoch: 139, Loss: 5.6947e-02, IC: 2.5967e-02, Res: 3.0980e-02, Beta: 0.66 ---
--- Save Epoch: 147, Loss: 5.6189e-02, IC: 2.7863e-02, Res: 2.8326e-02, Beta: 0.68 ---
--- Save Epoch: 161, Loss: 5.6106e-02, IC: 2.8700e-02, Res: 2.7405e-02, Beta: 0.70 ---
--- Save Epoch: 166, Loss: 5.5266e-02, IC: 2.4643e-02, Res: 3.0622e-02, Beta: 0.72 ---
--- Save Epoch: 195, Loss: 5.4783e-02, IC: 2.7342e-02, Res: 2.7441e-02, Beta: 0.74 ---
... RAR IC , Max IC error: 0.4189, t: tensor(0.)
... RAR RES, Max residual error: 1.6377, t: tensor([[0.0058],
        [0.2751],
        [0.0062]])
--- Save Epoch: 309, Loss: 5.4426e-02, IC: 2.7539e-02, Res: 2.6887e-02, Beta: 0.76 ---
--- Save Epoch: 340, Loss: 5.4308e-02, IC: 2.9351e-02, Res: 2.4956e-02, Beta: 0.78 ---
--- Save Epoch: 358, Loss: 5.2412e-02, IC: 2.9979e-02, Res: 2.2432e-02, Beta: 0.80 ---
... RAR IC , Max IC error: 0.3932, t: tensor(0.)
... RAR RES, Max residual error: 1.4666, t: tensor([[0.0154],
        [0.2868],
        [0.2810]])
--- Save Epoch: 519, Loss: 5.1766e-02, IC: 2.7771e-02, Res: 2.3995e-02, Beta: 0.82 ---
--- Save Epoch: 548, Loss: 5.1386e-02, IC: 2.5949e-02, Res: 2.5436e-02, Beta: 0.84 ---
--- Save Epoch: 574, Loss: 4.9720e-02, IC: 2.5475e-02, Res: 2.4245e-02, Beta: 0.86 ---
... RAR IC , Max IC error: 0.3601, t: tensor(0.)
... RAR RES, Max residual error: 1.2511, t: tensor([[0.2670],
        [0.2990],
        [0.2806]])
--- Save Epoch: 699, Loss: 4.9256e-02, IC: 2.4446e-02, Res: 2.4811e-02, Beta: 0.88 ---
... RAR IC , Max IC error: 0.3133, t: tensor(0.)
... RAR RES, Max residual error: 1.2495, t: tensor([[0.1170],
        [0.0139],
        [0.2560]])
--- Save Epoch: 788, Loss: 4.8973e-02, IC: 2.5466e-02, Res: 2.3507e-02, Beta: 0.90 ---
... RAR IC , Max IC error: 0.3200, t: tensor(0.)
... RAR RES, Max residual error: 1.2723, t: tensor([[0.2771],
        [0.2703],
        [0.2528]])
--- Save Epoch: 869, Loss: 4.8128e-02, IC: 2.3080e-02, Res: 2.5048e-02, Beta: 0.92 ---
--- Save Epoch: 888, Loss: 4.7690e-02, IC: 2.4238e-02, Res: 2.3452e-02, Beta: 0.94 ---
... RAR IC , Max IC error: 0.3057, t: tensor(0.)
... RAR RES, Max residual error: 1.5017, t: tensor([[0.2900],
        [0.2895],
        [0.0096]])
--- Save Epoch: 987, Loss: 4.7403e-02, IC: 2.3352e-02, Res: 2.4051e-02, Beta: 0.96 ---
[info] Training epoch: 1000, LR: 9.50e-04
... RAR IC , Max IC error: 0.2817, t: tensor(0.)
... RAR RES, Max residual error: 1.3016, t: tensor([[0.0751],
        [0.0730],
        [0.0908]])
--- Save Epoch: 1098, Loss: 4.7082e-02, IC: 2.3351e-02, Res: 2.3731e-02, Beta: 0.98 ---
... RAR IC , Max IC error: 0.2388, t: tensor(0.)
... RAR RES, Max residual error: 1.2639, t: tensor([[0.2979],
        [0.2979],
        [0.2979]])
--- Save Epoch: 1200, Loss: 4.6586e-02, IC: 2.3845e-02, Res: 2.2741e-02, Beta: 1.00 ---
... RAR IC , Max IC error: 0.2723, t: tensor(0.)
... RAR RES, Max residual error: 1.0513, t: tensor([[0.2906],
        [0.1613],
        [0.2849]])
--- Save Epoch: 1307, Loss: 4.5816e-02, IC: 2.1511e-02, Res: 2.4305e-02, Beta: 1.00 ---
--- Save Epoch: 1321, Loss: 4.4926e-02, IC: 2.1708e-02, Res: 2.3218e-02, Beta: 1.00 ---
--- Save Epoch: 1329, Loss: 4.4822e-02, IC: 2.2096e-02, Res: 2.2726e-02, Beta: 1.00 ---
--- Save Epoch: 1332, Loss: 4.4808e-02, IC: 2.1431e-02, Res: 2.3378e-02, Beta: 1.00 ---
--- Save Epoch: 1347, Loss: 4.4031e-02, IC: 2.1872e-02, Res: 2.2159e-02, Beta: 1.00 ---
--- Save Epoch: 1361, Loss: 4.2880e-02, IC: 2.2073e-02, Res: 2.0808e-02, Beta: 1.00 ---
... RAR IC , Max IC error: 0.2335, t: tensor(0.)
... RAR RES, Max residual error: 1.0578, t: tensor([[0.1022],
        [0.0040],
        [0.1071]])
--- Save Epoch: 1470, Loss: 4.2149e-02, IC: 2.0231e-02, Res: 2.1918e-02, Beta: 1.00 ---
... RAR IC , Max IC error: 0.2288, t: tensor(0.)
... RAR RES, Max residual error: 1.1213, t: tensor([[0.0380],
        [0.0173],
        [0.2967]])
--- Save Epoch: 1592, Loss: 4.1332e-02, IC: 1.9525e-02, Res: 2.1807e-02, Beta: 1.00 ---
... RAR IC , Max IC error: 0.2370, t: tensor(0.)
... RAR RES, Max residual error: 0.9087, t: tensor([[0.2877],
        [0.2877],
        [0.1737]])
--- Save Epoch: 1669, Loss: 4.1309e-02, IC: 1.8705e-02, Res: 2.2605e-02, Beta: 1.00 ---
--- Save Epoch: 1676, Loss: 4.0924e-02, IC: 1.9034e-02, Res: 2.1890e-02, Beta: 1.00 ---
--- Save Epoch: 1681, Loss: 3.9461e-02, IC: 1.8312e-02, Res: 2.1149e-02, Beta: 1.00 ---
--- Save Epoch: 1690, Loss: 3.8597e-02, IC: 1.8024e-02, Res: 2.0573e-02, Beta: 1.00 ---
... RAR IC , Max IC error: 0.1955, t: tensor(0.)
... RAR RES, Max residual error: 1.2389, t: tensor([[0.2995],
        [0.2967],
        [0.2891]])
--- Save Epoch: 1809, Loss: 3.7486e-02, IC: 1.7527e-02, Res: 1.9959e-02, Beta: 1.00 ---
--- Save Epoch: 1852, Loss: 3.7083e-02, IC: 1.6088e-02, Res: 2.0994e-02, Beta: 1.00 ---
--- Save Epoch: 1876, Loss: 3.6674e-02, IC: 1.7031e-02, Res: 1.9643e-02, Beta: 1.00 ---
--- Save Epoch: 1878, Loss: 3.6461e-02, IC: 1.7087e-02, Res: 1.9374e-02, Beta: 1.00 ---
... RAR IC , Max IC error: 0.1932, t: tensor(0.)
... RAR RES, Max residual error: 0.9759, t: tensor([[0.2886],
        [0.2732],
        [0.2955]])
--- Save Epoch: 1975, Loss: 3.6373e-02, IC: 1.5861e-02, Res: 2.0512e-02, Beta: 1.00 ---
--- Save Epoch: 1996, Loss: 3.6110e-02, IC: 1.5447e-02, Res: 2.0663e-02, Beta: 1.00 ---
[info] Training epoch: 2000, LR: 9.02e-04
... RAR IC , Max IC error: 0.2130, t: tensor(0.)
... RAR RES, Max residual error: 1.1822, t: tensor([[0.2811],
        [0.0152],
        [0.0082]])
--- Save Epoch: 2079, Loss: 3.6062e-02, IC: 1.5446e-02, Res: 2.0616e-02, Beta: 1.00 ---
... RAR IC , Max IC error: 0.1834, t: tensor(0.)
... RAR RES, Max residual error: 0.8910, t: tensor([[0.2820],
        [0.0005],
        [0.2393]])
--- Save Epoch: 2192, Loss: 3.5682e-02, IC: 1.6381e-02, Res: 1.9300e-02, Beta: 1.00 ---
--- Save Epoch: 2193, Loss: 3.5584e-02, IC: 1.6308e-02, Res: 1.9276e-02, Beta: 1.00 ---
... RAR IC , Max IC error: 0.1621, t: tensor(0.)
... RAR RES, Max residual error: 1.1335, t: tensor([[0.2899],
        [0.2914],
        [0.2943]])
--- Save Epoch: 2344, Loss: 3.5507e-02, IC: 1.4615e-02, Res: 2.0892e-02, Beta: 1.00 ---
--- Save Epoch: 2353, Loss: 3.5366e-02, IC: 1.4492e-02, Res: 2.0874e-02, Beta: 1.00 ---
--- Save Epoch: 2357, Loss: 3.4538e-02, IC: 1.5308e-02, Res: 1.9230e-02, Beta: 1.00 ---
--- Save Epoch: 2365, Loss: 3.3982e-02, IC: 1.4312e-02, Res: 1.9670e-02, Beta: 1.00 ---
... RAR IC , Max IC error: 0.1572, t: tensor(0.)
... RAR RES, Max residual error: 0.8401, t: tensor([[0.2099],
        [0.2461],
        [0.2844]])
--- Save Epoch: 2490, Loss: 3.3600e-02, IC: 1.4560e-02, Res: 1.9040e-02, Beta: 1.00 ---
... RAR IC , Max IC error: 0.1768, t: tensor(0.)
... RAR RES, Max residual error: 0.8848, t: tensor([[0.2999],
        [0.2957],
        [0.2957]])
--- Save Epoch: 2640, Loss: 3.3599e-02, IC: 1.3517e-02, Res: 2.0083e-02, Beta: 1.00 ---
--- Save Epoch: 2663, Loss: 3.2980e-02, IC: 1.4059e-02, Res: 1.8921e-02, Beta: 1.00 ---
--- Save Epoch: 2670, Loss: 3.2618e-02, IC: 1.3547e-02, Res: 1.9071e-02, Beta: 1.00 ---
--- Save Epoch: 2676, Loss: 3.2527e-02, IC: 1.3380e-02, Res: 1.9146e-02, Beta: 1.00 ---
... RAR IC , Max IC error: 0.1708, t: tensor(0.)
... RAR RES, Max residual error: 0.7050, t: tensor([[0.0100],
        [0.1022],
        [0.0036]])
--- Save Epoch: 2770, Loss: 3.2430e-02, IC: 1.3629e-02, Res: 1.8800e-02, Beta: 1.00 ---
... RAR IC , Max IC error: 0.1510, t: tensor(0.)
... RAR RES, Max residual error: 1.1184, t: tensor([[0.2890],
        [0.2899],
        [0.2734]])
--- Save Epoch: 2876, Loss: 3.2013e-02, IC: 1.3298e-02, Res: 1.8715e-02, Beta: 1.00 ---
--- Save Epoch: 2888, Loss: 3.1895e-02, IC: 1.2984e-02, Res: 1.8911e-02, Beta: 1.00 ---
--- Save Epoch: 2890, Loss: 3.1762e-02, IC: 1.2136e-02, Res: 1.9626e-02, Beta: 1.00 ---
--- Save Epoch: 2894, Loss: 3.1756e-02, IC: 1.2785e-02, Res: 1.8971e-02, Beta: 1.00 ---
... RAR IC , Max IC error: 0.1407, t: tensor(0.)
... RAR RES, Max residual error: 0.8959, t: tensor([[0.2989],
        [0.2989],
        [0.0101]])
[info] Training epoch: 3000, LR: 8.57e-04
--- Save Epoch: 3019, Loss: 3.1181e-02, IC: 1.2226e-02, Res: 1.8955e-02, Beta: 1.00 ---
--- Save Epoch: 3041, Loss: 3.0648e-02, IC: 1.2363e-02, Res: 1.8285e-02, Beta: 1.00 ---
--- Save Epoch: 3061, Loss: 3.0631e-02, IC: 1.2511e-02, Res: 1.8120e-02, Beta: 1.00 ---
--- Save Epoch: 3092, Loss: 3.0591e-02, IC: 1.1709e-02, Res: 1.8883e-02, Beta: 1.00 ---
--- Save Epoch: 3099, Loss: 3.0040e-02, IC: 1.1746e-02, Res: 1.8294e-02, Beta: 1.00 ---
... RAR IC , Max IC error: 0.1376, t: tensor(0.)
... RAR RES, Max residual error: 1.0333, t: tensor([[0.2927],
        [0.2954],
        [0.2829]])
--- Save Epoch: 3252, Loss: 2.9670e-02, IC: 1.1245e-02, Res: 1.8425e-02, Beta: 1.00 ---
--- Save Epoch: 3257, Loss: 2.9546e-02, IC: 1.1335e-02, Res: 1.8211e-02, Beta: 1.00 ---
--- Save Epoch: 3275, Loss: 2.9531e-02, IC: 1.1158e-02, Res: 1.8372e-02, Beta: 1.00 ---
--- Save Epoch: 3290, Loss: 2.9352e-02, IC: 1.1548e-02, Res: 1.7804e-02, Beta: 1.00 ---
--- Save Epoch: 3292, Loss: 2.9314e-02, IC: 1.1167e-02, Res: 1.8147e-02, Beta: 1.00 ---
... RAR IC , Max IC error: 0.1562, t: tensor(0.)
... RAR RES, Max residual error: 0.6842, t: tensor([[0.1465],
        [0.2738],
        [0.2818]])
--- Save Epoch: 3424, Loss: 2.9148e-02, IC: 1.1087e-02, Res: 1.8060e-02, Beta: 1.00 ---
--- Save Epoch: 3452, Loss: 2.8994e-02, IC: 1.1186e-02, Res: 1.7808e-02, Beta: 1.00 ---
--- Save Epoch: 3459, Loss: 2.8638e-02, IC: 1.1112e-02, Res: 1.7526e-02, Beta: 1.00 ---
--- Save Epoch: 3468, Loss: 2.8532e-02, IC: 1.0562e-02, Res: 1.7970e-02, Beta: 1.00 ---
--- Save Epoch: 3474, Loss: 2.8457e-02, IC: 1.0712e-02, Res: 1.7745e-02, Beta: 1.00 ---
--- Save Epoch: 3487, Loss: 2.8144e-02, IC: 1.0228e-02, Res: 1.7915e-02, Beta: 1.00 ---
--- Save Epoch: 3490, Loss: 2.8099e-02, IC: 1.0671e-02, Res: 1.7428e-02, Beta: 1.00 ---
... RAR IC , Max IC error: 0.1377, t: tensor(0.)
... RAR RES, Max residual error: 0.9628, t: tensor([[0.2989],
        [0.2992],
        [0.2992]])
--- Save Epoch: 3651, Loss: 2.7963e-02, IC: 1.1109e-02, Res: 1.6854e-02, Beta: 1.00 ---
--- Save Epoch: 3684, Loss: 2.7890e-02, IC: 1.0590e-02, Res: 1.7300e-02, Beta: 1.00 ---
--- Save Epoch: 3688, Loss: 2.7560e-02, IC: 1.0846e-02, Res: 1.6714e-02, Beta: 1.00 ---
... RAR IC , Max IC error: 0.1257, t: tensor(0.)
... RAR RES, Max residual error: 0.8226, t: tensor([[0.2981],
        [0.2981],
        [0.2981]])
--- Save Epoch: 3858, Loss: 2.7304e-02, IC: 9.3121e-03, Res: 1.7992e-02, Beta: 1.00 ---
--- Save Epoch: 3859, Loss: 2.6269e-02, IC: 9.1878e-03, Res: 1.7081e-02, Beta: 1.00 ---
... RAR IC , Max IC error: 0.1324, t: tensor(0.)
... RAR RES, Max residual error: 0.7660, t: tensor([[0.0049],
        [0.2427],
        [0.2136]])
[info] Training epoch: 4000, LR: 8.15e-04
--- Save Epoch: 4047, Loss: 2.5904e-02, IC: 9.0647e-03, Res: 1.6839e-02, Beta: 1.00 ---
--- Save Epoch: 4066, Loss: 2.5612e-02, IC: 8.6640e-03, Res: 1.6948e-02, Beta: 1.00 ---
--- Save Epoch: 4098, Loss: 2.5247e-02, IC: 9.0750e-03, Res: 1.6172e-02, Beta: 1.00 ---
... RAR IC , Max IC error: 0.1089, t: tensor(0.)
... RAR RES, Max residual error: 0.9247, t: tensor([[0.2868],
        [0.2872],
        [0.2986]])
--- Save Epoch: 4241, Loss: 2.5164e-02, IC: 8.8086e-03, Res: 1.6355e-02, Beta: 1.00 ---
... RAR IC , Max IC error: 0.1088, t: tensor(0.)
... RAR RES, Max residual error: 0.8363, t: tensor([[0.2987],
        [0.2994],
        [0.2910]])
--- Save Epoch: 4452, Loss: 2.4865e-02, IC: 8.8048e-03, Res: 1.6061e-02, Beta: 1.00 ---
--- Save Epoch: 4474, Loss: 2.4657e-02, IC: 8.2858e-03, Res: 1.6371e-02, Beta: 1.00 ---
--- Save Epoch: 4476, Loss: 2.4485e-02, IC: 8.1149e-03, Res: 1.6370e-02, Beta: 1.00 ---
--- Save Epoch: 4499, Loss: 2.4356e-02, IC: 7.9228e-03, Res: 1.6433e-02, Beta: 1.00 ---
... RAR IC , Max IC error: 0.1026, t: tensor(0.)
... RAR RES, Max residual error: 0.9603, t: tensor([[0.2982],
        [0.2529],
        [0.2973]])
--- Save Epoch: 4576, Loss: 2.4095e-02, IC: 8.2403e-03, Res: 1.5855e-02, Beta: 1.00 ---
... RAR IC , Max IC error: 0.1040, t: tensor(0.)
... RAR RES, Max residual error: 0.9484, t: tensor([[0.2980],
        [0.2967],
        [0.2745]])
--- Save Epoch: 4744, Loss: 2.4016e-02, IC: 7.4461e-03, Res: 1.6570e-02, Beta: 1.00 ---
--- Save Epoch: 4748, Loss: 2.3770e-02, IC: 7.5474e-03, Res: 1.6222e-02, Beta: 1.00 ---
--- Save Epoch: 4787, Loss: 2.3693e-02, IC: 7.0115e-03, Res: 1.6681e-02, Beta: 1.00 ---
--- Save Epoch: 4799, Loss: 2.3359e-02, IC: 7.6732e-03, Res: 1.5686e-02, Beta: 1.00 ---
--- Save Epoch: 4800, Loss: 2.3358e-02, IC: 7.5010e-03, Res: 1.5857e-02, Beta: 1.00 ---
... RAR IC , Max IC error: 0.1051, t: tensor(0.)
... RAR RES, Max residual error: 0.7869, t: tensor([[0.2948],
        [0.2948],
        [0.2803]])
--- Save Epoch: 4933, Loss: 2.2656e-02, IC: 7.5855e-03, Res: 1.5071e-02, Beta: 1.00 ---
[info] Training epoch: 5000, LR: 7.74e-04
... RAR IC , Max IC error: 0.0991, t: tensor(0.)
... RAR RES, Max residual error: 0.8736, t: tensor([[0.2745],
        [0.2939],
        [0.2225]])
--- Save Epoch: 5059, Loss: 2.2586e-02, IC: 7.0651e-03, Res: 1.5521e-02, Beta: 1.00 ---
--- Save Epoch: 5064, Loss: 2.2475e-02, IC: 6.7330e-03, Res: 1.5742e-02, Beta: 1.00 ---
--- Save Epoch: 5072, Loss: 2.2440e-02, IC: 6.8517e-03, Res: 1.5588e-02, Beta: 1.00 ---
--- Save Epoch: 5084, Loss: 2.1740e-02, IC: 6.8492e-03, Res: 1.4891e-02, Beta: 1.00 ---
... RAR IC , Max IC error: 0.0944, t: tensor(0.)
... RAR RES, Max residual error: 0.7694, t: tensor([[0.2990],
        [0.2685],
        [0.2990]])
--- Save Epoch: 5140, Loss: 2.1531e-02, IC: 6.7582e-03, Res: 1.4773e-02, Beta: 1.00 ---
--- Save Epoch: 5162, Loss: 2.1350e-02, IC: 6.6498e-03, Res: 1.4701e-02, Beta: 1.00 ---
--- Save Epoch: 5177, Loss: 2.1287e-02, IC: 6.5066e-03, Res: 1.4781e-02, Beta: 1.00 ---
--- Save Epoch: 5187, Loss: 2.0924e-02, IC: 6.0957e-03, Res: 1.4828e-02, Beta: 1.00 ---
... RAR IC , Max IC error: 0.0856, t: tensor(0.)
... RAR RES, Max residual error: 0.6097, t: tensor([[0.1909],
        [0.0504],
        [0.2656]])
--- Save Epoch: 5231, Loss: 2.0817e-02, IC: 5.9398e-03, Res: 1.4877e-02, Beta: 1.00 ---
--- Save Epoch: 5245, Loss: 2.0769e-02, IC: 5.8593e-03, Res: 1.4910e-02, Beta: 1.00 ---
--- Save Epoch: 5253, Loss: 2.0666e-02, IC: 6.2046e-03, Res: 1.4462e-02, Beta: 1.00 ---
--- Save Epoch: 5279, Loss: 2.0120e-02, IC: 5.8691e-03, Res: 1.4251e-02, Beta: 1.00 ---
--- Save Epoch: 5284, Loss: 2.0057e-02, IC: 6.0239e-03, Res: 1.4033e-02, Beta: 1.00 ---
--- Save Epoch: 5286, Loss: 1.9719e-02, IC: 6.0541e-03, Res: 1.3665e-02, Beta: 1.00 ---
... RAR IC , Max IC error: 0.0837, t: tensor(0.)
... RAR RES, Max residual error: 0.8446, t: tensor([[0.2874],
        [0.2993],
        [0.2874]])
--- Save Epoch: 5447, Loss: 1.9146e-02, IC: 5.3931e-03, Res: 1.3753e-02, Beta: 1.00 ---
--- Save Epoch: 5480, Loss: 1.8974e-02, IC: 5.0736e-03, Res: 1.3901e-02, Beta: 1.00 ---
... RAR IC , Max IC error: 0.0858, t: tensor(0.)
... RAR RES, Max residual error: 0.8112, t: tensor([[0.2961],
        [0.2831],
        [0.2989]])
--- Save Epoch: 5662, Loss: 1.8881e-02, IC: 4.9942e-03, Res: 1.3887e-02, Beta: 1.00 ---
--- Save Epoch: 5682, Loss: 1.8474e-02, IC: 4.9395e-03, Res: 1.3535e-02, Beta: 1.00 ---
--- Save Epoch: 5684, Loss: 1.8340e-02, IC: 4.7364e-03, Res: 1.3604e-02, Beta: 1.00 ---
... RAR IC , Max IC error: 0.0821, t: tensor(0.)
... RAR RES, Max residual error: 0.7397, t: tensor([[0.0206],
        [0.2561],
        [0.2265]])
--- Save Epoch: 5840, Loss: 1.8213e-02, IC: 4.7961e-03, Res: 1.3417e-02, Beta: 1.00 ---
--- Save Epoch: 5851, Loss: 1.7897e-02, IC: 4.6883e-03, Res: 1.3208e-02, Beta: 1.00 ---
... RAR IC , Max IC error: 0.0732, t: tensor(0.)
... RAR RES, Max residual error: 0.7202, t: tensor([[3.2938e-05],
        [2.9822e-01],
        [2.9827e-01]])
[info] Training epoch: 6000, LR: 7.35e-04
--- Save Epoch: 6125, Loss: 1.7673e-02, IC: 4.8133e-03, Res: 1.2860e-02, Beta: 1.00 ---
--- Save Epoch: 6135, Loss: 1.7489e-02, IC: 4.4748e-03, Res: 1.3014e-02, Beta: 1.00 ---
... RAR IC , Max IC error: 0.0713, t: tensor(0.)
... RAR RES, Max residual error: 1.1018, t: tensor([[0.2897],
        [0.2807],
        [0.2671]])
--- Save Epoch: 6380, Loss: 1.7368e-02, IC: 4.2375e-03, Res: 1.3131e-02, Beta: 1.00 ---
--- Save Epoch: 6389, Loss: 1.7298e-02, IC: 4.4041e-03, Res: 1.2894e-02, Beta: 1.00 ---
... RAR IC , Max IC error: 0.0702, t: tensor(0.)
... RAR RES, Max residual error: 0.7923, t: tensor([[0.2711],
        [0.2976],
        [0.2976]])
--- Save Epoch: 6607, Loss: 1.7091e-02, IC: 4.2054e-03, Res: 1.2886e-02, Beta: 1.00 ---
--- Save Epoch: 6663, Loss: 1.6826e-02, IC: 3.9453e-03, Res: 1.2881e-02, Beta: 1.00 ---
--- Save Epoch: 6694, Loss: 1.6803e-02, IC: 4.1879e-03, Res: 1.2615e-02, Beta: 1.00 ---
... RAR IC , Max IC error: 0.0676, t: tensor(0.)
... RAR RES, Max residual error: 0.6478, t: tensor([[0.2964],
        [0.2972],
        [0.2914]])
--- Save Epoch: 6859, Loss: 1.6736e-02, IC: 4.0804e-03, Res: 1.2656e-02, Beta: 1.00 ---
--- Save Epoch: 6879, Loss: 1.6609e-02, IC: 3.8790e-03, Res: 1.2730e-02, Beta: 1.00 ---
... RAR IC , Max IC error: 0.0623, t: tensor(0.)
... RAR RES, Max residual error: 0.6569, t: tensor([[0.2964],
        [0.2999],
        [0.2721]])
[info] Training epoch: 7000, LR: 6.98e-04
--- Save Epoch: 7113, Loss: 1.6433e-02, IC: 3.8216e-03, Res: 1.2611e-02, Beta: 1.00 ---
--- Save Epoch: 7132, Loss: 1.6234e-02, IC: 4.0139e-03, Res: 1.2220e-02, Beta: 1.00 ---
... RAR IC , Max IC error: 0.0753, t: tensor(0.)
... RAR RES, Max residual error: 0.7318, t: tensor([[2.9969e-01],
        [2.2849e-04],
        [1.0964e-02]])
--- Save Epoch: 7328, Loss: 1.6209e-02, IC: 3.8250e-03, Res: 1.2384e-02, Beta: 1.00 ---
--- Save Epoch: 7331, Loss: 1.6198e-02, IC: 3.6856e-03, Res: 1.2512e-02, Beta: 1.00 ---
--- Save Epoch: 7332, Loss: 1.5981e-02, IC: 3.7101e-03, Res: 1.2271e-02, Beta: 1.00 ---
--- Save Epoch: 7365, Loss: 1.5753e-02, IC: 3.5937e-03, Res: 1.2160e-02, Beta: 1.00 ---
--- Save Epoch: 7368, Loss: 1.5699e-02, IC: 3.6611e-03, Res: 1.2038e-02, Beta: 1.00 ---
... RAR IC , Max IC error: 0.0624, t: tensor(0.)
... RAR RES, Max residual error: 0.5526, t: tensor([[0.2966],
        [0.2806],
        [0.0020]])
--- Save Epoch: 7540, Loss: 1.5698e-02, IC: 3.6170e-03, Res: 1.2081e-02, Beta: 1.00 ---
--- Save Epoch: 7544, Loss: 1.5364e-02, IC: 3.4689e-03, Res: 1.1895e-02, Beta: 1.00 ---
--- Save Epoch: 7569, Loss: 1.5277e-02, IC: 3.4056e-03, Res: 1.1872e-02, Beta: 1.00 ---
... RAR IC , Max IC error: 0.0699, t: tensor(0.)
... RAR RES, Max residual error: 0.7730, t: tensor([[0.0034],
        [0.2927],
        [0.2940]])
--- Save Epoch: 7755, Loss: 1.5196e-02, IC: 3.4838e-03, Res: 1.1713e-02, Beta: 1.00 ---
... RAR IC , Max IC error: 0.0627, t: tensor(0.)
... RAR RES, Max residual error: 0.7935, t: tensor([[0.0036],
        [0.2966],
        [0.0627]])
[info] Training epoch: 8000, LR: 6.63e-04
--- Save Epoch: 8024, Loss: 1.5150e-02, IC: 3.2510e-03, Res: 1.1899e-02, Beta: 1.00 ---
... RAR IC , Max IC error: 0.0646, t: tensor(0.)
... RAR RES, Max residual error: 0.5825, t: tensor([[0.2071],
        [0.0187],
        [0.2974]])
--- Save Epoch: 8314, Loss: 1.4626e-02, IC: 3.1191e-03, Res: 1.1507e-02, Beta: 1.00 ---
... RAR IC , Max IC error: 0.0565, t: tensor(0.)
... RAR RES, Max residual error: 0.5518, t: tensor([[0.2623],
        [0.0720],
        [0.2802]])
--- Save Epoch: 8582, Loss: 1.4598e-02, IC: 2.9905e-03, Res: 1.1608e-02, Beta: 1.00 ---
... RAR IC , Max IC error: 0.0683, t: tensor(0.)
... RAR RES, Max residual error: 0.9018, t: tensor([[0.0157],
        [0.0051],
        [0.0103]])
--- Save Epoch: 8661, Loss: 1.4429e-02, IC: 3.0825e-03, Res: 1.1346e-02, Beta: 1.00 ---
... RAR IC , Max IC error: 0.0555, t: tensor(0.)
... RAR RES, Max residual error: 0.6092, t: tensor([[0.2839],
        [0.2626],
        [0.1759]])
--- Save Epoch: 8835, Loss: 1.4391e-02, IC: 2.9037e-03, Res: 1.1487e-02, Beta: 1.00 ---
--- Save Epoch: 8843, Loss: 1.4314e-02, IC: 2.9199e-03, Res: 1.1394e-02, Beta: 1.00 ---
... RAR IC , Max IC error: 0.0572, t: tensor(0.)
... RAR RES, Max residual error: 0.6529, t: tensor([[0.0477],
        [0.2939],
        [0.0144]])
[info] Training epoch: 9000, LR: 6.30e-04
--- Save Epoch: 9137, Loss: 1.4225e-02, IC: 2.8694e-03, Res: 1.1356e-02, Beta: 1.00 ---
... RAR IC , Max IC error: 0.0525, t: tensor(0.)
... RAR RES, Max residual error: 0.7016, t: tensor([[0.0010],
        [0.0010],
        [0.0367]])
--- Save Epoch: 9571, Loss: 1.4188e-02, IC: 2.7842e-03, Res: 1.1403e-02, Beta: 1.00 ---
--- Save Epoch: 9594, Loss: 1.4107e-02, IC: 2.7068e-03, Res: 1.1400e-02, Beta: 1.00 ---
... RAR IC , Max IC error: 0.0519, t: tensor(0.)
... RAR RES, Max residual error: 0.7580, t: tensor([[0.2929],
        [0.0587],
        [0.2819]])
--- Save Epoch: 9923, Loss: 1.4081e-02, IC: 2.7900e-03, Res: 1.1291e-02, Beta: 1.00 ---
--- Save Epoch: 9930, Loss: 1.3920e-02, IC: 2.6936e-03, Res: 1.1226e-02, Beta: 1.00 ---
--- Save Epoch: 9988, Loss: 1.3661e-02, IC: 2.5757e-03, Res: 1.1086e-02, Beta: 1.00 ---
[info] Training epoch: 10000, LR: 5.99e-04
... RAR IC , Max IC error: 0.0494, t: tensor(0.)
... RAR RES, Max residual error: 0.6030, t: tensor([[0.2997],
        [0.2995],
        [0.2995]])
--- Save Epoch: 10301, Loss: 1.3659e-02, IC: 2.4955e-03, Res: 1.1163e-02, Beta: 1.00 ---
... RAR IC , Max IC error: 0.0474, t: tensor(0.)
... RAR RES, Max residual error: 0.6342, t: tensor([[0.2916],
        [0.2790],
        [0.2902]])
--- Save Epoch: 10421, Loss: 1.3549e-02, IC: 2.6806e-03, Res: 1.0868e-02, Beta: 1.00 ---
... RAR IC , Max IC error: 0.0461, t: tensor(0.)
... RAR RES, Max residual error: 0.5182, t: tensor([[0.2831],
        [0.2815],
        [0.0538]])
--- Save Epoch: 10797, Loss: 1.3462e-02, IC: 2.5557e-03, Res: 1.0907e-02, Beta: 1.00 ---
... RAR IC , Max IC error: 0.0485, t: tensor(0.)
... RAR RES, Max residual error: 0.4615, t: tensor([[0.0774],
        [0.0765],
        [0.0836]])
--- Save Epoch: 10987, Loss: 1.3331e-02, IC: 2.5224e-03, Res: 1.0809e-02, Beta: 1.00 ---
[info] Training epoch: 11000, LR: 5.69e-04
... RAR IC , Max IC error: 0.0523, t: tensor(0.)
... RAR RES, Max residual error: 0.4804, t: tensor([[0.2964],
        [0.2985],
        [0.2799]])
--- Save Epoch: 11161, Loss: 1.3320e-02, IC: 2.4051e-03, Res: 1.0915e-02, Beta: 1.00 ---
--- Save Epoch: 11171, Loss: 1.3256e-02, IC: 2.4427e-03, Res: 1.0813e-02, Beta: 1.00 ---
--- Save Epoch: 11185, Loss: 1.3243e-02, IC: 2.3639e-03, Res: 1.0879e-02, Beta: 1.00 ---
--- Save Epoch: 11191, Loss: 1.2880e-02, IC: 2.3119e-03, Res: 1.0568e-02, Beta: 1.00 ---
... RAR IC , Max IC error: 0.0451, t: tensor(0.)
... RAR RES, Max residual error: 0.5951, t: tensor([[0.2887],
        [0.2989],
        [0.2156]])
--- Save Epoch: 11520, Loss: 1.2814e-02, IC: 2.2181e-03, Res: 1.0596e-02, Beta: 1.00 ---
--- Save Epoch: 11529, Loss: 1.2546e-02, IC: 2.2402e-03, Res: 1.0305e-02, Beta: 1.00 ---
--- Save Epoch: 11577, Loss: 1.2419e-02, IC: 2.1231e-03, Res: 1.0295e-02, Beta: 1.00 ---
... RAR IC , Max IC error: 0.0505, t: tensor(0.)
... RAR RES, Max residual error: 0.6107, t: tensor([[0.2959],
        [0.1222],
        [0.1593]])
--- Save Epoch: 11893, Loss: 1.2352e-02, IC: 2.1039e-03, Res: 1.0248e-02, Beta: 1.00 ---
... RAR IC , Max IC error: 0.0479, t: tensor(0.)
... RAR RES, Max residual error: 0.7197, t: tensor([[0.0050],
        [0.0095],
        [0.2962]])
[info] Training epoch: 12000, LR: 5.40e-04
--- Save Epoch: 12091, Loss: 1.2089e-02, IC: 2.2127e-03, Res: 9.8765e-03, Beta: 1.00 ---
... RAR IC , Max IC error: 0.0456, t: tensor(0.)
... RAR RES, Max residual error: 0.6852, t: tensor([[0.2970],
        [0.0286],
        [0.2970]])
--- Save Epoch: 12377, Loss: 1.1961e-02, IC: 2.1537e-03, Res: 9.8072e-03, Beta: 1.00 ---
... RAR IC , Max IC error: 0.0485, t: tensor(0.)
... RAR RES, Max residual error: 0.5008, t: tensor([[0.0004],
        [0.2921],
        [0.2941]])
--- Save Epoch: 12700, Loss: 1.1937e-02, IC: 2.1195e-03, Res: 9.8174e-03, Beta: 1.00 ---
... RAR IC , Max IC error: 0.0463, t: tensor(0.)
... RAR RES, Max residual error: 0.5584, t: tensor([[0.0007],
        [0.2940],
        [0.2845]])
--- Save Epoch: 12980, Loss: 1.1911e-02, IC: 2.0614e-03, Res: 9.8495e-03, Beta: 1.00 ---
[info] Training epoch: 13000, LR: 5.13e-04
... RAR IC , Max IC error: 0.0550, t: tensor(0.)
... RAR RES, Max residual error: 0.4880, t: tensor([[2.7351e-04],
        [2.7621e-01],
        [2.9071e-01]])
--- Save Epoch: 13105, Loss: 1.1772e-02, IC: 2.1751e-03, Res: 9.5967e-03, Beta: 1.00 ---
... RAR IC , Max IC error: 0.0473, t: tensor(0.)
... RAR RES, Max residual error: 0.4693, t: tensor([[0.2975],
        [0.2956],
        [0.2755]])
--- Save Epoch: 13425, Loss: 1.1637e-02, IC: 2.0473e-03, Res: 9.5899e-03, Beta: 1.00 ---
... RAR IC , Max IC error: 0.0503, t: tensor(0.)
... RAR RES, Max residual error: 0.5019, t: tensor([[0.2803],
        [0.2974],
        [0.2961]])
--- Save Epoch: 13641, Loss: 1.1580e-02, IC: 2.1278e-03, Res: 9.4518e-03, Beta: 1.00 ---
--- Save Epoch: 13661, Loss: 1.1522e-02, IC: 2.2091e-03, Res: 9.3129e-03, Beta: 1.00 ---
--- Save Epoch: 13682, Loss: 1.1516e-02, IC: 2.1046e-03, Res: 9.4119e-03, Beta: 1.00 ---
... RAR IC , Max IC error: 0.0451, t: tensor(0.)
... RAR RES, Max residual error: 0.5235, t: tensor([[0.2976],
        [0.2989],
        [0.2989]])
--- Save Epoch: 13965, Loss: 1.1387e-02, IC: 1.9970e-03, Res: 9.3899e-03, Beta: 1.00 ---
[info] Training epoch: 14000, LR: 4.88e-04
... RAR IC , Max IC error: 0.0448, t: tensor(0.)
... RAR RES, Max residual error: 0.5334, t: tensor([[0.2977],
        [0.2801],
        [0.2917]])
--- Save Epoch: 14382, Loss: 1.1372e-02, IC: 1.9693e-03, Res: 9.4027e-03, Beta: 1.00 ---
--- Save Epoch: 14388, Loss: 1.1303e-02, IC: 2.0421e-03, Res: 9.2612e-03, Beta: 1.00 ---
... RAR IC , Max IC error: 0.0537, t: tensor(0.)
... RAR RES, Max residual error: 0.5112, t: tensor([[0.0017],
        [0.2916],
        [0.2802]])
--- Save Epoch: 14734, Loss: 1.1234e-02, IC: 1.9471e-03, Res: 9.2867e-03, Beta: 1.00 ---
... RAR IC , Max IC error: 0.0427, t: tensor(0.)
... RAR RES, Max residual error: 0.5455, t: tensor([[0.0098],
        [0.2959],
        [0.2959]])
[info] Training epoch: 15000, LR: 4.63e-04
--- Save Epoch: 15070, Loss: 1.1111e-02, IC: 1.9144e-03, Res: 9.1971e-03, Beta: 1.00 ---
... RAR IC , Max IC error: 0.0418, t: tensor(0.)
... RAR RES, Max residual error: 0.6366, t: tensor([[0.2993],
        [0.2953],
        [0.2887]])
--- Save Epoch: 15272, Loss: 1.1018e-02, IC: 1.9729e-03, Res: 9.0451e-03, Beta: 1.00 ---
... RAR IC , Max IC error: 0.0474, t: tensor(0.)
... RAR RES, Max residual error: 0.7537, t: tensor([[2.2718e-04],
        [2.9714e-01],
        [7.1644e-02]])
--- Save Epoch: 15685, Loss: 1.0952e-02, IC: 1.8523e-03, Res: 9.1001e-03, Beta: 1.00 ---
... RAR IC , Max IC error: 0.0387, t: tensor(0.)
... RAR RES, Max residual error: 0.4575, t: tensor([[0.2914],
        [0.2984],
        [0.2079]])
[info] Training epoch: 16000, LR: 4.40e-04
--- Save Epoch: 16013, Loss: 1.0750e-02, IC: 1.8106e-03, Res: 8.9389e-03, Beta: 1.00 ---
--- Save Epoch: 16045, Loss: 1.0697e-02, IC: 1.9075e-03, Res: 8.7891e-03, Beta: 1.00 ---
--- Save Epoch: 16047, Loss: 1.0636e-02, IC: 1.8526e-03, Res: 8.7836e-03, Beta: 1.00 ---
... RAR IC , Max IC error: 0.0431, t: tensor(0.)
... RAR RES, Max residual error: 1.2561, t: tensor([[0.0066],
        [0.0028],
        [0.0066]])
--- Save Epoch: 16435, Loss: 1.0565e-02, IC: 1.8130e-03, Res: 8.7519e-03, Beta: 1.00 ---
... RAR IC , Max IC error: 0.0420, t: tensor(0.)
... RAR RES, Max residual error: 0.5631, t: tensor([[0.2981],
        [0.2981],
        [0.2927]])
--- Save Epoch: 16861, Loss: 1.0509e-02, IC: 1.7642e-03, Res: 8.7450e-03, Beta: 1.00 ---
--- Save Epoch: 16893, Loss: 1.0390e-02, IC: 1.7693e-03, Res: 8.6208e-03, Beta: 1.00 ---
... RAR IC , Max IC error: 0.0390, t: tensor(0.)
... RAR RES, Max residual error: 0.4092, t: tensor([[0.2941],
        [0.0837],
        [0.1093]])
[info] Training epoch: 17000, LR: 4.18e-04
--- Save Epoch: 17151, Loss: 1.0176e-02, IC: 1.7085e-03, Res: 8.4678e-03, Beta: 1.00 ---
... RAR IC , Max IC error: 0.0386, t: tensor(0.)
... RAR RES, Max residual error: 0.5532, t: tensor([[0.2898],
        [0.1472],
        [0.2979]])
--- Save Epoch: 17784, Loss: 1.0131e-02, IC: 1.5944e-03, Res: 8.5370e-03, Beta: 1.00 ---
--- Save Epoch: 17790, Loss: 1.0112e-02, IC: 1.6154e-03, Res: 8.4966e-03, Beta: 1.00 ---
... RAR IC , Max IC error: 0.0390, t: tensor(0.)
... RAR RES, Max residual error: 0.5185, t: tensor([[0.2961],
        [0.2622],
        [0.2961]])
[info] Training epoch: 18000, LR: 3.97e-04
--- Save Epoch: 18141, Loss: 1.0093e-02, IC: 1.5666e-03, Res: 8.5268e-03, Beta: 1.00 ---
--- Save Epoch: 18155, Loss: 1.0001e-02, IC: 1.6158e-03, Res: 8.3856e-03, Beta: 1.00 ---
--- Save Epoch: 18167, Loss: 9.9411e-03, IC: 1.5715e-03, Res: 8.3696e-03, Beta: 1.00 ---
... RAR IC , Max IC error: 0.0342, t: tensor(0.)
... RAR RES, Max residual error: 0.3523, t: tensor([[0.2951],
        [0.1541],
        [0.2689]])
--- Save Epoch: 18571, Loss: 9.8162e-03, IC: 1.5095e-03, Res: 8.3068e-03, Beta: 1.00 ---
... RAR IC , Max IC error: 0.0349, t: tensor(0.)
... RAR RES, Max residual error: 0.4457, t: tensor([[0.2879],
        [0.0215],
        [0.0217]])
[info] Training epoch: 19000, LR: 3.77e-04
--- Save Epoch: 19003, Loss: 9.6307e-03, IC: 1.4603e-03, Res: 8.1704e-03, Beta: 1.00 ---
... RAR IC , Max IC error: 0.0356, t: tensor(0.)
... RAR RES, Max residual error: 0.4656, t: tensor([[0.2984],
        [0.2954],
        [0.2984]])
--- Save Epoch: 19640, Loss: 9.6073e-03, IC: 1.4476e-03, Res: 8.1596e-03, Beta: 1.00 ---
... RAR IC , Max IC error: 0.0351, t: tensor(0.)
... RAR RES, Max residual error: 0.4490, t: tensor([[0.0042],
        [0.2938],
        [0.0062]])
--- Save Epoch: 19897, Loss: 9.5692e-03, IC: 1.4715e-03, Res: 8.0978e-03, Beta: 1.00 ---
... RAR IC , Max IC error: 0.0374, t: tensor(0.)
... RAR RES, Max residual error: 0.3896, t: tensor([[0.0036],
        [0.2040],
        [0.2967]])
[info] Training epoch: 20000, LR: 3.58e-04
--- Save Epoch: 20535, Loss: 9.3837e-03, IC: 1.5011e-03, Res: 7.8826e-03, Beta: 1.00 ---
... RAR IC , Max IC error: 0.0399, t: tensor(0.)
... RAR RES, Max residual error: 0.4860, t: tensor([[0.2975],
        [0.2975],
        [0.1312]])
[info] Training epoch: 21000, LR: 3.41e-04
--- Save Epoch: 21188, Loss: 9.3580e-03, IC: 1.4663e-03, Res: 7.8917e-03, Beta: 1.00 ---
... RAR IC , Max IC error: 0.0360, t: tensor(0.)
... RAR RES, Max residual error: 0.6442, t: tensor([[0.3000],
        [0.2959],
        [0.0037]])
--- Save Epoch: 21984, Loss: 9.3251e-03, IC: 1.4634e-03, Res: 7.8618e-03, Beta: 1.00 ---
[info] Training epoch: 22000, LR: 3.24e-04
... RAR IC , Max IC error: 0.0369, t: tensor(0.)
... RAR RES, Max residual error: 0.4253, t: tensor([[0.2963],
        [0.0498],
        [0.2928]])
--- Save Epoch: 22301, Loss: 9.2027e-03, IC: 1.4929e-03, Res: 7.7098e-03, Beta: 1.00 ---
... RAR IC , Max IC error: 0.0357, t: tensor(0.)
... RAR RES, Max residual error: 0.4142, t: tensor([[0.2991],
        [0.2978],
        [0.2978]])
[info] Training epoch: 23000, LR: 3.07e-04
--- Save Epoch: 23073, Loss: 9.1312e-03, IC: 1.3350e-03, Res: 7.7962e-03, Beta: 1.00 ---
--- Save Epoch: 23096, Loss: 9.1142e-03, IC: 1.3758e-03, Res: 7.7384e-03, Beta: 1.00 ---
... RAR IC , Max IC error: 0.0334, t: tensor(0.)
... RAR RES, Max residual error: 0.3234, t: tensor([[0.2644],
        [0.0426],
        [0.2943]])
--- Save Epoch: 23371, Loss: 9.0233e-03, IC: 1.4066e-03, Res: 7.6166e-03, Beta: 1.00 ---
--- Save Epoch: 23384, Loss: 9.0091e-03, IC: 1.3533e-03, Res: 7.6558e-03, Beta: 1.00 ---
... RAR IC , Max IC error: 0.0342, t: tensor(0.)
... RAR RES, Max residual error: 0.4101, t: tensor([[0.2822],
        [0.0003],
        [0.0186]])
[info] Training epoch: 24000, LR: 2.92e-04
--- Save Epoch: 24028, Loss: 8.9030e-03, IC: 1.3040e-03, Res: 7.5990e-03, Beta: 1.00 ---
--- Save Epoch: 24030, Loss: 8.8337e-03, IC: 1.3059e-03, Res: 7.5278e-03, Beta: 1.00 ---
... RAR IC , Max IC error: 0.0314, t: tensor(0.)
... RAR RES, Max residual error: 0.4254, t: tensor([[0.2959],
        [0.2965],
        [0.0013]])
--- Save Epoch: 24703, Loss: 8.8209e-03, IC: 1.2831e-03, Res: 7.5379e-03, Beta: 1.00 ---
--- Save Epoch: 24787, Loss: 8.7663e-03, IC: 1.2830e-03, Res: 7.4833e-03, Beta: 1.00 ---
... RAR IC , Max IC error: 0.0315, t: tensor(0.)
... RAR RES, Max residual error: 0.3845, t: tensor([[0.2996],
        [0.2396],
        [0.2967]])
[info] Training epoch: 25000, LR: 2.77e-04
--- Save Epoch: 25401, Loss: 8.7245e-03, IC: 1.2651e-03, Res: 7.4593e-03, Beta: 1.00 ---
--- Save Epoch: 25405, Loss: 8.7199e-03, IC: 1.2151e-03, Res: 7.5048e-03, Beta: 1.00 ---
--- Save Epoch: 25487, Loss: 8.7080e-03, IC: 1.1845e-03, Res: 7.5236e-03, Beta: 1.00 ---
--- Save Epoch: 25491, Loss: 8.6959e-03, IC: 1.2165e-03, Res: 7.4793e-03, Beta: 1.00 ---
... RAR IC , Max IC error: 0.0312, t: tensor(0.)
... RAR RES, Max residual error: 0.3416, t: tensor([[0.0200],
        [0.2959],
        [0.2981]])
--- Save Epoch: 25847, Loss: 8.6853e-03, IC: 1.2420e-03, Res: 7.4433e-03, Beta: 1.00 ---
--- Save Epoch: 25857, Loss: 8.6498e-03, IC: 1.2115e-03, Res: 7.4383e-03, Beta: 1.00 ---
--- Save Epoch: 25883, Loss: 8.6081e-03, IC: 1.1997e-03, Res: 7.4084e-03, Beta: 1.00 ---
--- Save Epoch: 25885, Loss: 8.6048e-03, IC: 1.1626e-03, Res: 7.4423e-03, Beta: 1.00 ---
... RAR IC , Max IC error: 0.0431, t: tensor(0.)
... RAR RES, Max residual error: 0.4461, t: tensor([[0.0037],
        [0.0051],
        [0.0123]])
[info] Training epoch: 26000, LR: 2.64e-04
--- Save Epoch: 26150, Loss: 8.5445e-03, IC: 1.1567e-03, Res: 7.3879e-03, Beta: 1.00 ---
--- Save Epoch: 26198, Loss: 8.4956e-03, IC: 1.1540e-03, Res: 7.3416e-03, Beta: 1.00 ---
... RAR IC , Max IC error: 0.0301, t: tensor(0.)
... RAR RES, Max residual error: 0.3948, t: tensor([[0.2923],
        [0.2814],
        [0.2923]])
--- Save Epoch: 26782, Loss: 8.4562e-03, IC: 1.1139e-03, Res: 7.3423e-03, Beta: 1.00 ---
--- Save Epoch: 26783, Loss: 8.3471e-03, IC: 1.1425e-03, Res: 7.2046e-03, Beta: 1.00 ---
... RAR IC , Max IC error: 0.0313, t: tensor(0.)
... RAR RES, Max residual error: 0.3732, t: tensor([[0.2972],
        [0.1096],
        [0.0164]])
[info] Training epoch: 27000, LR: 2.50e-04
--- Save Epoch: 27343, Loss: 8.3236e-03, IC: 1.0924e-03, Res: 7.2312e-03, Beta: 1.00 ---
... RAR IC , Max IC error: 0.0297, t: tensor(0.)
... RAR RES, Max residual error: 0.3769, t: tensor([[0.2986],
        [0.1351],
        [0.1175]])
--- Save Epoch: 27695, Loss: 8.3168e-03, IC: 1.1400e-03, Res: 7.1768e-03, Beta: 1.00 ---
... RAR IC , Max IC error: 0.0282, t: tensor(0.)
... RAR RES, Max residual error: 0.4890, t: tensor([[0.2963],
        [0.2973],
        [0.2792]])
[info] Training epoch: 28000, LR: 2.38e-04
--- Save Epoch: 28143, Loss: 8.2099e-03, IC: 1.0610e-03, Res: 7.1489e-03, Beta: 1.00 ---
--- Save Epoch: 28195, Loss: 8.1550e-03, IC: 1.0718e-03, Res: 7.0833e-03, Beta: 1.00 ---
... RAR IC , Max IC error: 0.0293, t: tensor(0.)
... RAR RES, Max residual error: 0.4491, t: tensor([[0.2959],
        [0.2985],
        [0.2873]])
--- Save Epoch: 28395, Loss: 8.1003e-03, IC: 1.0500e-03, Res: 7.0503e-03, Beta: 1.00 ---
... RAR IC , Max IC error: 0.0301, t: tensor(0.)
... RAR RES, Max residual error: 0.2962, t: tensor([[0.2695],
        [0.2485],
        [0.2868]])
[info] Training epoch: 29000, LR: 2.26e-04
--- Save Epoch: 29119, Loss: 8.0224e-03, IC: 9.9994e-04, Res: 7.0225e-03, Beta: 1.00 ---
... RAR IC , Max IC error: 0.0271, t: tensor(0.)
... RAR RES, Max residual error: 0.3244, t: tensor([[0.2992],
        [0.2977],
        [0.2992]])
--- Save Epoch: 29455, Loss: 7.9999e-03, IC: 1.0421e-03, Res: 6.9578e-03, Beta: 1.00 ---
... RAR IC , Max IC error: 0.0288, t: tensor(0.)
... RAR RES, Max residual error: 0.3447, t: tensor([[0.2855],
        [0.0038],
        [0.0827]])
--- Save Epoch: 29883, Loss: 7.9895e-03, IC: 1.0334e-03, Res: 6.9561e-03, Beta: 1.00 ---
... RAR IC , Max IC error: 0.0277, t: tensor(0.)
... RAR RES, Max residual error: 0.3300, t: tensor([[0.2983],
        [0.0171],
        [0.2869]])
[info] Training epoch: 30000, LR: 2.15e-04
--- Save Epoch: 30297, Loss: 7.9563e-03, IC: 1.0076e-03, Res: 6.9486e-03, Beta: 1.00 ---
... RAR IC , Max IC error: 0.0268, t: tensor(0.)
... RAR RES, Max residual error: 0.3290, t: tensor([[0.2988],
        [0.2675],
        [0.0147]])
--- Save Epoch: 30690, Loss: 7.9473e-03, IC: 1.0109e-03, Res: 6.9364e-03, Beta: 1.00 ---
... RAR IC , Max IC error: 0.0283, t: tensor(0.)
... RAR RES, Max residual error: 0.4578, t: tensor([[0.2966],
        [0.2782],
        [0.0027]])
[info] Training epoch: 31000, LR: 2.04e-04
--- Save Epoch: 31141, Loss: 7.9418e-03, IC: 9.7478e-04, Res: 6.9670e-03, Beta: 1.00 ---
--- Save Epoch: 31157, Loss: 7.9028e-03, IC: 1.0262e-03, Res: 6.8766e-03, Beta: 1.00 ---
... RAR IC , Max IC error: 0.0261, t: tensor(0.)
... RAR RES, Max residual error: 0.4588, t: tensor([[0.2961],
        [0.2961],
        [0.2926]])
--- Save Epoch: 31676, Loss: 7.8746e-03, IC: 9.9585e-04, Res: 6.8788e-03, Beta: 1.00 ---
--- Save Epoch: 31680, Loss: 7.8610e-03, IC: 9.6123e-04, Res: 6.8998e-03, Beta: 1.00 ---
... RAR IC , Max IC error: 0.0268, t: tensor(0.)
... RAR RES, Max residual error: 0.3264, t: tensor([[2.9867e-01],
        [2.7611e-04],
        [2.8980e-01]])
[info] Training epoch: 32000, LR: 1.94e-04
--- Save Epoch: 32007, Loss: 7.8455e-03, IC: 1.0105e-03, Res: 6.8350e-03, Beta: 1.00 ---
--- Save Epoch: 32044, Loss: 7.8250e-03, IC: 1.0101e-03, Res: 6.8149e-03, Beta: 1.00 ---
... RAR IC , Max IC error: 0.0269, t: tensor(0.)
... RAR RES, Max residual error: 0.3641, t: tensor([[0.2931],
        [0.2614],
        [0.2974]])
--- Save Epoch: 32386, Loss: 7.8120e-03, IC: 1.0040e-03, Res: 6.8081e-03, Beta: 1.00 ---
... RAR IC , Max IC error: 0.0279, t: tensor(0.)
... RAR RES, Max residual error: 0.4936, t: tensor([[0.2985],
        [0.2912],
        [0.2985]])
--- Save Epoch: 32917, Loss: 7.8011e-03, IC: 9.7329e-04, Res: 6.8278e-03, Beta: 1.00 ---
--- Save Epoch: 32967, Loss: 7.7621e-03, IC: 9.8716e-04, Res: 6.7749e-03, Beta: 1.00 ---
[info] Training epoch: 33000, LR: 1.84e-04
... RAR IC , Max IC error: 0.0257, t: tensor(0.)
... RAR RES, Max residual error: 0.3196, t: tensor([[0.2889],
        [0.0238],
        [0.2998]])
--- Save Epoch: 33285, Loss: 7.7460e-03, IC: 9.7538e-04, Res: 6.7706e-03, Beta: 1.00 ---
... RAR IC , Max IC error: 0.0266, t: tensor(0.)
... RAR RES, Max residual error: 0.3463, t: tensor([[0.2949],
        [0.2954],
        [0.2998]])
--- Save Epoch: 33470, Loss: 7.6873e-03, IC: 1.0001e-03, Res: 6.6872e-03, Beta: 1.00 ---
... RAR IC , Max IC error: 0.0272, t: tensor(0.)
... RAR RES, Max residual error: 0.5572, t: tensor([[0.2978],
        [0.2966],
        [0.2852]])
[info] Training epoch: 34000, LR: 1.75e-04
--- Save Epoch: 34071, Loss: 7.6496e-03, IC: 9.2999e-04, Res: 6.7196e-03, Beta: 1.00 ---
... RAR IC , Max IC error: 0.0270, t: tensor(0.)
... RAR RES, Max residual error: 0.3315, t: tensor([[0.2792],
        [0.1395],
        [0.1666]])
--- Save Epoch: 34480, Loss: 7.6470e-03, IC: 9.7478e-04, Res: 6.6722e-03, Beta: 1.00 ---
... RAR IC , Max IC error: 0.0269, t: tensor(0.)
... RAR RES, Max residual error: 0.3378, t: tensor([[0.2872],
        [0.2872],
        [0.2906]])
--- Save Epoch: 34882, Loss: 7.6411e-03, IC: 9.7290e-04, Res: 6.6682e-03, Beta: 1.00 ---
--- Save Epoch: 34894, Loss: 7.6257e-03, IC: 9.5392e-04, Res: 6.6718e-03, Beta: 1.00 ---
... RAR IC , Max IC error: 0.0260, t: tensor(0.)
... RAR RES, Max residual error: 0.2908, t: tensor([[0.2774],
        [0.2898],
        [0.2898]])
[info] Training epoch: 35000, LR: 1.66e-04
--- Save Epoch: 35078, Loss: 7.5907e-03, IC: 9.6998e-04, Res: 6.6207e-03, Beta: 1.00 ---
... RAR IC , Max IC error: 0.0277, t: tensor(0.)
... RAR RES, Max residual error: 0.3756, t: tensor([[0.2995],
        [0.0123],
        [0.1448]])
--- Save Epoch: 35591, Loss: 7.5720e-03, IC: 9.4816e-04, Res: 6.6239e-03, Beta: 1.00 ---
... RAR IC , Max IC error: 0.0279, t: tensor(0.)
... RAR RES, Max residual error: 0.2756, t: tensor([[0.2998],
        [0.2871],
        [0.1232]])
--- Save Epoch: 35803, Loss: 7.5347e-03, IC: 9.5061e-04, Res: 6.5841e-03, Beta: 1.00 ---
--- Save Epoch: 35861, Loss: 7.5345e-03, IC: 9.4731e-04, Res: 6.5872e-03, Beta: 1.00 ---
... RAR IC , Max IC error: 0.0286, t: tensor(0.)
... RAR RES, Max residual error: 0.3853, t: tensor([[0.2983],
        [0.2973],
        [0.2997]])
[info] Training epoch: 36000, LR: 1.58e-04
--- Save Epoch: 36232, Loss: 7.4974e-03, IC: 9.3754e-04, Res: 6.5599e-03, Beta: 1.00 ---
--- Save Epoch: 36243, Loss: 7.4790e-03, IC: 9.4394e-04, Res: 6.5350e-03, Beta: 1.00 ---
--- Save Epoch: 36285, Loss: 7.4594e-03, IC: 9.3585e-04, Res: 6.5236e-03, Beta: 1.00 ---
--- Save Epoch: 36290, Loss: 7.4425e-03, IC: 9.0532e-04, Res: 6.5371e-03, Beta: 1.00 ---
--- Save Epoch: 36291, Loss: 7.4233e-03, IC: 9.1874e-04, Res: 6.5045e-03, Beta: 1.00 ---
... RAR IC , Max IC error: 0.0262, t: tensor(0.)
... RAR RES, Max residual error: 0.2823, t: tensor([[0.2997],
        [0.2960],
        [0.2769]])
--- Save Epoch: 36436, Loss: 7.3758e-03, IC: 9.0814e-04, Res: 6.4676e-03, Beta: 1.00 ---
... RAR IC , Max IC error: 0.0259, t: tensor(0.)
... RAR RES, Max residual error: 0.3142, t: tensor([[0.0512],
        [0.2967],
        [0.0017]])
--- Save Epoch: 36817, Loss: 7.3748e-03, IC: 9.1582e-04, Res: 6.4590e-03, Beta: 1.00 ---
--- Save Epoch: 36818, Loss: 7.3667e-03, IC: 9.1148e-04, Res: 6.4552e-03, Beta: 1.00 ---
--- Save Epoch: 36869, Loss: 7.3465e-03, IC: 9.0324e-04, Res: 6.4433e-03, Beta: 1.00 ---
... RAR IC , Max IC error: 0.0274, t: tensor(0.)
... RAR RES, Max residual error: 0.3892, t: tensor([[0.2972],
        [0.2972],
        [0.0894]])
[info] Training epoch: 37000, LR: 1.50e-04
--- Save Epoch: 37324, Loss: 7.3363e-03, IC: 9.0167e-04, Res: 6.4346e-03, Beta: 1.00 ---
--- Save Epoch: 37347, Loss: 7.3285e-03, IC: 9.0374e-04, Res: 6.4248e-03, Beta: 1.00 ---
--- Save Epoch: 37380, Loss: 7.3104e-03, IC: 8.8904e-04, Res: 6.4214e-03, Beta: 1.00 ---
--- Save Epoch: 37381, Loss: 7.2947e-03, IC: 8.8709e-04, Res: 6.4076e-03, Beta: 1.00 ---
... RAR IC , Max IC error: 0.0272, t: tensor(0.)
... RAR RES, Max residual error: 0.4399, t: tensor([[0.2993],
        [0.2935],
        [0.2982]])
--- Save Epoch: 37641, Loss: 7.2898e-03, IC: 8.9085e-04, Res: 6.3989e-03, Beta: 1.00 ---
--- Save Epoch: 37645, Loss: 7.2620e-03, IC: 8.7917e-04, Res: 6.3828e-03, Beta: 1.00 ---
... RAR IC , Max IC error: 0.0253, t: tensor(0.)
... RAR RES, Max residual error: 0.3536, t: tensor([[0.2974],
        [0.2950],
        [0.0248]])
--- Save Epoch: 37890, Loss: 7.2408e-03, IC: 8.5301e-04, Res: 6.3878e-03, Beta: 1.00 ---
... RAR IC , Max IC error: 0.0253, t: tensor(0.)
... RAR RES, Max residual error: 0.2891, t: tensor([[0.2879],
        [0.2415],
        [0.2622]])
[info] Training epoch: 38000, LR: 1.42e-04
--- Save Epoch: 38103, Loss: 7.2329e-03, IC: 8.6240e-04, Res: 6.3705e-03, Beta: 1.00 ---
--- Save Epoch: 38127, Loss: 7.2314e-03, IC: 8.5797e-04, Res: 6.3734e-03, Beta: 1.00 ---
--- Save Epoch: 38152, Loss: 7.2307e-03, IC: 8.6539e-04, Res: 6.3653e-03, Beta: 1.00 ---
--- Save Epoch: 38159, Loss: 7.1965e-03, IC: 8.4643e-04, Res: 6.3501e-03, Beta: 1.00 ---
--- Save Epoch: 38160, Loss: 7.1926e-03, IC: 8.4405e-04, Res: 6.3486e-03, Beta: 1.00 ---
--- Save Epoch: 38162, Loss: 7.1906e-03, IC: 8.4618e-04, Res: 6.3444e-03, Beta: 1.00 ---
--- Save Epoch: 38183, Loss: 7.1773e-03, IC: 8.5397e-04, Res: 6.3233e-03, Beta: 1.00 ---
... RAR IC , Max IC error: 0.0246, t: tensor(0.)
... RAR RES, Max residual error: 0.2853, t: tensor([[0.2890],
        [0.1628],
        [0.2966]])
--- Save Epoch: 38604, Loss: 7.1581e-03, IC: 8.2879e-04, Res: 6.3294e-03, Beta: 1.00 ---
--- Save Epoch: 38613, Loss: 7.1393e-03, IC: 8.1725e-04, Res: 6.3220e-03, Beta: 1.00 ---
--- Save Epoch: 38615, Loss: 7.1292e-03, IC: 8.4526e-04, Res: 6.2839e-03, Beta: 1.00 ---
--- Save Epoch: 38617, Loss: 7.1109e-03, IC: 8.3075e-04, Res: 6.2802e-03, Beta: 1.00 ---
--- Save Epoch: 38630, Loss: 7.0801e-03, IC: 8.0763e-04, Res: 6.2725e-03, Beta: 1.00 ---
--- Save Epoch: 38633, Loss: 7.0766e-03, IC: 8.0221e-04, Res: 6.2744e-03, Beta: 1.00 ---
--- Save Epoch: 38679, Loss: 7.0256e-03, IC: 8.0540e-04, Res: 6.2202e-03, Beta: 1.00 ---
... RAR IC , Max IC error: 0.0250, t: tensor(0.)
... RAR RES, Max residual error: 0.3020, t: tensor([[0.2876],
        [0.0546],
        [0.1590]])
--- Save Epoch: 38954, Loss: 7.0169e-03, IC: 7.9566e-04, Res: 6.2212e-03, Beta: 1.00 ---
--- Save Epoch: 38964, Loss: 6.9954e-03, IC: 7.9737e-04, Res: 6.1981e-03, Beta: 1.00 ---
--- Save Epoch: 38971, Loss: 6.9810e-03, IC: 7.8229e-04, Res: 6.1987e-03, Beta: 1.00 ---
--- Save Epoch: 38999, Loss: 6.9747e-03, IC: 7.9355e-04, Res: 6.1811e-03, Beta: 1.00 ---
[info] Training epoch: 39000, LR: 1.35e-04
... RAR IC , Max IC error: 0.0239, t: tensor(0.)
... RAR RES, Max residual error: 0.3046, t: tensor([[0.2990],
        [0.2990],
        [0.1192]])
--- Save Epoch: 39253, Loss: 6.9314e-03, IC: 7.7180e-04, Res: 6.1596e-03, Beta: 1.00 ---
--- Save Epoch: 39283, Loss: 6.9289e-03, IC: 7.7564e-04, Res: 6.1533e-03, Beta: 1.00 ---
--- Save Epoch: 39293, Loss: 6.9010e-03, IC: 7.7355e-04, Res: 6.1275e-03, Beta: 1.00 ---
... RAR IC , Max IC error: 0.0233, t: tensor(0.)
... RAR RES, Max residual error: 0.3482, t: tensor([[0.2947],
        [0.2766],
        [0.1715]])
--- Save Epoch: 39633, Loss: 6.8826e-03, IC: 7.5793e-04, Res: 6.1247e-03, Beta: 1.00 ---
--- Save Epoch: 39653, Loss: 6.8700e-03, IC: 7.6459e-04, Res: 6.1054e-03, Beta: 1.00 ---
--- Save Epoch: 39654, Loss: 6.8452e-03, IC: 7.6535e-04, Res: 6.0799e-03, Beta: 1.00 ---
--- Save Epoch: 39670, Loss: 6.8395e-03, IC: 7.5356e-04, Res: 6.0860e-03, Beta: 1.00 ---
--- Save Epoch: 39696, Loss: 6.8353e-03, IC: 7.3777e-04, Res: 6.0975e-03, Beta: 1.00 ---
... RAR IC , Max IC error: 0.0214, t: tensor(0.)
... RAR RES, Max residual error: 0.2715, t: tensor([[0.0342],
        [0.1294],
        [0.1777]])
[info] Training epoch: 40000, LR: 1.29e-04
--- Save Epoch: 40144, Loss: 6.8288e-03, IC: 7.4361e-04, Res: 6.0852e-03, Beta: 1.00 ---
--- Save Epoch: 40174, Loss: 6.8280e-03, IC: 7.3384e-04, Res: 6.0942e-03, Beta: 1.00 ---
--- Save Epoch: 40184, Loss: 6.8213e-03, IC: 7.3232e-04, Res: 6.0890e-03, Beta: 1.00 ---
--- Save Epoch: 40196, Loss: 6.8017e-03, IC: 7.5511e-04, Res: 6.0466e-03, Beta: 1.00 ---
--- Save Epoch: 40199, Loss: 6.7953e-03, IC: 7.2544e-04, Res: 6.0699e-03, Beta: 1.00 ---
... RAR IC , Max IC error: 0.0247, t: tensor(0.)
... RAR RES, Max residual error: 0.2954, t: tensor([[0.2977],
        [0.1433],
        [0.1496]])
--- Save Epoch: 40278, Loss: 6.7619e-03, IC: 7.3860e-04, Res: 6.0233e-03, Beta: 1.00 ---
... RAR IC , Max IC error: 0.0227, t: tensor(0.)
... RAR RES, Max residual error: 0.2376, t: tensor([[0.0916],
        [0.1426],
        [0.0185]])
--- Save Epoch: 40558, Loss: 6.7578e-03, IC: 7.2572e-04, Res: 6.0321e-03, Beta: 1.00 ---
--- Save Epoch: 40562, Loss: 6.7138e-03, IC: 7.2139e-04, Res: 5.9924e-03, Beta: 1.00 ---
... RAR IC , Max IC error: 0.0216, t: tensor(0.)
... RAR RES, Max residual error: 0.2637, t: tensor([[0.2993],
        [0.2535],
        [0.2650]])
--- Save Epoch: 40838, Loss: 6.6994e-03, IC: 7.0527e-04, Res: 5.9941e-03, Beta: 1.00 ---
--- Save Epoch: 40882, Loss: 6.6951e-03, IC: 7.1370e-04, Res: 5.9814e-03, Beta: 1.00 ---
--- Save Epoch: 40885, Loss: 6.6765e-03, IC: 7.3933e-04, Res: 5.9372e-03, Beta: 1.00 ---
--- Save Epoch: 40888, Loss: 6.6672e-03, IC: 7.1097e-04, Res: 5.9562e-03, Beta: 1.00 ---
... RAR IC , Max IC error: 0.0222, t: tensor(0.)
... RAR RES, Max residual error: 0.2649, t: tensor([[0.2954],
        [0.3000],
        [0.2966]])
[info] Training epoch: 41000, LR: 1.22e-04
--- Save Epoch: 41308, Loss: 6.6583e-03, IC: 6.9558e-04, Res: 5.9627e-03, Beta: 1.00 ---
--- Save Epoch: 41315, Loss: 6.6420e-03, IC: 7.2265e-04, Res: 5.9194e-03, Beta: 1.00 ---
--- Save Epoch: 41346, Loss: 6.6196e-03, IC: 7.0245e-04, Res: 5.9171e-03, Beta: 1.00 ---
--- Save Epoch: 41352, Loss: 6.6178e-03, IC: 6.8722e-04, Res: 5.9305e-03, Beta: 1.00 ---
--- Save Epoch: 41393, Loss: 6.5479e-03, IC: 6.9863e-04, Res: 5.8493e-03, Beta: 1.00 ---
... RAR IC , Max IC error: 0.0227, t: tensor(0.)
... RAR RES, Max residual error: 0.2945, t: tensor([[0.2968],
        [0.2968],
        [0.2948]])
--- Save Epoch: 41572, Loss: 6.5233e-03, IC: 6.7314e-04, Res: 5.8501e-03, Beta: 1.00 ---
... RAR IC , Max IC error: 0.0216, t: tensor(0.)
... RAR RES, Max residual error: 0.2743, t: tensor([[0.2372],
        [0.0694],
        [0.2984]])
--- Save Epoch: 41849, Loss: 6.5155e-03, IC: 6.8082e-04, Res: 5.8347e-03, Beta: 1.00 ---
--- Save Epoch: 41868, Loss: 6.5121e-03, IC: 6.8379e-04, Res: 5.8283e-03, Beta: 1.00 ---
--- Save Epoch: 41876, Loss: 6.4895e-03, IC: 6.6887e-04, Res: 5.8207e-03, Beta: 1.00 ---
--- Save Epoch: 41888, Loss: 6.4664e-03, IC: 6.6480e-04, Res: 5.8016e-03, Beta: 1.00 ---
--- Save Epoch: 41889, Loss: 6.4431e-03, IC: 6.6517e-04, Res: 5.7779e-03, Beta: 1.00 ---
... RAR IC , Max IC error: 0.0198, t: tensor(0.)
... RAR RES, Max residual error: 0.3366, t: tensor([[0.2964],
        [0.0956],
        [0.0895]])
[info] Training epoch: 42000, LR: 1.16e-04
--- Save Epoch: 42154, Loss: 6.4289e-03, IC: 6.6731e-04, Res: 5.7616e-03, Beta: 1.00 ---
--- Save Epoch: 42196, Loss: 6.4251e-03, IC: 6.6627e-04, Res: 5.7588e-03, Beta: 1.00 ---
--- Save Epoch: 42197, Loss: 6.4136e-03, IC: 6.6450e-04, Res: 5.7491e-03, Beta: 1.00 ---
--- Save Epoch: 42199, Loss: 6.3893e-03, IC: 6.7539e-04, Res: 5.7139e-03, Beta: 1.00 ---
... RAR IC , Max IC error: 0.0206, t: tensor(0.)
... RAR RES, Max residual error: 0.3588, t: tensor([[0.2969],
        [0.2774],
        [0.2992]])
--- Save Epoch: 42460, Loss: 6.3817e-03, IC: 6.6101e-04, Res: 5.7207e-03, Beta: 1.00 ---
--- Save Epoch: 42467, Loss: 6.3729e-03, IC: 6.6517e-04, Res: 5.7077e-03, Beta: 1.00 ---
... RAR IC , Max IC error: 0.0205, t: tensor(0.)
... RAR RES, Max residual error: 0.2565, t: tensor([[0.2948],
        [0.2948],
        [0.1901]])
--- Save Epoch: 42691, Loss: 6.3681e-03, IC: 6.6536e-04, Res: 5.7028e-03, Beta: 1.00 ---
... RAR IC , Max IC error: 0.0205, t: tensor(0.)
... RAR RES, Max residual error: 0.4093, t: tensor([[0.2988],
        [0.2956],
        [0.2969]])
--- Save Epoch: 42982, Loss: 6.3622e-03, IC: 6.8074e-04, Res: 5.6815e-03, Beta: 1.00 ---
--- Save Epoch: 42984, Loss: 6.3470e-03, IC: 6.7329e-04, Res: 5.6737e-03, Beta: 1.00 ---
[info] Training epoch: 43000, LR: 1.10e-04
... RAR IC , Max IC error: 0.0195, t: tensor(0.)
... RAR RES, Max residual error: 0.2540, t: tensor([[0.2986],
        [0.2986],
        [0.2460]])
--- Save Epoch: 43215, Loss: 6.3455e-03, IC: 6.7506e-04, Res: 5.6705e-03, Beta: 1.00 ---
--- Save Epoch: 43223, Loss: 6.3433e-03, IC: 6.8877e-04, Res: 5.6545e-03, Beta: 1.00 ---
--- Save Epoch: 43247, Loss: 6.3394e-03, IC: 6.6061e-04, Res: 5.6788e-03, Beta: 1.00 ---
--- Save Epoch: 43248, Loss: 6.3300e-03, IC: 6.7153e-04, Res: 5.6585e-03, Beta: 1.00 ---
--- Save Epoch: 43253, Loss: 6.3149e-03, IC: 6.7883e-04, Res: 5.6361e-03, Beta: 1.00 ---
--- Save Epoch: 43276, Loss: 6.2949e-03, IC: 6.7720e-04, Res: 5.6177e-03, Beta: 1.00 ---
--- Save Epoch: 43292, Loss: 6.2880e-03, IC: 6.7154e-04, Res: 5.6165e-03, Beta: 1.00 ---
... RAR IC , Max IC error: 0.0213, t: tensor(0.)
... RAR RES, Max residual error: 0.3146, t: tensor([[0.2982],
        [0.2874],
        [0.1131]])
--- Save Epoch: 43574, Loss: 6.2788e-03, IC: 6.7579e-04, Res: 5.6030e-03, Beta: 1.00 ---
... RAR IC , Max IC error: 0.0201, t: tensor(0.)
... RAR RES, Max residual error: 0.3619, t: tensor([[0.2981],
        [0.2966],
        [0.2981]])
--- Save Epoch: 43909, Loss: 6.2744e-03, IC: 6.7505e-04, Res: 5.5994e-03, Beta: 1.00 ---
--- Save Epoch: 43914, Loss: 6.2628e-03, IC: 6.7002e-04, Res: 5.5927e-03, Beta: 1.00 ---
--- Save Epoch: 43928, Loss: 6.2566e-03, IC: 6.7095e-04, Res: 5.5857e-03, Beta: 1.00 ---
--- Save Epoch: 43955, Loss: 6.2432e-03, IC: 6.8376e-04, Res: 5.5595e-03, Beta: 1.00 ---
--- Save Epoch: 43963, Loss: 6.2293e-03, IC: 6.8297e-04, Res: 5.5463e-03, Beta: 1.00 ---
[info] Training epoch: 44000, LR: 1.05e-04
... RAR IC , Max IC error: 0.0200, t: tensor(0.)
... RAR RES, Max residual error: 0.2843, t: tensor([[0.2947],
        [0.0010],
        [0.0010]])
--- Save Epoch: 44217, Loss: 6.2238e-03, IC: 6.7007e-04, Res: 5.5537e-03, Beta: 1.00 ---
--- Save Epoch: 44233, Loss: 6.2138e-03, IC: 6.6889e-04, Res: 5.5449e-03, Beta: 1.00 ---
--- Save Epoch: 44240, Loss: 6.2038e-03, IC: 6.9368e-04, Res: 5.5101e-03, Beta: 1.00 ---
--- Save Epoch: 44263, Loss: 6.2018e-03, IC: 6.7764e-04, Res: 5.5241e-03, Beta: 1.00 ---
--- Save Epoch: 44278, Loss: 6.1940e-03, IC: 6.7437e-04, Res: 5.5197e-03, Beta: 1.00 ---
--- Save Epoch: 44292, Loss: 6.1830e-03, IC: 6.8622e-04, Res: 5.4968e-03, Beta: 1.00 ---
... RAR IC , Max IC error: 0.0205, t: tensor(0.)
... RAR RES, Max residual error: 0.3449, t: tensor([[0.2982],
        [0.2982],
        [0.2982]])
--- Save Epoch: 44638, Loss: 6.1683e-03, IC: 6.9344e-04, Res: 5.4748e-03, Beta: 1.00 ---
--- Save Epoch: 44645, Loss: 6.1677e-03, IC: 6.8728e-04, Res: 5.4805e-03, Beta: 1.00 ---
--- Save Epoch: 44662, Loss: 6.1603e-03, IC: 6.6668e-04, Res: 5.4936e-03, Beta: 1.00 ---
... RAR IC , Max IC error: 0.0202, t: tensor(0.)
... RAR RES, Max residual error: 0.2734, t: tensor([[0.2981],
        [0.2961],
        [0.1295]])
--- Save Epoch: 44919, Loss: 6.1543e-03, IC: 6.9044e-04, Res: 5.4639e-03, Beta: 1.00 ---
--- Save Epoch: 44941, Loss: 6.1421e-03, IC: 6.8843e-04, Res: 5.4537e-03, Beta: 1.00 ---
--- Save Epoch: 44943, Loss: 6.1308e-03, IC: 6.8976e-04, Res: 5.4411e-03, Beta: 1.00 ---
--- Save Epoch: 44974, Loss: 6.1264e-03, IC: 6.9113e-04, Res: 5.4353e-03, Beta: 1.00 ---
[info] Training epoch: 45000, LR: 9.94e-05
... RAR IC , Max IC error: 0.0209, t: tensor(0.)
... RAR RES, Max residual error: 0.2544, t: tensor([[0.2995],
        [0.1370],
        [0.0004]])
--- Save Epoch: 45212, Loss: 6.1209e-03, IC: 6.8297e-04, Res: 5.4380e-03, Beta: 1.00 ---
--- Save Epoch: 45221, Loss: 6.1204e-03, IC: 6.8733e-04, Res: 5.4331e-03, Beta: 1.00 ---
--- Save Epoch: 45223, Loss: 6.1030e-03, IC: 6.8655e-04, Res: 5.4165e-03, Beta: 1.00 ---
--- Save Epoch: 45264, Loss: 6.1017e-03, IC: 6.8851e-04, Res: 5.4132e-03, Beta: 1.00 ---
--- Save Epoch: 45274, Loss: 6.0932e-03, IC: 6.8602e-04, Res: 5.4072e-03, Beta: 1.00 ---
... RAR IC , Max IC error: 0.0225, t: tensor(0.)
... RAR RES, Max residual error: 0.2650, t: tensor([[0.2956],
        [0.2956],
        [0.2739]])
--- Save Epoch: 45489, Loss: 6.0701e-03, IC: 6.8550e-04, Res: 5.3846e-03, Beta: 1.00 ---
... RAR IC , Max IC error: 0.0209, t: tensor(0.)
... RAR RES, Max residual error: 0.3092, t: tensor([[0.2982],
        [0.2974],
        [0.2740]])
--- Save Epoch: 45844, Loss: 6.0582e-03, IC: 6.9547e-04, Res: 5.3627e-03, Beta: 1.00 ---
... RAR IC , Max IC error: 0.0203, t: tensor(0.)
... RAR RES, Max residual error: 0.3395, t: tensor([[0.2949],
        [0.2966],
        [0.2966]])
[info] Training epoch: 46000, LR: 9.45e-05
--- Save Epoch: 46212, Loss: 6.0428e-03, IC: 6.8138e-04, Res: 5.3614e-03, Beta: 1.00 ---
--- Save Epoch: 46224, Loss: 6.0318e-03, IC: 6.7230e-04, Res: 5.3595e-03, Beta: 1.00 ---
--- Save Epoch: 46231, Loss: 6.0280e-03, IC: 6.6698e-04, Res: 5.3610e-03, Beta: 1.00 ---
--- Save Epoch: 46237, Loss: 6.0076e-03, IC: 6.7647e-04, Res: 5.3311e-03, Beta: 1.00 ---
--- Save Epoch: 46268, Loss: 6.0055e-03, IC: 6.8407e-04, Res: 5.3214e-03, Beta: 1.00 ---
... RAR IC , Max IC error: 0.0199, t: tensor(0.)
... RAR RES, Max residual error: 0.2735, t: tensor([[0.2962],
        [0.2962],
        [0.2994]])
--- Save Epoch: 46535, Loss: 5.9933e-03, IC: 6.8541e-04, Res: 5.3079e-03, Beta: 1.00 ---
--- Save Epoch: 46595, Loss: 5.9929e-03, IC: 6.8789e-04, Res: 5.3050e-03, Beta: 1.00 ---
... RAR IC , Max IC error: 0.0199, t: tensor(0.)
... RAR RES, Max residual error: 0.2874, t: tensor([[0.2812],
        [0.2694],
        [0.2714]])
--- Save Epoch: 46821, Loss: 5.9850e-03, IC: 6.8543e-04, Res: 5.2996e-03, Beta: 1.00 ---
--- Save Epoch: 46889, Loss: 5.9757e-03, IC: 6.8604e-04, Res: 5.2896e-03, Beta: 1.00 ---
... RAR IC , Max IC error: 0.0209, t: tensor(0.)
... RAR RES, Max residual error: 0.2505, t: tensor([[0.2992],
        [0.2942],
        [0.2039]])
[info] Training epoch: 47000, LR: 8.97e-05
--- Save Epoch: 47202, Loss: 5.9709e-03, IC: 6.7401e-04, Res: 5.2969e-03, Beta: 1.00 ---
--- Save Epoch: 47206, Loss: 5.9620e-03, IC: 6.8585e-04, Res: 5.2762e-03, Beta: 1.00 ---
--- Save Epoch: 47211, Loss: 5.9516e-03, IC: 6.7017e-04, Res: 5.2814e-03, Beta: 1.00 ---
--- Save Epoch: 47214, Loss: 5.9422e-03, IC: 6.7031e-04, Res: 5.2719e-03, Beta: 1.00 ---
--- Save Epoch: 47249, Loss: 5.9392e-03, IC: 6.7350e-04, Res: 5.2657e-03, Beta: 1.00 ---
--- Save Epoch: 47252, Loss: 5.9308e-03, IC: 6.7978e-04, Res: 5.2510e-03, Beta: 1.00 ---
--- Save Epoch: 47257, Loss: 5.9276e-03, IC: 6.6879e-04, Res: 5.2588e-03, Beta: 1.00 ---
--- Save Epoch: 47288, Loss: 5.9050e-03, IC: 6.6750e-04, Res: 5.2375e-03, Beta: 1.00 ---
... RAR IC , Max IC error: 0.0200, t: tensor(0.)
... RAR RES, Max residual error: 0.3026, t: tensor([[0.2965],
        [0.2965],
        [0.2816]])
--- Save Epoch: 47662, Loss: 5.9045e-03, IC: 6.5698e-04, Res: 5.2475e-03, Beta: 1.00 ---
--- Save Epoch: 47668, Loss: 5.8862e-03, IC: 6.7681e-04, Res: 5.2094e-03, Beta: 1.00 ---
--- Save Epoch: 47685, Loss: 5.8587e-03, IC: 6.6591e-04, Res: 5.1928e-03, Beta: 1.00 ---
... RAR IC , Max IC error: 0.0194, t: tensor(0.)
... RAR RES, Max residual error: 0.2589, t: tensor([[0.2936],
        [0.2963],
        [0.2962]])
[info] Training epoch: 48000, LR: 8.53e-05
--- Save Epoch: 48005, Loss: 5.8584e-03, IC: 6.6228e-04, Res: 5.1962e-03, Beta: 1.00 ---
--- Save Epoch: 48010, Loss: 5.8574e-03, IC: 6.6163e-04, Res: 5.1957e-03, Beta: 1.00 ---
--- Save Epoch: 48036, Loss: 5.8515e-03, IC: 6.5525e-04, Res: 5.1962e-03, Beta: 1.00 ---
--- Save Epoch: 48048, Loss: 5.8503e-03, IC: 6.5861e-04, Res: 5.1917e-03, Beta: 1.00 ---
--- Save Epoch: 48051, Loss: 5.8091e-03, IC: 6.5313e-04, Res: 5.1560e-03, Beta: 1.00 ---
... RAR IC , Max IC error: 0.0187, t: tensor(0.)
... RAR RES, Max residual error: 0.2790, t: tensor([[0.2973],
        [0.2973],
        [0.2951]])
--- Save Epoch: 48459, Loss: 5.7875e-03, IC: 6.6944e-04, Res: 5.1181e-03, Beta: 1.00 ---
... RAR IC , Max IC error: 0.0194, t: tensor(0.)
... RAR RES, Max residual error: 0.2801, t: tensor([[0.2931],
        [0.2998],
        [0.2926]])
--- Save Epoch: 48898, Loss: 5.7697e-03, IC: 6.3640e-04, Res: 5.1333e-03, Beta: 1.00 ---
... RAR IC , Max IC error: 0.0201, t: tensor(0.)
... RAR RES, Max residual error: 0.2291, t: tensor([[0.2981],
        [0.2986],
        [0.2829]])
[info] Training epoch: 49000, LR: 8.10e-05
--- Save Epoch: 49209, Loss: 5.7669e-03, IC: 6.5252e-04, Res: 5.1144e-03, Beta: 1.00 ---
--- Save Epoch: 49245, Loss: 5.7633e-03, IC: 6.4899e-04, Res: 5.1143e-03, Beta: 1.00 ---
--- Save Epoch: 49281, Loss: 5.7546e-03, IC: 6.5340e-04, Res: 5.1012e-03, Beta: 1.00 ---
--- Save Epoch: 49296, Loss: 5.7528e-03, IC: 6.4555e-04, Res: 5.1072e-03, Beta: 1.00 ---
--- Save Epoch: 49297, Loss: 5.7387e-03, IC: 6.4697e-04, Res: 5.0917e-03, Beta: 1.00 ---
... RAR IC , Max IC error: 0.0192, t: tensor(0.)
... RAR RES, Max residual error: 0.2341, t: tensor([[0.2957],
        [0.0422],
        [0.1298]])
--- Save Epoch: 49607, Loss: 5.7366e-03, IC: 6.3872e-04, Res: 5.0979e-03, Beta: 1.00 ---
--- Save Epoch: 49633, Loss: 5.7290e-03, IC: 6.4652e-04, Res: 5.0825e-03, Beta: 1.00 ---
--- Save Epoch: 49657, Loss: 5.7269e-03, IC: 6.4989e-04, Res: 5.0771e-03, Beta: 1.00 ---
--- Save Epoch: 49663, Loss: 5.7112e-03, IC: 6.5532e-04, Res: 5.0558e-03, Beta: 1.00 ---
--- Save Epoch: 49670, Loss: 5.7081e-03, IC: 6.3554e-04, Res: 5.0726e-03, Beta: 1.00 ---
--- Save Epoch: 49680, Loss: 5.6782e-03, IC: 6.3684e-04, Res: 5.0413e-03, Beta: 1.00 ---
... RAR IC , Max IC error: 0.0201, t: tensor(0.)
... RAR RES, Max residual error: 0.2469, t: tensor([[0.2934],
        [0.2958],
        [0.2681]])
[info] Training epoch: 50000, LR: 7.69e-05
--- Save Epoch: 50019, Loss: 5.6765e-03, IC: 6.3454e-04, Res: 5.0420e-03, Beta: 1.00 ---
--- Save Epoch: 50021, Loss: 5.6738e-03, IC: 6.4509e-04, Res: 5.0287e-03, Beta: 1.00 ---
--- Save Epoch: 50046, Loss: 5.6715e-03, IC: 6.3255e-04, Res: 5.0389e-03, Beta: 1.00 ---
--- Save Epoch: 50058, Loss: 5.6542e-03, IC: 6.4172e-04, Res: 5.0125e-03, Beta: 1.00 ---
... RAR IC , Max IC error: 0.0189, t: tensor(0.)
... RAR RES, Max residual error: 0.2693, t: tensor([[0.2875],
        [0.2967],
        [0.2520]])
--- Save Epoch: 50388, Loss: 5.6540e-03, IC: 6.3684e-04, Res: 5.0172e-03, Beta: 1.00 ---
--- Save Epoch: 50392, Loss: 5.6519e-03, IC: 6.4526e-04, Res: 5.0066e-03, Beta: 1.00 ---
... RAR IC , Max IC error: 0.0194, t: tensor(0.)
... RAR RES, Max residual error: 0.2868, t: tensor([[0.2993],
        [0.2950],
        [0.2774]])
--- Save Epoch: 50561, Loss: 5.6480e-03, IC: 6.3786e-04, Res: 5.0101e-03, Beta: 1.00 ---
... RAR IC , Max IC error: 0.0191, t: tensor(0.)
... RAR RES, Max residual error: 0.2542, t: tensor([[0.2746],
        [0.2989],
        [0.2819]])
--- Save Epoch: 50865, Loss: 5.6446e-03, IC: 6.3867e-04, Res: 5.0060e-03, Beta: 1.00 ---
--- Save Epoch: 50869, Loss: 5.6416e-03, IC: 6.4780e-04, Res: 4.9938e-03, Beta: 1.00 ---
... RAR IC , Max IC error: 0.0191, t: tensor(0.)
... RAR RES, Max residual error: 0.2388, t: tensor([[0.2936],
        [0.2936],
        [0.2823]])
[info] Training epoch: 51000, LR: 7.31e-05
--- Save Epoch: 51136, Loss: 5.6231e-03, IC: 6.3392e-04, Res: 4.9891e-03, Beta: 1.00 ---
--- Save Epoch: 51181, Loss: 5.6024e-03, IC: 6.4188e-04, Res: 4.9605e-03, Beta: 1.00 ---
... RAR IC , Max IC error: 0.0192, t: tensor(0.)
... RAR RES, Max residual error: 0.2477, t: tensor([[0.2913],
        [0.2965],
        [0.1823]])
--- Save Epoch: 51529, Loss: 5.5953e-03, IC: 6.3648e-04, Res: 4.9588e-03, Beta: 1.00 ---
--- Save Epoch: 51558, Loss: 5.5706e-03, IC: 6.4555e-04, Res: 4.9250e-03, Beta: 1.00 ---
--- Save Epoch: 51580, Loss: 5.5682e-03, IC: 6.3618e-04, Res: 4.9320e-03, Beta: 1.00 ---
... RAR IC , Max IC error: 0.0184, t: tensor(0.)
... RAR RES, Max residual error: 0.2364, t: tensor([[0.2990],
        [0.1367],
        [0.2861]])
--- Save Epoch: 51892, Loss: 5.5362e-03, IC: 6.3606e-04, Res: 4.9001e-03, Beta: 1.00 ---
... RAR IC , Max IC error: 0.0191, t: tensor(0.)
... RAR RES, Max residual error: 0.2349, t: tensor([[0.2842],
        [0.2842],
        [0.2736]])
[info] Training epoch: 52000, LR: 6.94e-05
--- Save Epoch: 52196, Loss: 5.5121e-03, IC: 6.3715e-04, Res: 4.8750e-03, Beta: 1.00 ---
... RAR IC , Max IC error: 0.0208, t: tensor(0.)
... RAR RES, Max residual error: 0.2870, t: tensor([[0.2998],
        [0.2971],
        [0.2998]])
--- Save Epoch: 52449, Loss: 5.5070e-03, IC: 6.2445e-04, Res: 4.8826e-03, Beta: 1.00 ---
--- Save Epoch: 52473, Loss: 5.4769e-03, IC: 6.3064e-04, Res: 4.8462e-03, Beta: 1.00 ---
... RAR IC , Max IC error: 0.0191, t: tensor(0.)
... RAR RES, Max residual error: 0.2360, t: tensor([[0.2733],
        [0.2883],
        [0.2897]])
--- Save Epoch: 52749, Loss: 5.4605e-03, IC: 6.3257e-04, Res: 4.8279e-03, Beta: 1.00 ---
--- Save Epoch: 52783, Loss: 5.4483e-03, IC: 6.1959e-04, Res: 4.8287e-03, Beta: 1.00 ---
... RAR IC , Max IC error: 0.0196, t: tensor(0.)
... RAR RES, Max residual error: 0.2692, t: tensor([[0.2988],
        [0.2995],
        [0.2988]])
[info] Training epoch: 53000, LR: 6.60e-05
--- Save Epoch: 53071, Loss: 5.4236e-03, IC: 6.2802e-04, Res: 4.7955e-03, Beta: 1.00 ---
... RAR IC , Max IC error: 0.0193, t: tensor(0.)
... RAR RES, Max residual error: 0.2268, t: tensor([[0.2912],
        [0.2879],
        [0.2982]])
--- Save Epoch: 53358, Loss: 5.4098e-03, IC: 6.3772e-04, Res: 4.7721e-03, Beta: 1.00 ---
--- Save Epoch: 53359, Loss: 5.4036e-03, IC: 6.3358e-04, Res: 4.7700e-03, Beta: 1.00 ---
... RAR IC , Max IC error: 0.0211, t: tensor(0.)
... RAR RES, Max residual error: 0.2373, t: tensor([[0.2956],
        [0.2963],
        [0.2950]])
--- Save Epoch: 53654, Loss: 5.3841e-03, IC: 6.3465e-04, Res: 4.7494e-03, Beta: 1.00 ---
... RAR IC , Max IC error: 0.0209, t: tensor(0.)
... RAR RES, Max residual error: 0.2416, t: tensor([[0.2984],
        [0.2984],
        [0.2990]])
--- Save Epoch: 53883, Loss: 5.3805e-03, IC: 6.3088e-04, Res: 4.7496e-03, Beta: 1.00 ---
... RAR IC , Max IC error: 0.0213, t: tensor(0.)
... RAR RES, Max residual error: 0.2282, t: tensor([[0.1461],
        [0.0885],
        [0.2576]])
[info] Training epoch: 54000, LR: 6.27e-05
--- Save Epoch: 54186, Loss: 5.3761e-03, IC: 6.3740e-04, Res: 4.7387e-03, Beta: 1.00 ---
... RAR IC , Max IC error: 0.0192, t: tensor(0.)
... RAR RES, Max residual error: 0.2735, t: tensor([[2.9819e-01],
        [6.5932e-02],
        [9.6166e-05]])
--- Save Epoch: 54495, Loss: 5.3600e-03, IC: 6.2973e-04, Res: 4.7302e-03, Beta: 1.00 ---
... RAR IC , Max IC error: 0.0190, t: tensor(0.)
... RAR RES, Max residual error: 0.2073, t: tensor([[0.2980],
        [0.2108],
        [0.2733]])
--- Save Epoch: 54843, Loss: 5.3539e-03, IC: 6.2403e-04, Res: 4.7299e-03, Beta: 1.00 ---
--- Save Epoch: 54875, Loss: 5.3377e-03, IC: 6.2528e-04, Res: 4.7124e-03, Beta: 1.00 ---
--- Save Epoch: 54896, Loss: 5.3332e-03, IC: 6.2756e-04, Res: 4.7057e-03, Beta: 1.00 ---
... RAR IC , Max IC error: 0.0224, t: tensor(0.)
... RAR RES, Max residual error: 0.2905, t: tensor([[0.2995],
        [0.2989],
        [0.2989]])
[info] Training epoch: 55000, LR: 5.95e-05
--- Save Epoch: 55239, Loss: 5.3309e-03, IC: 6.1583e-04, Res: 4.7150e-03, Beta: 1.00 ---
--- Save Epoch: 55244, Loss: 5.3260e-03, IC: 6.2097e-04, Res: 4.7050e-03, Beta: 1.00 ---
--- Save Epoch: 55267, Loss: 5.3210e-03, IC: 6.1892e-04, Res: 4.7021e-03, Beta: 1.00 ---
... RAR IC , Max IC error: 0.0207, t: tensor(0.)
... RAR RES, Max residual error: 0.2734, t: tensor([[0.2991],
        [0.2991],
        [0.2937]])
--- Save Epoch: 55609, Loss: 5.3154e-03, IC: 6.1228e-04, Res: 4.7031e-03, Beta: 1.00 ---
--- Save Epoch: 55657, Loss: 5.3121e-03, IC: 6.0818e-04, Res: 4.7039e-03, Beta: 1.00 ---
--- Save Epoch: 55671, Loss: 5.3014e-03, IC: 6.1676e-04, Res: 4.6846e-03, Beta: 1.00 ---
--- Save Epoch: 55680, Loss: 5.2965e-03, IC: 6.1739e-04, Res: 4.6791e-03, Beta: 1.00 ---
... RAR IC , Max IC error: 0.0212, t: tensor(0.)
... RAR RES, Max residual error: 0.2282, t: tensor([[1.3822e-05],
        [1.6086e-01],
        [5.6359e-04]])
--- Save Epoch: 55972, Loss: 5.2890e-03, IC: 6.1767e-04, Res: 4.6714e-03, Beta: 1.00 ---
--- Save Epoch: 55981, Loss: 5.2796e-03, IC: 6.1618e-04, Res: 4.6634e-03, Beta: 1.00 ---
[info] Training epoch: 56000, LR: 5.66e-05
... RAR IC , Max IC error: 0.0187, t: tensor(0.)
... RAR RES, Max residual error: 0.2320, t: tensor([[0.2981],
        [0.0113],
        [0.2675]])
--- Save Epoch: 56278, Loss: 5.2564e-03, IC: 6.2254e-04, Res: 4.6339e-03, Beta: 1.00 ---
... RAR IC , Max IC error: 0.0200, t: tensor(0.)
... RAR RES, Max residual error: 0.2418, t: tensor([[0.2876],
        [0.2966],
        [0.1185]])
--- Save Epoch: 56806, Loss: 5.2557e-03, IC: 5.9984e-04, Res: 4.6559e-03, Beta: 1.00 ---
--- Save Epoch: 56807, Loss: 5.2473e-03, IC: 6.0414e-04, Res: 4.6432e-03, Beta: 1.00 ---
--- Save Epoch: 56811, Loss: 5.2368e-03, IC: 6.0191e-04, Res: 4.6349e-03, Beta: 1.00 ---
--- Save Epoch: 56813, Loss: 5.2234e-03, IC: 6.0219e-04, Res: 4.6212e-03, Beta: 1.00 ---
--- Save Epoch: 56885, Loss: 5.2201e-03, IC: 6.0775e-04, Res: 4.6123e-03, Beta: 1.00 ---
... RAR IC , Max IC error: 0.0201, t: tensor(0.)
... RAR RES, Max residual error: 0.2306, t: tensor([[0.2964],
        [0.2957],
        [0.1317]])
[info] Training epoch: 57000, LR: 5.37e-05
--- Save Epoch: 57223, Loss: 5.2079e-03, IC: 6.0433e-04, Res: 4.6036e-03, Beta: 1.00 ---
--- Save Epoch: 57252, Loss: 5.1960e-03, IC: 6.0675e-04, Res: 4.5893e-03, Beta: 1.00 ---
--- Save Epoch: 57282, Loss: 5.1933e-03, IC: 6.0135e-04, Res: 4.5920e-03, Beta: 1.00 ---
... RAR IC , Max IC error: 0.0203, t: tensor(0.)
... RAR RES, Max residual error: 0.2184, t: tensor([[0.2964],
        [0.2618],
        [0.1266]])
--- Save Epoch: 57633, Loss: 5.1846e-03, IC: 6.0752e-04, Res: 4.5770e-03, Beta: 1.00 ---
--- Save Epoch: 57650, Loss: 5.1799e-03, IC: 5.9733e-04, Res: 4.5826e-03, Beta: 1.00 ---
... RAR IC , Max IC error: 0.0192, t: tensor(0.)
... RAR RES, Max residual error: 0.2183, t: tensor([[0.1441],
        [0.1895],
        [0.2222]])
--- Save Epoch: 57961, Loss: 5.1715e-03, IC: 6.1001e-04, Res: 4.5615e-03, Beta: 1.00 ---
--- Save Epoch: 57985, Loss: 5.1661e-03, IC: 6.0727e-04, Res: 4.5588e-03, Beta: 1.00 ---
[info] Training epoch: 58000, LR: 5.10e-05
... RAR IC , Max IC error: 0.0202, t: tensor(0.)
... RAR RES, Max residual error: 0.2150, t: tensor([[0.2991],
        [0.1124],
        [0.2985]])
--- Save Epoch: 58440, Loss: 5.1587e-03, IC: 6.1265e-04, Res: 4.5461e-03, Beta: 1.00 ---
... RAR IC , Max IC error: 0.0214, t: tensor(0.)
... RAR RES, Max residual error: 0.2264, t: tensor([[0.2992],
        [0.2992],
        [0.2989]])
--- Save Epoch: 58821, Loss: 5.1550e-03, IC: 6.1553e-04, Res: 4.5394e-03, Beta: 1.00 ---
--- Save Epoch: 58875, Loss: 5.1509e-03, IC: 6.1902e-04, Res: 4.5318e-03, Beta: 1.00 ---
--- Save Epoch: 58889, Loss: 5.1508e-03, IC: 6.0381e-04, Res: 4.5469e-03, Beta: 1.00 ---
... RAR IC , Max IC error: 0.0196, t: tensor(0.)
... RAR RES, Max residual error: 0.2484, t: tensor([[0.2998],
        [0.2963],
        [0.2963]])
[info] Training epoch: 59000, LR: 4.85e-05
--- Save Epoch: 59164, Loss: 5.1488e-03, IC: 6.0932e-04, Res: 4.5395e-03, Beta: 1.00 ---
--- Save Epoch: 59193, Loss: 5.1442e-03, IC: 6.1265e-04, Res: 4.5316e-03, Beta: 1.00 ---
... RAR IC , Max IC error: 0.0189, t: tensor(0.)
... RAR RES, Max residual error: 0.2971, t: tensor([[0.2998],
        [0.2978],
        [0.2978]])
--- Save Epoch: 59641, Loss: 5.1325e-03, IC: 6.0957e-04, Res: 4.5229e-03, Beta: 1.00 ---
... RAR IC , Max IC error: 0.0193, t: tensor(0.)
... RAR RES, Max residual error: 0.2085, t: tensor([[0.2951],
        [0.2064],
        [0.2021]])
[info] Training epoch: 60000, LR: 4.61e-05
===== logging end   2025-10-19 03:33:34 =====
