
===== logging start 2025-11-14 22:15:57 =====
--- Save Epoch 1, Loss=2.9177e+04, IC=2.9964e-01, Res=2.9177e+04, Beta=0.00 ---
... RAR IC , Max IC error: 1.7193, t: tensor(0.)
... RAR RES, Max residual error: 844.4082, t: tensor([[0.2942],
        [0.2737],
        [0.2796]])
===== logging end   2025-11-14 22:16:42 =====

===== logging start 2025-11-14 22:19:41 =====
--- Save Epoch 1, Loss=2.9177e+04, IC=2.9964e-01, Res=2.9177e+04, Beta=0.00 ---
... RAR IC , Max IC error: 1.7193, t: tensor(0.)
... RAR RES, Max residual error: 844.4082, t: tensor([[0.2942],
        [0.2737],
        [0.2796]])
--- Save Epoch 16, Loss=2.7294e+04, IC=4.5381e+01, Res=2.7248e+04, Beta=0.02 ---
--- Save Epoch 19, Loss=2.5915e+04, IC=4.1680e+01, Res=2.5873e+04, Beta=0.04 ---
--- Save Epoch 20, Loss=2.3259e+04, IC=4.6495e+01, Res=2.3213e+04, Beta=0.06 ---
--- Save Epoch 24, Loss=2.0202e+04, IC=4.6655e+01, Res=2.0155e+04, Beta=0.08 ---
--- Save Epoch 31, Loss=1.9030e+04, IC=5.1673e+01, Res=1.8979e+04, Beta=0.10 ---
--- Save Epoch 34, Loss=1.7465e+04, IC=4.9812e+01, Res=1.7415e+04, Beta=0.12 ---
--- Save Epoch 38, Loss=1.5961e+04, IC=3.6872e+01, Res=1.5924e+04, Beta=0.14 ---
--- Save Epoch 41, Loss=1.4758e+04, IC=4.1743e+01, Res=1.4716e+04, Beta=0.16 ---
--- Save Epoch 47, Loss=1.3495e+04, IC=2.8024e+01, Res=1.3467e+04, Beta=0.18 ---
--- Save Epoch 50, Loss=1.2605e+04, IC=7.0824e+01, Res=1.2534e+04, Beta=0.20 ---
--- Save Epoch 52, Loss=1.1541e+04, IC=3.2781e+01, Res=1.1509e+04, Beta=0.22 ---
--- Save Epoch 57, Loss=1.0609e+04, IC=5.2758e+01, Res=1.0556e+04, Beta=0.24 ---
--- Save Epoch 59, Loss=9.8909e+03, IC=3.6812e+01, Res=9.8541e+03, Beta=0.26 ---
--- Save Epoch 60, Loss=9.2378e+03, IC=3.4575e+01, Res=9.2032e+03, Beta=0.28 ---
--- Save Epoch 69, Loss=8.4086e+03, IC=6.3713e+01, Res=8.3449e+03, Beta=0.30 ---
--- Save Epoch 71, Loss=7.7340e+03, IC=5.2854e+01, Res=7.6811e+03, Beta=0.32 ---
--- Save Epoch 73, Loss=7.2360e+03, IC=5.4714e+01, Res=7.1812e+03, Beta=0.34 ---
--- Save Epoch 74, Loss=6.7656e+03, IC=5.4665e+01, Res=6.7109e+03, Beta=0.36 ---
--- Save Epoch 84, Loss=6.2339e+03, IC=5.6408e+01, Res=6.1775e+03, Beta=0.38 ---
--- Save Epoch 85, Loss=5.8387e+03, IC=6.1485e+01, Res=5.7773e+03, Beta=0.40 ---
--- Save Epoch 89, Loss=5.2217e+03, IC=5.3575e+01, Res=5.1682e+03, Beta=0.42 ---
--- Save Epoch 97, Loss=4.9323e+03, IC=4.5097e+01, Res=4.8872e+03, Beta=0.44 ---
... RAR IC , Max IC error: 13.6915, t: tensor(0.)
... RAR RES, Max residual error: 368.6727, t: tensor([[0.2886],
        [0.2888],
        [0.2888]])
--- Save Epoch 106, Loss=4.6738e+03, IC=4.0840e+01, Res=4.6330e+03, Beta=0.46 ---
--- Save Epoch 111, Loss=4.3481e+03, IC=3.6312e+01, Res=4.3118e+03, Beta=0.48 ---
--- Save Epoch 128, Loss=3.9871e+03, IC=4.0281e+01, Res=3.9468e+03, Beta=0.50 ---
--- Save Epoch 130, Loss=3.7694e+03, IC=2.7772e+01, Res=3.7416e+03, Beta=0.52 ---
--- Save Epoch 131, Loss=3.4986e+03, IC=2.8199e+01, Res=3.4704e+03, Beta=0.54 ---
--- Save Epoch 133, Loss=3.1641e+03, IC=3.9590e+01, Res=3.1245e+03, Beta=0.56 ---
--- Save Epoch 134, Loss=2.7789e+03, IC=4.1558e+01, Res=2.7374e+03, Beta=0.58 ---
--- Save Epoch 135, Loss=2.5403e+03, IC=3.8474e+01, Res=2.5019e+03, Beta=0.60 ---
--- Save Epoch 136, Loss=2.0876e+03, IC=3.2986e+01, Res=2.0547e+03, Beta=0.62 ---
--- Save Epoch 147, Loss=1.8167e+03, IC=2.2946e+01, Res=1.7937e+03, Beta=0.64 ---
--- Save Epoch 159, Loss=1.6585e+03, IC=1.2356e+01, Res=1.6461e+03, Beta=0.66 ---
--- Save Epoch 165, Loss=1.5057e+03, IC=1.1508e+01, Res=1.4942e+03, Beta=0.68 ---
--- Save Epoch 166, Loss=1.3795e+03, IC=1.5551e+01, Res=1.3640e+03, Beta=0.70 ---
--- Save Epoch 167, Loss=1.2503e+03, IC=1.6861e+01, Res=1.2334e+03, Beta=0.72 ---
--- Save Epoch 168, Loss=1.1008e+03, IC=1.3981e+01, Res=1.0868e+03, Beta=0.74 ---
--- Save Epoch 169, Loss=9.2789e+02, IC=1.3829e+01, Res=9.1406e+02, Beta=0.76 ---
--- Save Epoch 170, Loss=8.2764e+02, IC=1.3013e+01, Res=8.1462e+02, Beta=0.78 ---
--- Save Epoch 171, Loss=6.7007e+02, IC=1.4755e+01, Res=6.5532e+02, Beta=0.80 ---
--- Save Epoch 172, Loss=5.5075e+02, IC=9.8129e+00, Res=5.4094e+02, Beta=0.82 ---
--- Save Epoch 175, Loss=4.8029e+02, IC=4.4966e+00, Res=4.7580e+02, Beta=0.84 ---
--- Save Epoch 176, Loss=3.6784e+02, IC=4.7640e+00, Res=3.6308e+02, Beta=0.86 ---
--- Save Epoch 177, Loss=3.2065e+02, IC=5.9239e+00, Res=3.1472e+02, Beta=0.88 ---
--- Save Epoch 178, Loss=2.6076e+02, IC=6.1252e+00, Res=2.5464e+02, Beta=0.90 ---
--- Save Epoch 179, Loss=1.2092e+02, IC=4.7557e+00, Res=1.1617e+02, Beta=0.92 ---
--- Save Epoch 180, Loss=8.2829e+01, IC=2.3564e+00, Res=8.0473e+01, Beta=0.94 ---
--- Save Epoch 181, Loss=7.3744e+01, IC=1.4665e+00, Res=7.2278e+01, Beta=0.96 ---
--- Save Epoch 183, Loss=4.0765e+01, IC=6.7146e-01, Res=4.0094e+01, Beta=0.98 ---
--- Save Epoch 186, Loss=2.1780e+01, IC=2.3064e-01, Res=2.1549e+01, Beta=1.00 ---
--- Save Epoch 190, Loss=1.8123e+01, IC=4.4739e-01, Res=1.7675e+01, Beta=1.00 ---
--- Save Epoch 196, Loss=1.2512e+01, IC=4.1671e-01, Res=1.2095e+01, Beta=1.00 ---
--- Save Epoch 197, Loss=1.1836e+01, IC=7.2853e-01, Res=1.1107e+01, Beta=1.00 ---
--- Save Epoch 199, Loss=1.0302e+01, IC=3.1356e-01, Res=9.9884e+00, Beta=1.00 ---
... RAR IC , Max IC error: 2.0500, t: tensor(0.)
... RAR RES, Max residual error: 16.6435, t: tensor([[0.2991],
        [0.2983],
        [0.2959]])
--- Save Epoch 206, Loss=8.9387e+00, IC=2.3292e-01, Res=8.7058e+00, Beta=1.00 ---
--- Save Epoch 208, Loss=8.0780e+00, IC=6.5479e-02, Res=8.0125e+00, Beta=1.00 ---
--- Save Epoch 214, Loss=7.3312e+00, IC=1.4006e-01, Res=7.1911e+00, Beta=1.00 ---
--- Save Epoch 236, Loss=6.8456e+00, IC=3.9047e-02, Res=6.8066e+00, Beta=1.00 ---
--- Save Epoch 249, Loss=6.1358e+00, IC=2.9166e-02, Res=6.1066e+00, Beta=1.00 ---
... RAR IC , Max IC error: 0.8384, t: tensor(0.)
... RAR RES, Max residual error: 16.5539, t: tensor([[0.2812],
        [0.0863],
        [0.2907]])
--- Save Epoch 438, Loss=5.6273e+00, IC=8.1735e-02, Res=5.5455e+00, Beta=1.00 ---
--- Save Epoch 487, Loss=5.2013e+00, IC=7.0102e-02, Res=5.1312e+00, Beta=1.00 ---
... RAR IC , Max IC error: 1.0654, t: tensor(0.)
... RAR RES, Max residual error: 14.3076, t: tensor([[0.2243],
        [0.2946],
        [0.2357]])
--- Save Epoch 676, Loss=4.8051e+00, IC=1.1263e-01, Res=4.6925e+00, Beta=1.00 ---
... RAR IC , Max IC error: 1.5521, t: tensor(0.)
... RAR RES, Max residual error: 18.6423, t: tensor([[0.2961],
        [0.2961],
        [0.2961]])
===== logging end   2025-11-14 22:25:16 =====

===== logging start 2025-11-14 22:26:46 =====
--- Save Epoch 1, Loss=2.9173e+04, IC=2.7805e-12, Res=2.9173e+04, Beta=0.00 ---
... RAR RES, Max residual error: 848.6606, t: tensor([[0.2942],
        [0.2737],
        [0.2796]])
--- Save Epoch 20, Loss=2.7299e+04, IC=3.0056e-12, Res=2.7299e+04, Beta=0.02 ---
--- Save Epoch 24, Loss=2.5764e+04, IC=3.0529e-12, Res=2.5764e+04, Beta=0.04 ---
--- Save Epoch 27, Loss=2.4321e+04, IC=2.7891e-12, Res=2.4321e+04, Beta=0.06 ---
===== logging end   2025-11-14 22:27:00 =====

===== logging start 2025-11-14 22:28:15 =====
--- Save Epoch 1, Loss=2.9146e+04, IC=2.7805e-12, Res=2.9146e+04, Beta=0.00 ---
... RAR RES, Max residual error: 836.5760, t: tensor([[0.2942],
        [0.2737],
        [0.2796]])
===== logging end   2025-11-14 22:28:21 =====

===== logging start 2025-11-14 22:30:40 =====
--- Save Epoch 1, Loss=2.9146e+04, Res=2.9146e+04, Beta=0.00 ---
... RAR RES, Max residual error: 836.5959, t: tensor([[0.2942],
        [0.2737],
        [0.2796]])
--- Save Epoch 16, Loss=2.6940e+04, Res=2.6940e+04, Beta=0.02 ---
--- Save Epoch 22, Loss=2.5207e+04, Res=2.5207e+04, Beta=0.04 ---
--- Save Epoch 24, Loss=2.1323e+04, Res=2.1323e+04, Beta=0.06 ---
--- Save Epoch 31, Loss=1.9766e+04, Res=1.9766e+04, Beta=0.08 ---
--- Save Epoch 34, Loss=1.7828e+04, Res=1.7828e+04, Beta=0.10 ---
--- Save Epoch 41, Loss=1.4622e+04, Res=1.4622e+04, Beta=0.12 ---
===== logging end   2025-11-14 22:31:02 =====

===== logging start 2025-11-14 22:31:20 =====
--- Save Epoch 1, Loss=4.5410e+01, Res=4.5410e+01, Beta=1.00 ---
... RAR RES, Max residual error: 68.7950, t: tensor([[0.2769],
        [0.2682],
        [0.2327]])
--- Save Epoch 3, Loss=2.3459e+01, Res=2.3459e+01, Beta=1.00 ---
--- Save Epoch 5, Loss=1.7038e+01, Res=1.7038e+01, Beta=1.00 ---
--- Save Epoch 6, Loss=8.3855e+00, Res=8.3855e+00, Beta=1.00 ---
--- Save Epoch 9, Loss=6.5852e+00, Res=6.5852e+00, Beta=1.00 ---
--- Save Epoch 27, Loss=6.2032e+00, Res=6.2032e+00, Beta=1.00 ---
--- Save Epoch 49, Loss=5.7438e+00, Res=5.7438e+00, Beta=1.00 ---
... RAR RES, Max residual error: 15.8383, t: tensor([[0.2952],
        [0.0837],
        [0.0936]])
===== logging end   2025-11-14 22:32:32 =====

===== logging start 2025-11-14 22:32:53 =====
--- Save Epoch 1, Loss=2.9146e+04, Res=2.9146e+04, Beta=0.00 ---
... RAR RES, Max residual error: 836.5959, t: tensor([[0.2942],
        [0.2737],
        [0.2796]])
--- Save Epoch 16, Loss=2.6940e+04, Res=2.6940e+04, Beta=0.02 ---
--- Save Epoch 22, Loss=2.5207e+04, Res=2.5207e+04, Beta=0.04 ---
--- Save Epoch 24, Loss=2.1323e+04, Res=2.1323e+04, Beta=0.06 ---
--- Save Epoch 31, Loss=1.9766e+04, Res=1.9766e+04, Beta=0.08 ---
--- Save Epoch 34, Loss=1.7828e+04, Res=1.7828e+04, Beta=0.10 ---
--- Save Epoch 41, Loss=1.4622e+04, Res=1.4622e+04, Beta=0.12 ---
--- Save Epoch 81, Loss=1.3303e+04, Res=1.3303e+04, Beta=0.14 ---
--- Save Epoch 85, Loss=1.2637e+04, Res=1.2637e+04, Beta=0.16 ---
--- Save Epoch 93, Loss=1.1545e+04, Res=1.1545e+04, Beta=0.18 ---
... RAR RES, Max residual error: 547.4150, t: tensor([[0.0037],
        [0.0046],
        [0.0037]])
--- Save Epoch 140, Loss=1.0956e+04, Res=1.0956e+04, Beta=0.20 ---
--- Save Epoch 142, Loss=9.6650e+03, Res=9.6650e+03, Beta=0.22 ---
--- Save Epoch 161, Loss=9.1143e+03, Res=9.1143e+03, Beta=0.24 ---
--- Save Epoch 165, Loss=8.4224e+03, Res=8.4224e+03, Beta=0.26 ---
--- Save Epoch 166, Loss=7.3660e+03, Res=7.3660e+03, Beta=0.28 ---
--- Save Epoch 179, Loss=6.9283e+03, Res=6.9283e+03, Beta=0.30 ---
--- Save Epoch 182, Loss=6.4436e+03, Res=6.4436e+03, Beta=0.32 ---
... RAR RES, Max residual error: 468.0824, t: tensor([[0.2983],
        [0.1969],
        [0.2968]])
--- Save Epoch 225, Loss=5.9772e+03, Res=5.9772e+03, Beta=0.34 ---
--- Save Epoch 227, Loss=5.6306e+03, Res=5.6306e+03, Beta=0.36 ---
--- Save Epoch 229, Loss=5.0475e+03, Res=5.0475e+03, Beta=0.38 ---
--- Save Epoch 232, Loss=4.4655e+03, Res=4.4655e+03, Beta=0.40 ---
--- Save Epoch 281, Loss=3.9690e+03, Res=3.9690e+03, Beta=0.42 ---
... RAR RES, Max residual error: 486.7013, t: tensor([[0.2907],
        [0.2964],
        [0.2964]])
--- Save Epoch 335, Loss=3.5892e+03, Res=3.5892e+03, Beta=0.44 ---
--- Save Epoch 336, Loss=3.3624e+03, Res=3.3624e+03, Beta=0.46 ---
--- Save Epoch 337, Loss=2.9480e+03, Res=2.9480e+03, Beta=0.48 ---
--- Save Epoch 356, Loss=2.5586e+03, Res=2.5586e+03, Beta=0.50 ---
--- Save Epoch 362, Loss=2.2713e+03, Res=2.2713e+03, Beta=0.52 ---
... RAR RES, Max residual error: 309.4101, t: tensor([[0.2822],
        [0.2045],
        [0.2796]])
--- Save Epoch 410, Loss=2.1240e+03, Res=2.1240e+03, Beta=0.54 ---
--- Save Epoch 418, Loss=1.6491e+03, Res=1.6491e+03, Beta=0.56 ---
... RAR RES, Max residual error: 361.7355, t: tensor([[0.1682],
        [0.1748],
        [0.2128]])
--- Save Epoch 542, Loss=1.5356e+03, Res=1.5356e+03, Beta=0.58 ---
--- Save Epoch 543, Loss=1.2004e+03, Res=1.2004e+03, Beta=0.60 ---
... RAR RES, Max residual error: 283.2864, t: tensor([[0.2838],
        [0.2918],
        [0.2989]])
--- Save Epoch 681, Loss=1.0280e+03, Res=1.0280e+03, Beta=0.62 ---
--- Save Epoch 688, Loss=8.8641e+02, Res=8.8641e+02, Beta=0.64 ---
... RAR RES, Max residual error: 432.6186, t: tensor([[0.2908],
        [0.2898],
        [0.2850]])
--- Save Epoch 783, Loss=8.3563e+02, Res=8.3563e+02, Beta=0.66 ---
--- Save Epoch 790, Loss=7.8901e+02, Res=7.8901e+02, Beta=0.68 ---
--- Save Epoch 794, Loss=6.3743e+02, Res=6.3743e+02, Beta=0.70 ---
... RAR RES, Max residual error: 220.4161, t: tensor([[0.2990],
        [0.2918],
        [0.2721]])
--- Save Epoch 809, Loss=6.0463e+02, Res=6.0463e+02, Beta=0.72 ---
--- Save Epoch 814, Loss=5.3155e+02, Res=5.3155e+02, Beta=0.74 ---
--- Save Epoch 884, Loss=5.0354e+02, Res=5.0354e+02, Beta=0.76 ---
--- Save Epoch 887, Loss=4.4913e+02, Res=4.4913e+02, Beta=0.78 ---
... RAR RES, Max residual error: 128.0653, t: tensor([[0.1106],
        [0.1056],
        [0.1199]])
[info] epoch 1000, lr=9.50e-04
--- Save Epoch 1011, Loss=4.1806e+02, Res=4.1806e+02, Beta=0.80 ---
--- Save Epoch 1012, Loss=3.4297e+02, Res=3.4297e+02, Beta=0.82 ---
--- Save Epoch 1015, Loss=2.7185e+02, Res=2.7185e+02, Beta=0.84 ---
--- Save Epoch 1016, Loss=2.3521e+02, Res=2.3521e+02, Beta=0.86 ---
--- Save Epoch 1018, Loss=1.9389e+02, Res=1.9389e+02, Beta=0.88 ---
--- Save Epoch 1024, Loss=1.4292e+02, Res=1.4292e+02, Beta=0.90 ---
--- Save Epoch 1050, Loss=1.3305e+02, Res=1.3305e+02, Beta=0.92 ---
--- Save Epoch 1051, Loss=9.2753e+01, Res=9.2753e+01, Beta=0.94 ---
--- Save Epoch 1053, Loss=7.9139e+01, Res=7.9139e+01, Beta=0.96 ---
--- Save Epoch 1054, Loss=4.6487e+01, Res=4.6487e+01, Beta=0.98 ---
--- Save Epoch 1056, Loss=2.1274e+01, Res=2.1274e+01, Beta=1.00 ---
--- Save Epoch 1057, Loss=1.6573e+01, Res=1.6573e+01, Beta=1.00 ---
--- Save Epoch 1062, Loss=1.0794e+01, Res=1.0794e+01, Beta=1.00 ---
--- Save Epoch 1085, Loss=9.2187e+00, Res=9.2187e+00, Beta=1.00 ---
--- Save Epoch 1086, Loss=8.6267e+00, Res=8.6267e+00, Beta=1.00 ---
--- Save Epoch 1093, Loss=7.7293e+00, Res=7.7293e+00, Beta=1.00 ---
... RAR RES, Max residual error: 19.7647, t: tensor([[0.2995],
        [0.2995],
        [0.2970]])
--- Save Epoch 1217, Loss=7.1755e+00, Res=7.1755e+00, Beta=1.00 ---
--- Save Epoch 1280, Loss=6.6516e+00, Res=6.6516e+00, Beta=1.00 ---
... RAR RES, Max residual error: 19.9534, t: tensor([[0.2897],
        [0.2933],
        [0.1131]])
--- Save Epoch 1503, Loss=6.2970e+00, Res=6.2970e+00, Beta=1.00 ---
--- Save Epoch 1535, Loss=5.7241e+00, Res=5.7241e+00, Beta=1.00 ---
... RAR RES, Max residual error: 42.5091, t: tensor([[0.2985],
        [0.2998],
        [0.2985]])
--- Save Epoch 1807, Loss=5.3154e+00, Res=5.3154e+00, Beta=1.00 ---
--- Save Epoch 1844, Loss=4.8994e+00, Res=4.8994e+00, Beta=1.00 ---
... RAR RES, Max residual error: 22.5945, t: tensor([[0.2953],
        [0.2483],
        [0.2953]])
[info] epoch 2000, lr=9.02e-04
--- Save Epoch 2048, Loss=4.4749e+00, Res=4.4749e+00, Beta=1.00 ---
... RAR RES, Max residual error: 22.2568, t: tensor([[0.2958],
        [0.2944],
        [0.2747]])
--- Save Epoch 2171, Loss=3.8941e+00, Res=3.8941e+00, Beta=1.00 ---
... RAR RES, Max residual error: 24.3884, t: tensor([[0.2987],
        [0.3000],
        [0.2997]])
--- Save Epoch 2557, Loss=3.6960e+00, Res=3.6960e+00, Beta=1.00 ---
... RAR RES, Max residual error: 17.1802, t: tensor([[0.2969],
        [0.2878],
        [0.2971]])
--- Save Epoch 2747, Loss=3.4065e+00, Res=3.4065e+00, Beta=1.00 ---
... RAR RES, Max residual error: 25.1392, t: tensor([[0.2970],
        [0.2970],
        [0.2914]])
[info] epoch 3000, lr=8.57e-04
--- Save Epoch 3034, Loss=2.9368e+00, Res=2.9368e+00, Beta=1.00 ---
... RAR RES, Max residual error: 22.5114, t: tensor([[0.2942],
        [0.2987],
        [0.2987]])
--- Save Epoch 3567, Loss=2.7682e+00, Res=2.7682e+00, Beta=1.00 ---
... RAR RES, Max residual error: 22.5096, t: tensor([[0.2962],
        [0.2992],
        [0.2962]])
===== logging end   2025-11-14 23:00:11 =====

===== logging start 2025-11-14 23:01:03 =====
--- Save Epoch 1, Loss=2.9177e+04, IC=2.9964e-01, Res=2.9177e+04, Beta=0.00 ---
... RAR IC , Max IC error: 1.7193, t: tensor(0.)
... RAR RES, Max residual error: 844.4082, t: tensor([[0.2942],
        [0.2737],
        [0.2796]])
--- Save Epoch 16, Loss=2.7294e+04, IC=4.5381e+01, Res=2.7248e+04, Beta=0.02 ---
--- Save Epoch 19, Loss=2.5915e+04, IC=4.1680e+01, Res=2.5873e+04, Beta=0.04 ---
--- Save Epoch 20, Loss=2.3259e+04, IC=4.6495e+01, Res=2.3213e+04, Beta=0.06 ---
--- Save Epoch 24, Loss=2.0202e+04, IC=4.6655e+01, Res=2.0155e+04, Beta=0.08 ---
--- Save Epoch 31, Loss=1.9030e+04, IC=5.1673e+01, Res=1.8979e+04, Beta=0.10 ---
--- Save Epoch 34, Loss=1.7465e+04, IC=4.9812e+01, Res=1.7415e+04, Beta=0.12 ---
--- Save Epoch 38, Loss=1.5961e+04, IC=3.6872e+01, Res=1.5924e+04, Beta=0.14 ---
--- Save Epoch 41, Loss=1.4758e+04, IC=4.1743e+01, Res=1.4716e+04, Beta=0.16 ---
--- Save Epoch 47, Loss=1.3495e+04, IC=2.8024e+01, Res=1.3467e+04, Beta=0.18 ---
--- Save Epoch 50, Loss=1.2605e+04, IC=7.0824e+01, Res=1.2534e+04, Beta=0.20 ---
--- Save Epoch 52, Loss=1.1541e+04, IC=3.2781e+01, Res=1.1509e+04, Beta=0.22 ---
--- Save Epoch 57, Loss=1.0609e+04, IC=5.2758e+01, Res=1.0556e+04, Beta=0.24 ---
--- Save Epoch 59, Loss=9.8909e+03, IC=3.6812e+01, Res=9.8541e+03, Beta=0.26 ---
--- Save Epoch 60, Loss=9.2378e+03, IC=3.4575e+01, Res=9.2032e+03, Beta=0.28 ---
--- Save Epoch 69, Loss=8.4086e+03, IC=6.3713e+01, Res=8.3449e+03, Beta=0.30 ---
--- Save Epoch 71, Loss=7.7340e+03, IC=5.2854e+01, Res=7.6811e+03, Beta=0.32 ---
--- Save Epoch 73, Loss=7.2360e+03, IC=5.4714e+01, Res=7.1812e+03, Beta=0.34 ---
--- Save Epoch 74, Loss=6.7656e+03, IC=5.4665e+01, Res=6.7109e+03, Beta=0.36 ---
--- Save Epoch 84, Loss=6.2339e+03, IC=5.6408e+01, Res=6.1775e+03, Beta=0.38 ---
--- Save Epoch 85, Loss=5.8387e+03, IC=6.1485e+01, Res=5.7773e+03, Beta=0.40 ---
--- Save Epoch 89, Loss=5.2217e+03, IC=5.3575e+01, Res=5.1682e+03, Beta=0.42 ---
--- Save Epoch 97, Loss=4.9323e+03, IC=4.5097e+01, Res=4.8872e+03, Beta=0.44 ---
... RAR IC , Max IC error: 13.6915, t: tensor(0.)
... RAR RES, Max residual error: 368.6727, t: tensor([[0.2886],
        [0.2888],
        [0.2888]])
--- Save Epoch 106, Loss=4.6738e+03, IC=4.0840e+01, Res=4.6330e+03, Beta=0.46 ---
--- Save Epoch 111, Loss=4.3481e+03, IC=3.6312e+01, Res=4.3118e+03, Beta=0.48 ---
--- Save Epoch 128, Loss=3.9871e+03, IC=4.0281e+01, Res=3.9468e+03, Beta=0.50 ---
--- Save Epoch 130, Loss=3.7694e+03, IC=2.7772e+01, Res=3.7416e+03, Beta=0.52 ---
--- Save Epoch 131, Loss=3.4986e+03, IC=2.8199e+01, Res=3.4704e+03, Beta=0.54 ---
--- Save Epoch 133, Loss=3.1641e+03, IC=3.9590e+01, Res=3.1245e+03, Beta=0.56 ---
--- Save Epoch 134, Loss=2.7789e+03, IC=4.1558e+01, Res=2.7374e+03, Beta=0.58 ---
--- Save Epoch 135, Loss=2.5403e+03, IC=3.8474e+01, Res=2.5019e+03, Beta=0.60 ---
--- Save Epoch 136, Loss=2.0876e+03, IC=3.2986e+01, Res=2.0547e+03, Beta=0.62 ---
--- Save Epoch 147, Loss=1.8167e+03, IC=2.2946e+01, Res=1.7937e+03, Beta=0.64 ---
--- Save Epoch 159, Loss=1.6585e+03, IC=1.2356e+01, Res=1.6461e+03, Beta=0.66 ---
--- Save Epoch 165, Loss=1.5057e+03, IC=1.1508e+01, Res=1.4942e+03, Beta=0.68 ---
--- Save Epoch 166, Loss=1.3795e+03, IC=1.5551e+01, Res=1.3640e+03, Beta=0.70 ---
--- Save Epoch 167, Loss=1.2503e+03, IC=1.6861e+01, Res=1.2334e+03, Beta=0.72 ---
--- Save Epoch 168, Loss=1.1008e+03, IC=1.3981e+01, Res=1.0868e+03, Beta=0.74 ---
--- Save Epoch 169, Loss=9.2789e+02, IC=1.3829e+01, Res=9.1406e+02, Beta=0.76 ---
--- Save Epoch 170, Loss=8.2764e+02, IC=1.3013e+01, Res=8.1462e+02, Beta=0.78 ---
--- Save Epoch 171, Loss=6.7007e+02, IC=1.4755e+01, Res=6.5532e+02, Beta=0.80 ---
--- Save Epoch 172, Loss=5.5075e+02, IC=9.8129e+00, Res=5.4094e+02, Beta=0.82 ---
--- Save Epoch 175, Loss=4.8029e+02, IC=4.4966e+00, Res=4.7580e+02, Beta=0.84 ---
--- Save Epoch 176, Loss=3.6784e+02, IC=4.7640e+00, Res=3.6308e+02, Beta=0.86 ---
--- Save Epoch 177, Loss=3.2065e+02, IC=5.9239e+00, Res=3.1472e+02, Beta=0.88 ---
--- Save Epoch 178, Loss=2.6076e+02, IC=6.1252e+00, Res=2.5464e+02, Beta=0.90 ---
--- Save Epoch 179, Loss=1.2092e+02, IC=4.7557e+00, Res=1.1617e+02, Beta=0.92 ---
--- Save Epoch 180, Loss=8.2829e+01, IC=2.3564e+00, Res=8.0473e+01, Beta=0.94 ---
--- Save Epoch 181, Loss=7.3744e+01, IC=1.4665e+00, Res=7.2278e+01, Beta=0.96 ---
--- Save Epoch 183, Loss=4.0765e+01, IC=6.7146e-01, Res=4.0094e+01, Beta=0.98 ---
--- Save Epoch 186, Loss=2.1780e+01, IC=2.3064e-01, Res=2.1549e+01, Beta=1.00 ---
--- Save Epoch 190, Loss=1.8123e+01, IC=4.4739e-01, Res=1.7675e+01, Beta=1.00 ---
--- Save Epoch 196, Loss=1.2512e+01, IC=4.1671e-01, Res=1.2095e+01, Beta=1.00 ---
--- Save Epoch 197, Loss=1.1836e+01, IC=7.2853e-01, Res=1.1107e+01, Beta=1.00 ---
--- Save Epoch 199, Loss=1.0302e+01, IC=3.1356e-01, Res=9.9884e+00, Beta=1.00 ---
... RAR IC , Max IC error: 2.0500, t: tensor(0.)
... RAR RES, Max residual error: 16.6435, t: tensor([[0.2991],
        [0.2983],
        [0.2959]])
--- Save Epoch 206, Loss=8.9387e+00, IC=2.3292e-01, Res=8.7058e+00, Beta=1.00 ---
--- Save Epoch 208, Loss=8.0780e+00, IC=6.5479e-02, Res=8.0125e+00, Beta=1.00 ---
--- Save Epoch 214, Loss=7.3312e+00, IC=1.4006e-01, Res=7.1911e+00, Beta=1.00 ---
--- Save Epoch 236, Loss=6.8456e+00, IC=3.9047e-02, Res=6.8066e+00, Beta=1.00 ---
--- Save Epoch 249, Loss=6.1358e+00, IC=2.9166e-02, Res=6.1066e+00, Beta=1.00 ---
... RAR IC , Max IC error: 0.8384, t: tensor(0.)
... RAR RES, Max residual error: 16.5539, t: tensor([[0.2812],
        [0.0863],
        [0.2907]])
--- Save Epoch 438, Loss=5.6273e+00, IC=8.1735e-02, Res=5.5455e+00, Beta=1.00 ---
--- Save Epoch 487, Loss=5.2013e+00, IC=7.0102e-02, Res=5.1312e+00, Beta=1.00 ---
... RAR IC , Max IC error: 1.0654, t: tensor(0.)
... RAR RES, Max residual error: 14.3076, t: tensor([[0.2243],
        [0.2946],
        [0.2357]])
--- Save Epoch 676, Loss=4.8051e+00, IC=1.1263e-01, Res=4.6925e+00, Beta=1.00 ---
... RAR IC , Max IC error: 1.5521, t: tensor(0.)
... RAR RES, Max residual error: 18.6423, t: tensor([[0.2961],
        [0.2961],
        [0.2961]])
--- Save Epoch 882, Loss=4.2056e+00, IC=1.4583e-01, Res=4.0597e+00, Beta=1.00 ---
... RAR IC , Max IC error: 1.5877, t: tensor(0.)
... RAR RES, Max residual error: 18.1184, t: tensor([[0.2998],
        [0.2344],
        [0.2894]])
--- Save Epoch 1000, Loss=3.9288e+00, IC=1.7782e-01, Res=3.7510e+00, Beta=1.00 ---
[info] epoch 1000, lr=9.50e-04
... RAR IC , Max IC error: 1.5615, t: tensor(0.)
... RAR RES, Max residual error: 19.8256, t: tensor([[0.2923],
        [0.2776],
        [0.2834]])
--- Save Epoch 1200, Loss=3.6419e+00, IC=1.8931e-01, Res=3.4526e+00, Beta=1.00 ---
... RAR IC , Max IC error: 1.6312, t: tensor(0.)
... RAR RES, Max residual error: 21.3549, t: tensor([[0.2971],
        [0.2962],
        [0.2970]])
--- Save Epoch 1478, Loss=3.3805e+00, IC=2.0350e-01, Res=3.1770e+00, Beta=1.00 ---
--- Save Epoch 1484, Loss=3.1546e+00, IC=2.2061e-01, Res=2.9340e+00, Beta=1.00 ---
... RAR IC , Max IC error: 1.5854, t: tensor(0.)
... RAR RES, Max residual error: 18.6497, t: tensor([[0.2983],
        [0.2983],
        [0.2983]])
--- Save Epoch 1658, Loss=2.9681e+00, IC=2.0343e-01, Res=2.7647e+00, Beta=1.00 ---
... RAR IC , Max IC error: 1.5848, t: tensor(0.)
... RAR RES, Max residual error: 20.9371, t: tensor([[0.2918],
        [0.2961],
        [0.2983]])
--- Save Epoch 1754, Loss=2.7016e+00, IC=2.2529e-01, Res=2.4763e+00, Beta=1.00 ---
... RAR IC , Max IC error: 1.4252, t: tensor(0.)
... RAR RES, Max residual error: 39.0633, t: tensor([[0.2993],
        [0.2993],
        [0.2912]])
[info] epoch 2000, lr=9.02e-04
--- Save Epoch 2068, Loss=2.2469e+00, IC=2.3603e-01, Res=2.0109e+00, Beta=1.00 ---
... RAR IC , Max IC error: 1.7115, t: tensor(0.)
... RAR RES, Max residual error: 19.1988, t: tensor([[0.2924],
        [0.1568],
        [0.2926]])
--- Save Epoch 2437, Loss=1.9671e+00, IC=2.4878e-01, Res=1.7183e+00, Beta=1.00 ---
... RAR IC , Max IC error: 1.5743, t: tensor(0.)
... RAR RES, Max residual error: 20.5121, t: tensor([[0.2985],
        [0.2821],
        [0.2806]])
--- Save Epoch 2901, Loss=1.5547e+00, IC=2.3724e-01, Res=1.3175e+00, Beta=1.00 ---
[info] epoch 3000, lr=8.57e-04
... RAR IC , Max IC error: 1.4935, t: tensor(0.)
... RAR RES, Max residual error: 22.4441, t: tensor([[0.1424],
        [0.2998],
        [0.2972]])
[info] epoch 4000, lr=8.15e-04
--- Save Epoch 4381, Loss=1.4742e+00, IC=2.2220e-01, Res=1.2520e+00, Beta=1.00 ---
... RAR IC , Max IC error: 1.6969, t: tensor(0.)
... RAR RES, Max residual error: 11.3682, t: tensor([[0.2701],
        [0.2943],
        [0.2707]])
--- Save Epoch 4845, Loss=1.3962e+00, IC=2.3324e-01, Res=1.1630e+00, Beta=1.00 ---
--- Save Epoch 4867, Loss=1.3196e+00, IC=2.1815e-01, Res=1.1015e+00, Beta=1.00 ---
... RAR IC , Max IC error: 1.5640, t: tensor(0.)
... RAR RES, Max residual error: 13.8632, t: tensor([[0.2955],
        [0.2877],
        [0.2955]])
[info] epoch 5000, lr=7.74e-04
--- Save Epoch 5011, Loss=1.1739e+00, IC=2.2579e-01, Res=9.4814e-01, Beta=1.00 ---
... RAR IC , Max IC error: 1.2659, t: tensor(0.)
... RAR RES, Max residual error: 21.4169, t: tensor([[0.2865],
        [0.2995],
        [0.2805]])
--- Save Epoch 5837, Loss=1.0903e+00, IC=2.2540e-01, Res=8.6491e-01, Beta=1.00 ---
... RAR IC , Max IC error: 1.4378, t: tensor(0.)
... RAR RES, Max residual error: 17.0524, t: tensor([[0.0804],
        [0.2972],
        [0.2863]])
[info] epoch 6000, lr=7.35e-04
--- Save Epoch 6280, Loss=9.5926e-01, IC=2.1346e-01, Res=7.4580e-01, Beta=1.00 ---
... RAR IC , Max IC error: 1.3531, t: tensor(0.)
... RAR RES, Max residual error: 14.6918, t: tensor([[0.2966],
        [0.2995],
        [0.2966]])
[info] epoch 7000, lr=6.98e-04
--- Save Epoch 7496, Loss=8.9791e-01, IC=1.9802e-01, Res=6.9988e-01, Beta=1.00 ---
... RAR IC , Max IC error: 1.2437, t: tensor(0.)
... RAR RES, Max residual error: 14.7867, t: tensor([[0.0916],
        [0.2891],
        [0.2787]])
[info] epoch 8000, lr=6.63e-04
--- Save Epoch 8009, Loss=8.5236e-01, IC=2.1827e-01, Res=6.3409e-01, Beta=1.00 ---
... RAR IC , Max IC error: 1.2118, t: tensor(0.)
... RAR RES, Max residual error: 13.0065, t: tensor([[0.0882],
        [0.0943],
        [0.2997]])
[info] epoch 9000, lr=6.30e-04
--- Save Epoch 9511, Loss=7.3236e-01, IC=1.9301e-01, Res=5.3934e-01, Beta=1.00 ---
... RAR IC , Max IC error: 1.1139, t: tensor(0.)
... RAR RES, Max residual error: 12.9349, t: tensor([[0.2902],
        [0.2902],
        [0.2997]])
[info] epoch 10000, lr=5.99e-04
[info] epoch 11000, lr=5.69e-04
--- Save Epoch 11610, Loss=6.3113e-01, IC=1.7904e-01, Res=4.5209e-01, Beta=1.00 ---
... RAR IC , Max IC error: 1.1376, t: tensor(0.)
... RAR RES, Max residual error: 18.1300, t: tensor([[0.2997],
        [0.2984],
        [0.2984]])
[info] epoch 12000, lr=5.40e-04
--- Save Epoch 12666, Loss=5.5444e-01, IC=1.8297e-01, Res=3.7148e-01, Beta=1.00 ---
... RAR IC , Max IC error: 1.3554, t: tensor(0.)
... RAR RES, Max residual error: 14.9266, t: tensor([[0.0896],
        [0.1469],
        [0.2935]])
--- Save Epoch 12861, Loss=5.2356e-01, IC=1.6593e-01, Res=3.5763e-01, Beta=1.00 ---
... RAR IC , Max IC error: 1.2087, t: tensor(0.)
... RAR RES, Max residual error: 22.0735, t: tensor([[0.2983],
        [0.0697],
        [0.2981]])
[info] epoch 13000, lr=5.13e-04
[info] epoch 14000, lr=4.88e-04
--- Save Epoch 14833, Loss=4.6253e-01, IC=1.4610e-01, Res=3.1643e-01, Beta=1.00 ---
... RAR IC , Max IC error: 0.9952, t: tensor(0.)
... RAR RES, Max residual error: 12.6180, t: tensor([[0.2824],
        [0.1421],
        [0.2881]])
[info] epoch 15000, lr=4.63e-04
[info] epoch 16000, lr=4.40e-04
[info] epoch 17000, lr=4.18e-04
--- Save Epoch 17034, Loss=4.3643e-01, IC=1.3334e-01, Res=3.0309e-01, Beta=1.00 ---
... RAR IC , Max IC error: 0.9305, t: tensor(0.)
... RAR RES, Max residual error: 13.5823, t: tensor([[0.1030],
        [0.2998],
        [0.0898]])
--- Save Epoch 17420, Loss=4.1091e-01, IC=1.3775e-01, Res=2.7316e-01, Beta=1.00 ---
... RAR IC , Max IC error: 0.9276, t: tensor(0.)
... RAR RES, Max residual error: 18.4773, t: tensor([[0.2877],
        [0.2880],
        [0.1226]])
[info] epoch 18000, lr=3.97e-04
--- Save Epoch 18826, Loss=3.7210e-01, IC=1.2297e-01, Res=2.4913e-01, Beta=1.00 ---
... RAR IC , Max IC error: 0.9287, t: tensor(0.)
... RAR RES, Max residual error: 14.4323, t: tensor([[0.2950],
        [0.0987],
        [0.0979]])
[info] epoch 19000, lr=3.77e-04
[info] epoch 20000, lr=3.58e-04
--- Save Epoch 20295, Loss=3.4689e-01, IC=1.0867e-01, Res=2.3821e-01, Beta=1.00 ---
... RAR IC , Max IC error: 0.8122, t: tensor(0.)
... RAR RES, Max residual error: 13.9799, t: tensor([[0.1065],
        [0.2726],
        [0.2907]])
[info] epoch 21000, lr=3.41e-04
--- Save Epoch 21054, Loss=3.0296e-01, IC=1.0622e-01, Res=1.9674e-01, Beta=1.00 ---
... RAR IC , Max IC error: 0.7481, t: tensor(0.)
... RAR RES, Max residual error: 28.6934, t: tensor([[0.2990],
        [0.2981],
        [0.2941]])
[info] epoch 22000, lr=3.24e-04
[info] epoch 23000, lr=3.07e-04
--- Save Epoch 23536, Loss=2.8098e-01, IC=8.9562e-02, Res=1.9142e-01, Beta=1.00 ---
... RAR IC , Max IC error: 0.7241, t: tensor(0.)
... RAR RES, Max residual error: 8.5902, t: tensor([[0.0807],
        [0.0753],
        [0.2989]])
[info] epoch 24000, lr=2.92e-04
--- Save Epoch 24297, Loss=2.5620e-01, IC=8.3007e-02, Res=1.7319e-01, Beta=1.00 ---
... RAR IC , Max IC error: 0.6650, t: tensor(0.)
... RAR RES, Max residual error: 11.5748, t: tensor([[0.0952],
        [0.0114],
        [0.1209]])
[info] epoch 25000, lr=2.77e-04
[info] epoch 26000, lr=2.64e-04
--- Save Epoch 26373, Loss=2.4228e-01, IC=6.8461e-02, Res=1.7382e-01, Beta=1.00 ---
... RAR IC , Max IC error: 0.6623, t: tensor(0.)
... RAR RES, Max residual error: 8.4762, t: tensor([[0.0870],
        [0.0082],
        [0.1053]])
[info] epoch 27000, lr=2.50e-04
--- Save Epoch 27176, Loss=2.2572e-01, IC=6.0028e-02, Res=1.6569e-01, Beta=1.00 ---
... RAR IC , Max IC error: 0.6194, t: tensor(0.)
... RAR RES, Max residual error: 9.2976, t: tensor([[0.2975],
        [0.1814],
        [0.1752]])
[info] epoch 28000, lr=2.38e-04
--- Save Epoch 28729, Loss=2.0405e-01, IC=5.2619e-02, Res=1.5143e-01, Beta=1.00 ---
... RAR IC , Max IC error: 0.5839, t: tensor(0.)
... RAR RES, Max residual error: 10.9543, t: tensor([[0.1161],
        [0.1715],
        [0.0911]])
[info] epoch 29000, lr=2.26e-04
[info] epoch 30000, lr=2.15e-04
[info] epoch 31000, lr=2.04e-04
--- Save Epoch 31039, Loss=1.9192e-01, IC=4.4634e-02, Res=1.4729e-01, Beta=1.00 ---
... RAR IC , Max IC error: 0.5313, t: tensor(0.)
... RAR RES, Max residual error: 16.0894, t: tensor([[0.1882],
        [0.1030],
        [0.2976]])
[info] epoch 32000, lr=1.94e-04
--- Save Epoch 32163, Loss=1.7832e-01, IC=3.9440e-02, Res=1.3888e-01, Beta=1.00 ---
... RAR IC , Max IC error: 0.4954, t: tensor(0.)
... RAR RES, Max residual error: 12.9190, t: tensor([[0.2933],
        [0.0845],
        [0.2994]])
[info] epoch 33000, lr=1.84e-04
--- Save Epoch 33992, Loss=1.6761e-01, IC=3.4252e-02, Res=1.3336e-01, Beta=1.00 ---
[info] epoch 34000, lr=1.75e-04
... RAR IC , Max IC error: 0.4581, t: tensor(0.)
... RAR RES, Max residual error: 9.7827, t: tensor([[0.0830],
        [0.1689],
        [0.0926]])
--- Save Epoch 34433, Loss=1.5842e-01, IC=3.3226e-02, Res=1.2519e-01, Beta=1.00 ---
... RAR IC , Max IC error: 0.4427, t: tensor(0.)
... RAR RES, Max residual error: 16.4605, t: tensor([[0.1009],
        [0.0838],
        [0.2938]])
[info] epoch 35000, lr=1.66e-04
[info] epoch 36000, lr=1.58e-04
--- Save Epoch 36288, Loss=1.4761e-01, IC=2.7770e-02, Res=1.1984e-01, Beta=1.00 ---
... RAR IC , Max IC error: 0.4055, t: tensor(0.)
... RAR RES, Max residual error: 13.1551, t: tensor([[0.2999],
        [0.2946],
        [0.1392]])
[info] epoch 37000, lr=1.50e-04
--- Save Epoch 37850, Loss=1.3623e-01, IC=2.6524e-02, Res=1.0971e-01, Beta=1.00 ---
... RAR IC , Max IC error: 0.4294, t: tensor(0.)
... RAR RES, Max residual error: 12.0001, t: tensor([[0.2916],
        [0.2832],
        [0.0835]])
[info] epoch 38000, lr=1.42e-04
[info] epoch 39000, lr=1.35e-04
--- Save Epoch 39752, Loss=1.2211e-01, IC=2.1056e-02, Res=1.0105e-01, Beta=1.00 ---
... RAR IC , Max IC error: 0.3984, t: tensor(0.)
... RAR RES, Max residual error: 10.8712, t: tensor([[0.0912],
        [0.2844],
        [0.2825]])
[info] epoch 40000, lr=1.29e-04
===== logging end   2025-11-15 04:31:51 =====

===== logging start 2025-11-15 08:01:43 =====
--- Save Epoch 1, Loss=2.9146e+04, Res=2.9146e+04, Beta=0.00 ---
... RAR RES, Max residual error: 836.5959, t: tensor([[0.2942],
        [0.2737],
        [0.2796]])
--- Save Epoch 16, Loss=2.6940e+04, Res=2.6940e+04, Beta=0.02 ---
--- Save Epoch 22, Loss=2.5207e+04, Res=2.5207e+04, Beta=0.04 ---
--- Save Epoch 24, Loss=2.1323e+04, Res=2.1323e+04, Beta=0.06 ---
--- Save Epoch 31, Loss=1.9766e+04, Res=1.9766e+04, Beta=0.08 ---
--- Save Epoch 34, Loss=1.7828e+04, Res=1.7828e+04, Beta=0.10 ---
--- Save Epoch 41, Loss=1.4622e+04, Res=1.4622e+04, Beta=0.12 ---
--- Save Epoch 81, Loss=1.3303e+04, Res=1.3303e+04, Beta=0.14 ---
--- Save Epoch 85, Loss=1.2637e+04, Res=1.2637e+04, Beta=0.16 ---
--- Save Epoch 93, Loss=1.1545e+04, Res=1.1545e+04, Beta=0.18 ---
... RAR RES, Max residual error: 547.4150, t: tensor([[0.0037],
        [0.0046],
        [0.0037]])
--- Save Epoch 140, Loss=1.0956e+04, Res=1.0956e+04, Beta=0.20 ---
--- Save Epoch 142, Loss=9.6650e+03, Res=9.6650e+03, Beta=0.22 ---
--- Save Epoch 161, Loss=9.1143e+03, Res=9.1143e+03, Beta=0.24 ---
--- Save Epoch 165, Loss=8.4224e+03, Res=8.4224e+03, Beta=0.26 ---
--- Save Epoch 166, Loss=7.3660e+03, Res=7.3660e+03, Beta=0.28 ---
--- Save Epoch 179, Loss=6.9283e+03, Res=6.9283e+03, Beta=0.30 ---
--- Save Epoch 182, Loss=6.4436e+03, Res=6.4436e+03, Beta=0.32 ---
... RAR RES, Max residual error: 468.0824, t: tensor([[0.2983],
        [0.1969],
        [0.2968]])
--- Save Epoch 225, Loss=5.9772e+03, Res=5.9772e+03, Beta=0.34 ---
--- Save Epoch 227, Loss=5.6306e+03, Res=5.6306e+03, Beta=0.36 ---
--- Save Epoch 229, Loss=5.0475e+03, Res=5.0475e+03, Beta=0.38 ---
--- Save Epoch 232, Loss=4.4655e+03, Res=4.4655e+03, Beta=0.40 ---
===== logging end   2025-11-15 08:03:58 =====

===== logging start 2025-11-15 08:04:12 =====
--- Save Epoch 1, Loss=2.9146e+04, Res=2.9146e+04, Beta=0.00 ---
... RAR RES, Max residual error: 836.5959, t: tensor([[0.2942],
        [0.2737],
        [0.2796]])
--- Save Epoch 16, Loss=2.6940e+04, Res=2.6940e+04, Beta=0.02 ---
--- Save Epoch 22, Loss=2.5207e+04, Res=2.5207e+04, Beta=0.04 ---
--- Save Epoch 24, Loss=2.1323e+04, Res=2.1323e+04, Beta=0.06 ---
--- Save Epoch 31, Loss=1.9766e+04, Res=1.9766e+04, Beta=0.08 ---
--- Save Epoch 34, Loss=1.7828e+04, Res=1.7828e+04, Beta=0.10 ---
--- Save Epoch 41, Loss=1.4622e+04, Res=1.4622e+04, Beta=0.12 ---
--- Save Epoch 81, Loss=1.3303e+04, Res=1.3303e+04, Beta=0.14 ---
--- Save Epoch 85, Loss=1.2637e+04, Res=1.2637e+04, Beta=0.16 ---
--- Save Epoch 93, Loss=1.1545e+04, Res=1.1545e+04, Beta=0.18 ---
... RAR RES, Max residual error: 547.4150, t: tensor([[0.0037],
        [0.0046],
        [0.0037]])
--- Save Epoch 140, Loss=1.0956e+04, Res=1.0956e+04, Beta=0.20 ---
--- Save Epoch 142, Loss=9.6650e+03, Res=9.6650e+03, Beta=0.22 ---
--- Save Epoch 161, Loss=9.1143e+03, Res=9.1143e+03, Beta=0.24 ---
--- Save Epoch 165, Loss=8.4224e+03, Res=8.4224e+03, Beta=0.26 ---
--- Save Epoch 166, Loss=7.3660e+03, Res=7.3660e+03, Beta=0.28 ---
--- Save Epoch 179, Loss=6.9283e+03, Res=6.9283e+03, Beta=0.30 ---
--- Save Epoch 182, Loss=6.4436e+03, Res=6.4436e+03, Beta=0.32 ---
... RAR RES, Max residual error: 468.0824, t: tensor([[0.2983],
        [0.1969],
        [0.2968]])
--- Save Epoch 225, Loss=5.9772e+03, Res=5.9772e+03, Beta=0.34 ---
--- Save Epoch 227, Loss=5.6306e+03, Res=5.6306e+03, Beta=0.36 ---
--- Save Epoch 229, Loss=5.0475e+03, Res=5.0475e+03, Beta=0.38 ---
--- Save Epoch 232, Loss=4.4655e+03, Res=4.4655e+03, Beta=0.40 ---
--- Save Epoch 281, Loss=3.9690e+03, Res=3.9690e+03, Beta=0.42 ---
... RAR RES, Max residual error: 486.7013, t: tensor([[0.2907],
        [0.2964],
        [0.2964]])
--- Save Epoch 335, Loss=3.5892e+03, Res=3.5892e+03, Beta=0.44 ---
--- Save Epoch 336, Loss=3.3624e+03, Res=3.3624e+03, Beta=0.46 ---
--- Save Epoch 337, Loss=2.9480e+03, Res=2.9480e+03, Beta=0.48 ---
--- Save Epoch 356, Loss=2.5586e+03, Res=2.5586e+03, Beta=0.50 ---
--- Save Epoch 362, Loss=2.2713e+03, Res=2.2713e+03, Beta=0.52 ---
... RAR RES, Max residual error: 309.4101, t: tensor([[0.2822],
        [0.2045],
        [0.2796]])
--- Save Epoch 410, Loss=2.1240e+03, Res=2.1240e+03, Beta=0.54 ---
--- Save Epoch 418, Loss=1.6491e+03, Res=1.6491e+03, Beta=0.56 ---
... RAR RES, Max residual error: 361.7355, t: tensor([[0.1682],
        [0.1748],
        [0.2128]])
--- Save Epoch 542, Loss=1.5356e+03, Res=1.5356e+03, Beta=0.58 ---
--- Save Epoch 543, Loss=1.2004e+03, Res=1.2004e+03, Beta=0.60 ---
... RAR RES, Max residual error: 283.2864, t: tensor([[0.2838],
        [0.2918],
        [0.2989]])
--- Save Epoch 681, Loss=1.0280e+03, Res=1.0280e+03, Beta=0.62 ---
--- Save Epoch 688, Loss=8.8641e+02, Res=8.8641e+02, Beta=0.64 ---
... RAR RES, Max residual error: 432.6186, t: tensor([[0.2908],
        [0.2898],
        [0.2850]])
--- Save Epoch 783, Loss=8.3563e+02, Res=8.3563e+02, Beta=0.66 ---
--- Save Epoch 790, Loss=7.8901e+02, Res=7.8901e+02, Beta=0.68 ---
--- Save Epoch 794, Loss=6.3743e+02, Res=6.3743e+02, Beta=0.70 ---
... RAR RES, Max residual error: 220.4161, t: tensor([[0.2990],
        [0.2918],
        [0.2721]])
--- Save Epoch 809, Loss=6.0463e+02, Res=6.0463e+02, Beta=0.72 ---
--- Save Epoch 814, Loss=5.3155e+02, Res=5.3155e+02, Beta=0.74 ---
--- Save Epoch 884, Loss=5.0354e+02, Res=5.0354e+02, Beta=0.76 ---
--- Save Epoch 887, Loss=4.4913e+02, Res=4.4913e+02, Beta=0.78 ---
... RAR RES, Max residual error: 128.0653, t: tensor([[0.1106],
        [0.1056],
        [0.1199]])
[info] epoch 1000, lr=9.50e-04
--- Save Epoch 1011, Loss=4.1806e+02, Res=4.1806e+02, Beta=0.80 ---
--- Save Epoch 1012, Loss=3.4297e+02, Res=3.4297e+02, Beta=0.82 ---
--- Save Epoch 1015, Loss=2.7185e+02, Res=2.7185e+02, Beta=0.84 ---
--- Save Epoch 1016, Loss=2.3521e+02, Res=2.3521e+02, Beta=0.86 ---
--- Save Epoch 1018, Loss=1.9389e+02, Res=1.9389e+02, Beta=0.88 ---
--- Save Epoch 1024, Loss=1.4292e+02, Res=1.4292e+02, Beta=0.90 ---
--- Save Epoch 1050, Loss=1.3305e+02, Res=1.3305e+02, Beta=0.92 ---
--- Save Epoch 1051, Loss=9.2753e+01, Res=9.2753e+01, Beta=0.94 ---
--- Save Epoch 1053, Loss=7.9139e+01, Res=7.9139e+01, Beta=0.96 ---
--- Save Epoch 1054, Loss=4.6487e+01, Res=4.6487e+01, Beta=0.98 ---
--- Save Epoch 1056, Loss=2.1274e+01, Res=2.1274e+01, Beta=1.00 ---
--- Save Epoch 1057, Loss=1.6573e+01, Res=1.6573e+01, Beta=1.00 ---
--- Save Epoch 1062, Loss=1.0794e+01, Res=1.0794e+01, Beta=1.00 ---
--- Save Epoch 1085, Loss=9.2187e+00, Res=9.2187e+00, Beta=1.00 ---
--- Save Epoch 1086, Loss=8.6267e+00, Res=8.6267e+00, Beta=1.00 ---
--- Save Epoch 1093, Loss=7.7293e+00, Res=7.7293e+00, Beta=1.00 ---
... RAR RES, Max residual error: 19.7647, t: tensor([[0.2995],
        [0.2995],
        [0.2970]])
--- Save Epoch 1217, Loss=7.1755e+00, Res=7.1755e+00, Beta=1.00 ---
--- Save Epoch 1280, Loss=6.6516e+00, Res=6.6516e+00, Beta=1.00 ---
... RAR RES, Max residual error: 19.9534, t: tensor([[0.2897],
        [0.2933],
        [0.1131]])
--- Save Epoch 1503, Loss=6.2970e+00, Res=6.2970e+00, Beta=1.00 ---
--- Save Epoch 1535, Loss=5.7241e+00, Res=5.7241e+00, Beta=1.00 ---
... RAR RES, Max residual error: 42.5091, t: tensor([[0.2985],
        [0.2998],
        [0.2985]])
--- Save Epoch 1807, Loss=5.3154e+00, Res=5.3154e+00, Beta=1.00 ---
--- Save Epoch 1844, Loss=4.8994e+00, Res=4.8994e+00, Beta=1.00 ---
... RAR RES, Max residual error: 22.5945, t: tensor([[0.2953],
        [0.2483],
        [0.2953]])
[info] epoch 2000, lr=9.02e-04
--- Save Epoch 2048, Loss=4.4749e+00, Res=4.4749e+00, Beta=1.00 ---
... RAR RES, Max residual error: 22.2568, t: tensor([[0.2958],
        [0.2944],
        [0.2747]])
--- Save Epoch 2171, Loss=3.8941e+00, Res=3.8941e+00, Beta=1.00 ---
... RAR RES, Max residual error: 24.3884, t: tensor([[0.2987],
        [0.3000],
        [0.2997]])
--- Save Epoch 2557, Loss=3.6960e+00, Res=3.6960e+00, Beta=1.00 ---
... RAR RES, Max residual error: 17.1802, t: tensor([[0.2969],
        [0.2878],
        [0.2971]])
--- Save Epoch 2747, Loss=3.4065e+00, Res=3.4065e+00, Beta=1.00 ---
... RAR RES, Max residual error: 25.1392, t: tensor([[0.2970],
        [0.2970],
        [0.2914]])
[info] epoch 3000, lr=8.57e-04
--- Save Epoch 3034, Loss=2.9368e+00, Res=2.9368e+00, Beta=1.00 ---
... RAR RES, Max residual error: 22.5114, t: tensor([[0.2942],
        [0.2987],
        [0.2987]])
--- Save Epoch 3567, Loss=2.7682e+00, Res=2.7682e+00, Beta=1.00 ---
... RAR RES, Max residual error: 22.5096, t: tensor([[0.2962],
        [0.2992],
        [0.2962]])
--- Save Epoch 3937, Loss=2.5601e+00, Res=2.5601e+00, Beta=1.00 ---
--- Save Epoch 3969, Loss=2.3537e+00, Res=2.3537e+00, Beta=1.00 ---
[info] epoch 4000, lr=8.15e-04
... RAR RES, Max residual error: 21.1079, t: tensor([[0.2985],
        [0.2973],
        [0.2999]])
--- Save Epoch 4880, Loss=2.2081e+00, Res=2.2081e+00, Beta=1.00 ---
... RAR RES, Max residual error: 25.4906, t: tensor([[0.2962],
        [0.2938],
        [0.2980]])
[info] epoch 5000, lr=7.74e-04
--- Save Epoch 5062, Loss=2.0689e+00, Res=2.0689e+00, Beta=1.00 ---
... RAR RES, Max residual error: 17.6782, t: tensor([[0.2984],
        [0.2891],
        [0.2971]])
--- Save Epoch 5580, Loss=1.8774e+00, Res=1.8774e+00, Beta=1.00 ---
... RAR RES, Max residual error: 15.8200, t: tensor([[0.2959],
        [0.2922],
        [0.1265]])
--- Save Epoch 5874, Loss=1.7738e+00, Res=1.7738e+00, Beta=1.00 ---
... RAR RES, Max residual error: 19.6433, t: tensor([[0.1053],
        [0.2231],
        [0.0658]])
[info] epoch 6000, lr=7.35e-04
--- Save Epoch 6731, Loss=1.5568e+00, Res=1.5568e+00, Beta=1.00 ---
... RAR RES, Max residual error: 26.4377, t: tensor([[0.2911],
        [0.0101],
        [0.1384]])
[info] epoch 7000, lr=6.98e-04
--- Save Epoch 7450, Loss=1.4590e+00, Res=1.4590e+00, Beta=1.00 ---
--- Save Epoch 7472, Loss=1.2816e+00, Res=1.2816e+00, Beta=1.00 ---
... RAR RES, Max residual error: 21.0442, t: tensor([[0.2986],
        [0.0485],
        [0.0913]])
===== logging end   2025-11-15 09:02:24 =====

===== logging start 2025-11-22 21:11:42 =====
--- Save Epoch 1, Loss=2.9177e+04, IC=2.9964e-01, Res=2.9177e+04, Beta=0.00 ---
... RAR IC , Max IC error: 1.7193, t: tensor(0.)
... RAR RES, Max residual error: 844.4082, t: tensor([[0.2942],
        [0.2737],
        [0.2796]])
--- Save Epoch 16, Loss=2.7294e+04, IC=4.5381e+01, Res=2.7248e+04, Beta=0.02 ---
--- Save Epoch 19, Loss=2.5915e+04, IC=4.1680e+01, Res=2.5873e+04, Beta=0.04 ---
--- Save Epoch 20, Loss=2.3259e+04, IC=4.6495e+01, Res=2.3213e+04, Beta=0.06 ---
--- Save Epoch 24, Loss=2.0202e+04, IC=4.6655e+01, Res=2.0155e+04, Beta=0.08 ---
--- Save Epoch 31, Loss=1.9030e+04, IC=5.1673e+01, Res=1.8979e+04, Beta=0.10 ---
--- Save Epoch 34, Loss=1.7465e+04, IC=4.9812e+01, Res=1.7415e+04, Beta=0.12 ---
--- Save Epoch 38, Loss=1.5961e+04, IC=3.6872e+01, Res=1.5924e+04, Beta=0.14 ---
--- Save Epoch 41, Loss=1.4758e+04, IC=4.1743e+01, Res=1.4716e+04, Beta=0.16 ---
--- Save Epoch 47, Loss=1.3495e+04, IC=2.8024e+01, Res=1.3467e+04, Beta=0.18 ---
--- Save Epoch 50, Loss=1.2605e+04, IC=7.0824e+01, Res=1.2534e+04, Beta=0.20 ---
--- Save Epoch 52, Loss=1.1541e+04, IC=3.2781e+01, Res=1.1509e+04, Beta=0.22 ---
--- Save Epoch 57, Loss=1.0609e+04, IC=5.2758e+01, Res=1.0556e+04, Beta=0.24 ---
--- Save Epoch 59, Loss=9.8909e+03, IC=3.6812e+01, Res=9.8541e+03, Beta=0.26 ---
--- Save Epoch 60, Loss=9.2378e+03, IC=3.4575e+01, Res=9.2032e+03, Beta=0.28 ---
--- Save Epoch 69, Loss=8.4086e+03, IC=6.3713e+01, Res=8.3449e+03, Beta=0.30 ---
--- Save Epoch 71, Loss=7.7340e+03, IC=5.2854e+01, Res=7.6811e+03, Beta=0.32 ---
--- Save Epoch 73, Loss=7.2360e+03, IC=5.4714e+01, Res=7.1812e+03, Beta=0.34 ---
--- Save Epoch 74, Loss=6.7656e+03, IC=5.4665e+01, Res=6.7109e+03, Beta=0.36 ---
--- Save Epoch 84, Loss=6.2339e+03, IC=5.6408e+01, Res=6.1775e+03, Beta=0.38 ---
--- Save Epoch 85, Loss=5.8387e+03, IC=6.1485e+01, Res=5.7773e+03, Beta=0.40 ---
--- Save Epoch 89, Loss=5.2217e+03, IC=5.3575e+01, Res=5.1682e+03, Beta=0.42 ---
--- Save Epoch 97, Loss=4.9323e+03, IC=4.5097e+01, Res=4.8872e+03, Beta=0.44 ---
... RAR IC , Max IC error: 13.6915, t: tensor(0.)
... RAR RES, Max residual error: 368.6727, t: tensor([[0.2886],
        [0.2888],
        [0.2888]])
--- Save Epoch 106, Loss=4.6738e+03, IC=4.0840e+01, Res=4.6330e+03, Beta=0.46 ---
--- Save Epoch 111, Loss=4.3481e+03, IC=3.6312e+01, Res=4.3118e+03, Beta=0.48 ---
--- Save Epoch 128, Loss=3.9871e+03, IC=4.0281e+01, Res=3.9468e+03, Beta=0.50 ---
--- Save Epoch 130, Loss=3.7694e+03, IC=2.7772e+01, Res=3.7416e+03, Beta=0.52 ---
--- Save Epoch 131, Loss=3.4986e+03, IC=2.8199e+01, Res=3.4704e+03, Beta=0.54 ---
--- Save Epoch 133, Loss=3.1641e+03, IC=3.9590e+01, Res=3.1245e+03, Beta=0.56 ---
--- Save Epoch 134, Loss=2.7789e+03, IC=4.1558e+01, Res=2.7374e+03, Beta=0.58 ---
--- Save Epoch 135, Loss=2.5403e+03, IC=3.8474e+01, Res=2.5019e+03, Beta=0.60 ---
--- Save Epoch 136, Loss=2.0876e+03, IC=3.2986e+01, Res=2.0547e+03, Beta=0.62 ---
--- Save Epoch 147, Loss=1.8167e+03, IC=2.2946e+01, Res=1.7937e+03, Beta=0.64 ---
--- Save Epoch 159, Loss=1.6585e+03, IC=1.2356e+01, Res=1.6461e+03, Beta=0.66 ---
--- Save Epoch 165, Loss=1.5057e+03, IC=1.1508e+01, Res=1.4942e+03, Beta=0.68 ---
--- Save Epoch 166, Loss=1.3795e+03, IC=1.5551e+01, Res=1.3640e+03, Beta=0.70 ---
--- Save Epoch 167, Loss=1.2503e+03, IC=1.6861e+01, Res=1.2334e+03, Beta=0.72 ---
--- Save Epoch 168, Loss=1.1008e+03, IC=1.3981e+01, Res=1.0868e+03, Beta=0.74 ---
--- Save Epoch 169, Loss=9.2789e+02, IC=1.3829e+01, Res=9.1406e+02, Beta=0.76 ---
--- Save Epoch 170, Loss=8.2764e+02, IC=1.3013e+01, Res=8.1462e+02, Beta=0.78 ---
--- Save Epoch 171, Loss=6.7007e+02, IC=1.4755e+01, Res=6.5532e+02, Beta=0.80 ---
--- Save Epoch 172, Loss=5.5075e+02, IC=9.8129e+00, Res=5.4094e+02, Beta=0.82 ---
--- Save Epoch 175, Loss=4.8029e+02, IC=4.4966e+00, Res=4.7580e+02, Beta=0.84 ---
--- Save Epoch 176, Loss=3.6784e+02, IC=4.7640e+00, Res=3.6308e+02, Beta=0.86 ---
--- Save Epoch 177, Loss=3.2065e+02, IC=5.9239e+00, Res=3.1472e+02, Beta=0.88 ---
--- Save Epoch 178, Loss=2.6076e+02, IC=6.1252e+00, Res=2.5464e+02, Beta=0.90 ---
--- Save Epoch 179, Loss=1.2092e+02, IC=4.7557e+00, Res=1.1617e+02, Beta=0.92 ---
--- Save Epoch 180, Loss=8.2829e+01, IC=2.3564e+00, Res=8.0473e+01, Beta=0.94 ---
--- Save Epoch 181, Loss=7.3744e+01, IC=1.4665e+00, Res=7.2278e+01, Beta=0.96 ---
--- Save Epoch 183, Loss=4.0765e+01, IC=6.7146e-01, Res=4.0094e+01, Beta=0.98 ---
--- Save Epoch 186, Loss=2.1780e+01, IC=2.3064e-01, Res=2.1549e+01, Beta=1.00 ---
--- Save Epoch 190, Loss=1.8123e+01, IC=4.4739e-01, Res=1.7675e+01, Beta=1.00 ---
--- Save Epoch 196, Loss=1.2512e+01, IC=4.1671e-01, Res=1.2095e+01, Beta=1.00 ---
--- Save Epoch 197, Loss=1.1836e+01, IC=7.2853e-01, Res=1.1107e+01, Beta=1.00 ---
--- Save Epoch 199, Loss=1.0302e+01, IC=3.1356e-01, Res=9.9884e+00, Beta=1.00 ---
... RAR IC , Max IC error: 2.0500, t: tensor(0.)
... RAR RES, Max residual error: 16.6435, t: tensor([[0.2991],
        [0.2983],
        [0.2959]])
--- Save Epoch 206, Loss=8.9387e+00, IC=2.3292e-01, Res=8.7058e+00, Beta=1.00 ---
--- Save Epoch 208, Loss=8.0780e+00, IC=6.5479e-02, Res=8.0125e+00, Beta=1.00 ---
--- Save Epoch 214, Loss=7.3312e+00, IC=1.4006e-01, Res=7.1911e+00, Beta=1.00 ---
--- Save Epoch 236, Loss=6.8456e+00, IC=3.9047e-02, Res=6.8066e+00, Beta=1.00 ---
--- Save Epoch 249, Loss=6.1358e+00, IC=2.9166e-02, Res=6.1066e+00, Beta=1.00 ---
... RAR IC , Max IC error: 0.8384, t: tensor(0.)
... RAR RES, Max residual error: 16.5539, t: tensor([[0.2812],
        [0.0863],
        [0.2907]])
--- Save Epoch 438, Loss=5.6273e+00, IC=8.1735e-02, Res=5.5455e+00, Beta=1.00 ---
--- Save Epoch 487, Loss=5.2013e+00, IC=7.0102e-02, Res=5.1312e+00, Beta=1.00 ---
... RAR IC , Max IC error: 1.0654, t: tensor(0.)
... RAR RES, Max residual error: 14.3076, t: tensor([[0.2243],
        [0.2946],
        [0.2357]])
--- Save Epoch 676, Loss=4.8051e+00, IC=1.1263e-01, Res=4.6925e+00, Beta=1.00 ---
... RAR IC , Max IC error: 1.5521, t: tensor(0.)
... RAR RES, Max residual error: 18.6423, t: tensor([[0.2961],
        [0.2961],
        [0.2961]])
--- Save Epoch 882, Loss=4.2056e+00, IC=1.4583e-01, Res=4.0597e+00, Beta=1.00 ---
... RAR IC , Max IC error: 1.5877, t: tensor(0.)
... RAR RES, Max residual error: 18.1184, t: tensor([[0.2998],
        [0.2344],
        [0.2894]])
[info] epoch 1000, lr=9.50e-04
--- Save Epoch 1000, Loss=3.9288e+00, IC=1.7782e-01, Res=3.7510e+00, Beta=1.00 ---
... RAR IC , Max IC error: 1.5615, t: tensor(0.)
... RAR RES, Max residual error: 19.8256, t: tensor([[0.2923],
        [0.2776],
        [0.2834]])
--- Save Epoch 1200, Loss=3.6419e+00, IC=1.8931e-01, Res=3.4526e+00, Beta=1.00 ---
... RAR IC , Max IC error: 1.6312, t: tensor(0.)
... RAR RES, Max residual error: 21.3549, t: tensor([[0.2971],
        [0.2962],
        [0.2970]])
--- Save Epoch 1478, Loss=3.3805e+00, IC=2.0350e-01, Res=3.1770e+00, Beta=1.00 ---
--- Save Epoch 1484, Loss=3.1546e+00, IC=2.2061e-01, Res=2.9340e+00, Beta=1.00 ---
... RAR IC , Max IC error: 1.5854, t: tensor(0.)
... RAR RES, Max residual error: 18.6497, t: tensor([[0.2983],
        [0.2983],
        [0.2983]])
--- Save Epoch 1658, Loss=2.9681e+00, IC=2.0343e-01, Res=2.7647e+00, Beta=1.00 ---
... RAR IC , Max IC error: 1.5848, t: tensor(0.)
... RAR RES, Max residual error: 20.9371, t: tensor([[0.2918],
        [0.2961],
        [0.2983]])
--- Save Epoch 1754, Loss=2.7016e+00, IC=2.2529e-01, Res=2.4763e+00, Beta=1.00 ---
... RAR IC , Max IC error: 1.4252, t: tensor(0.)
... RAR RES, Max residual error: 39.0633, t: tensor([[0.2993],
        [0.2993],
        [0.2912]])
[info] epoch 2000, lr=9.02e-04
--- Save Epoch 2068, Loss=2.2469e+00, IC=2.3603e-01, Res=2.0109e+00, Beta=1.00 ---
... RAR IC , Max IC error: 1.7115, t: tensor(0.)
... RAR RES, Max residual error: 19.1988, t: tensor([[0.2924],
        [0.1568],
        [0.2926]])
--- Save Epoch 2437, Loss=1.9671e+00, IC=2.4878e-01, Res=1.7183e+00, Beta=1.00 ---
... RAR IC , Max IC error: 1.5743, t: tensor(0.)
... RAR RES, Max residual error: 20.5121, t: tensor([[0.2985],
        [0.2821],
        [0.2806]])
--- Save Epoch 2901, Loss=1.5547e+00, IC=2.3724e-01, Res=1.3175e+00, Beta=1.00 ---
[info] epoch 3000, lr=8.57e-04
... RAR IC , Max IC error: 1.4935, t: tensor(0.)
... RAR RES, Max residual error: 22.4441, t: tensor([[0.1424],
        [0.2998],
        [0.2972]])
[info] epoch 4000, lr=8.15e-04
--- Save Epoch 4381, Loss=1.4742e+00, IC=2.2220e-01, Res=1.2520e+00, Beta=1.00 ---
... RAR IC , Max IC error: 1.6969, t: tensor(0.)
... RAR RES, Max residual error: 11.3682, t: tensor([[0.2701],
        [0.2943],
        [0.2707]])
--- Save Epoch 4845, Loss=1.3962e+00, IC=2.3324e-01, Res=1.1630e+00, Beta=1.00 ---
--- Save Epoch 4867, Loss=1.3196e+00, IC=2.1815e-01, Res=1.1015e+00, Beta=1.00 ---
... RAR IC , Max IC error: 1.5640, t: tensor(0.)
... RAR RES, Max residual error: 13.8632, t: tensor([[0.2955],
        [0.2877],
        [0.2955]])
[info] epoch 5000, lr=7.74e-04
--- Save Epoch 5011, Loss=1.1739e+00, IC=2.2579e-01, Res=9.4814e-01, Beta=1.00 ---
... RAR IC , Max IC error: 1.2659, t: tensor(0.)
... RAR RES, Max residual error: 21.4169, t: tensor([[0.2865],
        [0.2995],
        [0.2805]])
--- Save Epoch 5837, Loss=1.0903e+00, IC=2.2540e-01, Res=8.6491e-01, Beta=1.00 ---
... RAR IC , Max IC error: 1.4378, t: tensor(0.)
... RAR RES, Max residual error: 17.0524, t: tensor([[0.0804],
        [0.2972],
        [0.2863]])
[info] epoch 6000, lr=7.35e-04
--- Save Epoch 6280, Loss=9.5926e-01, IC=2.1346e-01, Res=7.4580e-01, Beta=1.00 ---
... RAR IC , Max IC error: 1.3531, t: tensor(0.)
... RAR RES, Max residual error: 14.6918, t: tensor([[0.2966],
        [0.2995],
        [0.2966]])
[info] epoch 7000, lr=6.98e-04
--- Save Epoch 7496, Loss=8.9791e-01, IC=1.9802e-01, Res=6.9988e-01, Beta=1.00 ---
... RAR IC , Max IC error: 1.2437, t: tensor(0.)
... RAR RES, Max residual error: 14.7867, t: tensor([[0.0916],
        [0.2891],
        [0.2787]])
[info] epoch 8000, lr=6.63e-04
--- Save Epoch 8009, Loss=8.5236e-01, IC=2.1827e-01, Res=6.3409e-01, Beta=1.00 ---
... RAR IC , Max IC error: 1.2118, t: tensor(0.)
... RAR RES, Max residual error: 13.0065, t: tensor([[0.0882],
        [0.0943],
        [0.2997]])
[info] epoch 9000, lr=6.30e-04
--- Save Epoch 9511, Loss=7.3236e-01, IC=1.9301e-01, Res=5.3934e-01, Beta=1.00 ---
... RAR IC , Max IC error: 1.1139, t: tensor(0.)
... RAR RES, Max residual error: 12.9349, t: tensor([[0.2902],
        [0.2902],
        [0.2997]])
[info] epoch 10000, lr=5.99e-04
[info] epoch 11000, lr=5.69e-04
--- Save Epoch 11610, Loss=6.3113e-01, IC=1.7904e-01, Res=4.5209e-01, Beta=1.00 ---
... RAR IC , Max IC error: 1.1376, t: tensor(0.)
... RAR RES, Max residual error: 18.1300, t: tensor([[0.2997],
        [0.2984],
        [0.2984]])
[info] epoch 12000, lr=5.40e-04
--- Save Epoch 12666, Loss=5.5444e-01, IC=1.8297e-01, Res=3.7148e-01, Beta=1.00 ---
... RAR IC , Max IC error: 1.3554, t: tensor(0.)
... RAR RES, Max residual error: 14.9266, t: tensor([[0.0896],
        [0.1469],
        [0.2935]])
--- Save Epoch 12861, Loss=5.2356e-01, IC=1.6593e-01, Res=3.5763e-01, Beta=1.00 ---
... RAR IC , Max IC error: 1.2087, t: tensor(0.)
... RAR RES, Max residual error: 22.0735, t: tensor([[0.2983],
        [0.0697],
        [0.2981]])
[info] epoch 13000, lr=5.13e-04
[info] epoch 14000, lr=4.88e-04
--- Save Epoch 14833, Loss=4.6253e-01, IC=1.4610e-01, Res=3.1643e-01, Beta=1.00 ---
... RAR IC , Max IC error: 0.9952, t: tensor(0.)
... RAR RES, Max residual error: 12.6180, t: tensor([[0.2824],
        [0.1421],
        [0.2881]])
[info] epoch 15000, lr=4.63e-04
[info] epoch 16000, lr=4.40e-04
[info] epoch 17000, lr=4.18e-04
--- Save Epoch 17034, Loss=4.3643e-01, IC=1.3334e-01, Res=3.0309e-01, Beta=1.00 ---
... RAR IC , Max IC error: 0.9305, t: tensor(0.)
... RAR RES, Max residual error: 13.5823, t: tensor([[0.1030],
        [0.2998],
        [0.0898]])
--- Save Epoch 17420, Loss=4.1091e-01, IC=1.3775e-01, Res=2.7316e-01, Beta=1.00 ---
... RAR IC , Max IC error: 0.9276, t: tensor(0.)
... RAR RES, Max residual error: 18.4773, t: tensor([[0.2877],
        [0.2880],
        [0.1226]])
[info] epoch 18000, lr=3.97e-04
--- Save Epoch 18826, Loss=3.7210e-01, IC=1.2297e-01, Res=2.4913e-01, Beta=1.00 ---
... RAR IC , Max IC error: 0.9287, t: tensor(0.)
... RAR RES, Max residual error: 14.4323, t: tensor([[0.2950],
        [0.0987],
        [0.0979]])
[info] epoch 19000, lr=3.77e-04
[info] epoch 20000, lr=3.58e-04
--- Save Epoch 20295, Loss=3.4689e-01, IC=1.0867e-01, Res=2.3821e-01, Beta=1.00 ---
... RAR IC , Max IC error: 0.8122, t: tensor(0.)
... RAR RES, Max residual error: 13.9799, t: tensor([[0.1065],
        [0.2726],
        [0.2907]])
[info] epoch 21000, lr=3.41e-04
--- Save Epoch 21054, Loss=3.0296e-01, IC=1.0622e-01, Res=1.9674e-01, Beta=1.00 ---
... RAR IC , Max IC error: 0.7481, t: tensor(0.)
... RAR RES, Max residual error: 28.6934, t: tensor([[0.2990],
        [0.2981],
        [0.2941]])
[info] epoch 22000, lr=3.24e-04
[info] epoch 23000, lr=3.07e-04
--- Save Epoch 23536, Loss=2.8098e-01, IC=8.9562e-02, Res=1.9142e-01, Beta=1.00 ---
... RAR IC , Max IC error: 0.7241, t: tensor(0.)
... RAR RES, Max residual error: 8.5902, t: tensor([[0.0807],
        [0.0753],
        [0.2989]])
[info] epoch 24000, lr=2.92e-04
--- Save Epoch 24297, Loss=2.5620e-01, IC=8.3007e-02, Res=1.7319e-01, Beta=1.00 ---
... RAR IC , Max IC error: 0.6650, t: tensor(0.)
... RAR RES, Max residual error: 11.5748, t: tensor([[0.0952],
        [0.0114],
        [0.1209]])
[info] epoch 25000, lr=2.77e-04
[info] epoch 26000, lr=2.64e-04
--- Save Epoch 26373, Loss=2.4228e-01, IC=6.8461e-02, Res=1.7382e-01, Beta=1.00 ---
... RAR IC , Max IC error: 0.6623, t: tensor(0.)
... RAR RES, Max residual error: 8.4762, t: tensor([[0.0870],
        [0.0082],
        [0.1053]])
[info] epoch 27000, lr=2.50e-04
--- Save Epoch 27176, Loss=2.2572e-01, IC=6.0028e-02, Res=1.6569e-01, Beta=1.00 ---
... RAR IC , Max IC error: 0.6194, t: tensor(0.)
... RAR RES, Max residual error: 9.2976, t: tensor([[0.2975],
        [0.1814],
        [0.1752]])
[info] epoch 28000, lr=2.38e-04
--- Save Epoch 28729, Loss=2.0405e-01, IC=5.2619e-02, Res=1.5143e-01, Beta=1.00 ---
... RAR IC , Max IC error: 0.5839, t: tensor(0.)
... RAR RES, Max residual error: 10.9543, t: tensor([[0.1161],
        [0.1715],
        [0.0911]])
[info] epoch 29000, lr=2.26e-04
[info] epoch 30000, lr=2.15e-04
[info] epoch 31000, lr=2.04e-04
--- Save Epoch 31039, Loss=1.9192e-01, IC=4.4634e-02, Res=1.4729e-01, Beta=1.00 ---
... RAR IC , Max IC error: 0.5313, t: tensor(0.)
... RAR RES, Max residual error: 16.0894, t: tensor([[0.1882],
        [0.1030],
        [0.2976]])
[info] epoch 32000, lr=1.94e-04
--- Save Epoch 32163, Loss=1.7832e-01, IC=3.9440e-02, Res=1.3888e-01, Beta=1.00 ---
... RAR IC , Max IC error: 0.4954, t: tensor(0.)
... RAR RES, Max residual error: 12.9190, t: tensor([[0.2933],
        [0.0845],
        [0.2994]])
[info] epoch 33000, lr=1.84e-04
--- Save Epoch 33992, Loss=1.6761e-01, IC=3.4252e-02, Res=1.3336e-01, Beta=1.00 ---
[info] epoch 34000, lr=1.75e-04
... RAR IC , Max IC error: 0.4581, t: tensor(0.)
... RAR RES, Max residual error: 9.7827, t: tensor([[0.0830],
        [0.1689],
        [0.0926]])
--- Save Epoch 34433, Loss=1.5842e-01, IC=3.3226e-02, Res=1.2519e-01, Beta=1.00 ---
... RAR IC , Max IC error: 0.4427, t: tensor(0.)
... RAR RES, Max residual error: 16.4605, t: tensor([[0.1009],
        [0.0838],
        [0.2938]])
[info] epoch 35000, lr=1.66e-04
[info] epoch 36000, lr=1.58e-04
--- Save Epoch 36288, Loss=1.4761e-01, IC=2.7770e-02, Res=1.1984e-01, Beta=1.00 ---
... RAR IC , Max IC error: 0.4055, t: tensor(0.)
... RAR RES, Max residual error: 13.1551, t: tensor([[0.2999],
        [0.2946],
        [0.1392]])
[info] epoch 37000, lr=1.50e-04
--- Save Epoch 37850, Loss=1.3623e-01, IC=2.6524e-02, Res=1.0971e-01, Beta=1.00 ---
... RAR IC , Max IC error: 0.4294, t: tensor(0.)
... RAR RES, Max residual error: 12.0001, t: tensor([[0.2916],
        [0.2832],
        [0.0835]])
[info] epoch 38000, lr=1.42e-04
[info] epoch 39000, lr=1.35e-04
--- Save Epoch 39752, Loss=1.2211e-01, IC=2.1056e-02, Res=1.0105e-01, Beta=1.00 ---
... RAR IC , Max IC error: 0.3984, t: tensor(0.)
... RAR RES, Max residual error: 10.8712, t: tensor([[0.0912],
        [0.2844],
        [0.2825]])
[info] epoch 40000, lr=1.29e-04
===== logging end   2025-11-23 03:10:20 =====
