
===== logging start 2025-11-14 15:00:58 =====
[check] bias_fac:  0.5
--- Save Epoch: 1, Loss: 9.3084e-02, IC: 9.3081e-02, Res: 2.5752e-06, Beta: 0.00 ---
... RAR IC , Max IC error: 0.8765, t: tensor(0.)
... RAR RES, Max residual error: 0.0335, t: tensor([[0.0026],
        [0.0635],
        [0.2114]])
--- Save Epoch: 2, Loss: 9.1980e-02, IC: 9.1930e-02, Res: 5.0065e-05, Beta: 0.02 ---
--- Save Epoch: 5, Loss: 8.9207e-02, IC: 8.9001e-02, Res: 2.0612e-04, Beta: 0.04 ---
--- Save Epoch: 6, Loss: 8.8169e-02, IC: 8.7705e-02, Res: 4.6331e-04, Beta: 0.06 ---
--- Save Epoch: 7, Loss: 8.5930e-02, IC: 8.5103e-02, Res: 8.2723e-04, Beta: 0.08 ---
--- Save Epoch: 12, Loss: 8.5918e-02, IC: 8.4524e-02, Res: 1.3944e-03, Beta: 0.10 ---
--- Save Epoch: 13, Loss: 8.4659e-02, IC: 8.2713e-02, Res: 1.9464e-03, Beta: 0.12 ---
--- Save Epoch: 18, Loss: 8.2498e-02, IC: 7.9870e-02, Res: 2.6286e-03, Beta: 0.14 ---
--- Save Epoch: 19, Loss: 8.2346e-02, IC: 7.8596e-02, Res: 3.7504e-03, Beta: 0.16 ---
--- Save Epoch: 21, Loss: 7.8917e-02, IC: 7.4003e-02, Res: 4.9136e-03, Beta: 0.18 ---
--- Save Epoch: 32, Loss: 7.8594e-02, IC: 7.1392e-02, Res: 7.2021e-03, Beta: 0.20 ---
--- Save Epoch: 36, Loss: 7.8239e-02, IC: 6.9690e-02, Res: 8.5491e-03, Beta: 0.22 ---
--- Save Epoch: 39, Loss: 7.6161e-02, IC: 6.5579e-02, Res: 1.0582e-02, Beta: 0.24 ---
--- Save Epoch: 53, Loss: 7.4533e-02, IC: 6.2669e-02, Res: 1.1863e-02, Beta: 0.26 ---
--- Save Epoch: 58, Loss: 7.4028e-02, IC: 6.1092e-02, Res: 1.2936e-02, Beta: 0.28 ---
--- Save Epoch: 63, Loss: 7.3305e-02, IC: 5.9957e-02, Res: 1.3348e-02, Beta: 0.30 ---
--- Save Epoch: 69, Loss: 7.1936e-02, IC: 5.8939e-02, Res: 1.2997e-02, Beta: 0.32 ---
--- Save Epoch: 73, Loss: 7.1210e-02, IC: 5.7700e-02, Res: 1.3511e-02, Beta: 0.34 ---
--- Save Epoch: 76, Loss: 6.8633e-02, IC: 5.4555e-02, Res: 1.4078e-02, Beta: 0.36 ---
--- Save Epoch: 83, Loss: 6.7508e-02, IC: 5.2196e-02, Res: 1.5312e-02, Beta: 0.38 ---
--- Save Epoch: 92, Loss: 6.6666e-02, IC: 4.9116e-02, Res: 1.7550e-02, Beta: 0.40 ---
--- Save Epoch: 97, Loss: 6.5879e-02, IC: 4.8807e-02, Res: 1.7073e-02, Beta: 0.42 ---
... RAR IC , Max IC error: 0.7200, t: tensor(0.)
... RAR RES, Max residual error: 0.9730, t: tensor([[0.2991],
        [0.2801],
        [0.2946]])
--- Save Epoch: 134, Loss: 6.5861e-02, IC: 4.5535e-02, Res: 2.0326e-02, Beta: 0.44 ---
--- Save Epoch: 140, Loss: 6.5243e-02, IC: 4.4131e-02, Res: 2.1112e-02, Beta: 0.46 ---
--- Save Epoch: 158, Loss: 6.4264e-02, IC: 4.2693e-02, Res: 2.1571e-02, Beta: 0.48 ---
--- Save Epoch: 168, Loss: 6.4250e-02, IC: 4.2891e-02, Res: 2.1360e-02, Beta: 0.50 ---
--- Save Epoch: 180, Loss: 6.2307e-02, IC: 4.1114e-02, Res: 2.1192e-02, Beta: 0.52 ---
... RAR IC , Max IC error: 0.6716, t: tensor(0.)
... RAR RES, Max residual error: 1.0526, t: tensor([[0.2805],
        [0.2767],
        [0.2833]])
--- Save Epoch: 271, Loss: 6.0956e-02, IC: 3.8865e-02, Res: 2.2091e-02, Beta: 0.54 ---
... RAR IC , Max IC error: 0.6567, t: tensor(0.)
... RAR RES, Max residual error: 0.9460, t: tensor([[0.0004],
        [0.2852],
        [0.2699]])
--- Save Epoch: 413, Loss: 6.0776e-02, IC: 3.6741e-02, Res: 2.4035e-02, Beta: 0.56 ---
--- Save Epoch: 435, Loss: 6.0663e-02, IC: 3.6607e-02, Res: 2.4055e-02, Beta: 0.58 ---
--- Save Epoch: 471, Loss: 5.9579e-02, IC: 3.8200e-02, Res: 2.1379e-02, Beta: 0.60 ---
... RAR IC , Max IC error: 0.6006, t: tensor(0.)
... RAR RES, Max residual error: 1.0645, t: tensor([[0.3000],
        [0.0174],
        [0.2937]])
--- Save Epoch: 723, Loss: 5.9420e-02, IC: 3.5421e-02, Res: 2.3998e-02, Beta: 0.62 ---
... RAR IC , Max IC error: 0.5877, t: tensor(0.)
... RAR RES, Max residual error: 0.9658, t: tensor([[0.2984],
        [0.2564],
        [0.2935]])
===== logging end   2025-11-14 15:03:02 =====

===== logging start 2025-11-14 15:03:25 =====
[check] bias_fac:  0.5
--- Save Epoch: 1, Loss: 9.9343e+00, IC: 6.9073e-02, Res: 9.8653e+00, Beta: 0.00 ---
... RAR IC , Max IC error: 5.8424, t: tensor(0.)
... RAR RES, Max residual error: 23.9208, t: tensor([[0.2803],
        [0.2849],
        [0.2394]])
--- Save Epoch: 2, Loss: 5.2215e+00, IC: 8.9273e-02, Res: 5.1323e+00, Beta: 0.02 ---
--- Save Epoch: 3, Loss: 3.7865e+00, IC: 9.4718e-02, Res: 3.6918e+00, Beta: 0.04 ---
--- Save Epoch: 5, Loss: 3.6065e+00, IC: 8.7205e-02, Res: 3.5193e+00, Beta: 0.06 ---
--- Save Epoch: 6, Loss: 2.5703e+00, IC: 8.4641e-02, Res: 2.4857e+00, Beta: 0.08 ---
--- Save Epoch: 10, Loss: 2.1587e+00, IC: 7.3403e-02, Res: 2.0853e+00, Beta: 0.10 ---
--- Save Epoch: 12, Loss: 1.9371e+00, IC: 6.7539e-02, Res: 1.8696e+00, Beta: 0.12 ---
--- Save Epoch: 16, Loss: 1.8304e+00, IC: 6.6304e-02, Res: 1.7641e+00, Beta: 0.14 ---
--- Save Epoch: 17, Loss: 1.8172e+00, IC: 6.3814e-02, Res: 1.7533e+00, Beta: 0.16 ---
--- Save Epoch: 24, Loss: 1.5388e+00, IC: 5.0614e-02, Res: 1.4881e+00, Beta: 0.18 ---
--- Save Epoch: 27, Loss: 1.4795e+00, IC: 4.3933e-02, Res: 1.4356e+00, Beta: 0.20 ---
--- Save Epoch: 28, Loss: 1.4786e+00, IC: 4.1807e-02, Res: 1.4368e+00, Beta: 0.22 ---
--- Save Epoch: 33, Loss: 1.2333e+00, IC: 3.2787e-02, Res: 1.2005e+00, Beta: 0.24 ---
--- Save Epoch: 35, Loss: 1.1722e+00, IC: 2.9309e-02, Res: 1.1429e+00, Beta: 0.26 ---
--- Save Epoch: 37, Loss: 1.1048e+00, IC: 2.8633e-02, Res: 1.0761e+00, Beta: 0.28 ---
--- Save Epoch: 41, Loss: 9.8154e-01, IC: 2.2037e-02, Res: 9.5950e-01, Beta: 0.30 ---
--- Save Epoch: 45, Loss: 8.8192e-01, IC: 1.7934e-02, Res: 8.6399e-01, Beta: 0.32 ---
--- Save Epoch: 47, Loss: 8.1699e-01, IC: 1.5542e-02, Res: 8.0145e-01, Beta: 0.34 ---
--- Save Epoch: 50, Loss: 7.5455e-01, IC: 1.4113e-02, Res: 7.4044e-01, Beta: 0.36 ---
--- Save Epoch: 51, Loss: 6.9320e-01, IC: 1.3030e-02, Res: 6.8017e-01, Beta: 0.38 ---
--- Save Epoch: 54, Loss: 6.3556e-01, IC: 1.1508e-02, Res: 6.2405e-01, Beta: 0.40 ---
--- Save Epoch: 57, Loss: 6.0580e-01, IC: 9.8779e-03, Res: 5.9592e-01, Beta: 0.42 ---
--- Save Epoch: 60, Loss: 5.6777e-01, IC: 9.1397e-03, Res: 5.5863e-01, Beta: 0.44 ---
--- Save Epoch: 62, Loss: 5.2698e-01, IC: 8.1276e-03, Res: 5.1886e-01, Beta: 0.46 ---
--- Save Epoch: 65, Loss: 4.8250e-01, IC: 7.9600e-03, Res: 4.7454e-01, Beta: 0.48 ---
--- Save Epoch: 67, Loss: 4.7144e-01, IC: 8.2454e-03, Res: 4.6320e-01, Beta: 0.50 ---
--- Save Epoch: 70, Loss: 4.4718e-01, IC: 8.5196e-03, Res: 4.3866e-01, Beta: 0.52 ---
--- Save Epoch: 71, Loss: 4.1204e-01, IC: 8.8979e-03, Res: 4.0314e-01, Beta: 0.54 ---
--- Save Epoch: 73, Loss: 3.4076e-01, IC: 9.3755e-03, Res: 3.3139e-01, Beta: 0.56 ---
--- Save Epoch: 76, Loss: 3.2183e-01, IC: 1.0353e-02, Res: 3.1148e-01, Beta: 0.58 ---
--- Save Epoch: 77, Loss: 3.0916e-01, IC: 1.1042e-02, Res: 2.9812e-01, Beta: 0.60 ---
--- Save Epoch: 79, Loss: 2.4604e-01, IC: 1.1792e-02, Res: 2.3425e-01, Beta: 0.62 ---
--- Save Epoch: 82, Loss: 2.4269e-01, IC: 1.4663e-02, Res: 2.2803e-01, Beta: 0.64 ---
--- Save Epoch: 87, Loss: 1.7230e-01, IC: 1.7489e-02, Res: 1.5481e-01, Beta: 0.66 ---
--- Save Epoch: 93, Loss: 1.4948e-01, IC: 2.1721e-02, Res: 1.2776e-01, Beta: 0.68 ---
--- Save Epoch: 98, Loss: 1.2930e-01, IC: 2.6250e-02, Res: 1.0305e-01, Beta: 0.70 ---
... RAR IC , Max IC error: 0.4669, t: tensor(0.)
... RAR RES, Max residual error: 3.3170, t: tensor([[0.0066],
        [0.0733],
        [0.0854]])
--- Save Epoch: 113, Loss: 1.1968e-01, IC: 4.2739e-02, Res: 7.6937e-02, Beta: 0.72 ---
--- Save Epoch: 120, Loss: 1.0959e-01, IC: 5.0059e-02, Res: 5.9535e-02, Beta: 0.74 ---
--- Save Epoch: 127, Loss: 1.0795e-01, IC: 5.2946e-02, Res: 5.5007e-02, Beta: 0.76 ---
--- Save Epoch: 130, Loss: 1.0794e-01, IC: 5.3912e-02, Res: 5.4024e-02, Beta: 0.78 ---
--- Save Epoch: 131, Loss: 1.0636e-01, IC: 5.4831e-02, Res: 5.1526e-02, Beta: 0.80 ---
--- Save Epoch: 145, Loss: 1.0480e-01, IC: 5.9209e-02, Res: 4.5586e-02, Beta: 0.82 ---
--- Save Epoch: 150, Loss: 1.0366e-01, IC: 5.9946e-02, Res: 4.3715e-02, Beta: 0.84 ---
--- Save Epoch: 158, Loss: 1.0095e-01, IC: 6.1344e-02, Res: 3.9605e-02, Beta: 0.86 ---
--- Save Epoch: 172, Loss: 1.0047e-01, IC: 6.3397e-02, Res: 3.7072e-02, Beta: 0.88 ---
--- Save Epoch: 180, Loss: 9.4047e-02, IC: 6.3648e-02, Res: 3.0399e-02, Beta: 0.90 ---
... RAR IC , Max IC error: 0.7185, t: tensor(0.)
... RAR RES, Max residual error: 1.4941, t: tensor([[0.0223],
        [0.0250],
        [0.0258]])
--- Save Epoch: 574, Loss: 9.3830e-02, IC: 6.5273e-02, Res: 2.8558e-02, Beta: 0.92 ---
... RAR IC , Max IC error: 0.7061, t: tensor(0.)
... RAR RES, Max residual error: 1.6891, t: tensor([[0.2952],
        [0.2886],
        [0.2872]])
--- Save Epoch: 757, Loss: 9.3186e-02, IC: 6.5108e-02, Res: 2.8078e-02, Beta: 0.94 ---
... RAR IC , Max IC error: 0.6943, t: tensor(0.)
... RAR RES, Max residual error: 1.4350, t: tensor([[0.2983],
        [0.2848],
        [0.0442]])
--- Save Epoch: 984, Loss: 9.0813e-02, IC: 6.3982e-02, Res: 2.6832e-02, Beta: 0.96 ---
[info] Training epoch: 1000, LR: 9.50e-04
... RAR IC , Max IC error: 0.6703, t: tensor(0.)
... RAR RES, Max residual error: 1.2789, t: tensor([[0.2907],
        [0.2940],
        [0.2871]])
--- Save Epoch: 1181, Loss: 8.8203e-02, IC: 5.9721e-02, Res: 2.8482e-02, Beta: 0.98 ---
... RAR IC , Max IC error: 0.6481, t: tensor(0.)
... RAR RES, Max residual error: 1.3005, t: tensor([[0.0163],
        [0.2964],
        [0.2862]])
--- Save Epoch: 1359, Loss: 8.6092e-02, IC: 5.8832e-02, Res: 2.7260e-02, Beta: 1.00 ---
... RAR IC , Max IC error: 0.6229, t: tensor(0.)
... RAR RES, Max residual error: 1.3658, t: tensor([[0.2922],
        [0.2928],
        [0.2936]])
--- Save Epoch: 1537, Loss: 8.5657e-02, IC: 5.8783e-02, Res: 2.6874e-02, Beta: 1.00 ---
--- Save Epoch: 1550, Loss: 8.5519e-02, IC: 5.3964e-02, Res: 3.1555e-02, Beta: 1.00 ---
--- Save Epoch: 1551, Loss: 8.3289e-02, IC: 5.3661e-02, Res: 2.9628e-02, Beta: 1.00 ---
--- Save Epoch: 1554, Loss: 8.2241e-02, IC: 5.1987e-02, Res: 3.0255e-02, Beta: 1.00 ---
... RAR IC , Max IC error: 0.5850, t: tensor(0.)
... RAR RES, Max residual error: 1.2370, t: tensor([[0.2983],
        [0.0062],
        [0.0090]])
--- Save Epoch: 1808, Loss: 7.9847e-02, IC: 5.1711e-02, Res: 2.8136e-02, Beta: 1.00 ---
--- Save Epoch: 1880, Loss: 7.6982e-02, IC: 5.0483e-02, Res: 2.6499e-02, Beta: 1.00 ---
... RAR IC , Max IC error: 0.5462, t: tensor(0.)
... RAR RES, Max residual error: 1.5327, t: tensor([[0.2987],
        [0.2710],
        [0.2752]])
[info] Training epoch: 2000, LR: 9.02e-04
--- Save Epoch: 2051, Loss: 7.6594e-02, IC: 4.9682e-02, Res: 2.6912e-02, Beta: 1.00 ---
--- Save Epoch: 2091, Loss: 7.6187e-02, IC: 5.1451e-02, Res: 2.4736e-02, Beta: 1.00 ---
--- Save Epoch: 2097, Loss: 7.6087e-02, IC: 4.8594e-02, Res: 2.7493e-02, Beta: 1.00 ---
... RAR IC , Max IC error: 0.5329, t: tensor(0.)
... RAR RES, Max residual error: 1.4135, t: tensor([[0.2930],
        [0.2925],
        [0.2892]])
--- Save Epoch: 2174, Loss: 7.6063e-02, IC: 4.6843e-02, Res: 2.9220e-02, Beta: 1.00 ---
--- Save Epoch: 2180, Loss: 7.5950e-02, IC: 4.7148e-02, Res: 2.8801e-02, Beta: 1.00 ---
... RAR IC , Max IC error: 0.5200, t: tensor(0.)
... RAR RES, Max residual error: 1.1802, t: tensor([[0.2954],
        [0.0117],
        [0.2882]])
===== logging end   2025-11-14 15:08:52 =====

===== logging start 2025-11-14 15:08:57 =====
[check] bias_fac:  0.5
--- Save Epoch: 1, Loss: 9.9343e+00, IC: 6.9074e-02, Res: 9.8653e+00, Beta: 0.00 ---
... RAR IC , Max IC error: 5.8424, t: tensor(0.)
... RAR RES, Max residual error: 23.9208, t: tensor([[0.2803],
        [0.2849],
        [0.2394]])
--- Save Epoch: 2, Loss: 5.2216e+00, IC: 8.9273e-02, Res: 5.1323e+00, Beta: 0.02 ---
--- Save Epoch: 3, Loss: 3.7866e+00, IC: 9.4718e-02, Res: 3.6918e+00, Beta: 0.04 ---
--- Save Epoch: 5, Loss: 3.6066e+00, IC: 8.7205e-02, Res: 3.5194e+00, Beta: 0.06 ---
--- Save Epoch: 6, Loss: 2.5703e+00, IC: 8.4640e-02, Res: 2.4857e+00, Beta: 0.08 ---
--- Save Epoch: 10, Loss: 2.1588e+00, IC: 7.3403e-02, Res: 2.0854e+00, Beta: 0.10 ---
--- Save Epoch: 12, Loss: 1.9371e+00, IC: 6.7537e-02, Res: 1.8696e+00, Beta: 0.12 ---
--- Save Epoch: 16, Loss: 1.8299e+00, IC: 6.6298e-02, Res: 1.7636e+00, Beta: 0.14 ---
--- Save Epoch: 17, Loss: 1.8172e+00, IC: 6.3813e-02, Res: 1.7533e+00, Beta: 0.16 ---
--- Save Epoch: 24, Loss: 1.5388e+00, IC: 5.0614e-02, Res: 1.4882e+00, Beta: 0.18 ---
--- Save Epoch: 27, Loss: 1.4796e+00, IC: 4.3922e-02, Res: 1.4356e+00, Beta: 0.20 ---
--- Save Epoch: 28, Loss: 1.4787e+00, IC: 4.1808e-02, Res: 1.4369e+00, Beta: 0.22 ---
--- Save Epoch: 33, Loss: 1.2334e+00, IC: 3.2787e-02, Res: 1.2006e+00, Beta: 0.24 ---
--- Save Epoch: 35, Loss: 1.1722e+00, IC: 2.9309e-02, Res: 1.1429e+00, Beta: 0.26 ---
--- Save Epoch: 37, Loss: 1.1048e+00, IC: 2.8633e-02, Res: 1.0761e+00, Beta: 0.28 ---
--- Save Epoch: 41, Loss: 9.8156e-01, IC: 2.2038e-02, Res: 9.5952e-01, Beta: 0.30 ---
--- Save Epoch: 45, Loss: 8.8193e-01, IC: 1.7934e-02, Res: 8.6400e-01, Beta: 0.32 ---
--- Save Epoch: 47, Loss: 8.1700e-01, IC: 1.5542e-02, Res: 8.0146e-01, Beta: 0.34 ---
--- Save Epoch: 50, Loss: 7.5451e-01, IC: 1.4113e-02, Res: 7.4039e-01, Beta: 0.36 ---
--- Save Epoch: 51, Loss: 6.9320e-01, IC: 1.3025e-02, Res: 6.8018e-01, Beta: 0.38 ---
--- Save Epoch: 54, Loss: 6.3556e-01, IC: 1.1508e-02, Res: 6.2405e-01, Beta: 0.40 ---
--- Save Epoch: 57, Loss: 6.0475e-01, IC: 9.8770e-03, Res: 5.9487e-01, Beta: 0.42 ---
--- Save Epoch: 60, Loss: 5.6776e-01, IC: 9.1384e-03, Res: 5.5862e-01, Beta: 0.44 ---
--- Save Epoch: 62, Loss: 5.2698e-01, IC: 8.1279e-03, Res: 5.1885e-01, Beta: 0.46 ---
--- Save Epoch: 65, Loss: 4.8248e-01, IC: 7.9602e-03, Res: 4.7452e-01, Beta: 0.48 ---
--- Save Epoch: 67, Loss: 4.7141e-01, IC: 8.2455e-03, Res: 4.6317e-01, Beta: 0.50 ---
--- Save Epoch: 70, Loss: 4.4717e-01, IC: 8.5199e-03, Res: 4.3865e-01, Beta: 0.52 ---
--- Save Epoch: 71, Loss: 4.1203e-01, IC: 8.8982e-03, Res: 4.0313e-01, Beta: 0.54 ---
--- Save Epoch: 73, Loss: 3.4079e-01, IC: 9.3785e-03, Res: 3.3141e-01, Beta: 0.56 ---
--- Save Epoch: 76, Loss: 3.2180e-01, IC: 1.0353e-02, Res: 3.1145e-01, Beta: 0.58 ---
--- Save Epoch: 77, Loss: 3.0913e-01, IC: 1.1043e-02, Res: 2.9809e-01, Beta: 0.60 ---
--- Save Epoch: 79, Loss: 2.4598e-01, IC: 1.1792e-02, Res: 2.3419e-01, Beta: 0.62 ---
--- Save Epoch: 82, Loss: 2.4269e-01, IC: 1.4664e-02, Res: 2.2803e-01, Beta: 0.64 ---
--- Save Epoch: 87, Loss: 1.7228e-01, IC: 1.7491e-02, Res: 1.5479e-01, Beta: 0.66 ---
--- Save Epoch: 93, Loss: 1.4947e-01, IC: 2.1722e-02, Res: 1.2775e-01, Beta: 0.68 ---
--- Save Epoch: 98, Loss: 1.2932e-01, IC: 2.6252e-02, Res: 1.0307e-01, Beta: 0.70 ---
... RAR IC , Max IC error: 0.4669, t: tensor(0.)
... RAR RES, Max residual error: 3.3169, t: tensor([[0.0066],
        [0.0733],
        [0.0854]])
--- Save Epoch: 113, Loss: 1.1967e-01, IC: 4.2741e-02, Res: 7.6928e-02, Beta: 0.72 ---
--- Save Epoch: 120, Loss: 1.0964e-01, IC: 5.0062e-02, Res: 5.9575e-02, Beta: 0.74 ---
--- Save Epoch: 127, Loss: 1.0793e-01, IC: 5.2957e-02, Res: 5.4973e-02, Beta: 0.76 ---
--- Save Epoch: 131, Loss: 1.0349e-01, IC: 5.4834e-02, Res: 4.8655e-02, Beta: 0.78 ---
--- Save Epoch: 145, Loss: 1.0282e-01, IC: 5.8926e-02, Res: 4.3898e-02, Beta: 0.80 ---
--- Save Epoch: 150, Loss: 1.0184e-01, IC: 5.9538e-02, Res: 4.2304e-02, Beta: 0.82 ---
--- Save Epoch: 158, Loss: 9.9760e-02, IC: 6.0749e-02, Res: 3.9012e-02, Beta: 0.84 ---
--- Save Epoch: 172, Loss: 9.9272e-02, IC: 6.2591e-02, Res: 3.6681e-02, Beta: 0.86 ---
--- Save Epoch: 180, Loss: 9.3006e-02, IC: 6.2777e-02, Res: 3.0229e-02, Beta: 0.88 ---
... RAR IC , Max IC error: 0.7142, t: tensor(0.)
... RAR RES, Max residual error: 1.4720, t: tensor([[0.0223],
        [0.0250],
        [0.0377]])
--- Save Epoch: 574, Loss: 9.2105e-02, IC: 6.3778e-02, Res: 2.8327e-02, Beta: 0.90 ---
... RAR IC , Max IC error: 0.6990, t: tensor(0.)
... RAR RES, Max residual error: 1.7117, t: tensor([[0.2952],
        [0.2886],
        [0.2872]])
--- Save Epoch: 757, Loss: 9.1678e-02, IC: 6.3611e-02, Res: 2.8067e-02, Beta: 0.92 ---
... RAR IC , Max IC error: 0.6889, t: tensor(0.)
... RAR RES, Max residual error: 1.4603, t: tensor([[0.2983],
        [0.2812],
        [0.2848]])
--- Save Epoch: 984, Loss: 8.7693e-02, IC: 6.1432e-02, Res: 2.6262e-02, Beta: 0.94 ---
[info] Training epoch: 1000, LR: 9.50e-04
... RAR IC , Max IC error: 0.6603, t: tensor(0.)
... RAR RES, Max residual error: 1.2552, t: tensor([[0.2907],
        [0.2940],
        [0.2940]])
--- Save Epoch: 1187, Loss: 8.7500e-02, IC: 5.7819e-02, Res: 2.9681e-02, Beta: 0.96 ---
... RAR IC , Max IC error: 0.6381, t: tensor(0.)
... RAR RES, Max residual error: 1.1716, t: tensor([[0.2964],
        [0.2937],
        [0.2862]])
--- Save Epoch: 1350, Loss: 8.6950e-02, IC: 5.9543e-02, Res: 2.7407e-02, Beta: 0.98 ---
... RAR IC , Max IC error: 0.6071, t: tensor(0.)
... RAR RES, Max residual error: 1.1860, t: tensor([[0.2936],
        [0.2922],
        [0.2921]])
--- Save Epoch: 1491, Loss: 8.5926e-02, IC: 5.7491e-02, Res: 2.8435e-02, Beta: 1.00 ---
... RAR IC , Max IC error: 0.5904, t: tensor(0.)
... RAR RES, Max residual error: 1.1205, t: tensor([[0.2942],
        [0.0185],
        [0.0023]])
--- Save Epoch: 1611, Loss: 8.4375e-02, IC: 5.4209e-02, Res: 3.0166e-02, Beta: 1.00 ---
--- Save Epoch: 1617, Loss: 8.3713e-02, IC: 5.5124e-02, Res: 2.8590e-02, Beta: 1.00 ---
--- Save Epoch: 1646, Loss: 8.1916e-02, IC: 5.3633e-02, Res: 2.8283e-02, Beta: 1.00 ---
--- Save Epoch: 1657, Loss: 8.1879e-02, IC: 5.1547e-02, Res: 3.0332e-02, Beta: 1.00 ---
... RAR IC , Max IC error: 0.5773, t: tensor(0.)
... RAR RES, Max residual error: 1.4048, t: tensor([[0.2651],
        [0.2321],
        [0.2406]])
--- Save Epoch: 1740, Loss: 7.6789e-02, IC: 4.9484e-02, Res: 2.7305e-02, Beta: 1.00 ---
--- Save Epoch: 1782, Loss: 7.6731e-02, IC: 4.8168e-02, Res: 2.8563e-02, Beta: 1.00 ---
... RAR IC , Max IC error: 0.5419, t: tensor(0.)
... RAR RES, Max residual error: 1.1717, t: tensor([[0.2782],
        [0.2783],
        [0.0004]])
--- Save Epoch: 2000, Loss: 7.6405e-02, IC: 4.7205e-02, Res: 2.9200e-02, Beta: 1.00 ---
[info] Training epoch: 2000, LR: 9.02e-04
... RAR IC , Max IC error: 0.5264, t: tensor(0.)
... RAR RES, Max residual error: 1.3104, t: tensor([[0.2978],
        [0.2989],
        [0.2984]])
--- Save Epoch: 2121, Loss: 7.6131e-02, IC: 4.7952e-02, Res: 2.8179e-02, Beta: 1.00 ---
--- Save Epoch: 2158, Loss: 7.5841e-02, IC: 4.7662e-02, Res: 2.8179e-02, Beta: 1.00 ---
--- Save Epoch: 2160, Loss: 7.5191e-02, IC: 4.6714e-02, Res: 2.8477e-02, Beta: 1.00 ---
--- Save Epoch: 2166, Loss: 7.4190e-02, IC: 4.7262e-02, Res: 2.6928e-02, Beta: 1.00 ---
--- Save Epoch: 2178, Loss: 7.3924e-02, IC: 4.6607e-02, Res: 2.7317e-02, Beta: 1.00 ---
--- Save Epoch: 2181, Loss: 7.3604e-02, IC: 4.4812e-02, Res: 2.8791e-02, Beta: 1.00 ---
... RAR IC , Max IC error: 0.4989, t: tensor(0.)
... RAR RES, Max residual error: 1.0255, t: tensor([[0.2982],
        [0.2744],
        [0.2493]])
--- Save Epoch: 2325, Loss: 7.2726e-02, IC: 4.6398e-02, Res: 2.6328e-02, Beta: 1.00 ---
--- Save Epoch: 2339, Loss: 7.2221e-02, IC: 4.4915e-02, Res: 2.7306e-02, Beta: 1.00 ---
--- Save Epoch: 2342, Loss: 7.1095e-02, IC: 4.3630e-02, Res: 2.7465e-02, Beta: 1.00 ---
--- Save Epoch: 2354, Loss: 7.0157e-02, IC: 4.2192e-02, Res: 2.7965e-02, Beta: 1.00 ---
--- Save Epoch: 2368, Loss: 6.8695e-02, IC: 4.2741e-02, Res: 2.5954e-02, Beta: 1.00 ---
... RAR IC , Max IC error: 0.4791, t: tensor(0.)
... RAR RES, Max residual error: 1.0167, t: tensor([[0.2959],
        [0.2927],
        [0.2931]])
--- Save Epoch: 2656, Loss: 6.8007e-02, IC: 3.9985e-02, Res: 2.8022e-02, Beta: 1.00 ---
--- Save Epoch: 2657, Loss: 6.7193e-02, IC: 3.9985e-02, Res: 2.7208e-02, Beta: 1.00 ---
--- Save Epoch: 2668, Loss: 6.6857e-02, IC: 3.8731e-02, Res: 2.8126e-02, Beta: 1.00 ---
... RAR IC , Max IC error: 0.4605, t: tensor(0.)
... RAR RES, Max residual error: 1.2648, t: tensor([[0.2984],
        [0.2989],
        [0.2989]])
--- Save Epoch: 2790, Loss: 6.5632e-02, IC: 3.8861e-02, Res: 2.6772e-02, Beta: 1.00 ---
... RAR IC , Max IC error: 0.4544, t: tensor(0.)
... RAR RES, Max residual error: 1.6550, t: tensor([[0.2924],
        [0.2850],
        [0.2598]])
--- Save Epoch: 2866, Loss: 6.5243e-02, IC: 3.9050e-02, Res: 2.6193e-02, Beta: 1.00 ---
... RAR IC , Max IC error: 0.4554, t: tensor(0.)
... RAR RES, Max residual error: 0.8720, t: tensor([[0.2958],
        [0.2986],
        [0.0021]])
[info] Training epoch: 3000, LR: 8.57e-04
--- Save Epoch: 3098, Loss: 6.4308e-02, IC: 3.6958e-02, Res: 2.7350e-02, Beta: 1.00 ---
... RAR IC , Max IC error: 0.4376, t: tensor(0.)
... RAR RES, Max residual error: 1.5851, t: tensor([[0.2992],
        [0.2992],
        [0.2992]])
--- Save Epoch: 3225, Loss: 6.3768e-02, IC: 3.8384e-02, Res: 2.5384e-02, Beta: 1.00 ---
--- Save Epoch: 3235, Loss: 6.3310e-02, IC: 3.7921e-02, Res: 2.5389e-02, Beta: 1.00 ---
--- Save Epoch: 3296, Loss: 6.3182e-02, IC: 3.7458e-02, Res: 2.5725e-02, Beta: 1.00 ---
... RAR IC , Max IC error: 0.4276, t: tensor(0.)
... RAR RES, Max residual error: 0.9281, t: tensor([[0.2974],
        [0.2947],
        [0.2015]])
--- Save Epoch: 3473, Loss: 6.2981e-02, IC: 3.5999e-02, Res: 2.6982e-02, Beta: 1.00 ---
--- Save Epoch: 3483, Loss: 6.1458e-02, IC: 3.5617e-02, Res: 2.5841e-02, Beta: 1.00 ---
... RAR IC , Max IC error: 0.4178, t: tensor(0.)
... RAR RES, Max residual error: 1.0708, t: tensor([[0.2974],
        [0.2961],
        [0.2974]])
--- Save Epoch: 3764, Loss: 6.0802e-02, IC: 3.4392e-02, Res: 2.6410e-02, Beta: 1.00 ---
... RAR IC , Max IC error: 0.4066, t: tensor(0.)
... RAR RES, Max residual error: 0.9264, t: tensor([[0.1039],
        [0.0916],
        [0.1097]])
===== logging end   2025-11-14 15:18:59 =====

===== logging start 2025-11-14 15:19:03 =====
[check] bias_fac:  0.5
--- Save Epoch: 1, Loss: 1.5689e-01, IC: 3.5081e-15, Res: 1.5689e-01, Beta: 0.00 ---
... RAR RES, Max residual error: 5.7359, t: tensor([[0.2985],
        [0.2964],
        [0.2984]])
--- Save Epoch: 3, Loss: 1.5417e-01, IC: 3.3668e-15, Res: 1.5417e-01, Beta: 0.02 ---
--- Save Epoch: 4, Loss: 8.1684e-02, IC: 3.2686e-15, Res: 8.1684e-02, Beta: 0.04 ---
--- Save Epoch: 7, Loss: 6.6957e-02, IC: 3.1505e-15, Res: 6.6957e-02, Beta: 0.06 ---
--- Save Epoch: 10, Loss: 5.0587e-02, IC: 3.2158e-15, Res: 5.0587e-02, Beta: 0.08 ---
--- Save Epoch: 17, Loss: 3.9659e-02, IC: 3.2479e-15, Res: 3.9659e-02, Beta: 0.10 ---
--- Save Epoch: 25, Loss: 3.9582e-02, IC: 3.0898e-15, Res: 3.9582e-02, Beta: 0.12 ---
--- Save Epoch: 33, Loss: 3.8024e-02, IC: 3.4149e-15, Res: 3.8024e-02, Beta: 0.14 ---
--- Save Epoch: 41, Loss: 3.7554e-02, IC: 3.3629e-15, Res: 3.7554e-02, Beta: 0.16 ---
--- Save Epoch: 50, Loss: 3.6312e-02, IC: 3.3865e-15, Res: 3.6312e-02, Beta: 0.18 ---
--- Save Epoch: 57, Loss: 3.2791e-02, IC: 3.3794e-15, Res: 3.2791e-02, Beta: 0.20 ---
--- Save Epoch: 73, Loss: 2.8161e-02, IC: 3.0595e-15, Res: 2.8161e-02, Beta: 0.22 ---
--- Save Epoch: 87, Loss: 2.5039e-02, IC: 3.2699e-15, Res: 2.5039e-02, Beta: 0.24 ---
... RAR RES, Max residual error: 1.5142, t: tensor([[0.0098],
        [0.0118],
        [0.0066]])
--- Save Epoch: 125, Loss: 2.3816e-02, IC: 3.1410e-15, Res: 2.3816e-02, Beta: 0.26 ---
--- Save Epoch: 152, Loss: 2.3273e-02, IC: 3.2620e-15, Res: 2.3273e-02, Beta: 0.28 ---
--- Save Epoch: 174, Loss: 2.1508e-02, IC: 3.3659e-15, Res: 2.1508e-02, Beta: 0.30 ---
--- Save Epoch: 199, Loss: 2.1108e-02, IC: 3.1758e-15, Res: 2.1108e-02, Beta: 0.32 ---
... RAR RES, Max residual error: 1.4115, t: tensor([[0.0017],
        [0.0025],
        [0.0034]])
--- Save Epoch: 251, Loss: 1.9939e-02, IC: 3.2764e-15, Res: 1.9939e-02, Beta: 0.34 ---
--- Save Epoch: 290, Loss: 1.7014e-02, IC: 3.2661e-15, Res: 1.7014e-02, Beta: 0.36 ---
... RAR RES, Max residual error: 1.1512, t: tensor([[0.2916],
        [0.2821],
        [0.2846]])
--- Save Epoch: 363, Loss: 1.6870e-02, IC: 3.2292e-15, Res: 1.6870e-02, Beta: 0.38 ---
... RAR RES, Max residual error: 1.1222, t: tensor([[0.2987],
        [0.2932],
        [0.2932]])
--- Save Epoch: 435, Loss: 1.6059e-02, IC: 3.1777e-15, Res: 1.6059e-02, Beta: 0.40 ---
===== logging end   2025-11-14 15:20:23 =====

===== logging start 2025-11-14 15:21:12 =====
[check] bias_fac:  0.5
--- Save Epoch: 1, Loss: 1.5689e-01, Res: 1.5689e-01, Beta: 0.00 ---
... RAR RES, Max residual error: 5.7358, t: tensor([[0.2985],
        [0.2964],
        [0.2984]])
--- Save Epoch: 3, Loss: 1.5416e-01, Res: 1.5416e-01, Beta: 0.02 ---
--- Save Epoch: 4, Loss: 8.1680e-02, Res: 8.1680e-02, Beta: 0.04 ---
--- Save Epoch: 7, Loss: 6.6958e-02, Res: 6.6958e-02, Beta: 0.06 ---
--- Save Epoch: 10, Loss: 5.0587e-02, Res: 5.0587e-02, Beta: 0.08 ---
--- Save Epoch: 17, Loss: 3.9659e-02, Res: 3.9659e-02, Beta: 0.10 ---
--- Save Epoch: 25, Loss: 3.9582e-02, Res: 3.9582e-02, Beta: 0.12 ---
--- Save Epoch: 33, Loss: 3.8024e-02, Res: 3.8024e-02, Beta: 0.14 ---
--- Save Epoch: 41, Loss: 3.7543e-02, Res: 3.7543e-02, Beta: 0.16 ---
--- Save Epoch: 50, Loss: 3.6311e-02, Res: 3.6311e-02, Beta: 0.18 ---
--- Save Epoch: 57, Loss: 3.2790e-02, Res: 3.2790e-02, Beta: 0.20 ---
--- Save Epoch: 73, Loss: 2.8162e-02, Res: 2.8162e-02, Beta: 0.22 ---
--- Save Epoch: 87, Loss: 2.5040e-02, Res: 2.5040e-02, Beta: 0.24 ---
... RAR RES, Max residual error: 1.5142, t: tensor([[0.0098],
        [0.0118],
        [0.0066]])
--- Save Epoch: 125, Loss: 2.3815e-02, Res: 2.3815e-02, Beta: 0.26 ---
--- Save Epoch: 152, Loss: 2.3261e-02, Res: 2.3261e-02, Beta: 0.28 ---
--- Save Epoch: 174, Loss: 2.1504e-02, Res: 2.1504e-02, Beta: 0.30 ---
--- Save Epoch: 199, Loss: 2.1107e-02, Res: 2.1107e-02, Beta: 0.32 ---
... RAR RES, Max residual error: 1.4115, t: tensor([[0.0017],
        [0.0025],
        [0.0034]])
--- Save Epoch: 251, Loss: 1.9951e-02, Res: 1.9951e-02, Beta: 0.34 ---
--- Save Epoch: 271, Loss: 1.9518e-02, Res: 1.9518e-02, Beta: 0.36 ---
... RAR RES, Max residual error: 1.1359, t: tensor([[0.2944],
        [0.2916],
        [0.2873]])
--- Save Epoch: 343, Loss: 1.9448e-02, Res: 1.9448e-02, Beta: 0.38 ---
--- Save Epoch: 382, Loss: 1.9282e-02, Res: 1.9282e-02, Beta: 0.40 ---
... RAR RES, Max residual error: 1.1746, t: tensor([[0.2960],
        [0.2932],
        [0.2987]])
--- Save Epoch: 461, Loss: 1.7296e-02, Res: 1.7296e-02, Beta: 0.42 ---
... RAR RES, Max residual error: 1.2737, t: tensor([[0.2972],
        [0.2972],
        [0.2972]])
--- Save Epoch: 588, Loss: 1.6829e-02, Res: 1.6829e-02, Beta: 0.44 ---
... RAR RES, Max residual error: 0.8506, t: tensor([[0.0534],
        [0.2950],
        [0.0557]])
--- Save Epoch: 693, Loss: 1.5669e-02, Res: 1.5669e-02, Beta: 0.46 ---
... RAR RES, Max residual error: 1.0082, t: tensor([[0.2974],
        [0.2997],
        [0.2997]])
--- Save Epoch: 817, Loss: 1.3508e-02, Res: 1.3508e-02, Beta: 0.48 ---
... RAR RES, Max residual error: 1.5120, t: tensor([[0.2990],
        [0.2945],
        [0.2990]])
[info] Training epoch: 1000, LR: 9.50e-04
--- Save Epoch: 1009, Loss: 1.3337e-02, Res: 1.3337e-02, Beta: 0.50 ---
... RAR RES, Max residual error: 1.0162, t: tensor([[0.2975],
        [0.2988],
        [0.2988]])
--- Save Epoch: 1468, Loss: 1.3306e-02, Res: 1.3306e-02, Beta: 0.52 ---
... RAR RES, Max residual error: 0.8934, t: tensor([[0.2946],
        [0.2980],
        [0.2914]])
--- Save Epoch: 1757, Loss: 1.3173e-02, Res: 1.3173e-02, Beta: 0.54 ---
... RAR RES, Max residual error: 0.6920, t: tensor([[0.2999],
        [0.2102],
        [0.2999]])
[info] Training epoch: 2000, LR: 9.02e-04
--- Save Epoch: 2141, Loss: 1.3113e-02, Res: 1.3113e-02, Beta: 0.56 ---
... RAR RES, Max residual error: 0.9439, t: tensor([[0.2929],
        [0.2982],
        [0.2982]])
--- Save Epoch: 2490, Loss: 1.3091e-02, Res: 1.3091e-02, Beta: 0.58 ---
... RAR RES, Max residual error: 0.8681, t: tensor([[0.2996],
        [0.2907],
        [0.2943]])
===== logging end   2025-11-14 15:26:35 =====

===== logging start 2025-11-14 15:28:57 =====
[check] bias_fac:  0.5
--- Save Epoch: 1, Loss: 1.5689e-01, Res: 1.5689e-01, Beta: 0.00 ---
... RAR RES, Max residual error: 5.7358, t: tensor([[0.2985],
        [0.2964],
        [0.2984]])
--- Save Epoch: 3, Loss: 1.5416e-01, Res: 1.5416e-01, Beta: 0.02 ---
--- Save Epoch: 4, Loss: 8.1680e-02, Res: 8.1680e-02, Beta: 0.04 ---
--- Save Epoch: 7, Loss: 6.6958e-02, Res: 6.6958e-02, Beta: 0.06 ---
--- Save Epoch: 10, Loss: 5.0587e-02, Res: 5.0587e-02, Beta: 0.08 ---
--- Save Epoch: 17, Loss: 3.9659e-02, Res: 3.9659e-02, Beta: 0.10 ---
--- Save Epoch: 25, Loss: 3.9582e-02, Res: 3.9582e-02, Beta: 0.12 ---
--- Save Epoch: 33, Loss: 3.8024e-02, Res: 3.8024e-02, Beta: 0.14 ---
--- Save Epoch: 41, Loss: 3.7543e-02, Res: 3.7543e-02, Beta: 0.16 ---
--- Save Epoch: 50, Loss: 3.6311e-02, Res: 3.6311e-02, Beta: 0.18 ---
--- Save Epoch: 57, Loss: 3.2790e-02, Res: 3.2790e-02, Beta: 0.20 ---
--- Save Epoch: 73, Loss: 2.8162e-02, Res: 2.8162e-02, Beta: 0.22 ---
--- Save Epoch: 87, Loss: 2.5040e-02, Res: 2.5040e-02, Beta: 0.24 ---
... RAR RES, Max residual error: 1.5142, t: tensor([[0.0098],
        [0.0118],
        [0.0066]])
--- Save Epoch: 125, Loss: 2.3815e-02, Res: 2.3815e-02, Beta: 0.26 ---
--- Save Epoch: 152, Loss: 2.3261e-02, Res: 2.3261e-02, Beta: 0.28 ---
--- Save Epoch: 174, Loss: 2.1504e-02, Res: 2.1504e-02, Beta: 0.30 ---
--- Save Epoch: 199, Loss: 2.1107e-02, Res: 2.1107e-02, Beta: 0.32 ---
... RAR RES, Max residual error: 1.4115, t: tensor([[0.0017],
        [0.0025],
        [0.0034]])
--- Save Epoch: 251, Loss: 1.9951e-02, Res: 1.9951e-02, Beta: 0.34 ---
--- Save Epoch: 271, Loss: 1.9518e-02, Res: 1.9518e-02, Beta: 0.36 ---
... RAR RES, Max residual error: 1.1360, t: tensor([[0.2944],
        [0.2916],
        [0.2873]])
--- Save Epoch: 343, Loss: 1.9441e-02, Res: 1.9441e-02, Beta: 0.38 ---
--- Save Epoch: 384, Loss: 1.9235e-02, Res: 1.9235e-02, Beta: 0.40 ---
... RAR RES, Max residual error: 1.1380, t: tensor([[0.2987],
        [0.2987],
        [0.2960]])
--- Save Epoch: 464, Loss: 1.8900e-02, Res: 1.8900e-02, Beta: 0.42 ---
... RAR RES, Max residual error: 1.1324, t: tensor([[0.2953],
        [0.2972],
        [0.2972]])
--- Save Epoch: 562, Loss: 1.8846e-02, Res: 1.8846e-02, Beta: 0.44 ---
... RAR RES, Max residual error: 0.9217, t: tensor([[0.2950],
        [0.2985],
        [0.0534]])
--- Save Epoch: 651, Loss: 1.8704e-02, Res: 1.8704e-02, Beta: 0.46 ---
... RAR RES, Max residual error: 0.9072, t: tensor([[0.2997],
        [0.2957],
        [0.2974]])
--- Save Epoch: 782, Loss: 1.8197e-02, Res: 1.8197e-02, Beta: 0.48 ---
... RAR RES, Max residual error: 1.1019, t: tensor([[0.2995],
        [0.2958],
        [0.2995]])
--- Save Epoch: 906, Loss: 1.7817e-02, Res: 1.7817e-02, Beta: 0.50 ---
[info] Training epoch: 1000, LR: 9.50e-04
... RAR RES, Max residual error: 1.0449, t: tensor([[0.2922],
        [0.2922],
        [0.2947]])
--- Save Epoch: 1171, Loss: 1.7539e-02, Res: 1.7539e-02, Beta: 0.52 ---
... RAR RES, Max residual error: 0.8640, t: tensor([[0.2910],
        [0.2952],
        [0.2976]])
--- Save Epoch: 1504, Loss: 1.7312e-02, Res: 1.7312e-02, Beta: 0.54 ---
... RAR RES, Max residual error: 0.9179, t: tensor([[0.2908],
        [0.2964],
        [0.2974]])
===== logging end   2025-11-14 15:31:54 =====

===== logging start 2025-11-14 15:31:58 =====
[check] bias_fac:  0.5
--- Save Epoch: 1, Loss: 7.4263e-01, Res: 7.4263e-01, Beta: 0.00 ---
... RAR RES, Max residual error: 26.2350, t: tensor([[0.2984],
        [0.2985],
        [0.2962]])
--- Save Epoch: 5, Loss: 6.1691e-01, Res: 6.1691e-01, Beta: 0.02 ---
--- Save Epoch: 6, Loss: 2.8433e-01, Res: 2.8433e-01, Beta: 0.04 ---
--- Save Epoch: 7, Loss: 2.8049e-01, Res: 2.8049e-01, Beta: 0.06 ---
--- Save Epoch: 9, Loss: 2.3212e-01, Res: 2.3212e-01, Beta: 0.08 ---
--- Save Epoch: 10, Loss: 1.8499e-01, Res: 1.8499e-01, Beta: 0.10 ---
--- Save Epoch: 15, Loss: 1.7825e-01, Res: 1.7825e-01, Beta: 0.12 ---
--- Save Epoch: 17, Loss: 1.6562e-01, Res: 1.6562e-01, Beta: 0.14 ---
--- Save Epoch: 23, Loss: 1.4907e-01, Res: 1.4907e-01, Beta: 0.16 ---
--- Save Epoch: 29, Loss: 1.2117e-01, Res: 1.2117e-01, Beta: 0.18 ---
--- Save Epoch: 42, Loss: 1.0658e-01, Res: 1.0658e-01, Beta: 0.20 ---
--- Save Epoch: 52, Loss: 9.9126e-02, Res: 9.9126e-02, Beta: 0.22 ---
--- Save Epoch: 73, Loss: 9.1071e-02, Res: 9.1071e-02, Beta: 0.24 ---
--- Save Epoch: 87, Loss: 8.6797e-02, Res: 8.6797e-02, Beta: 0.26 ---
... RAR RES, Max residual error: 3.5591, t: tensor([[0.0010],
        [0.0010],
        [0.0066]])
--- Save Epoch: 174, Loss: 8.3244e-02, Res: 8.3244e-02, Beta: 0.28 ---
--- Save Epoch: 191, Loss: 7.4046e-02, Res: 7.4046e-02, Beta: 0.30 ---
... RAR RES, Max residual error: 3.5427, t: tensor([[0.0017],
        [0.0025],
        [0.0025]])
--- Save Epoch: 569, Loss: 7.3138e-02, Res: 7.3138e-02, Beta: 0.32 ---
... RAR RES, Max residual error: 3.5090, t: tensor([[0.0020],
        [0.0020],
        [0.0025]])
[info] Training epoch: 1000, LR: 9.50e-04
===== logging end   2025-11-14 15:34:37 =====

===== logging start 2025-11-14 15:34:41 =====
[check] bias_fac:  0.5
--- Save Epoch: 1, Loss: 1.5689e-01, Res: 1.5689e-01, Beta: 0.00 ---
... RAR RES, Max residual error: 5.7358, t: tensor([[0.2985],
        [0.2964],
        [0.2984]])
--- Save Epoch: 3, Loss: 1.5416e-01, Res: 1.5416e-01, Beta: 0.02 ---
--- Save Epoch: 4, Loss: 8.1680e-02, Res: 8.1680e-02, Beta: 0.04 ---
--- Save Epoch: 7, Loss: 6.6958e-02, Res: 6.6958e-02, Beta: 0.06 ---
--- Save Epoch: 10, Loss: 5.0587e-02, Res: 5.0587e-02, Beta: 0.08 ---
--- Save Epoch: 17, Loss: 3.9659e-02, Res: 3.9659e-02, Beta: 0.10 ---
--- Save Epoch: 25, Loss: 3.9582e-02, Res: 3.9582e-02, Beta: 0.12 ---
--- Save Epoch: 33, Loss: 3.8024e-02, Res: 3.8024e-02, Beta: 0.14 ---
--- Save Epoch: 41, Loss: 3.7543e-02, Res: 3.7543e-02, Beta: 0.16 ---
--- Save Epoch: 50, Loss: 3.6311e-02, Res: 3.6311e-02, Beta: 0.18 ---
--- Save Epoch: 57, Loss: 3.2790e-02, Res: 3.2790e-02, Beta: 0.20 ---
--- Save Epoch: 73, Loss: 2.8162e-02, Res: 2.8162e-02, Beta: 0.22 ---
--- Save Epoch: 87, Loss: 2.5040e-02, Res: 2.5040e-02, Beta: 0.24 ---
... RAR RES, Max residual error: 1.5142, t: tensor([[0.0098],
        [0.0118],
        [0.0066]])
--- Save Epoch: 125, Loss: 2.3815e-02, Res: 2.3815e-02, Beta: 0.26 ---
--- Save Epoch: 152, Loss: 2.3261e-02, Res: 2.3261e-02, Beta: 0.28 ---
--- Save Epoch: 174, Loss: 2.1504e-02, Res: 2.1504e-02, Beta: 0.30 ---
--- Save Epoch: 199, Loss: 2.1107e-02, Res: 2.1107e-02, Beta: 0.32 ---
... RAR RES, Max residual error: 1.4115, t: tensor([[0.0017],
        [0.0025],
        [0.0034]])
--- Save Epoch: 251, Loss: 1.9951e-02, Res: 1.9951e-02, Beta: 0.34 ---
--- Save Epoch: 271, Loss: 1.9518e-02, Res: 1.9518e-02, Beta: 0.36 ---
... RAR RES, Max residual error: 1.1360, t: tensor([[0.2944],
        [0.2916],
        [0.2873]])
--- Save Epoch: 343, Loss: 1.9441e-02, Res: 1.9441e-02, Beta: 0.38 ---
--- Save Epoch: 384, Loss: 1.9235e-02, Res: 1.9235e-02, Beta: 0.40 ---
... RAR RES, Max residual error: 1.1380, t: tensor([[0.2987],
        [0.2987],
        [0.2960]])
--- Save Epoch: 464, Loss: 1.8900e-02, Res: 1.8900e-02, Beta: 0.42 ---
... RAR RES, Max residual error: 1.1324, t: tensor([[0.2953],
        [0.2972],
        [0.2972]])
--- Save Epoch: 562, Loss: 1.8846e-02, Res: 1.8846e-02, Beta: 0.44 ---
... RAR RES, Max residual error: 0.9217, t: tensor([[0.2950],
        [0.2985],
        [0.0534]])
--- Save Epoch: 651, Loss: 1.8704e-02, Res: 1.8704e-02, Beta: 0.46 ---
... RAR RES, Max residual error: 0.9072, t: tensor([[0.2997],
        [0.2957],
        [0.2974]])
--- Save Epoch: 782, Loss: 1.8197e-02, Res: 1.8197e-02, Beta: 0.48 ---
... RAR RES, Max residual error: 1.1019, t: tensor([[0.2995],
        [0.2958],
        [0.2995]])
--- Save Epoch: 906, Loss: 1.7817e-02, Res: 1.7817e-02, Beta: 0.50 ---
[info] Training epoch: 1000, LR: 9.50e-04
... RAR RES, Max residual error: 1.0449, t: tensor([[0.2922],
        [0.2922],
        [0.2947]])
--- Save Epoch: 1171, Loss: 1.7539e-02, Res: 1.7539e-02, Beta: 0.52 ---
... RAR RES, Max residual error: 0.8640, t: tensor([[0.2910],
        [0.2952],
        [0.2976]])
--- Save Epoch: 1504, Loss: 1.7312e-02, Res: 1.7312e-02, Beta: 0.54 ---
... RAR RES, Max residual error: 0.9179, t: tensor([[0.2908],
        [0.2964],
        [0.2974]])
--- Save Epoch: 1878, Loss: 1.7081e-02, Res: 1.7081e-02, Beta: 0.56 ---
... RAR RES, Max residual error: 1.0742, t: tensor([[0.2933],
        [0.2785],
        [0.2810]])
[info] Training epoch: 2000, LR: 9.02e-04
===== logging end   2025-11-14 15:38:37 =====

===== logging start 2025-11-14 15:38:50 =====
[check] bias_fac:  0.5
--- Save Epoch: 1, Loss: 8.3716e+00, Res: 8.3716e+00, Beta: 0.00 ---
... RAR RES, Max residual error: 63.3736, t: tensor([[0.2985],
        [0.2962],
        [0.2989]])
--- Save Epoch: 4, Loss: 5.1984e+00, Res: 5.1984e+00, Beta: 0.02 ---
--- Save Epoch: 6, Loss: 3.2931e+00, Res: 3.2931e+00, Beta: 0.04 ---
--- Save Epoch: 7, Loss: 3.0112e+00, Res: 3.0112e+00, Beta: 0.06 ---
--- Save Epoch: 10, Loss: 1.3290e+00, Res: 1.3290e+00, Beta: 0.08 ---
--- Save Epoch: 17, Loss: 7.3315e-01, Res: 7.3315e-01, Beta: 0.10 ---
--- Save Epoch: 23, Loss: 4.9059e-01, Res: 4.9059e-01, Beta: 0.12 ---
--- Save Epoch: 27, Loss: 4.3245e-01, Res: 4.3245e-01, Beta: 0.14 ---
--- Save Epoch: 31, Loss: 4.3056e-01, Res: 4.3056e-01, Beta: 0.16 ---
--- Save Epoch: 33, Loss: 3.4026e-01, Res: 3.4026e-01, Beta: 0.18 ---
--- Save Epoch: 34, Loss: 3.3744e-01, Res: 3.3744e-01, Beta: 0.20 ---
--- Save Epoch: 36, Loss: 2.9540e-01, Res: 2.9540e-01, Beta: 0.22 ---
--- Save Epoch: 38, Loss: 2.8582e-01, Res: 2.8582e-01, Beta: 0.24 ---
--- Save Epoch: 41, Loss: 2.8240e-01, Res: 2.8240e-01, Beta: 0.26 ---
--- Save Epoch: 42, Loss: 2.4304e-01, Res: 2.4304e-01, Beta: 0.28 ---
--- Save Epoch: 50, Loss: 2.3741e-01, Res: 2.3741e-01, Beta: 0.30 ---
--- Save Epoch: 52, Loss: 2.3323e-01, Res: 2.3323e-01, Beta: 0.32 ---
--- Save Epoch: 57, Loss: 2.0036e-01, Res: 2.0036e-01, Beta: 0.34 ---
--- Save Epoch: 65, Loss: 1.9414e-01, Res: 1.9414e-01, Beta: 0.36 ---
--- Save Epoch: 73, Loss: 1.8112e-01, Res: 1.8112e-01, Beta: 0.38 ---
--- Save Epoch: 79, Loss: 1.7139e-01, Res: 1.7139e-01, Beta: 0.40 ---
--- Save Epoch: 87, Loss: 1.5679e-01, Res: 1.5679e-01, Beta: 0.42 ---
... RAR RES, Max residual error: 3.3862, t: tensor([[0.0066],
        [0.0098],
        [0.0010]])
--- Save Epoch: 134, Loss: 1.5466e-01, Res: 1.5466e-01, Beta: 0.44 ---
--- Save Epoch: 152, Loss: 1.5130e-01, Res: 1.5130e-01, Beta: 0.46 ---
--- Save Epoch: 158, Loss: 1.3994e-01, Res: 1.3994e-01, Beta: 0.48 ---
--- Save Epoch: 187, Loss: 1.3004e-01, Res: 1.3004e-01, Beta: 0.50 ---
... RAR RES, Max residual error: 3.8604, t: tensor([[0.2976],
        [0.0017],
        [0.2966]])
--- Save Epoch: 254, Loss: 1.2566e-01, Res: 1.2566e-01, Beta: 0.52 ---
... RAR RES, Max residual error: 2.8470, t: tensor([[0.0004],
        [0.0087],
        [0.0083]])
--- Save Epoch: 332, Loss: 1.2359e-01, Res: 1.2359e-01, Beta: 0.54 ---
--- Save Epoch: 397, Loss: 1.2304e-01, Res: 1.2304e-01, Beta: 0.56 ---
... RAR RES, Max residual error: 2.4811, t: tensor([[0.2932],
        [0.2987],
        [0.2987]])
--- Save Epoch: 499, Loss: 1.2135e-01, Res: 1.2135e-01, Beta: 0.58 ---
... RAR RES, Max residual error: 2.2851, t: tensor([[0.2972],
        [0.2972],
        [0.2972]])
--- Save Epoch: 609, Loss: 1.2127e-01, Res: 1.2127e-01, Beta: 0.60 ---
--- Save Epoch: 664, Loss: 1.1629e-01, Res: 1.1629e-01, Beta: 0.62 ---
... RAR RES, Max residual error: 2.8892, t: tensor([[0.2995],
        [0.2995],
        [0.2995]])
--- Save Epoch: 783, Loss: 1.1461e-01, Res: 1.1461e-01, Beta: 0.64 ---
... RAR RES, Max residual error: 2.7794, t: tensor([[0.2952],
        [0.2949],
        [0.2949]])
--- Save Epoch: 923, Loss: 1.1158e-01, Res: 1.1158e-01, Beta: 0.66 ---
--- Save Epoch: 999, Loss: 1.1143e-01, Res: 1.1143e-01, Beta: 0.68 ---
[info] Training epoch: 1000, LR: 9.50e-04
... RAR RES, Max residual error: 2.1804, t: tensor([[0.2978],
        [0.2966],
        [0.0564]])
--- Save Epoch: 1167, Loss: 1.0391e-01, Res: 1.0391e-01, Beta: 0.70 ---
... RAR RES, Max residual error: 4.3808, t: tensor([[0.2924],
        [0.2943],
        [0.2895]])
--- Save Epoch: 1330, Loss: 1.0355e-01, Res: 1.0355e-01, Beta: 0.72 ---
... RAR RES, Max residual error: 2.8398, t: tensor([[0.2960],
        [0.2984],
        [0.2984]])
--- Save Epoch: 1560, Loss: 9.8913e-02, Res: 9.8913e-02, Beta: 0.74 ---
... RAR RES, Max residual error: 1.7659, t: tensor([[0.2974],
        [0.1940],
        [0.1928]])
--- Save Epoch: 1809, Loss: 9.7836e-02, Res: 9.7836e-02, Beta: 0.76 ---
... RAR RES, Max residual error: 1.7013, t: tensor([[0.2906],
        [0.2901],
        [0.2823]])
[info] Training epoch: 2000, LR: 9.02e-04
--- Save Epoch: 2184, Loss: 9.0634e-02, Res: 9.0634e-02, Beta: 0.78 ---
... RAR RES, Max residual error: 2.1681, t: tensor([[0.2938],
        [0.2995],
        [0.2877]])
--- Save Epoch: 2678, Loss: 8.6423e-02, Res: 8.6423e-02, Beta: 0.80 ---
... RAR RES, Max residual error: 2.1944, t: tensor([[0.2984],
        [0.2750],
        [0.2989]])
[info] Training epoch: 3000, LR: 8.57e-04
--- Save Epoch: 3409, Loss: 8.5107e-02, Res: 8.5107e-02, Beta: 0.82 ---
... RAR RES, Max residual error: 3.1397, t: tensor([[0.2993],
        [0.2993],
        [0.2993]])
===== logging end   2025-11-14 15:46:54 =====

===== logging start 2025-11-14 15:47:53 =====
[check] bias_fac:  0.5
--- Save Epoch: 1, Loss: 1.2377e-02, Res: 1.2377e-02, Beta: 0.00 ---
... RAR RES, Max residual error: 0.7205, t: tensor([[0.0062],
        [0.0279],
        [0.0207]])
--- Save Epoch: 3, Loss: 9.8141e-03, Res: 9.8141e-03, Beta: 0.02 ---
--- Save Epoch: 7, Loss: 9.3448e-03, Res: 9.3448e-03, Beta: 0.04 ---
--- Save Epoch: 13, Loss: 7.6467e-03, Res: 7.6467e-03, Beta: 0.06 ---
--- Save Epoch: 20, Loss: 7.3638e-03, Res: 7.3638e-03, Beta: 0.08 ---
--- Save Epoch: 26, Loss: 7.3532e-03, Res: 7.3532e-03, Beta: 0.10 ---
--- Save Epoch: 35, Loss: 6.9818e-03, Res: 6.9818e-03, Beta: 0.12 ---
--- Save Epoch: 47, Loss: 5.9297e-03, Res: 5.9297e-03, Beta: 0.14 ---
--- Save Epoch: 60, Loss: 5.6920e-03, Res: 5.6920e-03, Beta: 0.16 ---
--- Save Epoch: 73, Loss: 4.9236e-03, Res: 4.9236e-03, Beta: 0.18 ---
--- Save Epoch: 93, Loss: 4.6654e-03, Res: 4.6654e-03, Beta: 0.20 ---
... RAR RES, Max residual error: 0.6910, t: tensor([[0.0117],
        [0.0157],
        [0.0074]])
--- Save Epoch: 122, Loss: 4.5203e-03, Res: 4.5203e-03, Beta: 0.22 ---
--- Save Epoch: 141, Loss: 3.9919e-03, Res: 3.9919e-03, Beta: 0.24 ---
--- Save Epoch: 169, Loss: 3.3637e-03, Res: 3.3637e-03, Beta: 0.26 ---
--- Save Epoch: 186, Loss: 2.9072e-03, Res: 2.9072e-03, Beta: 0.28 ---
... RAR RES, Max residual error: 0.6267, t: tensor([[0.2959],
        [0.0067],
        [0.2994]])
--- Save Epoch: 225, Loss: 2.6455e-03, Res: 2.6455e-03, Beta: 0.30 ---
--- Save Epoch: 265, Loss: 2.3942e-03, Res: 2.3942e-03, Beta: 0.32 ---
... RAR RES, Max residual error: 0.3759, t: tensor([[8.2773e-05],
        [2.7955e-01],
        [4.4913e-03]])
--- Save Epoch: 320, Loss: 2.2439e-03, Res: 2.2439e-03, Beta: 0.34 ---
--- Save Epoch: 358, Loss: 2.2018e-03, Res: 2.2018e-03, Beta: 0.36 ---
--- Save Epoch: 398, Loss: 2.0390e-03, Res: 2.0390e-03, Beta: 0.38 ---
... RAR RES, Max residual error: 0.9591, t: tensor([[0.2997],
        [0.2977],
        [0.2935]])
--- Save Epoch: 455, Loss: 2.0068e-03, Res: 2.0068e-03, Beta: 0.40 ---
... RAR RES, Max residual error: 0.4258, t: tensor([[0.2933],
        [0.2959],
        [0.2887]])
--- Save Epoch: 543, Loss: 1.9653e-03, Res: 1.9653e-03, Beta: 0.42 ---
... RAR RES, Max residual error: 0.2806, t: tensor([[0.2969],
        [0.2945],
        [0.2969]])
--- Save Epoch: 623, Loss: 1.9592e-03, Res: 1.9592e-03, Beta: 0.44 ---
--- Save Epoch: 679, Loss: 1.9095e-03, Res: 1.9095e-03, Beta: 0.46 ---
... RAR RES, Max residual error: 0.4117, t: tensor([[0.2968],
        [0.2913],
        [0.2968]])
--- Save Epoch: 794, Loss: 1.8513e-03, Res: 1.8513e-03, Beta: 0.48 ---
... RAR RES, Max residual error: 0.5168, t: tensor([[0.2988],
        [0.2988],
        [0.2994]])
--- Save Epoch: 885, Loss: 1.8096e-03, Res: 1.8096e-03, Beta: 0.50 ---
... RAR RES, Max residual error: 0.7589, t: tensor([[0.2983],
        [0.2998],
        [0.2998]])
[info] Training epoch: 1000, LR: 9.50e-04
--- Save Epoch: 1194, Loss: 1.7143e-03, Res: 1.7143e-03, Beta: 0.52 ---
... RAR RES, Max residual error: 0.6137, t: tensor([[0.2974],
        [0.2977],
        [0.2944]])
--- Save Epoch: 1334, Loss: 1.6917e-03, Res: 1.6917e-03, Beta: 0.54 ---
... RAR RES, Max residual error: 0.5263, t: tensor([[0.2957],
        [0.2928],
        [0.2986]])
--- Save Epoch: 1638, Loss: 1.6850e-03, Res: 1.6850e-03, Beta: 0.56 ---
... RAR RES, Max residual error: 0.4045, t: tensor([[0.2935],
        [0.2959],
        [0.2956]])
[info] Training epoch: 2000, LR: 9.02e-04
--- Save Epoch: 2365, Loss: 1.6815e-03, Res: 1.6815e-03, Beta: 0.58 ---
... RAR RES, Max residual error: 0.8590, t: tensor([[0.2936],
        [0.2977],
        [0.2993]])
===== logging end   2025-11-14 15:52:16 =====

===== logging start 2025-11-14 15:52:21 =====
[check] bias_fac:  0.5
--- Save Epoch: 1, Loss: 2.0307e+00, Res: 2.0307e+00, Beta: 0.00 ---
... RAR RES, Max residual error: 17.3736, t: tensor([[0.2837],
        [0.2831],
        [0.2881]])
--- Save Epoch: 3, Loss: 1.3470e+00, Res: 1.3470e+00, Beta: 0.02 ---
--- Save Epoch: 4, Loss: 5.7968e-01, Res: 5.7968e-01, Beta: 0.04 ---
--- Save Epoch: 6, Loss: 4.2699e-01, Res: 4.2699e-01, Beta: 0.06 ---
--- Save Epoch: 7, Loss: 2.2826e-01, Res: 2.2826e-01, Beta: 0.08 ---
--- Save Epoch: 9, Loss: 1.9202e-01, Res: 1.9202e-01, Beta: 0.10 ---
--- Save Epoch: 11, Loss: 1.6153e-01, Res: 1.6153e-01, Beta: 0.12 ---
--- Save Epoch: 13, Loss: 1.3974e-01, Res: 1.3974e-01, Beta: 0.14 ---
--- Save Epoch: 16, Loss: 1.1761e-01, Res: 1.1761e-01, Beta: 0.16 ---
--- Save Epoch: 19, Loss: 9.9377e-02, Res: 9.9377e-02, Beta: 0.18 ---
--- Save Epoch: 25, Loss: 9.4398e-02, Res: 9.4398e-02, Beta: 0.20 ---
--- Save Epoch: 29, Loss: 8.8982e-02, Res: 8.8982e-02, Beta: 0.22 ---
--- Save Epoch: 38, Loss: 8.5783e-02, Res: 8.5783e-02, Beta: 0.24 ---
--- Save Epoch: 46, Loss: 8.5676e-02, Res: 8.5676e-02, Beta: 0.26 ---
--- Save Epoch: 49, Loss: 8.2229e-02, Res: 8.2229e-02, Beta: 0.28 ---
--- Save Epoch: 68, Loss: 5.7657e-02, Res: 5.7657e-02, Beta: 0.30 ---
--- Save Epoch: 77, Loss: 5.7623e-02, Res: 5.7623e-02, Beta: 0.32 ---
--- Save Epoch: 87, Loss: 5.5177e-02, Res: 5.5177e-02, Beta: 0.34 ---
--- Save Epoch: 95, Loss: 5.3747e-02, Res: 5.3747e-02, Beta: 0.36 ---
... RAR RES, Max residual error: 1.8856, t: tensor([[0.2862],
        [0.2933],
        [0.2991]])
--- Save Epoch: 127, Loss: 4.7059e-02, Res: 4.7059e-02, Beta: 0.38 ---
--- Save Epoch: 166, Loss: 4.5110e-02, Res: 4.5110e-02, Beta: 0.40 ---
... RAR RES, Max residual error: 2.4602, t: tensor([[0.2940],
        [0.2811],
        [0.2927]])
--- Save Epoch: 289, Loss: 4.4352e-02, Res: 4.4352e-02, Beta: 0.42 ---
... RAR RES, Max residual error: 2.1378, t: tensor([[0.2927],
        [0.2905],
        [0.2905]])
--- Save Epoch: 320, Loss: 4.2709e-02, Res: 4.2709e-02, Beta: 0.44 ---
--- Save Epoch: 340, Loss: 4.1844e-02, Res: 4.1844e-02, Beta: 0.46 ---
... RAR RES, Max residual error: 2.2898, t: tensor([[0.2852],
        [0.2786],
        [0.2764]])
--- Save Epoch: 429, Loss: 4.1298e-02, Res: 4.1298e-02, Beta: 0.48 ---
--- Save Epoch: 461, Loss: 4.0434e-02, Res: 4.0434e-02, Beta: 0.50 ---
... RAR RES, Max residual error: 1.7058, t: tensor([[0.2926],
        [0.2990],
        [0.2960]])
--- Save Epoch: 617, Loss: 3.8488e-02, Res: 3.8488e-02, Beta: 0.52 ---
... RAR RES, Max residual error: 2.3302, t: tensor([[0.2974],
        [0.2951],
        [0.2951]])
--- Save Epoch: 812, Loss: 3.5848e-02, Res: 3.5848e-02, Beta: 0.54 ---
... RAR RES, Max residual error: 1.5608, t: tensor([[0.2979],
        [0.2936],
        [0.2979]])
--- Save Epoch: 925, Loss: 3.5424e-02, Res: 3.5424e-02, Beta: 0.56 ---
--- Save Epoch: 987, Loss: 3.5063e-02, Res: 3.5063e-02, Beta: 0.58 ---
[info] Training epoch: 1000, LR: 9.50e-04
... RAR RES, Max residual error: 1.8122, t: tensor([[0.2957],
        [0.2910],
        [0.2853]])
--- Save Epoch: 1170, Loss: 3.2173e-02, Res: 3.2173e-02, Beta: 0.60 ---
... RAR RES, Max residual error: 2.0081, t: tensor([[0.2949],
        [0.2958],
        [0.2747]])
--- Save Epoch: 1325, Loss: 3.1681e-02, Res: 3.1681e-02, Beta: 0.62 ---
... RAR RES, Max residual error: 1.3347, t: tensor([[0.2954],
        [0.2964],
        [0.2954]])
--- Save Epoch: 1564, Loss: 3.0231e-02, Res: 3.0231e-02, Beta: 0.64 ---
... RAR RES, Max residual error: 1.1722, t: tensor([[0.2791],
        [0.2622],
        [0.2853]])
--- Save Epoch: 1812, Loss: 2.9401e-02, Res: 2.9401e-02, Beta: 0.66 ---
... RAR RES, Max residual error: 1.9155, t: tensor([[0.2917],
        [0.2937],
        [0.2937]])
[info] Training epoch: 2000, LR: 9.02e-04
--- Save Epoch: 2256, Loss: 2.8321e-02, Res: 2.8321e-02, Beta: 0.68 ---
... RAR RES, Max residual error: 2.2813, t: tensor([[0.2948],
        [0.2950],
        [0.2950]])
--- Save Epoch: 2557, Loss: 2.7015e-02, Res: 2.7015e-02, Beta: 0.70 ---
... RAR RES, Max residual error: 1.5793, t: tensor([[0.2972],
        [0.2977],
        [0.2854]])
[info] Training epoch: 3000, LR: 8.57e-04
--- Save Epoch: 3086, Loss: 2.6645e-02, Res: 2.6645e-02, Beta: 0.72 ---
... RAR RES, Max residual error: 1.5143, t: tensor([[0.2953],
        [0.2953],
        [0.2998]])
[info] Training epoch: 4000, LR: 8.15e-04
--- Save Epoch: 4025, Loss: 2.5585e-02, Res: 2.5585e-02, Beta: 0.74 ---
... RAR RES, Max residual error: 1.5614, t: tensor([[0.2914],
        [0.2966],
        [0.2997]])
--- Save Epoch: 4645, Loss: 2.5542e-02, Res: 2.5542e-02, Beta: 0.76 ---
... RAR RES, Max residual error: 1.5855, t: tensor([[0.2944],
        [0.2992],
        [0.2935]])
[info] Training epoch: 5000, LR: 7.74e-04
--- Save Epoch: 5531, Loss: 2.3685e-02, Res: 2.3685e-02, Beta: 0.78 ---
... RAR RES, Max residual error: 1.9602, t: tensor([[0.2998],
        [0.2998],
        [0.2948]])
[info] Training epoch: 6000, LR: 7.35e-04
--- Save Epoch: 6101, Loss: 2.2088e-02, Res: 2.2088e-02, Beta: 0.80 ---
... RAR RES, Max residual error: 2.4136, t: tensor([[0.2787],
        [0.2794],
        [0.2823]])
--- Save Epoch: 6589, Loss: 2.1945e-02, Res: 2.1945e-02, Beta: 0.82 ---
... RAR RES, Max residual error: 3.0617, t: tensor([[0.2998],
        [0.2954],
        [0.2954]])
[info] Training epoch: 7000, LR: 6.98e-04
--- Save Epoch: 7896, Loss: 2.1333e-02, Res: 2.1333e-02, Beta: 0.84 ---
... RAR RES, Max residual error: 1.3374, t: tensor([[0.2909],
        [0.2929],
        [0.2966]])
[info] Training epoch: 8000, LR: 6.63e-04
[info] Training epoch: 9000, LR: 6.30e-04
[info] Training epoch: 10000, LR: 5.99e-04
--- Save Epoch: 10216, Loss: 2.1062e-02, Res: 2.1062e-02, Beta: 0.86 ---
... RAR RES, Max residual error: 1.6138, t: tensor([[0.2960],
        [0.2983],
        [0.2787]])
[info] Training epoch: 11000, LR: 5.69e-04
--- Save Epoch: 11227, Loss: 2.0882e-02, Res: 2.0882e-02, Beta: 0.88 ---
... RAR RES, Max residual error: 1.2427, t: tensor([[0.2976],
        [0.2930],
        [0.2983]])
--- Save Epoch: 11949, Loss: 1.9853e-02, Res: 1.9853e-02, Beta: 0.90 ---
[info] Training epoch: 12000, LR: 5.40e-04
... RAR RES, Max residual error: 1.5391, t: tensor([[0.2777],
        [0.2665],
        [0.2976]])
[info] Training epoch: 13000, LR: 5.13e-04
--- Save Epoch: 13306, Loss: 1.9262e-02, Res: 1.9262e-02, Beta: 0.92 ---
... RAR RES, Max residual error: 1.4805, t: tensor([[0.2956],
        [0.2743],
        [0.2907]])
[info] Training epoch: 14000, LR: 4.88e-04
--- Save Epoch: 14537, Loss: 1.8798e-02, Res: 1.8798e-02, Beta: 0.94 ---
... RAR RES, Max residual error: 1.1780, t: tensor([[0.2626],
        [0.2827],
        [0.2856]])
[info] Training epoch: 15000, LR: 4.63e-04
[info] Training epoch: 16000, LR: 4.40e-04
[info] Training epoch: 17000, LR: 4.18e-04
--- Save Epoch: 17246, Loss: 1.8752e-02, Res: 1.8752e-02, Beta: 0.96 ---
... RAR RES, Max residual error: 1.5513, t: tensor([[0.2981],
        [0.2938],
        [0.2893]])
[info] Training epoch: 18000, LR: 3.97e-04
[info] Training epoch: 19000, LR: 3.77e-04
===== logging end   2025-11-14 16:33:34 =====

===== logging start 2025-11-14 16:33:47 =====
[check] bias_fac:  0.5
--- Save Epoch: 1, Loss: 2.0449e+01, Res: 2.0449e+01, Beta: 0.00 ---
... RAR RES, Max residual error: 84.3203, t: tensor([[0.2962],
        [0.2881],
        [0.2962]])
--- Save Epoch: 4, Loss: 6.5532e+00, Res: 6.5532e+00, Beta: 0.02 ---
--- Save Epoch: 5, Loss: 4.8965e+00, Res: 4.8965e+00, Beta: 0.04 ---
--- Save Epoch: 7, Loss: 1.7053e+00, Res: 1.7053e+00, Beta: 0.06 ---
--- Save Epoch: 9, Loss: 1.6176e+00, Res: 1.6176e+00, Beta: 0.08 ---
--- Save Epoch: 11, Loss: 1.2725e+00, Res: 1.2725e+00, Beta: 0.10 ---
--- Save Epoch: 12, Loss: 9.2299e-01, Res: 9.2299e-01, Beta: 0.12 ---
--- Save Epoch: 14, Loss: 8.5971e-01, Res: 8.5971e-01, Beta: 0.14 ---
--- Save Epoch: 15, Loss: 7.0445e-01, Res: 7.0445e-01, Beta: 0.16 ---
--- Save Epoch: 18, Loss: 5.7716e-01, Res: 5.7716e-01, Beta: 0.18 ---
--- Save Epoch: 19, Loss: 5.6150e-01, Res: 5.6150e-01, Beta: 0.20 ---
--- Save Epoch: 20, Loss: 5.5361e-01, Res: 5.5361e-01, Beta: 0.22 ---
--- Save Epoch: 22, Loss: 4.5922e-01, Res: 4.5922e-01, Beta: 0.24 ---
--- Save Epoch: 24, Loss: 4.4350e-01, Res: 4.4350e-01, Beta: 0.26 ---
--- Save Epoch: 27, Loss: 3.7043e-01, Res: 3.7043e-01, Beta: 0.28 ---
--- Save Epoch: 29, Loss: 3.4534e-01, Res: 3.4534e-01, Beta: 0.30 ---
--- Save Epoch: 32, Loss: 3.3490e-01, Res: 3.3490e-01, Beta: 0.32 ---
--- Save Epoch: 34, Loss: 3.3442e-01, Res: 3.3442e-01, Beta: 0.34 ---
--- Save Epoch: 39, Loss: 3.0672e-01, Res: 3.0672e-01, Beta: 0.36 ---
--- Save Epoch: 46, Loss: 3.0100e-01, Res: 3.0100e-01, Beta: 0.38 ---
--- Save Epoch: 49, Loss: 2.6870e-01, Res: 2.6870e-01, Beta: 0.40 ---
--- Save Epoch: 56, Loss: 2.6074e-01, Res: 2.6074e-01, Beta: 0.42 ---
--- Save Epoch: 68, Loss: 2.1363e-01, Res: 2.1363e-01, Beta: 0.44 ---
--- Save Epoch: 77, Loss: 2.0213e-01, Res: 2.0213e-01, Beta: 0.46 ---
--- Save Epoch: 97, Loss: 1.9108e-01, Res: 1.9108e-01, Beta: 0.48 ---
... RAR RES, Max residual error: 2.9794, t: tensor([[0.0006],
        [0.0337],
        [0.0539]])
--- Save Epoch: 127, Loss: 1.7774e-01, Res: 1.7774e-01, Beta: 0.50 ---
--- Save Epoch: 143, Loss: 1.7541e-01, Res: 1.7541e-01, Beta: 0.52 ---
--- Save Epoch: 166, Loss: 1.3957e-01, Res: 1.3957e-01, Beta: 0.54 ---
... RAR RES, Max residual error: 2.8608, t: tensor([[0.2852],
        [0.2829],
        [0.2862]])
--- Save Epoch: 232, Loss: 1.3115e-01, Res: 1.3115e-01, Beta: 0.56 ---
--- Save Epoch: 246, Loss: 1.2957e-01, Res: 1.2957e-01, Beta: 0.58 ---
--- Save Epoch: 252, Loss: 1.2101e-01, Res: 1.2101e-01, Beta: 0.60 ---
--- Save Epoch: 275, Loss: 1.1718e-01, Res: 1.1718e-01, Beta: 0.62 ---
--- Save Epoch: 293, Loss: 1.1323e-01, Res: 1.1323e-01, Beta: 0.64 ---
... RAR RES, Max residual error: 2.5183, t: tensor([[0.2927],
        [0.2704],
        [0.2824]])
--- Save Epoch: 336, Loss: 1.1300e-01, Res: 1.1300e-01, Beta: 0.66 ---
... RAR RES, Max residual error: 2.2302, t: tensor([[0.2786],
        [0.2859],
        [0.2990]])
--- Save Epoch: 507, Loss: 1.0905e-01, Res: 1.0905e-01, Beta: 0.68 ---
--- Save Epoch: 565, Loss: 1.0661e-01, Res: 1.0661e-01, Beta: 0.70 ---
... RAR RES, Max residual error: 3.4201, t: tensor([[0.2985],
        [0.2924],
        [0.2947]])
--- Save Epoch: 681, Loss: 1.0257e-01, Res: 1.0257e-01, Beta: 0.72 ---
... RAR RES, Max residual error: 2.0883, t: tensor([[0.2951],
        [0.1208],
        [0.1159]])
--- Save Epoch: 841, Loss: 9.7113e-02, Res: 9.7113e-02, Beta: 0.74 ---
... RAR RES, Max residual error: 2.6698, t: tensor([[0.2979],
        [0.2896],
        [0.2979]])
--- Save Epoch: 987, Loss: 8.8963e-02, Res: 8.8963e-02, Beta: 0.76 ---
[info] Training epoch: 1000, LR: 9.50e-04
... RAR RES, Max residual error: 3.2531, t: tensor([[0.2869],
        [0.2957],
        [0.2957]])
--- Save Epoch: 1211, Loss: 8.5519e-02, Res: 8.5519e-02, Beta: 0.78 ---
... RAR RES, Max residual error: 2.7184, t: tensor([[0.2963],
        [0.2993],
        [0.2993]])
--- Save Epoch: 1460, Loss: 8.3885e-02, Res: 8.3885e-02, Beta: 0.80 ---
... RAR RES, Max residual error: 2.5214, t: tensor([[0.2993],
        [0.2963],
        [0.2993]])
--- Save Epoch: 1587, Loss: 8.1450e-02, Res: 8.1450e-02, Beta: 0.82 ---
... RAR RES, Max residual error: 1.7656, t: tensor([[0.2971],
        [0.2971],
        [0.1216]])
--- Save Epoch: 1774, Loss: 7.7035e-02, Res: 7.7035e-02, Beta: 0.84 ---
... RAR RES, Max residual error: 2.2452, t: tensor([[0.2954],
        [0.2990],
        [0.2959]])
[info] Training epoch: 2000, LR: 9.02e-04
--- Save Epoch: 2101, Loss: 7.1335e-02, Res: 7.1335e-02, Beta: 0.86 ---
... RAR RES, Max residual error: 1.8915, t: tensor([[0.2999],
        [0.2949],
        [0.2852]])
--- Save Epoch: 2576, Loss: 7.0574e-02, Res: 7.0574e-02, Beta: 0.88 ---
... RAR RES, Max residual error: 2.3971, t: tensor([[0.2972],
        [0.2854],
        [0.2875]])
[info] Training epoch: 3000, LR: 8.57e-04
--- Save Epoch: 3208, Loss: 6.7403e-02, Res: 6.7403e-02, Beta: 0.90 ---
... RAR RES, Max residual error: 2.2003, t: tensor([[0.2966],
        [0.2951],
        [0.2862]])
[info] Training epoch: 4000, LR: 8.15e-04
--- Save Epoch: 4251, Loss: 6.7252e-02, Res: 6.7252e-02, Beta: 0.92 ---
... RAR RES, Max residual error: 1.5392, t: tensor([[0.2983],
        [0.2949],
        [0.2731]])
[info] Training epoch: 5000, LR: 7.74e-04
--- Save Epoch: 5794, Loss: 6.6462e-02, Res: 6.6462e-02, Beta: 0.94 ---
... RAR RES, Max residual error: 1.4362, t: tensor([[0.2858],
        [0.2797],
        [0.2950]])
[info] Training epoch: 6000, LR: 7.35e-04
[info] Training epoch: 7000, LR: 6.98e-04
--- Save Epoch: 7777, Loss: 6.5913e-02, Res: 6.5913e-02, Beta: 0.96 ---
... RAR RES, Max residual error: 2.4888, t: tensor([[0.2995],
        [0.2995],
        [0.0766]])
[info] Training epoch: 8000, LR: 6.63e-04
[info] Training epoch: 9000, LR: 6.30e-04
--- Save Epoch: 9246, Loss: 6.5546e-02, Res: 6.5546e-02, Beta: 0.98 ---
... RAR RES, Max residual error: 1.7739, t: tensor([[1.0660e-03],
        [1.1834e-04],
        [2.9784e-01]])
[info] Training epoch: 10000, LR: 5.99e-04
--- Save Epoch: 10753, Loss: 6.4873e-02, Res: 6.4873e-02, Beta: 1.00 ---
... RAR RES, Max residual error: 2.3696, t: tensor([[0.2962],
        [0.2899],
        [0.2903]])
[info] Training epoch: 11000, LR: 5.69e-04
[info] Training epoch: 12000, LR: 5.40e-04
--- Save Epoch: 12228, Loss: 6.4721e-02, Res: 6.4721e-02, Beta: 1.00 ---
... RAR RES, Max residual error: 1.7494, t: tensor([[0.0512],
        [0.0514],
        [0.0645]])
[info] Training epoch: 13000, LR: 5.13e-04
--- Save Epoch: 13403, Loss: 6.0245e-02, Res: 6.0245e-02, Beta: 1.00 ---
... RAR RES, Max residual error: 1.5272, t: tensor([[0.0122],
        [0.0234],
        [0.0071]])
[info] Training epoch: 14000, LR: 4.88e-04
[info] Training epoch: 15000, LR: 4.63e-04
[info] Training epoch: 16000, LR: 4.40e-04
[info] Training epoch: 17000, LR: 4.18e-04
--- Save Epoch: 17641, Loss: 5.6446e-02, Res: 5.6446e-02, Beta: 1.00 ---
... RAR RES, Max residual error: 1.4641, t: tensor([[0.0733],
        [0.0705],
        [0.0666]])
[info] Training epoch: 18000, LR: 3.97e-04
[info] Training epoch: 19000, LR: 3.77e-04
[info] Training epoch: 20000, LR: 3.58e-04
[info] Training epoch: 21000, LR: 3.41e-04
[info] Training epoch: 22000, LR: 3.24e-04
[info] Training epoch: 23000, LR: 3.07e-04
[info] Training epoch: 24000, LR: 2.92e-04
[info] Training epoch: 25000, LR: 2.77e-04
[info] Training epoch: 26000, LR: 2.64e-04
[info] Training epoch: 27000, LR: 2.50e-04
[info] Training epoch: 28000, LR: 2.38e-04
[info] Training epoch: 29000, LR: 2.26e-04
[info] Training epoch: 30000, LR: 2.15e-04
[info] Training epoch: 31000, LR: 2.04e-04
--- Save Epoch: 31063, Loss: 5.6439e-02, Res: 5.6439e-02, Beta: 1.00 ---
... RAR RES, Max residual error: 1.6937, t: tensor([[0.0503],
        [0.0479],
        [0.0479]])
[info] Training epoch: 32000, LR: 1.94e-04
[info] Training epoch: 33000, LR: 1.84e-04
[info] Training epoch: 34000, LR: 1.75e-04
[info] Training epoch: 35000, LR: 1.66e-04
[info] Training epoch: 36000, LR: 1.58e-04
[info] Training epoch: 37000, LR: 1.50e-04
[info] Training epoch: 38000, LR: 1.42e-04
--- Save Epoch: 38752, Loss: 5.3508e-02, Res: 5.3508e-02, Beta: 1.00 ---
... RAR RES, Max residual error: 1.7556, t: tensor([[0.0048],
        [0.0065],
        [0.0065]])
[info] Training epoch: 39000, LR: 1.35e-04
[info] Training epoch: 40000, LR: 1.29e-04
[info] Training epoch: 41000, LR: 1.22e-04
[info] Training epoch: 42000, LR: 1.16e-04
[info] Training epoch: 43000, LR: 1.10e-04
[info] Training epoch: 44000, LR: 1.05e-04
[info] Training epoch: 45000, LR: 9.94e-05
===== logging end   2025-11-14 18:00:46 =====

===== logging start 2025-11-14 18:01:36 =====
[check] bias_fac:  0.5
--- Save Epoch: 1, Loss: 2.0307e+00, Res: 2.0307e+00, Beta: 0.00 ---
... RAR RES, Max residual error: 17.3736, t: tensor([[0.2837],
        [0.2831],
        [0.2881]])
--- Save Epoch: 3, Loss: 1.3470e+00, Res: 1.3470e+00, Beta: 0.02 ---
--- Save Epoch: 4, Loss: 5.7968e-01, Res: 5.7968e-01, Beta: 0.04 ---
--- Save Epoch: 6, Loss: 4.2699e-01, Res: 4.2699e-01, Beta: 0.06 ---
--- Save Epoch: 7, Loss: 2.2826e-01, Res: 2.2826e-01, Beta: 0.08 ---
--- Save Epoch: 9, Loss: 1.9202e-01, Res: 1.9202e-01, Beta: 0.10 ---
--- Save Epoch: 11, Loss: 1.6153e-01, Res: 1.6153e-01, Beta: 0.12 ---
--- Save Epoch: 13, Loss: 1.3974e-01, Res: 1.3974e-01, Beta: 0.14 ---
--- Save Epoch: 16, Loss: 1.1761e-01, Res: 1.1761e-01, Beta: 0.16 ---
--- Save Epoch: 19, Loss: 9.9377e-02, Res: 9.9377e-02, Beta: 0.18 ---
--- Save Epoch: 25, Loss: 9.4398e-02, Res: 9.4398e-02, Beta: 0.20 ---
--- Save Epoch: 29, Loss: 8.8982e-02, Res: 8.8982e-02, Beta: 0.22 ---
--- Save Epoch: 38, Loss: 8.5783e-02, Res: 8.5783e-02, Beta: 0.24 ---
--- Save Epoch: 46, Loss: 8.5676e-02, Res: 8.5676e-02, Beta: 0.26 ---
--- Save Epoch: 49, Loss: 8.2229e-02, Res: 8.2229e-02, Beta: 0.28 ---
--- Save Epoch: 68, Loss: 5.7657e-02, Res: 5.7657e-02, Beta: 0.30 ---
--- Save Epoch: 77, Loss: 5.7623e-02, Res: 5.7623e-02, Beta: 0.32 ---
--- Save Epoch: 87, Loss: 5.5177e-02, Res: 5.5177e-02, Beta: 0.34 ---
--- Save Epoch: 95, Loss: 5.3747e-02, Res: 5.3747e-02, Beta: 0.36 ---
===== logging end   2025-11-14 18:01:48 =====

===== logging start 2025-11-14 18:02:00 =====
[check] bias_fac:  0.5
--- Save Epoch: 1, Loss: 2.0307e+00, Res: 2.0307e+00, Beta: 0.00 ---
... RAR RES, Max residual error: 17.3736, t: tensor([[0.2837],
        [0.2831],
        [0.2881]])
--- Save Epoch: 3, Loss: 1.3470e+00, Res: 1.3470e+00, Beta: 0.02 ---
--- Save Epoch: 4, Loss: 5.7968e-01, Res: 5.7968e-01, Beta: 0.04 ---
--- Save Epoch: 6, Loss: 4.2699e-01, Res: 4.2699e-01, Beta: 0.06 ---
--- Save Epoch: 7, Loss: 2.2826e-01, Res: 2.2826e-01, Beta: 0.08 ---
--- Save Epoch: 9, Loss: 1.9202e-01, Res: 1.9202e-01, Beta: 0.10 ---
--- Save Epoch: 11, Loss: 1.6153e-01, Res: 1.6153e-01, Beta: 0.12 ---
--- Save Epoch: 13, Loss: 1.3974e-01, Res: 1.3974e-01, Beta: 0.14 ---
--- Save Epoch: 16, Loss: 1.1761e-01, Res: 1.1761e-01, Beta: 0.16 ---
--- Save Epoch: 19, Loss: 9.9377e-02, Res: 9.9377e-02, Beta: 0.18 ---
--- Save Epoch: 25, Loss: 9.4398e-02, Res: 9.4398e-02, Beta: 0.20 ---
--- Save Epoch: 29, Loss: 8.8982e-02, Res: 8.8982e-02, Beta: 0.22 ---
--- Save Epoch: 38, Loss: 8.5783e-02, Res: 8.5783e-02, Beta: 0.24 ---
--- Save Epoch: 46, Loss: 8.5676e-02, Res: 8.5676e-02, Beta: 0.26 ---
--- Save Epoch: 49, Loss: 8.2229e-02, Res: 8.2229e-02, Beta: 0.28 ---
--- Save Epoch: 68, Loss: 5.7657e-02, Res: 5.7657e-02, Beta: 0.30 ---
--- Save Epoch: 77, Loss: 5.7623e-02, Res: 5.7623e-02, Beta: 0.32 ---
--- Save Epoch: 87, Loss: 5.5177e-02, Res: 5.5177e-02, Beta: 0.34 ---
--- Save Epoch: 95, Loss: 5.3747e-02, Res: 5.3747e-02, Beta: 0.36 ---
... RAR RES, Max residual error: 1.8856, t: tensor([[0.2862],
        [0.2933],
        [0.2991]])
--- Save Epoch: 127, Loss: 4.7059e-02, Res: 4.7059e-02, Beta: 0.38 ---
--- Save Epoch: 166, Loss: 4.5110e-02, Res: 4.5110e-02, Beta: 0.40 ---
... RAR RES, Max residual error: 2.4602, t: tensor([[0.2940],
        [0.2811],
        [0.2927]])
--- Save Epoch: 289, Loss: 4.4352e-02, Res: 4.4352e-02, Beta: 0.42 ---
... RAR RES, Max residual error: 2.1378, t: tensor([[0.2927],
        [0.2905],
        [0.2905]])
--- Save Epoch: 320, Loss: 4.2709e-02, Res: 4.2709e-02, Beta: 0.44 ---
--- Save Epoch: 340, Loss: 4.1844e-02, Res: 4.1844e-02, Beta: 0.46 ---
... RAR RES, Max residual error: 2.2898, t: tensor([[0.2852],
        [0.2786],
        [0.2764]])
--- Save Epoch: 429, Loss: 4.1298e-02, Res: 4.1298e-02, Beta: 0.48 ---
--- Save Epoch: 461, Loss: 4.0434e-02, Res: 4.0434e-02, Beta: 0.50 ---
... RAR RES, Max residual error: 1.7058, t: tensor([[0.2926],
        [0.2990],
        [0.2960]])
--- Save Epoch: 617, Loss: 3.8488e-02, Res: 3.8488e-02, Beta: 0.52 ---
... RAR RES, Max residual error: 2.3302, t: tensor([[0.2974],
        [0.2951],
        [0.2951]])
--- Save Epoch: 812, Loss: 3.5848e-02, Res: 3.5848e-02, Beta: 0.54 ---
... RAR RES, Max residual error: 1.5608, t: tensor([[0.2979],
        [0.2936],
        [0.2979]])
--- Save Epoch: 925, Loss: 3.5424e-02, Res: 3.5424e-02, Beta: 0.56 ---
--- Save Epoch: 987, Loss: 3.5063e-02, Res: 3.5063e-02, Beta: 0.58 ---
[info] Training epoch: 1000, LR: 9.50e-04
... RAR RES, Max residual error: 1.8122, t: tensor([[0.2957],
        [0.2910],
        [0.2853]])
--- Save Epoch: 1170, Loss: 3.2173e-02, Res: 3.2173e-02, Beta: 0.60 ---
... RAR RES, Max residual error: 2.0081, t: tensor([[0.2949],
        [0.2958],
        [0.2747]])
--- Save Epoch: 1325, Loss: 3.1681e-02, Res: 3.1681e-02, Beta: 0.62 ---
... RAR RES, Max residual error: 1.3347, t: tensor([[0.2954],
        [0.2964],
        [0.2954]])
--- Save Epoch: 1564, Loss: 3.0231e-02, Res: 3.0231e-02, Beta: 0.64 ---
... RAR RES, Max residual error: 1.1722, t: tensor([[0.2791],
        [0.2622],
        [0.2853]])
--- Save Epoch: 1812, Loss: 2.9401e-02, Res: 2.9401e-02, Beta: 0.66 ---
... RAR RES, Max residual error: 1.9155, t: tensor([[0.2917],
        [0.2937],
        [0.2937]])
[info] Training epoch: 2000, LR: 9.02e-04
--- Save Epoch: 2256, Loss: 2.8321e-02, Res: 2.8321e-02, Beta: 0.68 ---
... RAR RES, Max residual error: 2.2813, t: tensor([[0.2948],
        [0.2950],
        [0.2950]])
--- Save Epoch: 2557, Loss: 2.7015e-02, Res: 2.7015e-02, Beta: 0.70 ---
... RAR RES, Max residual error: 1.5793, t: tensor([[0.2972],
        [0.2977],
        [0.2854]])
[info] Training epoch: 3000, LR: 8.57e-04
--- Save Epoch: 3086, Loss: 2.6645e-02, Res: 2.6645e-02, Beta: 0.72 ---
... RAR RES, Max residual error: 1.5143, t: tensor([[0.2953],
        [0.2953],
        [0.2998]])
[info] Training epoch: 4000, LR: 8.15e-04
--- Save Epoch: 4025, Loss: 2.5585e-02, Res: 2.5585e-02, Beta: 0.74 ---
... RAR RES, Max residual error: 1.5614, t: tensor([[0.2914],
        [0.2966],
        [0.2997]])
--- Save Epoch: 4645, Loss: 2.5542e-02, Res: 2.5542e-02, Beta: 0.76 ---
... RAR RES, Max residual error: 1.5855, t: tensor([[0.2944],
        [0.2992],
        [0.2935]])
[info] Training epoch: 5000, LR: 7.74e-04
--- Save Epoch: 5531, Loss: 2.3685e-02, Res: 2.3685e-02, Beta: 0.78 ---
... RAR RES, Max residual error: 1.9602, t: tensor([[0.2998],
        [0.2998],
        [0.2948]])
[info] Training epoch: 6000, LR: 7.35e-04
--- Save Epoch: 6101, Loss: 2.2088e-02, Res: 2.2088e-02, Beta: 0.80 ---
... RAR RES, Max residual error: 2.4136, t: tensor([[0.2787],
        [0.2794],
        [0.2823]])
--- Save Epoch: 6589, Loss: 2.1945e-02, Res: 2.1945e-02, Beta: 0.82 ---
... RAR RES, Max residual error: 3.0617, t: tensor([[0.2998],
        [0.2954],
        [0.2954]])
[info] Training epoch: 7000, LR: 6.98e-04
--- Save Epoch: 7896, Loss: 2.1333e-02, Res: 2.1333e-02, Beta: 0.84 ---
... RAR RES, Max residual error: 1.3374, t: tensor([[0.2909],
        [0.2929],
        [0.2966]])
[info] Training epoch: 8000, LR: 6.63e-04
[info] Training epoch: 9000, LR: 6.30e-04
[info] Training epoch: 10000, LR: 5.99e-04
--- Save Epoch: 10216, Loss: 2.1062e-02, Res: 2.1062e-02, Beta: 0.86 ---
... RAR RES, Max residual error: 1.6138, t: tensor([[0.2960],
        [0.2983],
        [0.2787]])
[info] Training epoch: 11000, LR: 5.69e-04
--- Save Epoch: 11227, Loss: 2.0882e-02, Res: 2.0882e-02, Beta: 0.88 ---
... RAR RES, Max residual error: 1.2427, t: tensor([[0.2976],
        [0.2930],
        [0.2983]])
--- Save Epoch: 11949, Loss: 1.9853e-02, Res: 1.9853e-02, Beta: 0.90 ---
[info] Training epoch: 12000, LR: 5.40e-04
... RAR RES, Max residual error: 1.5391, t: tensor([[0.2777],
        [0.2665],
        [0.2976]])
[info] Training epoch: 13000, LR: 5.13e-04
--- Save Epoch: 13306, Loss: 1.9262e-02, Res: 1.9262e-02, Beta: 0.92 ---
... RAR RES, Max residual error: 1.4805, t: tensor([[0.2956],
        [0.2743],
        [0.2907]])
[info] Training epoch: 14000, LR: 4.88e-04
--- Save Epoch: 14537, Loss: 1.8798e-02, Res: 1.8798e-02, Beta: 0.94 ---
... RAR RES, Max residual error: 1.1780, t: tensor([[0.2626],
        [0.2827],
        [0.2856]])
[info] Training epoch: 15000, LR: 4.63e-04
[info] Training epoch: 16000, LR: 4.40e-04
[info] Training epoch: 17000, LR: 4.18e-04
--- Save Epoch: 17246, Loss: 1.8752e-02, Res: 1.8752e-02, Beta: 0.96 ---
... RAR RES, Max residual error: 1.5513, t: tensor([[0.2981],
        [0.2938],
        [0.2893]])
[info] Training epoch: 18000, LR: 3.97e-04
[info] Training epoch: 19000, LR: 3.77e-04
[info] Training epoch: 20000, LR: 3.58e-04
--- Save Epoch: 20055, Loss: 1.8488e-02, Res: 1.8488e-02, Beta: 0.98 ---
... RAR RES, Max residual error: 1.2995, t: tensor([[0.2943],
        [0.2939],
        [0.2867]])
[info] Training epoch: 21000, LR: 3.41e-04
[info] Training epoch: 22000, LR: 3.24e-04
[info] Training epoch: 23000, LR: 3.07e-04
[info] Training epoch: 24000, LR: 2.92e-04
[info] Training epoch: 25000, LR: 2.77e-04
[info] Training epoch: 26000, LR: 2.64e-04
[info] Training epoch: 27000, LR: 2.50e-04
--- Save Epoch: 27581, Loss: 1.8155e-02, Res: 1.8155e-02, Beta: 1.00 ---
... RAR RES, Max residual error: 1.5988, t: tensor([[0.2790],
        [0.2641],
        [0.2951]])
[info] Training epoch: 28000, LR: 2.38e-04
===== logging end   2025-11-14 19:29:22 =====

===== logging start 2025-11-14 19:30:55 =====
[check] bias_fac:  0.5
--- Save Epoch: 1, Loss: 2.3107e+00, Res: 2.3107e+00, Beta: 0.00 ---
... RAR RES, Max residual error: 15.9049, t: tensor([[0.2837],
        [0.2881],
        [0.2831]])
--- Save Epoch: 2, Loss: 1.8953e+00, Res: 1.8953e+00, Beta: 0.02 ---
--- Save Epoch: 3, Loss: 1.5630e+00, Res: 1.5630e+00, Beta: 0.04 ---
--- Save Epoch: 4, Loss: 9.8742e-01, Res: 9.8742e-01, Beta: 0.06 ---
--- Save Epoch: 5, Loss: 8.3979e-01, Res: 8.3979e-01, Beta: 0.08 ---
--- Save Epoch: 6, Loss: 6.2171e-01, Res: 6.2171e-01, Beta: 0.10 ---
--- Save Epoch: 7, Loss: 3.7297e-01, Res: 3.7297e-01, Beta: 0.12 ---
--- Save Epoch: 9, Loss: 3.0551e-01, Res: 3.0551e-01, Beta: 0.14 ---
--- Save Epoch: 10, Loss: 3.0447e-01, Res: 3.0447e-01, Beta: 0.16 ---
--- Save Epoch: 12, Loss: 2.6191e-01, Res: 2.6191e-01, Beta: 0.18 ---
--- Save Epoch: 13, Loss: 2.5822e-01, Res: 2.5822e-01, Beta: 0.20 ---
--- Save Epoch: 16, Loss: 2.1200e-01, Res: 2.1200e-01, Beta: 0.22 ---
--- Save Epoch: 19, Loss: 1.7443e-01, Res: 1.7443e-01, Beta: 0.24 ---
--- Save Epoch: 25, Loss: 1.6418e-01, Res: 1.6418e-01, Beta: 0.26 ---
--- Save Epoch: 29, Loss: 1.5511e-01, Res: 1.5511e-01, Beta: 0.28 ---
--- Save Epoch: 38, Loss: 1.4619e-01, Res: 1.4619e-01, Beta: 0.30 ---
--- Save Epoch: 46, Loss: 1.4304e-01, Res: 1.4304e-01, Beta: 0.32 ---
--- Save Epoch: 49, Loss: 1.3798e-01, Res: 1.3798e-01, Beta: 0.34 ---
--- Save Epoch: 68, Loss: 1.1853e-01, Res: 1.1853e-01, Beta: 0.36 ---
--- Save Epoch: 87, Loss: 1.1829e-01, Res: 1.1829e-01, Beta: 0.38 ---
... RAR RES, Max residual error: 2.8660, t: tensor([[0.2991],
        [0.2991],
        [0.2763]])
--- Save Epoch: 163, Loss: 1.1804e-01, Res: 1.1804e-01, Beta: 0.40 ---
--- Save Epoch: 183, Loss: 1.1785e-01, Res: 1.1785e-01, Beta: 0.42 ---
... RAR RES, Max residual error: 2.7301, t: tensor([[2.9402e-01],
        [2.9401e-01],
        [5.0479e-05]])
--- Save Epoch: 213, Loss: 1.1565e-01, Res: 1.1565e-01, Beta: 0.44 ---
--- Save Epoch: 223, Loss: 1.0802e-01, Res: 1.0802e-01, Beta: 0.46 ---
--- Save Epoch: 229, Loss: 1.0395e-01, Res: 1.0395e-01, Beta: 0.48 ---
--- Save Epoch: 248, Loss: 9.7633e-02, Res: 9.7633e-02, Beta: 0.50 ---
--- Save Epoch: 277, Loss: 9.0157e-02, Res: 9.0157e-02, Beta: 0.52 ---
--- Save Epoch: 291, Loss: 8.9867e-02, Res: 8.9867e-02, Beta: 0.54 ---
... RAR RES, Max residual error: 1.9652, t: tensor([[0.2905],
        [0.2905],
        [0.2905]])
--- Save Epoch: 316, Loss: 7.2369e-02, Res: 7.2369e-02, Beta: 0.56 ---
--- Save Epoch: 378, Loss: 6.8098e-02, Res: 6.8098e-02, Beta: 0.58 ---
--- Save Epoch: 384, Loss: 6.8032e-02, Res: 6.8032e-02, Beta: 0.60 ---
... RAR RES, Max residual error: 2.5155, t: tensor([[0.2859],
        [0.2667],
        [0.2107]])
--- Save Epoch: 518, Loss: 5.9701e-02, Res: 5.9701e-02, Beta: 0.62 ---
--- Save Epoch: 595, Loss: 5.7811e-02, Res: 5.7811e-02, Beta: 0.64 ---
... RAR RES, Max residual error: 4.8923, t: tensor([[0.2985],
        [0.2985],
        [0.2985]])
--- Save Epoch: 798, Loss: 5.2365e-02, Res: 5.2365e-02, Beta: 0.66 ---
... RAR RES, Max residual error: 4.2977, t: tensor([[0.2987],
        [0.2987],
        [0.2907]])
--- Save Epoch: 997, Loss: 5.0767e-02, Res: 5.0767e-02, Beta: 0.68 ---
[info] Training epoch: 1000, LR: 9.50e-04
... RAR RES, Max residual error: 1.9859, t: tensor([[0.2841],
        [0.2942],
        [0.2878]])
--- Save Epoch: 1219, Loss: 5.0627e-02, Res: 5.0627e-02, Beta: 0.70 ---
... RAR RES, Max residual error: 2.6942, t: tensor([[0.2913],
        [0.2949],
        [0.2970]])
--- Save Epoch: 1572, Loss: 4.8791e-02, Res: 4.8791e-02, Beta: 0.72 ---
... RAR RES, Max residual error: 2.6009, t: tensor([[0.2935],
        [0.2831],
        [0.2925]])
--- Save Epoch: 1746, Loss: 4.5781e-02, Res: 4.5781e-02, Beta: 0.74 ---
... RAR RES, Max residual error: 3.2682, t: tensor([[0.2991],
        [0.2832],
        [0.2991]])
[info] Training epoch: 2000, LR: 9.02e-04
--- Save Epoch: 2229, Loss: 4.4925e-02, Res: 4.4925e-02, Beta: 0.76 ---
... RAR RES, Max residual error: 2.3869, t: tensor([[0.2972],
        [0.2987],
        [0.2929]])
--- Save Epoch: 2697, Loss: 3.8823e-02, Res: 3.8823e-02, Beta: 0.78 ---
... RAR RES, Max residual error: 1.8539, t: tensor([[0.2997],
        [0.2959],
        [0.2997]])
[info] Training epoch: 3000, LR: 8.57e-04
--- Save Epoch: 3089, Loss: 3.6644e-02, Res: 3.6644e-02, Beta: 0.80 ---
... RAR RES, Max residual error: 3.3555, t: tensor([[0.2969],
        [0.2833],
        [0.2969]])
--- Save Epoch: 3645, Loss: 3.2744e-02, Res: 3.2744e-02, Beta: 0.82 ---
... RAR RES, Max residual error: 3.5992, t: tensor([[0.2943],
        [0.2943],
        [0.2943]])
[info] Training epoch: 4000, LR: 8.15e-04
--- Save Epoch: 4639, Loss: 3.0811e-02, Res: 3.0811e-02, Beta: 0.84 ---
... RAR RES, Max residual error: 2.1345, t: tensor([[0.2950],
        [0.2941],
        [0.2941]])
[info] Training epoch: 5000, LR: 7.74e-04
--- Save Epoch: 5930, Loss: 2.8687e-02, Res: 2.8687e-02, Beta: 0.86 ---
[info] Training epoch: 6000, LR: 7.35e-04
... RAR RES, Max residual error: 2.0812, t: tensor([[0.2987],
        [0.2987],
        [0.2957]])
[info] Training epoch: 7000, LR: 6.98e-04
[info] Training epoch: 8000, LR: 6.63e-04
--- Save Epoch: 8585, Loss: 2.7240e-02, Res: 2.7240e-02, Beta: 0.88 ---
... RAR RES, Max residual error: 2.5968, t: tensor([[0.2990],
        [0.2982],
        [0.2990]])
[info] Training epoch: 9000, LR: 6.30e-04
--- Save Epoch: 9290, Loss: 2.5219e-02, Res: 2.5219e-02, Beta: 0.90 ---
... RAR RES, Max residual error: 1.8417, t: tensor([[0.2265],
        [0.2382],
        [0.2911]])
[info] Training epoch: 10000, LR: 5.99e-04
--- Save Epoch: 10542, Loss: 2.4983e-02, Res: 2.4983e-02, Beta: 0.92 ---
... RAR RES, Max residual error: 1.1081, t: tensor([[0.2037],
        [0.2881],
        [0.2137]])
[info] Training epoch: 11000, LR: 5.69e-04
--- Save Epoch: 11045, Loss: 2.4803e-02, Res: 2.4803e-02, Beta: 0.94 ---
... RAR RES, Max residual error: 1.6458, t: tensor([[0.2996],
        [0.2987],
        [0.2882]])
--- Save Epoch: 11703, Loss: 2.3993e-02, Res: 2.3993e-02, Beta: 0.96 ---
... RAR RES, Max residual error: 1.8287, t: tensor([[0.2988],
        [0.2988],
        [0.2950]])
[info] Training epoch: 12000, LR: 5.40e-04
--- Save Epoch: 12637, Loss: 2.3152e-02, Res: 2.3152e-02, Beta: 0.98 ---
... RAR RES, Max residual error: 1.5456, t: tensor([[0.2899],
        [0.2989],
        [0.2989]])
[info] Training epoch: 13000, LR: 5.13e-04
--- Save Epoch: 13677, Loss: 2.2380e-02, Res: 2.2380e-02, Beta: 1.00 ---
... RAR RES, Max residual error: 1.7103, t: tensor([[0.2883],
        [0.2953],
        [0.2953]])
[info] Training epoch: 14000, LR: 4.88e-04
--- Save Epoch: 14073, Loss: 2.2325e-02, Res: 2.2325e-02, Beta: 1.00 ---
--- Save Epoch: 14076, Loss: 2.2300e-02, Res: 2.2300e-02, Beta: 1.00 ---
... RAR RES, Max residual error: 1.2193, t: tensor([[0.2939],
        [0.2906],
        [0.2878]])
--- Save Epoch: 14328, Loss: 2.1789e-02, Res: 2.1789e-02, Beta: 1.00 ---
... RAR RES, Max residual error: 1.1309, t: tensor([[0.2990],
        [0.2962],
        [0.2990]])
[info] Training epoch: 15000, LR: 4.63e-04
--- Save Epoch: 15223, Loss: 2.1166e-02, Res: 2.1166e-02, Beta: 1.00 ---
... RAR RES, Max residual error: 1.5171, t: tensor([[0.2988],
        [0.2967],
        [0.2988]])
--- Save Epoch: 15910, Loss: 2.0819e-02, Res: 2.0819e-02, Beta: 1.00 ---
[info] Training epoch: 16000, LR: 4.40e-04
... RAR RES, Max residual error: 1.3044, t: tensor([[0.2990],
        [0.2928],
        [0.2928]])
--- Save Epoch: 16071, Loss: 1.9864e-02, Res: 1.9864e-02, Beta: 1.00 ---
... RAR RES, Max residual error: 1.0879, t: tensor([[0.2837],
        [0.2967],
        [0.2866]])
--- Save Epoch: 16427, Loss: 1.9356e-02, Res: 1.9356e-02, Beta: 1.00 ---
... RAR RES, Max residual error: 1.0422, t: tensor([[0.2935],
        [0.2935],
        [0.2751]])
===== logging end   2025-11-14 20:10:08 =====

===== logging start 2025-11-14 20:10:30 =====
[check] bias_fac:  0.5
--- Save Epoch: 1, Loss: 2.3107e+00, Res: 2.3107e+00, Beta: 0.00 ---
... RAR RES, Max residual error: 15.9049, t: tensor([[0.2837],
        [0.2881],
        [0.2831]])
--- Save Epoch: 2, Loss: 1.8953e+00, Res: 1.8953e+00, Beta: 0.02 ---
--- Save Epoch: 3, Loss: 1.5630e+00, Res: 1.5630e+00, Beta: 0.04 ---
--- Save Epoch: 4, Loss: 9.8742e-01, Res: 9.8742e-01, Beta: 0.06 ---
--- Save Epoch: 5, Loss: 8.3979e-01, Res: 8.3979e-01, Beta: 0.08 ---
--- Save Epoch: 6, Loss: 6.2171e-01, Res: 6.2171e-01, Beta: 0.10 ---
--- Save Epoch: 7, Loss: 3.7297e-01, Res: 3.7297e-01, Beta: 0.12 ---
--- Save Epoch: 9, Loss: 3.0551e-01, Res: 3.0551e-01, Beta: 0.14 ---
--- Save Epoch: 10, Loss: 3.0447e-01, Res: 3.0447e-01, Beta: 0.16 ---
--- Save Epoch: 12, Loss: 2.6191e-01, Res: 2.6191e-01, Beta: 0.18 ---
--- Save Epoch: 13, Loss: 2.5822e-01, Res: 2.5822e-01, Beta: 0.20 ---
--- Save Epoch: 16, Loss: 2.1200e-01, Res: 2.1200e-01, Beta: 0.22 ---
--- Save Epoch: 19, Loss: 1.7443e-01, Res: 1.7443e-01, Beta: 0.24 ---
--- Save Epoch: 25, Loss: 1.6418e-01, Res: 1.6418e-01, Beta: 0.26 ---
--- Save Epoch: 29, Loss: 1.5511e-01, Res: 1.5511e-01, Beta: 0.28 ---
--- Save Epoch: 38, Loss: 1.4619e-01, Res: 1.4619e-01, Beta: 0.30 ---
--- Save Epoch: 46, Loss: 1.4304e-01, Res: 1.4304e-01, Beta: 0.32 ---
--- Save Epoch: 49, Loss: 1.3798e-01, Res: 1.3798e-01, Beta: 0.34 ---
--- Save Epoch: 68, Loss: 1.1853e-01, Res: 1.1853e-01, Beta: 0.36 ---
--- Save Epoch: 87, Loss: 1.1829e-01, Res: 1.1829e-01, Beta: 0.38 ---
... RAR RES, Max residual error: 2.8660, t: tensor([[0.2991],
        [0.2991],
        [0.2763]])
--- Save Epoch: 163, Loss: 1.1804e-01, Res: 1.1804e-01, Beta: 0.40 ---
--- Save Epoch: 183, Loss: 1.1785e-01, Res: 1.1785e-01, Beta: 0.42 ---
... RAR RES, Max residual error: 2.7301, t: tensor([[2.9402e-01],
        [2.9401e-01],
        [5.0479e-05]])
--- Save Epoch: 213, Loss: 1.1565e-01, Res: 1.1565e-01, Beta: 0.44 ---
--- Save Epoch: 223, Loss: 1.0802e-01, Res: 1.0802e-01, Beta: 0.46 ---
--- Save Epoch: 229, Loss: 1.0395e-01, Res: 1.0395e-01, Beta: 0.48 ---
--- Save Epoch: 248, Loss: 9.7633e-02, Res: 9.7633e-02, Beta: 0.50 ---
--- Save Epoch: 277, Loss: 9.0157e-02, Res: 9.0157e-02, Beta: 0.52 ---
--- Save Epoch: 291, Loss: 8.9867e-02, Res: 8.9867e-02, Beta: 0.54 ---
... RAR RES, Max residual error: 1.9652, t: tensor([[0.2905],
        [0.2905],
        [0.2905]])
--- Save Epoch: 316, Loss: 7.2369e-02, Res: 7.2369e-02, Beta: 0.56 ---
--- Save Epoch: 378, Loss: 6.8098e-02, Res: 6.8098e-02, Beta: 0.58 ---
--- Save Epoch: 384, Loss: 6.8032e-02, Res: 6.8032e-02, Beta: 0.60 ---
... RAR RES, Max residual error: 2.5155, t: tensor([[0.2859],
        [0.2667],
        [0.2107]])
--- Save Epoch: 518, Loss: 5.9701e-02, Res: 5.9701e-02, Beta: 0.62 ---
--- Save Epoch: 595, Loss: 5.7811e-02, Res: 5.7811e-02, Beta: 0.64 ---
... RAR RES, Max residual error: 4.8923, t: tensor([[0.2985],
        [0.2985],
        [0.2985]])
--- Save Epoch: 798, Loss: 5.2365e-02, Res: 5.2365e-02, Beta: 0.66 ---
... RAR RES, Max residual error: 4.2977, t: tensor([[0.2987],
        [0.2987],
        [0.2907]])
--- Save Epoch: 997, Loss: 5.0767e-02, Res: 5.0767e-02, Beta: 0.68 ---
[info] Training epoch: 1000, LR: 9.50e-04
... RAR RES, Max residual error: 1.9859, t: tensor([[0.2841],
        [0.2942],
        [0.2878]])
--- Save Epoch: 1219, Loss: 5.0627e-02, Res: 5.0627e-02, Beta: 0.70 ---
... RAR RES, Max residual error: 2.6942, t: tensor([[0.2913],
        [0.2949],
        [0.2970]])
--- Save Epoch: 1572, Loss: 4.8791e-02, Res: 4.8791e-02, Beta: 0.72 ---
... RAR RES, Max residual error: 2.6009, t: tensor([[0.2935],
        [0.2831],
        [0.2925]])
--- Save Epoch: 1746, Loss: 4.5781e-02, Res: 4.5781e-02, Beta: 0.74 ---
... RAR RES, Max residual error: 3.2682, t: tensor([[0.2991],
        [0.2832],
        [0.2991]])
[info] Training epoch: 2000, LR: 9.02e-04
--- Save Epoch: 2229, Loss: 4.4925e-02, Res: 4.4925e-02, Beta: 0.76 ---
... RAR RES, Max residual error: 2.3869, t: tensor([[0.2972],
        [0.2987],
        [0.2929]])
--- Save Epoch: 2697, Loss: 3.8823e-02, Res: 3.8823e-02, Beta: 0.78 ---
... RAR RES, Max residual error: 1.8539, t: tensor([[0.2997],
        [0.2959],
        [0.2997]])
[info] Training epoch: 3000, LR: 8.57e-04
--- Save Epoch: 3089, Loss: 3.6644e-02, Res: 3.6644e-02, Beta: 0.80 ---
... RAR RES, Max residual error: 3.3555, t: tensor([[0.2969],
        [0.2833],
        [0.2969]])
--- Save Epoch: 3645, Loss: 3.2744e-02, Res: 3.2744e-02, Beta: 0.82 ---
... RAR RES, Max residual error: 3.5992, t: tensor([[0.2943],
        [0.2943],
        [0.2943]])
[info] Training epoch: 4000, LR: 8.15e-04
--- Save Epoch: 4639, Loss: 3.0811e-02, Res: 3.0811e-02, Beta: 0.84 ---
... RAR RES, Max residual error: 2.1345, t: tensor([[0.2950],
        [0.2941],
        [0.2941]])
[info] Training epoch: 5000, LR: 7.74e-04
--- Save Epoch: 5930, Loss: 2.8687e-02, Res: 2.8687e-02, Beta: 0.86 ---
[info] Training epoch: 6000, LR: 7.35e-04
... RAR RES, Max residual error: 2.0812, t: tensor([[0.2987],
        [0.2987],
        [0.2957]])
[info] Training epoch: 7000, LR: 6.98e-04
[info] Training epoch: 8000, LR: 6.63e-04
--- Save Epoch: 8585, Loss: 2.7240e-02, Res: 2.7240e-02, Beta: 0.88 ---
... RAR RES, Max residual error: 2.5968, t: tensor([[0.2990],
        [0.2982],
        [0.2990]])
[info] Training epoch: 9000, LR: 6.30e-04
--- Save Epoch: 9290, Loss: 2.5219e-02, Res: 2.5219e-02, Beta: 0.90 ---
... RAR RES, Max residual error: 1.8417, t: tensor([[0.2265],
        [0.2382],
        [0.2911]])
[info] Training epoch: 10000, LR: 5.99e-04
--- Save Epoch: 10542, Loss: 2.4983e-02, Res: 2.4983e-02, Beta: 0.92 ---
... RAR RES, Max residual error: 1.1081, t: tensor([[0.2037],
        [0.2881],
        [0.2137]])
[info] Training epoch: 11000, LR: 5.69e-04
--- Save Epoch: 11045, Loss: 2.4803e-02, Res: 2.4803e-02, Beta: 0.94 ---
... RAR RES, Max residual error: 1.6458, t: tensor([[0.2996],
        [0.2987],
        [0.2882]])
--- Save Epoch: 11703, Loss: 2.3993e-02, Res: 2.3993e-02, Beta: 0.96 ---
... RAR RES, Max residual error: 1.8287, t: tensor([[0.2988],
        [0.2988],
        [0.2950]])
[info] Training epoch: 12000, LR: 5.40e-04
--- Save Epoch: 12637, Loss: 2.3152e-02, Res: 2.3152e-02, Beta: 0.98 ---
... RAR RES, Max residual error: 1.5456, t: tensor([[0.2899],
        [0.2989],
        [0.2989]])
[info] Training epoch: 13000, LR: 5.13e-04
--- Save Epoch: 13677, Loss: 2.2380e-02, Res: 2.2380e-02, Beta: 1.00 ---
... RAR RES, Max residual error: 1.7103, t: tensor([[0.2883],
        [0.2953],
        [0.2953]])
[info] Training epoch: 14000, LR: 4.88e-04
--- Save Epoch: 14073, Loss: 2.2325e-02, Res: 2.2325e-02, Beta: 1.00 ---
--- Save Epoch: 14076, Loss: 2.2300e-02, Res: 2.2300e-02, Beta: 1.00 ---
... RAR RES, Max residual error: 1.2193, t: tensor([[0.2939],
        [0.2906],
        [0.2878]])
--- Save Epoch: 14328, Loss: 2.1789e-02, Res: 2.1789e-02, Beta: 1.00 ---
... RAR RES, Max residual error: 1.1309, t: tensor([[0.2990],
        [0.2962],
        [0.2990]])
[info] Training epoch: 15000, LR: 4.63e-04
--- Save Epoch: 15223, Loss: 2.1166e-02, Res: 2.1166e-02, Beta: 1.00 ---
... RAR RES, Max residual error: 1.5171, t: tensor([[0.2988],
        [0.2967],
        [0.2988]])
--- Save Epoch: 15910, Loss: 2.0819e-02, Res: 2.0819e-02, Beta: 1.00 ---
[info] Training epoch: 16000, LR: 4.40e-04
... RAR RES, Max residual error: 1.3044, t: tensor([[0.2990],
        [0.2928],
        [0.2928]])
--- Save Epoch: 16071, Loss: 1.9864e-02, Res: 1.9864e-02, Beta: 1.00 ---
... RAR RES, Max residual error: 1.0879, t: tensor([[0.2837],
        [0.2967],
        [0.2866]])
--- Save Epoch: 16427, Loss: 1.9356e-02, Res: 1.9356e-02, Beta: 1.00 ---
... RAR RES, Max residual error: 1.0422, t: tensor([[0.2935],
        [0.2935],
        [0.2751]])
--- Save Epoch: 17000, Loss: 1.8494e-02, Res: 1.8494e-02, Beta: 1.00 ---
[info] Training epoch: 17000, LR: 4.18e-04
... RAR RES, Max residual error: 1.3350, t: tensor([[0.2926],
        [0.2784],
        [0.2952]])
--- Save Epoch: 17315, Loss: 1.8398e-02, Res: 1.8398e-02, Beta: 1.00 ---
... RAR RES, Max residual error: 0.7875, t: tensor([[0.1488],
        [0.1177],
        [0.1496]])
--- Save Epoch: 17981, Loss: 1.5704e-02, Res: 1.5704e-02, Beta: 1.00 ---
[info] Training epoch: 18000, LR: 3.97e-04
... RAR RES, Max residual error: 0.9294, t: tensor([[0.2957],
        [0.2976],
        [0.0986]])
[info] Training epoch: 19000, LR: 3.77e-04
--- Save Epoch: 19468, Loss: 1.4918e-02, Res: 1.4918e-02, Beta: 1.00 ---
... RAR RES, Max residual error: 0.8917, t: tensor([[0.2939],
        [0.2921],
        [0.2253]])
--- Save Epoch: 19772, Loss: 1.4810e-02, Res: 1.4810e-02, Beta: 1.00 ---
... RAR RES, Max residual error: 1.0655, t: tensor([[0.2984],
        [0.2984],
        [0.2920]])
[info] Training epoch: 20000, LR: 3.58e-04
--- Save Epoch: 20641, Loss: 1.4699e-02, Res: 1.4699e-02, Beta: 1.00 ---
--- Save Epoch: 20699, Loss: 1.4581e-02, Res: 1.4581e-02, Beta: 1.00 ---
... RAR RES, Max residual error: 1.3518, t: tensor([[0.2991],
        [0.2979],
        [0.2890]])
[info] Training epoch: 21000, LR: 3.41e-04
--- Save Epoch: 21393, Loss: 1.4227e-02, Res: 1.4227e-02, Beta: 1.00 ---
... RAR RES, Max residual error: 1.0772, t: tensor([[0.2975],
        [0.2997],
        [0.2873]])
--- Save Epoch: 21432, Loss: 1.4198e-02, Res: 1.4198e-02, Beta: 1.00 ---
... RAR RES, Max residual error: 0.7478, t: tensor([[0.2957],
        [0.2962],
        [0.2969]])
[info] Training epoch: 22000, LR: 3.24e-04
--- Save Epoch: 22343, Loss: 1.4041e-02, Res: 1.4041e-02, Beta: 1.00 ---
--- Save Epoch: 22354, Loss: 1.4010e-02, Res: 1.4010e-02, Beta: 1.00 ---
... RAR RES, Max residual error: 0.8960, t: tensor([[0.2963],
        [0.2965],
        [0.2963]])
--- Save Epoch: 22773, Loss: 1.3987e-02, Res: 1.3987e-02, Beta: 1.00 ---
... RAR RES, Max residual error: 1.1192, t: tensor([[0.2956],
        [0.2896],
        [0.2956]])
--- Save Epoch: 22881, Loss: 1.3753e-02, Res: 1.3753e-02, Beta: 1.00 ---
... RAR RES, Max residual error: 1.2281, t: tensor([[0.2932],
        [0.2928],
        [0.2887]])
[info] Training epoch: 23000, LR: 3.07e-04
--- Save Epoch: 23605, Loss: 1.3696e-02, Res: 1.3696e-02, Beta: 1.00 ---
... RAR RES, Max residual error: 0.7076, t: tensor([[0.2995],
        [0.2995],
        [0.2952]])
[info] Training epoch: 24000, LR: 2.92e-04
--- Save Epoch: 24305, Loss: 1.2893e-02, Res: 1.2893e-02, Beta: 1.00 ---
--- Save Epoch: 24362, Loss: 1.2681e-02, Res: 1.2681e-02, Beta: 1.00 ---
... RAR RES, Max residual error: 0.7927, t: tensor([[0.2901],
        [0.2949],
        [0.2901]])
--- Save Epoch: 24998, Loss: 1.1601e-02, Res: 1.1601e-02, Beta: 1.00 ---
[info] Training epoch: 25000, LR: 2.77e-04
... RAR RES, Max residual error: 1.1923, t: tensor([[0.2141],
        [0.1779],
        [0.1927]])
--- Save Epoch: 25314, Loss: 1.1264e-02, Res: 1.1264e-02, Beta: 1.00 ---
... RAR RES, Max residual error: 0.8619, t: tensor([[0.2979],
        [0.2979],
        [0.2175]])
[info] Training epoch: 26000, LR: 2.64e-04
--- Save Epoch: 26911, Loss: 1.0555e-02, Res: 1.0555e-02, Beta: 1.00 ---
[info] Training epoch: 27000, LR: 2.50e-04
... RAR RES, Max residual error: 1.1220, t: tensor([[0.2992],
        [0.2991],
        [0.2854]])
--- Save Epoch: 27353, Loss: 1.0504e-02, Res: 1.0504e-02, Beta: 1.00 ---
... RAR RES, Max residual error: 0.7701, t: tensor([[0.2075],
        [0.2899],
        [0.2936]])
[info] Training epoch: 28000, LR: 2.38e-04
[info] Training epoch: 29000, LR: 2.26e-04
--- Save Epoch: 29026, Loss: 1.0376e-02, Res: 1.0376e-02, Beta: 1.00 ---
--- Save Epoch: 29029, Loss: 1.0330e-02, Res: 1.0330e-02, Beta: 1.00 ---
--- Save Epoch: 29032, Loss: 9.1330e-03, Res: 9.1330e-03, Beta: 1.00 ---
... RAR RES, Max residual error: 0.8871, t: tensor([[0.2974],
        [0.2981],
        [0.2960]])
[info] Training epoch: 30000, LR: 2.15e-04
[info] Training epoch: 31000, LR: 2.04e-04
--- Save Epoch: 31728, Loss: 9.1262e-03, Res: 9.1262e-03, Beta: 1.00 ---
--- Save Epoch: 31772, Loss: 9.0751e-03, Res: 9.0751e-03, Beta: 1.00 ---
--- Save Epoch: 31775, Loss: 9.0701e-03, Res: 9.0701e-03, Beta: 1.00 ---
... RAR RES, Max residual error: 0.5225, t: tensor([[0.1453],
        [0.2805],
        [0.2805]])
[info] Training epoch: 32000, LR: 1.94e-04
[info] Training epoch: 33000, LR: 1.84e-04
--- Save Epoch: 33280, Loss: 8.6509e-03, Res: 8.6509e-03, Beta: 1.00 ---
... RAR RES, Max residual error: 0.5991, t: tensor([[0.2992],
        [0.2992],
        [0.2894]])
[info] Training epoch: 34000, LR: 1.75e-04
--- Save Epoch: 34185, Loss: 8.5624e-03, Res: 8.5624e-03, Beta: 1.00 ---
... RAR RES, Max residual error: 0.5312, t: tensor([[0.1189],
        [0.2855],
        [0.1411]])
[info] Training epoch: 35000, LR: 1.66e-04
--- Save Epoch: 35416, Loss: 8.3245e-03, Res: 8.3245e-03, Beta: 1.00 ---
... RAR RES, Max residual error: 0.5433, t: tensor([[0.2984],
        [0.2984],
        [0.2951]])
[info] Training epoch: 36000, LR: 1.58e-04
[info] Training epoch: 37000, LR: 1.50e-04
--- Save Epoch: 37027, Loss: 8.3177e-03, Res: 8.3177e-03, Beta: 1.00 ---
... RAR RES, Max residual error: 0.4939, t: tensor([[0.2918],
        [0.2188],
        [0.2975]])
[info] Training epoch: 38000, LR: 1.42e-04
--- Save Epoch: 38641, Loss: 8.2328e-03, Res: 8.2328e-03, Beta: 1.00 ---
... RAR RES, Max residual error: 0.6770, t: tensor([[0.2993],
        [0.1957],
        [0.2897]])
[info] Training epoch: 39000, LR: 1.35e-04
[info] Training epoch: 40000, LR: 1.29e-04
--- Save Epoch: 40658, Loss: 8.1819e-03, Res: 8.1819e-03, Beta: 1.00 ---
... RAR RES, Max residual error: 0.7118, t: tensor([[0.0843],
        [0.1852],
        [0.0625]])
[info] Training epoch: 41000, LR: 1.22e-04
--- Save Epoch: 41627, Loss: 8.0024e-03, Res: 8.0024e-03, Beta: 1.00 ---
... RAR RES, Max residual error: 0.5947, t: tensor([[0.1036],
        [0.2953],
        [0.2994]])
[info] Training epoch: 42000, LR: 1.16e-04
[info] Training epoch: 43000, LR: 1.10e-04
--- Save Epoch: 43239, Loss: 7.9930e-03, Res: 7.9930e-03, Beta: 1.00 ---
... RAR RES, Max residual error: 0.5670, t: tensor([[0.2952],
        [0.1167],
        [0.0850]])
[info] Training epoch: 44000, LR: 1.05e-04
[info] Training epoch: 45000, LR: 9.94e-05
--- Save Epoch: 45027, Loss: 7.9230e-03, Res: 7.9230e-03, Beta: 1.00 ---
... RAR RES, Max residual error: 0.5944, t: tensor([[0.1915],
        [0.2864],
        [0.2970]])
[info] Training epoch: 46000, LR: 9.45e-05
--- Save Epoch: 46456, Loss: 7.8945e-03, Res: 7.8945e-03, Beta: 1.00 ---
... RAR RES, Max residual error: 0.6687, t: tensor([[0.2984],
        [0.2983],
        [0.2983]])
[info] Training epoch: 47000, LR: 8.97e-05
--- Save Epoch: 47831, Loss: 7.8065e-03, Res: 7.8065e-03, Beta: 1.00 ---
--- Save Epoch: 47871, Loss: 7.7863e-03, Res: 7.7863e-03, Beta: 1.00 ---
... RAR RES, Max residual error: 0.5111, t: tensor([[0.2974],
        [0.2999],
        [0.2909]])
[info] Training epoch: 48000, LR: 8.53e-05
--- Save Epoch: 48847, Loss: 7.7641e-03, Res: 7.7641e-03, Beta: 1.00 ---
... RAR RES, Max residual error: 0.4148, t: tensor([[0.2996],
        [0.2883],
        [0.2643]])
[info] Training epoch: 49000, LR: 8.10e-05
--- Save Epoch: 49458, Loss: 7.7545e-03, Res: 7.7545e-03, Beta: 1.00 ---
... RAR RES, Max residual error: 0.4223, t: tensor([[0.2718],
        [0.2940],
        [0.2939]])
[info] Training epoch: 50000, LR: 7.69e-05
--- Save Epoch: 50076, Loss: 7.6388e-03, Res: 7.6388e-03, Beta: 1.00 ---
... RAR RES, Max residual error: 0.4131, t: tensor([[0.2763],
        [0.2962],
        [0.2910]])
--- Save Epoch: 50806, Loss: 7.6206e-03, Res: 7.6206e-03, Beta: 1.00 ---
--- Save Epoch: 50838, Loss: 7.5520e-03, Res: 7.5520e-03, Beta: 1.00 ---
... RAR RES, Max residual error: 0.3764, t: tensor([[0.1129],
        [0.1735],
        [0.2762]])
[info] Training epoch: 51000, LR: 7.31e-05
--- Save Epoch: 51102, Loss: 7.4898e-03, Res: 7.4898e-03, Beta: 1.00 ---
... RAR RES, Max residual error: 0.5363, t: tensor([[0.2180],
        [0.2983],
        [0.2982]])
[info] Training epoch: 52000, LR: 6.94e-05
--- Save Epoch: 52142, Loss: 7.4528e-03, Res: 7.4528e-03, Beta: 1.00 ---
--- Save Epoch: 52157, Loss: 7.3882e-03, Res: 7.3882e-03, Beta: 1.00 ---
--- Save Epoch: 52176, Loss: 7.3682e-03, Res: 7.3682e-03, Beta: 1.00 ---
... RAR RES, Max residual error: 0.4957, t: tensor([[0.2901],
        [0.2977],
        [0.2977]])
--- Save Epoch: 52643, Loss: 7.2376e-03, Res: 7.2376e-03, Beta: 1.00 ---
... RAR RES, Max residual error: 0.5272, t: tensor([[0.2986],
        [0.2986],
        [0.2994]])
[info] Training epoch: 53000, LR: 6.60e-05
--- Save Epoch: 53493, Loss: 7.2291e-03, Res: 7.2291e-03, Beta: 1.00 ---
... RAR RES, Max residual error: 0.4003, t: tensor([[0.2998],
        [0.2998],
        [0.2998]])
--- Save Epoch: 53938, Loss: 7.1984e-03, Res: 7.1984e-03, Beta: 1.00 ---
[info] Training epoch: 54000, LR: 6.27e-05
... RAR RES, Max residual error: 0.4063, t: tensor([[0.2994],
        [0.2984],
        [0.2994]])
--- Save Epoch: 54841, Loss: 7.0561e-03, Res: 7.0561e-03, Beta: 1.00 ---
--- Save Epoch: 54880, Loss: 7.0447e-03, Res: 7.0447e-03, Beta: 1.00 ---
... RAR RES, Max residual error: 0.4004, t: tensor([[0.2986],
        [0.2957],
        [0.2903]])
[info] Training epoch: 55000, LR: 5.95e-05
--- Save Epoch: 55719, Loss: 7.0000e-03, Res: 7.0000e-03, Beta: 1.00 ---
--- Save Epoch: 55787, Loss: 6.9987e-03, Res: 6.9987e-03, Beta: 1.00 ---
... RAR RES, Max residual error: 0.4050, t: tensor([[0.2979],
        [0.1475],
        [0.2979]])
[info] Training epoch: 56000, LR: 5.66e-05
--- Save Epoch: 56074, Loss: 6.9409e-03, Res: 6.9409e-03, Beta: 1.00 ---
... RAR RES, Max residual error: 0.4222, t: tensor([[0.2833],
        [0.2923],
        [0.0838]])
[info] Training epoch: 57000, LR: 5.37e-05
--- Save Epoch: 57112, Loss: 6.9287e-03, Res: 6.9287e-03, Beta: 1.00 ---
--- Save Epoch: 57145, Loss: 6.9193e-03, Res: 6.9193e-03, Beta: 1.00 ---
... RAR RES, Max residual error: 0.3560, t: tensor([[0.2972],
        [0.2115],
        [0.2972]])
--- Save Epoch: 57583, Loss: 6.8708e-03, Res: 6.8708e-03, Beta: 1.00 ---
--- Save Epoch: 57585, Loss: 6.7706e-03, Res: 6.7706e-03, Beta: 1.00 ---
... RAR RES, Max residual error: 0.3096, t: tensor([[0.2686],
        [0.1699],
        [0.1901]])
[info] Training epoch: 58000, LR: 5.10e-05
--- Save Epoch: 58480, Loss: 6.6551e-03, Res: 6.6551e-03, Beta: 1.00 ---
... RAR RES, Max residual error: 0.3943, t: tensor([[0.2997],
        [0.2997],
        [0.2997]])
[info] Training epoch: 59000, LR: 4.85e-05
--- Save Epoch: 59418, Loss: 6.6507e-03, Res: 6.6507e-03, Beta: 1.00 ---
--- Save Epoch: 59455, Loss: 6.6028e-03, Res: 6.6028e-03, Beta: 1.00 ---
... RAR RES, Max residual error: 0.3995, t: tensor([[0.2988],
        [0.2988],
        [0.2988]])
[info] Training epoch: 60000, LR: 4.61e-05
===== logging end   2025-11-14 22:12:22 =====
