
===== logging start 2025-10-23 18:41:03 =====
[check] bias_fac:  0.0
--- Save Epoch: 1, Loss: 3.1174e+00, IC: 3.1174e+00, Res: 2.6004e-06, Beta: 0.00 ---
... RAR IC , Max IC error: 2.8350, t: tensor(0.)
... RAR RES, Max residual error: 2.7493, t: tensor([[0.0547],
        [0.2306],
        [0.2990]])
--- Save Epoch: 4, Loss: 3.0608e+00, IC: 3.0601e+00, Res: 7.4783e-04, Beta: 0.02 ---
--- Save Epoch: 5, Loss: 2.9217e+00, IC: 2.9193e+00, Res: 2.4363e-03, Beta: 0.04 ---
--- Save Epoch: 6, Loss: 2.6657e+00, IC: 2.6578e+00, Res: 7.9052e-03, Beta: 0.06 ---
--- Save Epoch: 7, Loss: 2.5818e+00, IC: 2.5555e+00, Res: 2.6329e-02, Beta: 0.08 ---
--- Save Epoch: 8, Loss: 2.3894e+00, IC: 2.3254e+00, Res: 6.4041e-02, Beta: 0.10 ---
--- Save Epoch: 9, Loss: 2.3633e+00, IC: 2.2830e+00, Res: 8.0294e-02, Beta: 0.12 ---
--- Save Epoch: 10, Loss: 2.3497e+00, IC: 2.3091e+00, Res: 4.0603e-02, Beta: 0.14 ---
--- Save Epoch: 11, Loss: 2.1804e+00, IC: 2.1696e+00, Res: 1.0801e-02, Beta: 0.16 ---
--- Save Epoch: 13, Loss: 1.9957e+00, IC: 1.9396e+00, Res: 5.6110e-02, Beta: 0.18 ---
--- Save Epoch: 14, Loss: 1.7622e+00, IC: 1.7314e+00, Res: 3.0801e-02, Beta: 0.20 ---
--- Save Epoch: 17, Loss: 1.6858e+00, IC: 1.6303e+00, Res: 5.5453e-02, Beta: 0.22 ---
--- Save Epoch: 18, Loss: 1.6218e+00, IC: 1.5906e+00, Res: 3.1171e-02, Beta: 0.24 ---
--- Save Epoch: 19, Loss: 1.6187e+00, IC: 1.6095e+00, Res: 9.2684e-03, Beta: 0.26 ---
--- Save Epoch: 20, Loss: 1.6061e+00, IC: 1.5692e+00, Res: 3.6877e-02, Beta: 0.28 ---
--- Save Epoch: 21, Loss: 1.4926e+00, IC: 1.4718e+00, Res: 2.0826e-02, Beta: 0.30 ---
--- Save Epoch: 22, Loss: 1.4868e+00, IC: 1.4746e+00, Res: 1.2128e-02, Beta: 0.32 ---
--- Save Epoch: 23, Loss: 1.3474e+00, IC: 1.3337e+00, Res: 1.3686e-02, Beta: 0.34 ---
--- Save Epoch: 24, Loss: 1.2622e+00, IC: 1.2367e+00, Res: 2.5480e-02, Beta: 0.36 ---
--- Save Epoch: 25, Loss: 1.2244e+00, IC: 1.1995e+00, Res: 2.4856e-02, Beta: 0.38 ---
--- Save Epoch: 27, Loss: 1.1681e+00, IC: 1.1551e+00, Res: 1.3076e-02, Beta: 0.40 ---
--- Save Epoch: 28, Loss: 1.1331e+00, IC: 1.1219e+00, Res: 1.1208e-02, Beta: 0.42 ---
--- Save Epoch: 29, Loss: 1.0797e+00, IC: 1.0697e+00, Res: 1.0085e-02, Beta: 0.44 ---
--- Save Epoch: 30, Loss: 1.0230e+00, IC: 1.0126e+00, Res: 1.0414e-02, Beta: 0.46 ---
--- Save Epoch: 32, Loss: 9.8516e-01, IC: 9.5154e-01, Res: 3.3623e-02, Beta: 0.48 ---
--- Save Epoch: 33, Loss: 9.7742e-01, IC: 9.6071e-01, Res: 1.6709e-02, Beta: 0.50 ---
--- Save Epoch: 34, Loss: 8.8815e-01, IC: 8.6613e-01, Res: 2.2014e-02, Beta: 0.52 ---
--- Save Epoch: 36, Loss: 8.7070e-01, IC: 8.5538e-01, Res: 1.5320e-02, Beta: 0.54 ---
--- Save Epoch: 37, Loss: 8.2675e-01, IC: 8.1712e-01, Res: 9.6258e-03, Beta: 0.56 ---
--- Save Epoch: 38, Loss: 7.7726e-01, IC: 7.6807e-01, Res: 9.1839e-03, Beta: 0.58 ---
--- Save Epoch: 39, Loss: 7.3581e-01, IC: 7.2543e-01, Res: 1.0379e-02, Beta: 0.60 ---
--- Save Epoch: 41, Loss: 6.9771e-01, IC: 6.8122e-01, Res: 1.6497e-02, Beta: 0.62 ---
--- Save Epoch: 43, Loss: 6.5557e-01, IC: 6.4164e-01, Res: 1.3934e-02, Beta: 0.64 ---
--- Save Epoch: 44, Loss: 6.3844e-01, IC: 6.2570e-01, Res: 1.2740e-02, Beta: 0.66 ---
--- Save Epoch: 45, Loss: 6.3107e-01, IC: 5.9304e-01, Res: 3.8029e-02, Beta: 0.68 ---
--- Save Epoch: 46, Loss: 5.7533e-01, IC: 5.5692e-01, Res: 1.8405e-02, Beta: 0.70 ---
--- Save Epoch: 48, Loss: 5.6256e-01, IC: 5.3309e-01, Res: 2.9471e-02, Beta: 0.72 ---
--- Save Epoch: 52, Loss: 4.9468e-01, IC: 4.6778e-01, Res: 2.6903e-02, Beta: 0.74 ---
--- Save Epoch: 54, Loss: 4.8616e-01, IC: 4.6312e-01, Res: 2.3040e-02, Beta: 0.76 ---
--- Save Epoch: 56, Loss: 4.3672e-01, IC: 4.1236e-01, Res: 2.4360e-02, Beta: 0.78 ---
--- Save Epoch: 61, Loss: 4.0606e-01, IC: 3.6511e-01, Res: 4.0954e-02, Beta: 0.80 ---
--- Save Epoch: 67, Loss: 3.6534e-01, IC: 3.3972e-01, Res: 2.5617e-02, Beta: 0.82 ---
--- Save Epoch: 68, Loss: 2.9784e-01, IC: 2.6786e-01, Res: 2.9979e-02, Beta: 0.84 ---
--- Save Epoch: 74, Loss: 2.7284e-01, IC: 2.4601e-01, Res: 2.6830e-02, Beta: 0.86 ---
--- Save Epoch: 77, Loss: 2.6617e-01, IC: 2.3071e-01, Res: 3.5463e-02, Beta: 0.88 ---
--- Save Epoch: 78, Loss: 2.5511e-01, IC: 2.4101e-01, Res: 1.4098e-02, Beta: 0.90 ---
--- Save Epoch: 79, Loss: 2.4346e-01, IC: 2.2079e-01, Res: 2.2678e-02, Beta: 0.92 ---
--- Save Epoch: 81, Loss: 2.3483e-01, IC: 2.0282e-01, Res: 3.2011e-02, Beta: 0.94 ---
--- Save Epoch: 82, Loss: 2.3202e-01, IC: 2.0844e-01, Res: 2.3584e-02, Beta: 0.96 ---
--- Save Epoch: 83, Loss: 2.2275e-01, IC: 1.9460e-01, Res: 2.8153e-02, Beta: 0.98 ---
--- Save Epoch: 85, Loss: 2.0599e-01, IC: 1.8796e-01, Res: 1.8032e-02, Beta: 1.00 ---
--- Save Epoch: 90, Loss: 1.9414e-01, IC: 1.6455e-01, Res: 2.9593e-02, Beta: 1.00 ---
--- Save Epoch: 91, Loss: 1.7461e-01, IC: 1.5647e-01, Res: 1.8133e-02, Beta: 1.00 ---
--- Save Epoch: 93, Loss: 1.6783e-01, IC: 1.4326e-01, Res: 2.4569e-02, Beta: 1.00 ---
--- Save Epoch: 94, Loss: 1.6223e-01, IC: 1.4767e-01, Res: 1.4563e-02, Beta: 1.00 ---
--- Save Epoch: 96, Loss: 1.6052e-01, IC: 1.4661e-01, Res: 1.3913e-02, Beta: 1.00 ---
--- Save Epoch: 98, Loss: 1.4002e-01, IC: 1.2443e-01, Res: 1.5593e-02, Beta: 1.00 ---
... RAR IC , Max IC error: 0.2397, t: tensor(0.)
... RAR RES, Max residual error: 105.9305, t: tensor([[0.2289],
        [0.2582],
        [0.1001]])
--- Save Epoch: 176, Loss: 1.2760e-01, IC: 1.0753e-01, Res: 2.0078e-02, Beta: 1.00 ---
--- Save Epoch: 178, Loss: 1.2417e-01, IC: 1.0290e-01, Res: 2.1270e-02, Beta: 1.00 ---
--- Save Epoch: 183, Loss: 1.1748e-01, IC: 9.5256e-02, Res: 2.2220e-02, Beta: 1.00 ---
--- Save Epoch: 186, Loss: 1.0674e-01, IC: 9.2263e-02, Res: 1.4477e-02, Beta: 1.00 ---
--- Save Epoch: 190, Loss: 1.0395e-01, IC: 8.8295e-02, Res: 1.5657e-02, Beta: 1.00 ---
--- Save Epoch: 193, Loss: 9.6846e-02, IC: 8.0258e-02, Res: 1.6587e-02, Beta: 1.00 ---
--- Save Epoch: 196, Loss: 9.0022e-02, IC: 6.9903e-02, Res: 2.0119e-02, Beta: 1.00 ---
--- Save Epoch: 198, Loss: 8.7873e-02, IC: 7.3808e-02, Res: 1.4065e-02, Beta: 1.00 ---
--- Save Epoch: 199, Loss: 8.3842e-02, IC: 6.6454e-02, Res: 1.7388e-02, Beta: 1.00 ---
... RAR IC , Max IC error: 0.1436, t: tensor(0.)
... RAR RES, Max residual error: 26.6186, t: tensor([[0.0839],
        [0.0510],
        [0.1660]])
--- Save Epoch: 332, Loss: 8.0438e-02, IC: 5.1941e-02, Res: 2.8497e-02, Beta: 1.00 ---
--- Save Epoch: 340, Loss: 8.0344e-02, IC: 5.4453e-02, Res: 2.5891e-02, Beta: 1.00 ---
--- Save Epoch: 343, Loss: 7.2889e-02, IC: 4.7365e-02, Res: 2.5524e-02, Beta: 1.00 ---
--- Save Epoch: 346, Loss: 7.1173e-02, IC: 4.4273e-02, Res: 2.6900e-02, Beta: 1.00 ---
--- Save Epoch: 352, Loss: 7.0784e-02, IC: 4.5665e-02, Res: 2.5119e-02, Beta: 1.00 ---
--- Save Epoch: 359, Loss: 6.9268e-02, IC: 4.1822e-02, Res: 2.7446e-02, Beta: 1.00 ---
--- Save Epoch: 367, Loss: 6.8081e-02, IC: 4.8913e-02, Res: 1.9168e-02, Beta: 1.00 ---
--- Save Epoch: 370, Loss: 6.4344e-02, IC: 4.3131e-02, Res: 2.1212e-02, Beta: 1.00 ---
--- Save Epoch: 372, Loss: 5.9601e-02, IC: 4.4223e-02, Res: 1.5378e-02, Beta: 1.00 ---
--- Save Epoch: 373, Loss: 5.8771e-02, IC: 4.1107e-02, Res: 1.7664e-02, Beta: 1.00 ---
--- Save Epoch: 377, Loss: 5.7519e-02, IC: 4.2676e-02, Res: 1.4843e-02, Beta: 1.00 ---
--- Save Epoch: 400, Loss: 5.6192e-02, IC: 3.8788e-02, Res: 1.7404e-02, Beta: 1.00 ---
... RAR IC , Max IC error: 0.1147, t: tensor(0.)
... RAR RES, Max residual error: 48.2987, t: tensor([[0.1859],
        [0.0285],
        [0.0254]])
--- Save Epoch: 594, Loss: 5.6038e-02, IC: 3.5361e-02, Res: 2.0676e-02, Beta: 1.00 ---
--- Save Epoch: 595, Loss: 5.5020e-02, IC: 3.4470e-02, Res: 2.0550e-02, Beta: 1.00 ---
... RAR IC , Max IC error: 0.1020, t: tensor(0.)
... RAR RES, Max residual error: 24.2113, t: tensor([[0.0561],
        [0.2080],
        [0.2969]])
--- Save Epoch: 925, Loss: 5.3820e-02, IC: 3.3978e-02, Res: 1.9842e-02, Beta: 1.00 ---
--- Save Epoch: 929, Loss: 5.1586e-02, IC: 3.1018e-02, Res: 2.0569e-02, Beta: 1.00 ---
--- Save Epoch: 976, Loss: 4.9086e-02, IC: 2.8203e-02, Res: 2.0883e-02, Beta: 1.00 ---
[info] Training epoch: 1000, LR: 9.50e-04
... RAR IC , Max IC error: 0.1095, t: tensor(0.)
... RAR RES, Max residual error: 20.8145, t: tensor([[0.2026],
        [0.1089],
        [0.1396]])
--- Save Epoch: 1151, Loss: 4.7359e-02, IC: 2.6177e-02, Res: 2.1183e-02, Beta: 1.00 ---
--- Save Epoch: 1164, Loss: 4.6279e-02, IC: 2.3343e-02, Res: 2.2936e-02, Beta: 1.00 ---
--- Save Epoch: 1165, Loss: 4.5694e-02, IC: 2.1726e-02, Res: 2.3967e-02, Beta: 1.00 ---
--- Save Epoch: 1177, Loss: 4.3954e-02, IC: 2.3944e-02, Res: 2.0010e-02, Beta: 1.00 ---
--- Save Epoch: 1184, Loss: 4.1224e-02, IC: 2.2209e-02, Res: 1.9015e-02, Beta: 1.00 ---
--- Save Epoch: 1187, Loss: 3.8542e-02, IC: 1.8755e-02, Res: 1.9787e-02, Beta: 1.00 ---
... RAR IC , Max IC error: 0.0682, t: tensor(0.)
... RAR RES, Max residual error: 21.4284, t: tensor([[0.1949],
        [0.0672],
        [0.1115]])
--- Save Epoch: 1422, Loss: 3.6419e-02, IC: 1.5128e-02, Res: 2.1291e-02, Beta: 1.00 ---
--- Save Epoch: 1467, Loss: 3.6020e-02, IC: 1.5991e-02, Res: 2.0029e-02, Beta: 1.00 ---
--- Save Epoch: 1469, Loss: 3.5297e-02, IC: 1.4726e-02, Res: 2.0571e-02, Beta: 1.00 ---
--- Save Epoch: 1485, Loss: 3.5150e-02, IC: 1.5694e-02, Res: 1.9456e-02, Beta: 1.00 ---
... RAR IC , Max IC error: 0.0685, t: tensor(0.)
... RAR RES, Max residual error: 4.1749, t: tensor([[0.0516],
        [0.2322],
        [0.2382]])
--- Save Epoch: 1807, Loss: 3.4578e-02, IC: 1.2856e-02, Res: 2.1722e-02, Beta: 1.00 ---
--- Save Epoch: 1822, Loss: 3.4243e-02, IC: 1.2656e-02, Res: 2.1587e-02, Beta: 1.00 ---
--- Save Epoch: 1823, Loss: 3.1934e-02, IC: 1.2571e-02, Res: 1.9363e-02, Beta: 1.00 ---
--- Save Epoch: 1846, Loss: 3.1323e-02, IC: 1.2174e-02, Res: 1.9149e-02, Beta: 1.00 ---
--- Save Epoch: 1847, Loss: 2.9276e-02, IC: 1.1268e-02, Res: 1.8008e-02, Beta: 1.00 ---
--- Save Epoch: 1865, Loss: 2.8429e-02, IC: 1.0675e-02, Res: 1.7754e-02, Beta: 1.00 ---
... RAR IC , Max IC error: 0.0539, t: tensor(0.)
... RAR RES, Max residual error: 10.6076, t: tensor([[0.0086],
        [0.0466],
        [0.1436]])
[info] Training epoch: 2000, LR: 9.02e-04
--- Save Epoch: 2750, Loss: 2.7162e-02, IC: 1.0598e-02, Res: 1.6564e-02, Beta: 1.00 ---
... RAR IC , Max IC error: 0.0830, t: tensor(0.)
... RAR RES, Max residual error: 7.0292, t: tensor([[0.1498],
        [0.1565],
        [0.1689]])
[info] Training epoch: 3000, LR: 8.57e-04
--- Save Epoch: 3058, Loss: 2.6673e-02, IC: 1.0171e-02, Res: 1.6502e-02, Beta: 1.00 ---
... RAR IC , Max IC error: 0.0524, t: tensor(0.)
... RAR RES, Max residual error: 5.9641, t: tensor([[0.1687],
        [0.1510],
        [0.0091]])
--- Save Epoch: 3221, Loss: 2.6673e-02, IC: 9.8511e-03, Res: 1.6822e-02, Beta: 1.00 ---
--- Save Epoch: 3277, Loss: 2.6613e-02, IC: 9.1859e-03, Res: 1.7427e-02, Beta: 1.00 ---
--- Save Epoch: 3282, Loss: 2.6129e-02, IC: 9.6030e-03, Res: 1.6526e-02, Beta: 1.00 ---
... RAR IC , Max IC error: 0.0533, t: tensor(0.)
... RAR RES, Max residual error: 15.8304, t: tensor([[0.0728],
        [0.0231],
        [0.0893]])
--- Save Epoch: 3520, Loss: 2.6062e-02, IC: 1.1819e-02, Res: 1.4243e-02, Beta: 1.00 ---
--- Save Epoch: 3523, Loss: 2.4736e-02, IC: 1.0708e-02, Res: 1.4027e-02, Beta: 1.00 ---
--- Save Epoch: 3538, Loss: 2.4620e-02, IC: 1.0220e-02, Res: 1.4400e-02, Beta: 1.00 ---
--- Save Epoch: 3590, Loss: 2.3999e-02, IC: 8.9523e-03, Res: 1.5047e-02, Beta: 1.00 ---
... RAR IC , Max IC error: 0.0546, t: tensor(0.)
... RAR RES, Max residual error: 18.9510, t: tensor([[0.0271],
        [0.1869],
        [0.0639]])
--- Save Epoch: 3825, Loss: 2.3332e-02, IC: 8.8454e-03, Res: 1.4487e-02, Beta: 1.00 ---
--- Save Epoch: 3832, Loss: 2.2410e-02, IC: 8.6954e-03, Res: 1.3715e-02, Beta: 1.00 ---
... RAR IC , Max IC error: 0.0454, t: tensor(0.)
... RAR RES, Max residual error: 14.7214, t: tensor([[0.0725],
        [0.0164],
        [0.1116]])
[info] Training epoch: 4000, LR: 8.15e-04
--- Save Epoch: 4436, Loss: 2.2259e-02, IC: 9.0195e-03, Res: 1.3240e-02, Beta: 1.00 ---
--- Save Epoch: 4454, Loss: 2.2011e-02, IC: 9.2939e-03, Res: 1.2717e-02, Beta: 1.00 ---
--- Save Epoch: 4455, Loss: 2.1912e-02, IC: 9.5299e-03, Res: 1.2382e-02, Beta: 1.00 ---
--- Save Epoch: 4460, Loss: 2.1884e-02, IC: 9.7054e-03, Res: 1.2178e-02, Beta: 1.00 ---
--- Save Epoch: 4463, Loss: 2.1869e-02, IC: 9.8467e-03, Res: 1.2023e-02, Beta: 1.00 ---
--- Save Epoch: 4465, Loss: 2.1367e-02, IC: 8.8018e-03, Res: 1.2565e-02, Beta: 1.00 ---
--- Save Epoch: 4466, Loss: 2.1047e-02, IC: 8.6369e-03, Res: 1.2410e-02, Beta: 1.00 ---
--- Save Epoch: 4467, Loss: 2.0705e-02, IC: 8.3811e-03, Res: 1.2324e-02, Beta: 1.00 ---
... RAR IC , Max IC error: 0.0485, t: tensor(0.)
... RAR RES, Max residual error: 7.6441, t: tensor([[0.0528],
        [0.0616],
        [0.1471]])
--- Save Epoch: 4806, Loss: 2.0652e-02, IC: 8.1954e-03, Res: 1.2457e-02, Beta: 1.00 ---
--- Save Epoch: 4809, Loss: 2.0437e-02, IC: 7.9826e-03, Res: 1.2455e-02, Beta: 1.00 ---
--- Save Epoch: 4824, Loss: 2.0157e-02, IC: 8.3791e-03, Res: 1.1778e-02, Beta: 1.00 ---
--- Save Epoch: 4827, Loss: 2.0087e-02, IC: 8.5283e-03, Res: 1.1559e-02, Beta: 1.00 ---
--- Save Epoch: 4873, Loss: 1.9948e-02, IC: 8.4877e-03, Res: 1.1460e-02, Beta: 1.00 ---
--- Save Epoch: 4874, Loss: 1.9740e-02, IC: 8.0464e-03, Res: 1.1693e-02, Beta: 1.00 ---
--- Save Epoch: 4889, Loss: 1.9415e-02, IC: 8.2840e-03, Res: 1.1131e-02, Beta: 1.00 ---
... RAR IC , Max IC error: 0.0398, t: tensor(0.)
... RAR RES, Max residual error: 5.4603, t: tensor([[0.0336],
        [0.0507],
        [0.1227]])
[info] Training epoch: 5000, LR: 7.74e-04
--- Save Epoch: 5096, Loss: 1.8988e-02, IC: 6.8381e-03, Res: 1.2150e-02, Beta: 1.00 ---
... RAR IC , Max IC error: 0.0363, t: tensor(0.)
... RAR RES, Max residual error: 36.6999, t: tensor([[0.0028],
        [0.0254],
        [0.0527]])
[info] Training epoch: 6000, LR: 7.35e-04
[info] Training epoch: 7000, LR: 6.98e-04
[info] Training epoch: 8000, LR: 6.63e-04
--- Save Epoch: 8709, Loss: 1.8377e-02, IC: 1.1663e-02, Res: 6.7137e-03, Beta: 1.00 ---
... RAR IC , Max IC error: 0.0779, t: tensor(0.)
... RAR RES, Max residual error: 17.0055, t: tensor([[0.0271],
        [0.0218],
        [0.0122]])
[info] Training epoch: 9000, LR: 6.30e-04
--- Save Epoch: 9625, Loss: 1.8368e-02, IC: 1.1645e-02, Res: 6.7238e-03, Beta: 1.00 ---
... RAR IC , Max IC error: 0.0509, t: tensor(0.)
... RAR RES, Max residual error: 1.7993, t: tensor([[0.0564],
        [0.0037],
        [0.0013]])
[info] Training epoch: 10000, LR: 5.99e-04
--- Save Epoch: 10138, Loss: 1.8003e-02, IC: 1.0723e-02, Res: 7.2794e-03, Beta: 1.00 ---
... RAR IC , Max IC error: 0.0569, t: tensor(0.)
... RAR RES, Max residual error: 21.0755, t: tensor([[0.0156],
        [0.0613],
        [0.0490]])
--- Save Epoch: 10709, Loss: 1.7913e-02, IC: 1.0510e-02, Res: 7.4023e-03, Beta: 1.00 ---
--- Save Epoch: 10755, Loss: 1.7912e-02, IC: 1.1159e-02, Res: 6.7528e-03, Beta: 1.00 ---
... RAR IC , Max IC error: 0.0515, t: tensor(0.)
... RAR RES, Max residual error: 6.7378, t: tensor([[0.0437],
        [0.0355],
        [0.0473]])
[info] Training epoch: 11000, LR: 5.69e-04
--- Save Epoch: 11093, Loss: 1.7650e-02, IC: 1.0191e-02, Res: 7.4587e-03, Beta: 1.00 ---
--- Save Epoch: 11099, Loss: 1.7435e-02, IC: 1.0055e-02, Res: 7.3799e-03, Beta: 1.00 ---
... RAR IC , Max IC error: 0.0444, t: tensor(0.)
... RAR RES, Max residual error: 3.1046, t: tensor([[0.0626],
        [0.0784],
        [0.0224]])
--- Save Epoch: 11242, Loss: 1.7203e-02, IC: 9.7165e-03, Res: 7.4868e-03, Beta: 1.00 ---
--- Save Epoch: 11258, Loss: 1.7160e-02, IC: 9.5622e-03, Res: 7.5980e-03, Beta: 1.00 ---
--- Save Epoch: 11261, Loss: 1.6858e-02, IC: 9.9520e-03, Res: 6.9063e-03, Beta: 1.00 ---
--- Save Epoch: 11265, Loss: 1.6782e-02, IC: 9.6943e-03, Res: 7.0881e-03, Beta: 1.00 ---
--- Save Epoch: 11282, Loss: 1.6716e-02, IC: 9.8294e-03, Res: 6.8866e-03, Beta: 1.00 ---
--- Save Epoch: 11286, Loss: 1.6287e-02, IC: 9.6778e-03, Res: 6.6094e-03, Beta: 1.00 ---
... RAR IC , Max IC error: 0.0420, t: tensor(0.)
... RAR RES, Max residual error: 8.5130, t: tensor([[0.0203],
        [0.0234],
        [0.0264]])
--- Save Epoch: 11462, Loss: 1.6228e-02, IC: 9.4884e-03, Res: 6.7397e-03, Beta: 1.00 ---
--- Save Epoch: 11469, Loss: 1.5989e-02, IC: 9.2748e-03, Res: 6.7139e-03, Beta: 1.00 ---
--- Save Epoch: 11474, Loss: 1.5969e-02, IC: 9.1605e-03, Res: 6.8082e-03, Beta: 1.00 ---
--- Save Epoch: 11475, Loss: 1.5801e-02, IC: 8.7836e-03, Res: 7.0171e-03, Beta: 1.00 ---
--- Save Epoch: 11481, Loss: 1.5715e-02, IC: 9.0538e-03, Res: 6.6608e-03, Beta: 1.00 ---
... RAR IC , Max IC error: 0.0317, t: tensor(0.)
... RAR RES, Max residual error: 10.4508, t: tensor([[0.0190],
        [0.0035],
        [0.0239]])
[info] Training epoch: 12000, LR: 5.40e-04
--- Save Epoch: 12015, Loss: 1.5397e-02, IC: 8.5814e-03, Res: 6.8155e-03, Beta: 1.00 ---
--- Save Epoch: 12091, Loss: 1.5250e-02, IC: 8.6261e-03, Res: 6.6243e-03, Beta: 1.00 ---
... RAR IC , Max IC error: 0.0451, t: tensor(0.)
... RAR RES, Max residual error: 8.7913, t: tensor([[0.0159],
        [0.0048],
        [0.0455]])
--- Save Epoch: 12414, Loss: 1.5250e-02, IC: 8.1254e-03, Res: 7.1247e-03, Beta: 1.00 ---
--- Save Epoch: 12430, Loss: 1.5249e-02, IC: 8.4060e-03, Res: 6.8430e-03, Beta: 1.00 ---
--- Save Epoch: 12455, Loss: 1.5181e-02, IC: 8.0455e-03, Res: 7.1352e-03, Beta: 1.00 ---
--- Save Epoch: 12463, Loss: 1.5156e-02, IC: 7.8836e-03, Res: 7.2719e-03, Beta: 1.00 ---
--- Save Epoch: 12473, Loss: 1.5030e-02, IC: 7.8837e-03, Res: 7.1459e-03, Beta: 1.00 ---
--- Save Epoch: 12475, Loss: 1.4395e-02, IC: 7.4350e-03, Res: 6.9602e-03, Beta: 1.00 ---
... RAR IC , Max IC error: 0.0518, t: tensor(0.)
... RAR RES, Max residual error: 4.0110, t: tensor([[0.0160],
        [0.0489],
        [0.0300]])
--- Save Epoch: 12775, Loss: 1.4317e-02, IC: 6.7860e-03, Res: 7.5314e-03, Beta: 1.00 ---
... RAR IC , Max IC error: 0.0335, t: tensor(0.)
... RAR RES, Max residual error: 3.7119, t: tensor([[0.0277],
        [0.0227],
        [0.0187]])
[info] Training epoch: 13000, LR: 5.13e-04
--- Save Epoch: 13136, Loss: 1.4228e-02, IC: 6.6989e-03, Res: 7.5287e-03, Beta: 1.00 ---
--- Save Epoch: 13140, Loss: 1.4077e-02, IC: 6.5971e-03, Res: 7.4799e-03, Beta: 1.00 ---
--- Save Epoch: 13142, Loss: 1.4004e-02, IC: 6.5138e-03, Res: 7.4899e-03, Beta: 1.00 ---
--- Save Epoch: 13167, Loss: 1.3804e-02, IC: 6.4829e-03, Res: 7.3214e-03, Beta: 1.00 ---
... RAR IC , Max IC error: 0.0270, t: tensor(0.)
... RAR RES, Max residual error: 4.9108, t: tensor([[0.0325],
        [0.0074],
        [0.0563]])
--- Save Epoch: 13786, Loss: 1.3763e-02, IC: 6.4750e-03, Res: 7.2876e-03, Beta: 1.00 ---
... RAR IC , Max IC error: 0.0366, t: tensor(0.)
... RAR RES, Max residual error: 1.2767, t: tensor([[0.0241],
        [0.0182],
        [0.0022]])
[info] Training epoch: 14000, LR: 4.88e-04
--- Save Epoch: 14118, Loss: 1.3751e-02, IC: 6.2727e-03, Res: 7.4785e-03, Beta: 1.00 ---
--- Save Epoch: 14131, Loss: 1.3683e-02, IC: 6.4015e-03, Res: 7.2814e-03, Beta: 1.00 ---
--- Save Epoch: 14156, Loss: 1.3681e-02, IC: 6.4747e-03, Res: 7.2059e-03, Beta: 1.00 ---
--- Save Epoch: 14186, Loss: 1.3522e-02, IC: 6.5527e-03, Res: 6.9696e-03, Beta: 1.00 ---
--- Save Epoch: 14187, Loss: 1.3493e-02, IC: 6.5614e-03, Res: 6.9315e-03, Beta: 1.00 ---
--- Save Epoch: 14191, Loss: 1.3388e-02, IC: 6.5809e-03, Res: 6.8075e-03, Beta: 1.00 ---
... RAR IC , Max IC error: 0.0330, t: tensor(0.)
... RAR RES, Max residual error: 1.2205, t: tensor([[0.0241],
        [0.0311],
        [0.0146]])
--- Save Epoch: 14446, Loss: 1.3176e-02, IC: 6.3571e-03, Res: 6.8193e-03, Beta: 1.00 ---
... RAR IC , Max IC error: 0.0292, t: tensor(0.)
... RAR RES, Max residual error: 1.6377, t: tensor([[0.0187],
        [0.0091],
        [0.0448]])
--- Save Epoch: 14719, Loss: 1.3104e-02, IC: 5.9563e-03, Res: 7.1482e-03, Beta: 1.00 ---
--- Save Epoch: 14722, Loss: 1.2952e-02, IC: 5.9079e-03, Res: 7.0445e-03, Beta: 1.00 ---
--- Save Epoch: 14723, Loss: 1.2658e-02, IC: 5.5701e-03, Res: 7.0879e-03, Beta: 1.00 ---
... RAR IC , Max IC error: 0.0277, t: tensor(0.)
... RAR RES, Max residual error: 2.6415, t: tensor([[0.0172],
        [0.0267],
        [0.0095]])
--- Save Epoch: 14899, Loss: 1.2618e-02, IC: 4.8978e-03, Res: 7.7205e-03, Beta: 1.00 ---
... RAR IC , Max IC error: 0.0239, t: tensor(0.)
... RAR RES, Max residual error: 1.9715, t: tensor([[0.0102],
        [0.0096],
        [0.0214]])
--- Save Epoch: 14983, Loss: 1.2537e-02, IC: 4.9607e-03, Res: 7.5758e-03, Beta: 1.00 ---
--- Save Epoch: 14986, Loss: 1.2499e-02, IC: 5.0894e-03, Res: 7.4096e-03, Beta: 1.00 ---
--- Save Epoch: 14989, Loss: 1.2332e-02, IC: 4.8907e-03, Res: 7.4409e-03, Beta: 1.00 ---
--- Save Epoch: 14990, Loss: 1.2122e-02, IC: 4.7548e-03, Res: 7.3675e-03, Beta: 1.00 ---
[info] Training epoch: 15000, LR: 4.63e-04
... RAR IC , Max IC error: 0.0322, t: tensor(0.)
... RAR RES, Max residual error: 2.8290, t: tensor([[0.0225],
        [0.0195],
        [0.0352]])
--- Save Epoch: 15088, Loss: 1.2115e-02, IC: 4.5971e-03, Res: 7.5177e-03, Beta: 1.00 ---
... RAR IC , Max IC error: 0.0280, t: tensor(0.)
... RAR RES, Max residual error: 8.2748, t: tensor([[0.0152],
        [0.0220],
        [0.0181]])
--- Save Epoch: 15335, Loss: 1.2087e-02, IC: 4.8953e-03, Res: 7.1914e-03, Beta: 1.00 ---
--- Save Epoch: 15346, Loss: 1.1567e-02, IC: 4.5183e-03, Res: 7.0491e-03, Beta: 1.00 ---
--- Save Epoch: 15349, Loss: 1.1494e-02, IC: 4.9921e-03, Res: 6.5020e-03, Beta: 1.00 ---
--- Save Epoch: 15365, Loss: 1.1478e-02, IC: 4.9025e-03, Res: 6.5751e-03, Beta: 1.00 ---
--- Save Epoch: 15385, Loss: 1.1395e-02, IC: 5.1900e-03, Res: 6.2048e-03, Beta: 1.00 ---
--- Save Epoch: 15400, Loss: 1.1394e-02, IC: 4.5339e-03, Res: 6.8605e-03, Beta: 1.00 ---
... RAR IC , Max IC error: 0.0272, t: tensor(0.)
... RAR RES, Max residual error: 1.5977, t: tensor([[0.0150],
        [0.0003],
        [0.0224]])
--- Save Epoch: 15436, Loss: 1.1350e-02, IC: 4.7322e-03, Res: 6.6174e-03, Beta: 1.00 ---
--- Save Epoch: 15440, Loss: 1.1322e-02, IC: 4.8710e-03, Res: 6.4510e-03, Beta: 1.00 ---
--- Save Epoch: 15443, Loss: 1.1232e-02, IC: 4.7103e-03, Res: 6.5220e-03, Beta: 1.00 ---
--- Save Epoch: 15445, Loss: 1.1125e-02, IC: 4.7715e-03, Res: 6.3536e-03, Beta: 1.00 ---
--- Save Epoch: 15446, Loss: 1.1095e-02, IC: 4.4452e-03, Res: 6.6503e-03, Beta: 1.00 ---
--- Save Epoch: 15453, Loss: 1.0978e-02, IC: 4.7615e-03, Res: 6.2167e-03, Beta: 1.00 ---
--- Save Epoch: 15455, Loss: 1.0962e-02, IC: 4.7356e-03, Res: 6.2267e-03, Beta: 1.00 ---
--- Save Epoch: 15457, Loss: 1.0689e-02, IC: 4.4726e-03, Res: 6.2167e-03, Beta: 1.00 ---
--- Save Epoch: 15464, Loss: 1.0499e-02, IC: 4.2540e-03, Res: 6.2449e-03, Beta: 1.00 ---
--- Save Epoch: 15488, Loss: 1.0325e-02, IC: 4.3754e-03, Res: 5.9492e-03, Beta: 1.00 ---
... RAR IC , Max IC error: 0.0211, t: tensor(0.)
... RAR RES, Max residual error: 4.9615, t: tensor([[0.0039],
        [0.0015],
        [0.0384]])
[info] Training epoch: 16000, LR: 4.40e-04
--- Save Epoch: 16668, Loss: 1.0316e-02, IC: 3.8932e-03, Res: 6.4229e-03, Beta: 1.00 ---
... RAR IC , Max IC error: 0.0360, t: tensor(0.)
... RAR RES, Max residual error: 0.3063, t: tensor([[0.0061],
        [0.0144],
        [0.0076]])
[info] Training epoch: 17000, LR: 4.18e-04
--- Save Epoch: 17004, Loss: 1.0292e-02, IC: 3.9767e-03, Res: 6.3148e-03, Beta: 1.00 ---
--- Save Epoch: 17008, Loss: 1.0269e-02, IC: 3.9754e-03, Res: 6.2933e-03, Beta: 1.00 ---
--- Save Epoch: 17014, Loss: 1.0255e-02, IC: 4.2514e-03, Res: 6.0034e-03, Beta: 1.00 ---
--- Save Epoch: 17082, Loss: 1.0144e-02, IC: 4.0095e-03, Res: 6.1342e-03, Beta: 1.00 ---
... RAR IC , Max IC error: 0.0230, t: tensor(0.)
... RAR RES, Max residual error: 19.4390, t: tensor([[0.0017],
        [0.0224],
        [0.0121]])
--- Save Epoch: 17746, Loss: 1.0044e-02, IC: 3.5052e-03, Res: 6.5385e-03, Beta: 1.00 ---
... RAR IC , Max IC error: 0.0286, t: tensor(0.)
... RAR RES, Max residual error: 11.5514, t: tensor([[0.0093],
        [0.0353],
        [0.0086]])
[info] Training epoch: 18000, LR: 3.97e-04
[info] Training epoch: 19000, LR: 3.77e-04
--- Save Epoch: 19029, Loss: 1.0030e-02, IC: 3.2130e-03, Res: 6.8171e-03, Beta: 1.00 ---
--- Save Epoch: 19093, Loss: 1.0025e-02, IC: 3.3241e-03, Res: 6.7013e-03, Beta: 1.00 ---
... RAR IC , Max IC error: 0.0229, t: tensor(0.)
... RAR RES, Max residual error: 0.8937, t: tensor([[0.0156],
        [0.0187],
        [0.0093]])
--- Save Epoch: 19629, Loss: 9.9847e-03, IC: 3.1449e-03, Res: 6.8398e-03, Beta: 1.00 ---
... RAR IC , Max IC error: 0.0194, t: tensor(0.)
... RAR RES, Max residual error: 9.0061, t: tensor([[0.0161],
        [0.0156],
        [0.0226]])
[info] Training epoch: 20000, LR: 3.58e-04
--- Save Epoch: 20961, Loss: 9.9534e-03, IC: 2.8584e-03, Res: 7.0950e-03, Beta: 1.00 ---
--- Save Epoch: 20963, Loss: 9.9195e-03, IC: 2.9073e-03, Res: 7.0122e-03, Beta: 1.00 ---
[info] Training epoch: 21000, LR: 3.41e-04
... RAR IC , Max IC error: 0.0190, t: tensor(0.)
... RAR RES, Max residual error: 6.6251, t: tensor([[3.8324e-05],
        [2.2772e-03],
        [2.9298e-02]])
[info] Training epoch: 22000, LR: 3.24e-04
--- Save Epoch: 22506, Loss: 9.8593e-03, IC: 3.1951e-03, Res: 6.6643e-03, Beta: 1.00 ---
... RAR IC , Max IC error: 0.0298, t: tensor(0.)
... RAR RES, Max residual error: 3.5166, t: tensor([[0.0071],
        [0.0121],
        [0.0267]])
[info] Training epoch: 23000, LR: 3.07e-04
--- Save Epoch: 23703, Loss: 9.8364e-03, IC: 3.1060e-03, Res: 6.7304e-03, Beta: 1.00 ---
--- Save Epoch: 23748, Loss: 9.8072e-03, IC: 3.1481e-03, Res: 6.6592e-03, Beta: 1.00 ---
--- Save Epoch: 23749, Loss: 9.8028e-03, IC: 3.1331e-03, Res: 6.6697e-03, Beta: 1.00 ---
--- Save Epoch: 23750, Loss: 9.7678e-03, IC: 3.1342e-03, Res: 6.6336e-03, Beta: 1.00 ---
--- Save Epoch: 23752, Loss: 9.6895e-03, IC: 3.0482e-03, Res: 6.6414e-03, Beta: 1.00 ---
--- Save Epoch: 23757, Loss: 9.6894e-03, IC: 3.1900e-03, Res: 6.4995e-03, Beta: 1.00 ---
--- Save Epoch: 23760, Loss: 9.6868e-03, IC: 3.1705e-03, Res: 6.5162e-03, Beta: 1.00 ---
--- Save Epoch: 23765, Loss: 9.6725e-03, IC: 3.1069e-03, Res: 6.5656e-03, Beta: 1.00 ---
--- Save Epoch: 23770, Loss: 9.6485e-03, IC: 3.0872e-03, Res: 6.5613e-03, Beta: 1.00 ---
--- Save Epoch: 23775, Loss: 9.6097e-03, IC: 3.0909e-03, Res: 6.5187e-03, Beta: 1.00 ---
... RAR IC , Max IC error: 0.0248, t: tensor(0.)
... RAR RES, Max residual error: 1.9056, t: tensor([[0.0260],
        [0.0109],
        [0.0382]])
[info] Training epoch: 24000, LR: 2.92e-04
[info] Training epoch: 25000, LR: 2.77e-04
--- Save Epoch: 25916, Loss: 9.5977e-03, IC: 2.7657e-03, Res: 6.8320e-03, Beta: 1.00 ---
--- Save Epoch: 25943, Loss: 9.5000e-03, IC: 2.6883e-03, Res: 6.8118e-03, Beta: 1.00 ---
[info] Training epoch: 26000, LR: 2.64e-04
... RAR IC , Max IC error: 0.0211, t: tensor(0.)
... RAR RES, Max residual error: 0.9116, t: tensor([[0.0284],
        [0.0112],
        [0.0098]])
[info] Training epoch: 27000, LR: 2.50e-04
--- Save Epoch: 27888, Loss: 9.4782e-03, IC: 2.7392e-03, Res: 6.7390e-03, Beta: 1.00 ---
... RAR IC , Max IC error: 0.0209, t: tensor(0.)
... RAR RES, Max residual error: 5.4767, t: tensor([[0.0066],
        [0.0018],
        [0.0091]])
[info] Training epoch: 28000, LR: 2.38e-04
[info] Training epoch: 29000, LR: 2.26e-04
[info] Training epoch: 30000, LR: 2.15e-04
[info] Training epoch: 31000, LR: 2.04e-04
[info] Training epoch: 32000, LR: 1.94e-04
--- Save Epoch: 32771, Loss: 9.4587e-03, IC: 2.5542e-03, Res: 6.9045e-03, Beta: 1.00 ---
--- Save Epoch: 32780, Loss: 9.3996e-03, IC: 2.5630e-03, Res: 6.8366e-03, Beta: 1.00 ---
... RAR IC , Max IC error: 0.0288, t: tensor(0.)
... RAR RES, Max residual error: 16.6690, t: tensor([[0.0274],
        [0.0058],
        [0.0231]])
[info] Training epoch: 33000, LR: 1.84e-04
[info] Training epoch: 34000, LR: 1.75e-04
[info] Training epoch: 35000, LR: 1.66e-04
[info] Training epoch: 36000, LR: 1.58e-04
[info] Training epoch: 37000, LR: 1.50e-04
[info] Training epoch: 38000, LR: 1.42e-04
[info] Training epoch: 39000, LR: 1.35e-04
[info] Training epoch: 40000, LR: 1.29e-04
--- Save Epoch: 40648, Loss: 9.3702e-03, IC: 2.5095e-03, Res: 6.8607e-03, Beta: 1.00 ---
... RAR IC , Max IC error: 0.0204, t: tensor(0.)
... RAR RES, Max residual error: 2.1056, t: tensor([[0.0144],
        [0.0134],
        [0.0344]])
[info] Training epoch: 41000, LR: 1.22e-04
[info] Training epoch: 42000, LR: 1.16e-04
[info] Training epoch: 43000, LR: 1.10e-04
[info] Training epoch: 44000, LR: 1.05e-04
[info] Training epoch: 45000, LR: 9.94e-05
[info] Training epoch: 46000, LR: 9.45e-05
[info] Training epoch: 47000, LR: 8.97e-05
[info] Training epoch: 48000, LR: 8.53e-05
[info] Training epoch: 49000, LR: 8.10e-05
[info] Training epoch: 50000, LR: 7.69e-05
[info] Training epoch: 51000, LR: 7.31e-05
[info] Training epoch: 52000, LR: 6.94e-05
--- Save Epoch: 52090, Loss: 9.3624e-03, IC: 2.6015e-03, Res: 6.7609e-03, Beta: 1.00 ---
--- Save Epoch: 52097, Loss: 9.3530e-03, IC: 2.6137e-03, Res: 6.7393e-03, Beta: 1.00 ---
... RAR IC , Max IC error: 0.0187, t: tensor(0.)
... RAR RES, Max residual error: 1.9775, t: tensor([[0.0103],
        [0.0267],
        [0.0260]])
[info] Training epoch: 53000, LR: 6.60e-05
[info] Training epoch: 54000, LR: 6.27e-05
[info] Training epoch: 55000, LR: 5.95e-05
[info] Training epoch: 56000, LR: 5.66e-05
[info] Training epoch: 57000, LR: 5.37e-05
[info] Training epoch: 58000, LR: 5.10e-05
[info] Training epoch: 59000, LR: 4.85e-05
[info] Training epoch: 60000, LR: 4.61e-05
===== logging end   2025-10-23 20:17:08 =====
